Log file created at: 2017/09/07 18:57:34
Running on machine: DESKTOP-TJINT0L
Log line format: [IWEF]mmdd hh:mm:ss.uuuuuu threadid file:line] msg
I0907 18:57:34.135421  4088 c_interface.cc:74] Logging enabled to .
I0907 18:57:34.244813  4088 c_interface.cc:221] Creating MasterModel (id=1)...
W0907 18:57:34.496208  4088 helpers.cc:208] File already exists: lectures_batches\aaaaaa.batch
W0907 18:57:34.724449  4088 helpers.cc:208] File already exists: lectures_batches\aaaaab.batch
W0907 18:57:34.865561  4088 helpers.cc:208] File already exists: lectures_batches\aaaaac.batch
W0907 18:57:34.986647  4088 helpers.cc:208] File already exists: lectures_batches\aaaaad.batch
W0907 18:57:35.076712  4088 helpers.cc:208] File already exists: lectures_batches\aaaaae.batch
W0907 18:57:35.252341  4088 helpers.cc:208] File already exists: lectures_batches\aaaaaf.batch
W0907 18:57:35.583097  4088 helpers.cc:208] File already exists: lectures_batches\aaaaag.batch
W0907 18:57:35.733127  4088 helpers.cc:208] File already exists: lectures_batches\aaaaah.batch
W0907 18:57:35.858223  4088 helpers.cc:208] File already exists: lectures_batches\aaaaai.batch
W0907 18:57:36.170449  4088 helpers.cc:208] File already exists: lectures_batches\aaaaaj.batch
W0907 18:57:36.708848  4088 helpers.cc:208] File already exists: lectures_batches\aaaaak.batch
W0907 18:57:37.266265  4088 helpers.cc:208] File already exists: lectures_batches\aaaaal.batch
W0907 18:57:38.123929  4088 helpers.cc:208] File already exists: lectures_batches\aaaaam.batch
W0907 18:57:38.792625  4088 helpers.cc:208] File already exists: lectures_batches\aaaaan.batch
W0907 18:57:39.633718  4088 helpers.cc:208] File already exists: lectures_batches\aaaaao.batch
W0907 18:57:40.277163  4088 helpers.cc:208] File already exists: lectures_batches\aaaaap.batch
W0907 18:57:40.422252  4088 helpers.cc:208] File already exists: lectures_batches\aaaaaq.batch
W0907 18:57:40.509318  4088 helpers.cc:208] File already exists: lectures_batches\aaaaar.batch
I0907 18:57:40.540339  4088 c_interface.cc:318] Pass dd9f7da4-b086-46b2-8e90-2793984fce69 to void (__thiscall artm::core::MasterComponent::*)(class std::basic_string<char,struct std::char_traits<char>,class std::allocator<char> > const &)
I0907 18:57:40.542341  4088 c_interface.cc:332] Pass GatherDictionaryArgs: dictionary_target_name=dd9f7da4-b086-46b2-8e90-2793984fce69, data_path=lectures_batches, symmetric_cooc_values=0 to void (__thiscall artm::core::MasterComponent::*)(class artm::GatherDictionaryArgs const &)
I0907 18:57:40.807518  4088 dictionary.cc:185] Found 18 batches in 'lectures_batches' folder
I0907 18:57:41.667659  4088 dictionary.cc:241] Find 26866 unique tokens in 1728 items
I0907 18:57:41.870831  4088 instance.cc:358] MasterModelConfig.processors_count is automatically set to 4
I0907 18:57:42.306231  4088 c_interface.cc:221] Creating MasterModel (id=2)...
I0907 18:57:42.322242  9428 processor.cc:646] Processor thread started
I0907 18:57:42.322242 11184 processor.cc:646] Processor thread started
I0907 18:57:42.322242  8872 processor.cc:646] Processor thread started
I0907 18:57:42.323243  3668 processor.cc:646] Processor thread started
I0907 18:57:42.474413  9428 processor.cc:662] No data in processing queue, waiting...
I0907 18:57:42.474413  3668 processor.cc:662] No data in processing queue, waiting...
I0907 18:57:42.474413  8872 processor.cc:662] No data in processing queue, waiting...
I0907 18:57:42.474413 11184 processor.cc:662] No data in processing queue, waiting...
I0907 18:57:42.613479  4088 c_interface.cc:221] Creating MasterModel (id=3)...
I0907 18:57:42.613479  4088 c_interface.cc:318] Pass dictionary to void (__thiscall artm::core::MasterComponent::*)(class std::basic_string<char,struct std::char_traits<char>,class std::allocator<char> > const &)
I0907 18:57:42.614490  4088 c_interface.cc:332] Pass GatherDictionaryArgs: dictionary_target_name=dictionary, data_path=lectures_batches, symmetric_cooc_values=0 to void (__thiscall artm::core::MasterComponent::*)(class artm::GatherDictionaryArgs const &)
I0907 18:57:42.616475  4088 dictionary.cc:185] Found 18 batches in 'lectures_batches' folder
I0907 18:57:42.862165  4088 dictionary.cc:241] Find 26866 unique tokens in 1728 items
I0907 18:57:42.968367  4088 c_interface.cc:318] Pass pwt to void (__thiscall artm::core::MasterComponent::*)(class std::basic_string<char,struct std::char_traits<char>,class std::allocator<char> > const &)
I0907 18:57:42.970369  4088 c_interface.cc:318] Pass nwt to void (__thiscall artm::core::MasterComponent::*)(class std::basic_string<char,struct std::char_traits<char>,class std::allocator<char> > const &)
I0907 18:57:43.079562  4088 c_interface.cc:332] Pass InitializeModelArgs: model_name=pwt, dictionary_name=dictionary, topic_name_size=30 to void (__thiscall artm::core::MasterComponent::*)(class artm::InitializeModelArgs const &)
I0907 18:57:43.079562  4088 master_component.cc:338] InitializeModel() with 30 topics and 26866 tokens
I0907 18:57:43.383288  4088 c_interface.cc:332] Pass InitializeModelArgs: model_name=nwt, dictionary_name=dictionary, topic_name_size=30 to void (__thiscall artm::core::MasterComponent::*)(class artm::InitializeModelArgs const &)
I0907 18:57:43.383288  4088 master_component.cc:338] InitializeModel() with 30 topics and 26866 tokens
I0907 18:57:43.633468  4088 phi_matrix_operations.cc:82] RetrieveExternalTopicModel() with 30 topics, 26866 tokens
I0907 18:57:43.699522  4088 c_interface.cc:180] ArtmCopyRequestedMessage is copying 825334 bytes...
I0907 18:57:45.198575  4088 c_interface.cc:332] Pass MasterModelConfig: topic_name_size=30, class=(text:1), class=(author:2), score_config_size=1, num_processors=0, pwt_name=pwt, nwt_name=nwt, num_document_passes=1, reuse_theta=yes, cache_theta=yes, opt_for_avx=yes, disk_cache_path to void (__thiscall artm::core::MasterComponent::*)(class artm::MasterModelConfig const &)
I0907 18:57:45.224589  4088 instance.cc:358] MasterModelConfig.processors_count is automatically set to 4
I0907 18:57:45.225589  4088 c_interface.cc:332] Pass MasterModelConfig: topic_name_size=30, class=(text:1), class=(author:2), score_config_size=2, num_processors=0, pwt_name=pwt, nwt_name=nwt, num_document_passes=1, reuse_theta=yes, cache_theta=yes, opt_for_avx=yes, disk_cache_path to void (__thiscall artm::core::MasterComponent::*)(class artm::MasterModelConfig const &)
I0907 18:57:45.225589  4088 instance.cc:358] MasterModelConfig.processors_count is automatically set to 4
I0907 18:57:45.300658  4088 c_interface.cc:332] Pass MasterModelConfig: topic_name_size=30, class=(text:1), class=(author:2), score_config_size=2, num_processors=0, pwt_name=pwt, nwt_name=nwt, num_document_passes=1, regularizer=(1:urn:uuid:49cbb40f-93e5-11e7-9bb1-4c8093107b1e:100000), reuse_theta=yes, cache_theta=yes, opt_for_avx=yes, disk_cache_path to void (__thiscall artm::core::MasterComponent::*)(class artm::MasterModelConfig const &)
I0907 18:57:45.300658  4088 instance.cc:358] MasterModelConfig.processors_count is automatically set to 4
I0907 18:57:45.301657  4088 instance.cc:213] Regularizer '1:urn:uuid:49cbb40f-93e5-11e7-9bb1-4c8093107b1e' was cold-reconfigured
I0907 18:57:45.415752  4088 c_interface.cc:332] Pass FitOfflineMasterModelArgs, batch_filename_size=18, batch_weight_size=18, num_collection_passes=1 to void (__thiscall artm::core::MasterComponent::*)(class artm::FitOfflineMasterModelArgs const &)
I0907 18:57:45.415752  4088 master_component.cc:942] ProcessBatchesArgs: nwt_target_name=nwt, batch_filename_size=18, batch_size=0, batch_weight_size=18, pwt_source_name=pwt, num_document_passes=1, regularizer=(name:1:urn:uuid:49cbb40f-93e5-11e7-9bb1-4c8093107b1e, tau:100000), class=(text:1), class=(author:2), reuse_theta=yes, opt_for_avx=yes, predict_class_id=
I0907 18:57:45.496819  9428 processor.cc:669] Processing queue has data, processing started
I0907 18:57:45.496819  8872 processor.cc:669] Processing queue has data, processing started
I0907 18:57:45.496819  3668 processor.cc:669] Processing queue has data, processing started
I0907 18:57:45.497819 11184 processor.cc:669] Processing queue has data, processing started
I0907 18:57:45.502825  8872 processor.cc:746] Processor: start processing batch aed5d4a2-17b5-4de4-a671-9f8bee42215f into model nwt
I0907 18:57:45.504825  9428 processor.cc:746] Processor: start processing batch f10792fb-2b6d-4f86-834c-c425b635cfc4 into model nwt
I0907 18:57:45.504825  3668 processor.cc:746] Processor: start processing batch 38cb7c10-373c-4948-a511-960a21609d23 into model nwt
I0907 18:57:45.506826 11184 processor.cc:746] Processor: start processing batch 06a59a79-dbc7-4a6d-adc7-2104e5403348 into model nwt
I0907 18:57:45.521836  8872 processor.cc:842] Processor: complete processing batch aed5d4a2-17b5-4de4-a671-9f8bee42215f into model nwt
I0907 18:57:45.521836  8872 cuckoo_watch.h:44] 25ms in ProcessBatch(D:\Coursera\Notebooks\homeworks\Others\3-4\lectures_batches\aaaaaa.batch) [including 3ms in LoadMessage; 1ms in InitializeSparseNdw; 18ms in InferThetaAndUpdateNwtSparse; ]
I0907 18:57:45.529842  8872 processor.cc:746] Processor: start processing batch 3ff044e1-07cd-4baa-a339-57d4a43ea274 into model nwt
I0907 18:57:45.537845  9428 processor.cc:842] Processor: complete processing batch f10792fb-2b6d-4f86-834c-c425b635cfc4 into model nwt
I0907 18:57:45.538847  9428 cuckoo_watch.h:44] 42ms in ProcessBatch(D:\Coursera\Notebooks\homeworks\Others\3-4\lectures_batches\aaaaab.batch) [including 5ms in LoadMessage; 2ms in InitializeSparseNdw; 31ms in InferThetaAndUpdateNwtSparse; ]
I0907 18:57:45.543849 11184 processor.cc:842] Processor: complete processing batch 06a59a79-dbc7-4a6d-adc7-2104e5403348 into model nwt
I0907 18:57:45.545853 11184 cuckoo_watch.h:44] 48ms in ProcessBatch(D:\Coursera\Notebooks\homeworks\Others\3-4\lectures_batches\aaaaad.batch) [including 7ms in LoadMessage; 1ms in InitializeSparseNdw; 35ms in InferThetaAndUpdateNwtSparse; ]
I0907 18:57:45.545853  3668 processor.cc:842] Processor: complete processing batch 38cb7c10-373c-4948-a511-960a21609d23 into model nwt
I0907 18:57:45.546854  9428 processor.cc:746] Processor: start processing batch 2f034c31-7e77-4cdb-bdb7-c78695ab44c0 into model nwt
I0907 18:57:45.547852  3668 cuckoo_watch.h:44] 51ms in ProcessBatch(D:\Coursera\Notebooks\homeworks\Others\3-4\lectures_batches\aaaaac.batch) [including 6ms in LoadMessage; 3ms in InitializeSparseNdw; 38ms in InferThetaAndUpdateNwtSparse; ]
I0907 18:57:45.554863 11184 processor.cc:746] Processor: start processing batch 618cb6ed-a928-43de-a150-a8a28ddb1ccf into model nwt
I0907 18:57:45.556864  8872 processor.cc:842] Processor: complete processing batch 3ff044e1-07cd-4baa-a339-57d4a43ea274 into model nwt
I0907 18:57:45.557363  3668 processor.cc:746] Processor: start processing batch f7a3f097-83c8-4829-9c83-d523f5ec4687 into model nwt
I0907 18:57:45.557863  8872 cuckoo_watch.h:44] 36ms in ProcessBatch(D:\Coursera\Notebooks\homeworks\Others\3-4\lectures_batches\aaaaae.batch) [including 5ms in LoadMessage; 2ms in InitializeSparseNdw; 25ms in InferThetaAndUpdateNwtSparse; ]
I0907 18:57:45.565369  8872 processor.cc:746] Processor: start processing batch e5939854-aa09-4191-8522-7ed71ba219db into model nwt
I0907 18:57:45.577881  9428 processor.cc:842] Processor: complete processing batch 2f034c31-7e77-4cdb-bdb7-c78695ab44c0 into model nwt
I0907 18:57:45.579882  9428 cuckoo_watch.h:44] 41ms in ProcessBatch(D:\Coursera\Notebooks\homeworks\Others\3-4\lectures_batches\aaaaaf.batch) [including 5ms in LoadMessage; 1ms in InitializeSparseNdw; 28ms in InferThetaAndUpdateNwtSparse; ]
I0907 18:57:45.589890  9428 processor.cc:746] Processor: start processing batch 200da8fa-e48f-488a-aae4-234ce4863ee3 into model nwt
I0907 18:57:45.594892  3668 processor.cc:842] Processor: complete processing batch f7a3f097-83c8-4829-9c83-d523f5ec4687 into model nwt
I0907 18:57:45.595893  8872 processor.cc:842] Processor: complete processing batch e5939854-aa09-4191-8522-7ed71ba219db into model nwt
I0907 18:57:45.595893  3668 cuckoo_watch.h:44] 48ms in ProcessBatch(D:\Coursera\Notebooks\homeworks\Others\3-4\lectures_batches\aaaaah.batch) [including 7ms in LoadMessage; 3ms in InitializeSparseNdw; 34ms in InferThetaAndUpdateNwtSparse; ]
I0907 18:57:45.596894  8872 cuckoo_watch.h:44] 39ms in ProcessBatch(D:\Coursera\Notebooks\homeworks\Others\3-4\lectures_batches\aaaaai.batch) [including 5ms in LoadMessage; 2ms in InitializeSparseNdw; 28ms in InferThetaAndUpdateNwtSparse; ]
I0907 18:57:45.599895 11184 processor.cc:842] Processor: complete processing batch 618cb6ed-a928-43de-a150-a8a28ddb1ccf into model nwt
I0907 18:57:45.601897 11184 cuckoo_watch.h:44] 56ms in ProcessBatch(D:\Coursera\Notebooks\homeworks\Others\3-4\lectures_batches\aaaaag.batch) [including 6ms in LoadMessage; 4ms in InitializeSparseNdw; 40ms in InferThetaAndUpdateNwtSparse; ]
I0907 18:57:45.612905  3668 processor.cc:746] Processor: start processing batch 6b06f823-fec8-4aac-a56d-4f7eb710c7ed into model nwt
I0907 18:57:45.612905  8872 processor.cc:746] Processor: start processing batch 11ea623e-d3b5-455c-abd6-b31610fcddb7 into model nwt
I0907 18:57:45.619912 11184 processor.cc:746] Processor: start processing batch b8767d4c-8795-4ad0-8981-ed3b6d3e43fd into model nwt
I0907 18:57:45.659440  9428 processor.cc:842] Processor: complete processing batch 200da8fa-e48f-488a-aae4-234ce4863ee3 into model nwt
I0907 18:57:45.660940  9428 cuckoo_watch.h:44] 81ms in ProcessBatch(D:\Coursera\Notebooks\homeworks\Others\3-4\lectures_batches\aaaaaj.batch) [including 8ms in LoadMessage; 6ms in InitializeSparseNdw; 63ms in InferThetaAndUpdateNwtSparse; ]
I0907 18:57:45.674952  9428 processor.cc:746] Processor: start processing batch 15b4a95e-48e4-4881-b045-0de4a753be15 into model nwt
I0907 18:57:45.745499  3668 processor.cc:842] Processor: complete processing batch 6b06f823-fec8-4aac-a56d-4f7eb710c7ed into model nwt
I0907 18:57:45.746497  8872 processor.cc:842] Processor: complete processing batch 11ea623e-d3b5-455c-abd6-b31610fcddb7 into model nwt
I0907 18:57:45.748498  3668 cuckoo_watch.h:44] 152ms in ProcessBatch(D:\Coursera\Notebooks\homeworks\Others\3-4\lectures_batches\aaaaak.batch) [including 15ms in LoadMessage; 14ms in InitializeSparseNdw; 118ms in InferThetaAndUpdateNwtSparse; ]
I0907 18:57:45.750000  8872 cuckoo_watch.h:44] 153ms in ProcessBatch(D:\Coursera\Notebooks\homeworks\Others\3-4\lectures_batches\aaaaal.batch) [including 14ms in LoadMessage; 19ms in InitializeSparseNdw; 114ms in InferThetaAndUpdateNwtSparse; ]
I0907 18:57:45.755504 11184 processor.cc:842] Processor: complete processing batch b8767d4c-8795-4ad0-8981-ed3b6d3e43fd into model nwt
I0907 18:57:45.758005 11184 cuckoo_watch.h:44] 156ms in ProcessBatch(D:\Coursera\Notebooks\homeworks\Others\3-4\lectures_batches\aaaaam.batch) [including 16ms in LoadMessage; 15ms in InitializeSparseNdw; 120ms in InferThetaAndUpdateNwtSparse; ]
I0907 18:57:45.762009  3668 processor.cc:746] Processor: start processing batch 62b82e51-30f7-4bd7-a82f-e8c7a22b900f into model nwt
I0907 18:57:45.762511  8872 processor.cc:746] Processor: start processing batch 01301a4b-899a-415e-a036-7de1b261f301 into model nwt
I0907 18:57:45.764010 11184 processor.cc:746] Processor: start processing batch 487144f3-01b0-4c98-a983-977f51a8a529 into model nwt
I0907 18:57:45.783522 11184 processor.cc:842] Processor: complete processing batch 487144f3-01b0-4c98-a983-977f51a8a529 into model nwt
I0907 18:57:45.784023 11184 cuckoo_watch.h:44] 26ms in ProcessBatch(D:\Coursera\Notebooks\homeworks\Others\3-4\lectures_batches\aaaaaq.batch) [including 3ms in LoadMessage; 0ms in InitializeSparseNdw; 18ms in InferThetaAndUpdateNwtSparse; ]
I0907 18:57:45.787526 11184 processor.cc:746] Processor: start processing batch 2ab79f5f-73bc-4a2f-8478-fcb3c1627185 into model nwt
I0907 18:57:45.788025  9428 processor.cc:842] Processor: complete processing batch 15b4a95e-48e4-4881-b045-0de4a753be15 into model nwt
I0907 18:57:45.791026  9428 cuckoo_watch.h:44] 130ms in ProcessBatch(D:\Coursera\Notebooks\homeworks\Others\3-4\lectures_batches\aaaaan.batch) [including 11ms in LoadMessage; 10ms in InitializeSparseNdw; 102ms in InferThetaAndUpdateNwtSparse; ]
I0907 18:57:45.791527 11184 processor.cc:842] Processor: complete processing batch 2ab79f5f-73bc-4a2f-8478-fcb3c1627185 into model nwt
I0907 18:57:45.792027 11184 cuckoo_watch.h:44] 7ms in ProcessBatch(D:\Coursera\Notebooks\homeworks\Others\3-4\lectures_batches\aaaaar.batch) [including 1ms in LoadMessage; 0ms in InitializeSparseNdw; 3ms in InferThetaAndUpdateNwtSparse; ]
I0907 18:57:45.811540  9428 processor.cc:662] No data in processing queue, waiting...
I0907 18:57:45.812541 11184 processor.cc:662] No data in processing queue, waiting...
I0907 18:57:45.837059  8872 processor.cc:842] Processor: complete processing batch 01301a4b-899a-415e-a036-7de1b261f301 into model nwt
I0907 18:57:45.839062  8872 cuckoo_watch.h:44] 89ms in ProcessBatch(D:\Coursera\Notebooks\homeworks\Others\3-4\lectures_batches\aaaaap.batch) [including 10ms in LoadMessage; 8ms in InitializeSparseNdw; 66ms in InferThetaAndUpdateNwtSparse; ]
I0907 18:57:45.840061  3668 processor.cc:842] Processor: complete processing batch 62b82e51-30f7-4bd7-a82f-e8c7a22b900f into model nwt
I0907 18:57:45.842064  3668 cuckoo_watch.h:44] 93ms in ProcessBatch(D:\Coursera\Notebooks\homeworks\Others\3-4\lectures_batches\aaaaao.batch) [including 11ms in LoadMessage; 8ms in InitializeSparseNdw; 69ms in InferThetaAndUpdateNwtSparse; ]
I0907 18:57:45.843065  4088 master_component.cc:980] RegularizeModelArgs: rwt_target_name=rwt, pwt_source_name=pwt, nwt_source_name=nwt
I0907 18:57:45.843065  4088 master_component.cc:590] MasterComponent: start regularizing model pwt
I0907 18:57:45.864079  8872 processor.cc:662] No data in processing queue, waiting...
I0907 18:57:45.868080  3668 processor.cc:662] No data in processing queue, waiting...
I0907 18:57:45.971158  4088 master_component.cc:613] MasterComponent: complete regularizing model pwt
I0907 18:57:45.971158  4088 master_component.cc:991] NormalizeModelArgs: pwt_target_name=pwt, nwt_source_name=nwt, rwt_source_name=rwt
I0907 18:57:45.971158  4088 master_component.cc:617] MasterComponent: start normalizing model nwt
I0907 18:57:46.057224  4088 master_component.cc:639] MasterComponent: complete normalizing model nwt
I0907 18:57:46.534586  4088 master_component.cc:1015] DisposeModel rwt
I0907 18:57:46.544590  4088 c_interface.cc:332] Pass FitOfflineMasterModelArgs, batch_filename_size=18, batch_weight_size=18, num_collection_passes=1 to void (__thiscall artm::core::MasterComponent::*)(class artm::FitOfflineMasterModelArgs const &)
I0907 18:57:46.544590  4088 master_component.cc:942] ProcessBatchesArgs: nwt_target_name=nwt, batch_filename_size=18, batch_size=0, batch_weight_size=18, pwt_source_name=pwt, num_document_passes=1, regularizer=(name:1:urn:uuid:49cbb40f-93e5-11e7-9bb1-4c8093107b1e, tau:100000), class=(text:1), class=(author:2), reuse_theta=yes, opt_for_avx=yes, predict_class_id=
I0907 18:57:46.597628 11184 processor.cc:669] Processing queue has data, processing started
I0907 18:57:46.599627  9428 processor.cc:669] Processing queue has data, processing started
I0907 18:57:46.599627  3668 processor.cc:669] Processing queue has data, processing started
I0907 18:57:46.600630 11184 processor.cc:746] Processor: start processing batch aed5d4a2-17b5-4de4-a671-9f8bee42215f into model nwt
I0907 18:57:46.602628  8872 processor.cc:669] Processing queue has data, processing started
I0907 18:57:46.606633  9428 processor.cc:746] Processor: start processing batch f10792fb-2b6d-4f86-834c-c425b635cfc4 into model nwt
I0907 18:57:46.609635  3668 processor.cc:746] Processor: start processing batch 38cb7c10-373c-4948-a511-960a21609d23 into model nwt
I0907 18:57:46.611642  8872 processor.cc:746] Processor: start processing batch 06a59a79-dbc7-4a6d-adc7-2104e5403348 into model nwt
I0907 18:57:46.614645 11184 processor.cc:842] Processor: complete processing batch aed5d4a2-17b5-4de4-a671-9f8bee42215f into model nwt
I0907 18:57:46.615644 11184 cuckoo_watch.h:44] 18ms in ProcessBatch(D:\Coursera\Notebooks\homeworks\Others\3-4\lectures_batches\aaaaaa.batch) [including 0ms in LoadMessage; 1ms in InitializeSparseNdw; 12ms in InferThetaAndUpdateNwtSparse; ]
I0907 18:57:46.629156 11184 processor.cc:746] Processor: start processing batch 3ff044e1-07cd-4baa-a339-57d4a43ea274 into model nwt
I0907 18:57:46.635658  9428 processor.cc:842] Processor: complete processing batch f10792fb-2b6d-4f86-834c-c425b635cfc4 into model nwt
I0907 18:57:46.637159  9428 cuckoo_watch.h:44] 37ms in ProcessBatch(D:\Coursera\Notebooks\homeworks\Others\3-4\lectures_batches\aaaaab.batch) [including 5ms in LoadMessage; 2ms in InitializeSparseNdw; 27ms in InferThetaAndUpdateNwtSparse; ]
I0907 18:57:46.642663  8872 processor.cc:842] Processor: complete processing batch 06a59a79-dbc7-4a6d-adc7-2104e5403348 into model nwt
I0907 18:57:46.644665  3668 processor.cc:842] Processor: complete processing batch 38cb7c10-373c-4948-a511-960a21609d23 into model nwt
I0907 18:57:46.644665  9428 processor.cc:746] Processor: start processing batch 2f034c31-7e77-4cdb-bdb7-c78695ab44c0 into model nwt
I0907 18:57:46.645664  8872 cuckoo_watch.h:44] 43ms in ProcessBatch(D:\Coursera\Notebooks\homeworks\Others\3-4\lectures_batches\aaaaad.batch) [including 4ms in LoadMessage; 2ms in InitializeSparseNdw; 28ms in InferThetaAndUpdateNwtSparse; ]
I0907 18:57:46.645664  3668 cuckoo_watch.h:44] 46ms in ProcessBatch(D:\Coursera\Notebooks\homeworks\Others\3-4\lectures_batches\aaaaac.batch) [including 5ms in LoadMessage; 3ms in InitializeSparseNdw; 32ms in InferThetaAndUpdateNwtSparse; ]
I0907 18:57:46.654172  3668 processor.cc:746] Processor: start processing batch f7a3f097-83c8-4829-9c83-d523f5ec4687 into model nwt
I0907 18:57:46.654671  8872 processor.cc:746] Processor: start processing batch 618cb6ed-a928-43de-a150-a8a28ddb1ccf into model nwt
I0907 18:57:46.656172 11184 processor.cc:842] Processor: complete processing batch 3ff044e1-07cd-4baa-a339-57d4a43ea274 into model nwt
I0907 18:57:46.657672 11184 cuckoo_watch.h:44] 42ms in ProcessBatch(D:\Coursera\Notebooks\homeworks\Others\3-4\lectures_batches\aaaaae.batch) [including 10ms in LoadMessage; 1ms in InitializeSparseNdw; 25ms in InferThetaAndUpdateNwtSparse; ]
I0907 18:57:46.664680 11184 processor.cc:746] Processor: start processing batch e5939854-aa09-4191-8522-7ed71ba219db into model nwt
I0907 18:57:46.676185  9428 processor.cc:842] Processor: complete processing batch 2f034c31-7e77-4cdb-bdb7-c78695ab44c0 into model nwt
I0907 18:57:46.677186  9428 cuckoo_watch.h:44] 40ms in ProcessBatch(D:\Coursera\Notebooks\homeworks\Others\3-4\lectures_batches\aaaaaf.batch) [including 5ms in LoadMessage; 2ms in InitializeSparseNdw; 28ms in InferThetaAndUpdateNwtSparse; ]
I0907 18:57:46.687693  9428 processor.cc:746] Processor: start processing batch 200da8fa-e48f-488a-aae4-234ce4863ee3 into model nwt
I0907 18:57:46.692695  3668 processor.cc:842] Processor: complete processing batch f7a3f097-83c8-4829-9c83-d523f5ec4687 into model nwt
I0907 18:57:46.693696  3668 cuckoo_watch.h:44] 48ms in ProcessBatch(D:\Coursera\Notebooks\homeworks\Others\3-4\lectures_batches\aaaaah.batch) [including 6ms in LoadMessage; 3ms in InitializeSparseNdw; 35ms in InferThetaAndUpdateNwtSparse; ]
I0907 18:57:46.695698 11184 processor.cc:842] Processor: complete processing batch e5939854-aa09-4191-8522-7ed71ba219db into model nwt
I0907 18:57:46.696698 11184 cuckoo_watch.h:44] 39ms in ProcessBatch(D:\Coursera\Notebooks\homeworks\Others\3-4\lectures_batches\aaaaai.batch) [including 5ms in LoadMessage; 2ms in InitializeSparseNdw; 28ms in InferThetaAndUpdateNwtSparse; ]
I0907 18:57:46.699200  8872 processor.cc:842] Processor: complete processing batch 618cb6ed-a928-43de-a150-a8a28ddb1ccf into model nwt
I0907 18:57:46.701201  8872 cuckoo_watch.h:44] 55ms in ProcessBatch(D:\Coursera\Notebooks\homeworks\Others\3-4\lectures_batches\aaaaag.batch) [including 7ms in LoadMessage; 4ms in InitializeSparseNdw; 40ms in InferThetaAndUpdateNwtSparse; ]
I0907 18:57:46.710208  3668 processor.cc:746] Processor: start processing batch 6b06f823-fec8-4aac-a56d-4f7eb710c7ed into model nwt
I0907 18:57:46.713210 11184 processor.cc:746] Processor: start processing batch 11ea623e-d3b5-455c-abd6-b31610fcddb7 into model nwt
I0907 18:57:46.717213  8872 processor.cc:746] Processor: start processing batch b8767d4c-8795-4ad0-8981-ed3b6d3e43fd into model nwt
I0907 18:57:46.753736  9428 processor.cc:842] Processor: complete processing batch 200da8fa-e48f-488a-aae4-234ce4863ee3 into model nwt
I0907 18:57:46.756237  9428 cuckoo_watch.h:44] 79ms in ProcessBatch(D:\Coursera\Notebooks\homeworks\Others\3-4\lectures_batches\aaaaaj.batch) [including 8ms in LoadMessage; 5ms in InitializeSparseNdw; 60ms in InferThetaAndUpdateNwtSparse; ]
I0907 18:57:46.770748  9428 processor.cc:746] Processor: start processing batch 15b4a95e-48e4-4881-b045-0de4a753be15 into model nwt
I0907 18:57:46.854302  3668 processor.cc:842] Processor: complete processing batch 6b06f823-fec8-4aac-a56d-4f7eb710c7ed into model nwt
I0907 18:57:46.856804  3668 cuckoo_watch.h:44] 163ms in ProcessBatch(D:\Coursera\Notebooks\homeworks\Others\3-4\lectures_batches\aaaaak.batch) [including 14ms in LoadMessage; 14ms in InitializeSparseNdw; 130ms in InferThetaAndUpdateNwtSparse; ]
I0907 18:57:46.860306  8872 processor.cc:842] Processor: complete processing batch b8767d4c-8795-4ad0-8981-ed3b6d3e43fd into model nwt
I0907 18:57:46.862808  8872 cuckoo_watch.h:44] 161ms in ProcessBatch(D:\Coursera\Notebooks\homeworks\Others\3-4\lectures_batches\aaaaam.batch) [including 14ms in LoadMessage; 14ms in InitializeSparseNdw; 129ms in InferThetaAndUpdateNwtSparse; ]
I0907 18:57:46.867811 11184 processor.cc:842] Processor: complete processing batch 11ea623e-d3b5-455c-abd6-b31610fcddb7 into model nwt
I0907 18:57:46.870314  3668 processor.cc:746] Processor: start processing batch 62b82e51-30f7-4bd7-a82f-e8c7a22b900f into model nwt
I0907 18:57:46.870314 11184 cuckoo_watch.h:44] 173ms in ProcessBatch(D:\Coursera\Notebooks\homeworks\Others\3-4\lectures_batches\aaaaal.batch) [including 14ms in LoadMessage; 14ms in InitializeSparseNdw; 140ms in InferThetaAndUpdateNwtSparse; ]
I0907 18:57:46.874316  8872 processor.cc:746] Processor: start processing batch 01301a4b-899a-415e-a036-7de1b261f301 into model nwt
I0907 18:57:46.877319 11184 processor.cc:746] Processor: start processing batch 487144f3-01b0-4c98-a983-977f51a8a529 into model nwt
I0907 18:57:46.897331 11184 processor.cc:842] Processor: complete processing batch 487144f3-01b0-4c98-a983-977f51a8a529 into model nwt
I0907 18:57:46.898332 11184 cuckoo_watch.h:44] 28ms in ProcessBatch(D:\Coursera\Notebooks\homeworks\Others\3-4\lectures_batches\aaaaaq.batch) [including 5ms in LoadMessage; 1ms in InitializeSparseNdw; 18ms in InferThetaAndUpdateNwtSparse; ]
I0907 18:57:46.901335 11184 processor.cc:746] Processor: start processing batch 2ab79f5f-73bc-4a2f-8478-fcb3c1627185 into model nwt
I0907 18:57:46.905838 11184 processor.cc:842] Processor: complete processing batch 2ab79f5f-73bc-4a2f-8478-fcb3c1627185 into model nwt
I0907 18:57:46.905838 11184 cuckoo_watch.h:44] 7ms in ProcessBatch(D:\Coursera\Notebooks\homeworks\Others\3-4\lectures_batches\aaaaar.batch) [including 1ms in LoadMessage; 0ms in InitializeSparseNdw; 4ms in InferThetaAndUpdateNwtSparse; ]
I0907 18:57:46.920347  9428 processor.cc:842] Processor: complete processing batch 15b4a95e-48e4-4881-b045-0de4a753be15 into model nwt
I0907 18:57:46.922850  9428 cuckoo_watch.h:44] 166ms in ProcessBatch(D:\Coursera\Notebooks\homeworks\Others\3-4\lectures_batches\aaaaan.batch) [including 12ms in LoadMessage; 11ms in InitializeSparseNdw; 138ms in InferThetaAndUpdateNwtSparse; ]
I0907 18:57:46.940359 11184 processor.cc:662] No data in processing queue, waiting...
I0907 18:57:46.943361  9428 processor.cc:662] No data in processing queue, waiting...
I0907 18:57:46.950867  8872 processor.cc:842] Processor: complete processing batch 01301a4b-899a-415e-a036-7de1b261f301 into model nwt
I0907 18:57:46.950867  3668 processor.cc:842] Processor: complete processing batch 62b82e51-30f7-4bd7-a82f-e8c7a22b900f into model nwt
I0907 18:57:46.953368  3668 cuckoo_watch.h:44] 96ms in ProcessBatch(D:\Coursera\Notebooks\homeworks\Others\3-4\lectures_batches\aaaaao.batch) [including 11ms in LoadMessage; 9ms in InitializeSparseNdw; 71ms in InferThetaAndUpdateNwtSparse; ]
I0907 18:57:46.953368  8872 cuckoo_watch.h:44] 90ms in ProcessBatch(D:\Coursera\Notebooks\homeworks\Others\3-4\lectures_batches\aaaaap.batch) [including 9ms in LoadMessage; 10ms in InitializeSparseNdw; 66ms in InferThetaAndUpdateNwtSparse; ]
I0907 18:57:46.953871  4088 master_component.cc:980] RegularizeModelArgs: rwt_target_name=rwt, pwt_source_name=pwt, nwt_source_name=nwt
I0907 18:57:46.953871  4088 master_component.cc:590] MasterComponent: start regularizing model pwt
I0907 18:57:46.972883  3668 processor.cc:662] No data in processing queue, waiting...
I0907 18:57:46.972883  8872 processor.cc:662] No data in processing queue, waiting...
I0907 18:57:47.081969  4088 master_component.cc:613] MasterComponent: complete regularizing model pwt
I0907 18:57:47.081969  4088 master_component.cc:991] NormalizeModelArgs: pwt_target_name=pwt, nwt_source_name=nwt, rwt_source_name=rwt
I0907 18:57:47.081969  4088 master_component.cc:617] MasterComponent: start normalizing model nwt
I0907 18:57:47.167032  4088 master_component.cc:639] MasterComponent: complete normalizing model nwt
I0907 18:57:47.610430  4088 master_component.cc:1015] DisposeModel rwt
I0907 18:57:47.621435  4088 c_interface.cc:332] Pass FitOfflineMasterModelArgs, batch_filename_size=18, batch_weight_size=18, num_collection_passes=1 to void (__thiscall artm::core::MasterComponent::*)(class artm::FitOfflineMasterModelArgs const &)
I0907 18:57:47.621435  4088 master_component.cc:942] ProcessBatchesArgs: nwt_target_name=nwt, batch_filename_size=18, batch_size=0, batch_weight_size=18, pwt_source_name=pwt, num_document_passes=1, regularizer=(name:1:urn:uuid:49cbb40f-93e5-11e7-9bb1-4c8093107b1e, tau:100000), class=(text:1), class=(author:2), reuse_theta=yes, opt_for_avx=yes, predict_class_id=
I0907 18:57:47.675480  8872 processor.cc:669] Processing queue has data, processing started
I0907 18:57:47.675480  3668 processor.cc:669] Processing queue has data, processing started
I0907 18:57:47.677480 11184 processor.cc:669] Processing queue has data, processing started
I0907 18:57:47.680486  8872 processor.cc:746] Processor: start processing batch aed5d4a2-17b5-4de4-a671-9f8bee42215f into model nwt
I0907 18:57:47.680486  3668 processor.cc:746] Processor: start processing batch f10792fb-2b6d-4f86-834c-c425b635cfc4 into model nwt
I0907 18:57:47.680486  9428 processor.cc:669] Processing queue has data, processing started
I0907 18:57:47.686488 11184 processor.cc:746] Processor: start processing batch 38cb7c10-373c-4948-a511-960a21609d23 into model nwt
I0907 18:57:47.698496  8872 processor.cc:842] Processor: complete processing batch aed5d4a2-17b5-4de4-a671-9f8bee42215f into model nwt
I0907 18:57:47.699496  8872 cuckoo_watch.h:44] 23ms in ProcessBatch(D:\Coursera\Notebooks\homeworks\Others\3-4\lectures_batches\aaaaaa.batch) [including 1ms in LoadMessage; 0ms in InitializeSparseNdw; 17ms in InferThetaAndUpdateNwtSparse; ]
I0907 18:57:47.701498  9428 processor.cc:746] Processor: start processing batch 06a59a79-dbc7-4a6d-adc7-2104e5403348 into model nwt
I0907 18:57:47.713505  3668 processor.cc:842] Processor: complete processing batch f10792fb-2b6d-4f86-834c-c425b635cfc4 into model nwt
I0907 18:57:47.715508  3668 cuckoo_watch.h:44] 40ms in ProcessBatch(D:\Coursera\Notebooks\homeworks\Others\3-4\lectures_batches\aaaaab.batch) [including 3ms in LoadMessage; 1ms in InitializeSparseNdw; 31ms in InferThetaAndUpdateNwtSparse; ]
I0907 18:57:47.716508  8872 processor.cc:746] Processor: start processing batch 3ff044e1-07cd-4baa-a339-57d4a43ea274 into model nwt
I0907 18:57:47.722512  3668 processor.cc:746] Processor: start processing batch 2f034c31-7e77-4cdb-bdb7-c78695ab44c0 into model nwt
I0907 18:57:47.736519 11184 processor.cc:842] Processor: complete processing batch 38cb7c10-373c-4948-a511-960a21609d23 into model nwt
I0907 18:57:47.737520 11184 cuckoo_watch.h:44] 60ms in ProcessBatch(D:\Coursera\Notebooks\homeworks\Others\3-4\lectures_batches\aaaaac.batch) [including 6ms in LoadMessage; 3ms in InitializeSparseNdw; 47ms in InferThetaAndUpdateNwtSparse; ]
I0907 18:57:47.738521  9428 processor.cc:842] Processor: complete processing batch 06a59a79-dbc7-4a6d-adc7-2104e5403348 into model nwt
I0907 18:57:47.739521  9428 cuckoo_watch.h:44] 59ms in ProcessBatch(D:\Coursera\Notebooks\homeworks\Others\3-4\lectures_batches\aaaaad.batch) [including 19ms in LoadMessage; 2ms in InitializeSparseNdw; 34ms in InferThetaAndUpdateNwtSparse; ]
I0907 18:57:47.742527  8872 processor.cc:842] Processor: complete processing batch 3ff044e1-07cd-4baa-a339-57d4a43ea274 into model nwt
I0907 18:57:47.743528  8872 cuckoo_watch.h:44] 44ms in ProcessBatch(D:\Coursera\Notebooks\homeworks\Others\3-4\lectures_batches\aaaaae.batch) [including 14ms in LoadMessage; 2ms in InitializeSparseNdw; 24ms in InferThetaAndUpdateNwtSparse; ]
I0907 18:57:47.746531 11184 processor.cc:746] Processor: start processing batch 618cb6ed-a928-43de-a150-a8a28ddb1ccf into model nwt
I0907 18:57:47.747531  9428 processor.cc:746] Processor: start processing batch f7a3f097-83c8-4829-9c83-d523f5ec4687 into model nwt
I0907 18:57:47.751535  8872 processor.cc:746] Processor: start processing batch e5939854-aa09-4191-8522-7ed71ba219db into model nwt
I0907 18:57:47.754035  3668 processor.cc:842] Processor: complete processing batch 2f034c31-7e77-4cdb-bdb7-c78695ab44c0 into model nwt
I0907 18:57:47.755036  3668 cuckoo_watch.h:44] 39ms in ProcessBatch(D:\Coursera\Notebooks\homeworks\Others\3-4\lectures_batches\aaaaaf.batch) [including 5ms in LoadMessage; 3ms in InitializeSparseNdw; 28ms in InferThetaAndUpdateNwtSparse; ]
I0907 18:57:47.765548  3668 processor.cc:746] Processor: start processing batch 200da8fa-e48f-488a-aae4-234ce4863ee3 into model nwt
I0907 18:57:47.782557  8872 processor.cc:842] Processor: complete processing batch e5939854-aa09-4191-8522-7ed71ba219db into model nwt
I0907 18:57:47.783558  8872 cuckoo_watch.h:44] 40ms in ProcessBatch(D:\Coursera\Notebooks\homeworks\Others\3-4\lectures_batches\aaaaai.batch) [including 6ms in LoadMessage; 2ms in InitializeSparseNdw; 28ms in InferThetaAndUpdateNwtSparse; ]
I0907 18:57:47.785559  9428 processor.cc:842] Processor: complete processing batch f7a3f097-83c8-4829-9c83-d523f5ec4687 into model nwt
I0907 18:57:47.788561  9428 cuckoo_watch.h:44] 49ms in ProcessBatch(D:\Coursera\Notebooks\homeworks\Others\3-4\lectures_batches\aaaaah.batch) [including 6ms in LoadMessage; 3ms in InitializeSparseNdw; 34ms in InferThetaAndUpdateNwtSparse; ]
I0907 18:57:47.790563 11184 processor.cc:842] Processor: complete processing batch 618cb6ed-a928-43de-a150-a8a28ddb1ccf into model nwt
I0907 18:57:47.792565 11184 cuckoo_watch.h:44] 55ms in ProcessBatch(D:\Coursera\Notebooks\homeworks\Others\3-4\lectures_batches\aaaaag.batch) [including 7ms in LoadMessage; 3ms in InitializeSparseNdw; 40ms in InferThetaAndUpdateNwtSparse; ]
I0907 18:57:47.807581  9428 processor.cc:746] Processor: start processing batch 11ea623e-d3b5-455c-abd6-b31610fcddb7 into model nwt
I0907 18:57:47.813581 11184 processor.cc:746] Processor: start processing batch b8767d4c-8795-4ad0-8981-ed3b6d3e43fd into model nwt
I0907 18:57:47.813581  8872 processor.cc:746] Processor: start processing batch 6b06f823-fec8-4aac-a56d-4f7eb710c7ed into model nwt
I0907 18:57:47.834592  3668 processor.cc:842] Processor: complete processing batch 200da8fa-e48f-488a-aae4-234ce4863ee3 into model nwt
I0907 18:57:47.836593  3668 cuckoo_watch.h:44] 81ms in ProcessBatch(D:\Coursera\Notebooks\homeworks\Others\3-4\lectures_batches\aaaaaj.batch) [including 8ms in LoadMessage; 6ms in InitializeSparseNdw; 63ms in InferThetaAndUpdateNwtSparse; ]
I0907 18:57:47.850108  3668 processor.cc:746] Processor: start processing batch 15b4a95e-48e4-4881-b045-0de4a753be15 into model nwt
I0907 18:57:47.940165  9428 processor.cc:842] Processor: complete processing batch 11ea623e-d3b5-455c-abd6-b31610fcddb7 into model nwt
I0907 18:57:47.942667  9428 cuckoo_watch.h:44] 154ms in ProcessBatch(D:\Coursera\Notebooks\homeworks\Others\3-4\lectures_batches\aaaaal.batch) [including 16ms in LoadMessage; 14ms in InitializeSparseNdw; 117ms in InferThetaAndUpdateNwtSparse; ]
I0907 18:57:47.949672 11184 processor.cc:842] Processor: complete processing batch b8767d4c-8795-4ad0-8981-ed3b6d3e43fd into model nwt
I0907 18:57:47.952674 11184 cuckoo_watch.h:44] 160ms in ProcessBatch(D:\Coursera\Notebooks\homeworks\Others\3-4\lectures_batches\aaaaam.batch) [including 18ms in LoadMessage; 14ms in InitializeSparseNdw; 122ms in InferThetaAndUpdateNwtSparse; ]
I0907 18:57:47.955677  9428 processor.cc:746] Processor: start processing batch 62b82e51-30f7-4bd7-a82f-e8c7a22b900f into model nwt
I0907 18:57:47.957677  8872 processor.cc:842] Processor: complete processing batch 6b06f823-fec8-4aac-a56d-4f7eb710c7ed into model nwt
I0907 18:57:47.960680  8872 cuckoo_watch.h:44] 177ms in ProcessBatch(D:\Coursera\Notebooks\homeworks\Others\3-4\lectures_batches\aaaaak.batch) [including 28ms in LoadMessage; 14ms in InitializeSparseNdw; 130ms in InferThetaAndUpdateNwtSparse; ]
I0907 18:57:47.965184 11184 processor.cc:746] Processor: start processing batch 01301a4b-899a-415e-a036-7de1b261f301 into model nwt
I0907 18:57:47.965184  3668 processor.cc:842] Processor: complete processing batch 15b4a95e-48e4-4881-b045-0de4a753be15 into model nwt
I0907 18:57:47.966186  8872 processor.cc:746] Processor: start processing batch 487144f3-01b0-4c98-a983-977f51a8a529 into model nwt
I0907 18:57:47.968185  3668 cuckoo_watch.h:44] 131ms in ProcessBatch(D:\Coursera\Notebooks\homeworks\Others\3-4\lectures_batches\aaaaan.batch) [including 11ms in LoadMessage; 9ms in InitializeSparseNdw; 105ms in InferThetaAndUpdateNwtSparse; ]
I0907 18:57:47.971189  3668 processor.cc:746] Processor: start processing batch 2ab79f5f-73bc-4a2f-8478-fcb3c1627185 into model nwt
I0907 18:57:47.975189  3668 processor.cc:842] Processor: complete processing batch 2ab79f5f-73bc-4a2f-8478-fcb3c1627185 into model nwt
I0907 18:57:47.975189  3668 cuckoo_watch.h:44] 7ms in ProcessBatch(D:\Coursera\Notebooks\homeworks\Others\3-4\lectures_batches\aaaaar.batch) [including 1ms in LoadMessage; 0ms in InitializeSparseNdw; 3ms in InferThetaAndUpdateNwtSparse; ]
I0907 18:57:47.985697  8872 processor.cc:842] Processor: complete processing batch 487144f3-01b0-4c98-a983-977f51a8a529 into model nwt
I0907 18:57:47.986196  8872 cuckoo_watch.h:44] 25ms in ProcessBatch(D:\Coursera\Notebooks\homeworks\Others\3-4\lectures_batches\aaaaaq.batch) [including 3ms in LoadMessage; 1ms in InitializeSparseNdw; 17ms in InferThetaAndUpdateNwtSparse; ]
I0907 18:57:47.994702  3668 processor.cc:662] No data in processing queue, waiting...
I0907 18:57:48.005709  8872 processor.cc:662] No data in processing queue, waiting...
I0907 18:57:48.041735  9428 processor.cc:842] Processor: complete processing batch 62b82e51-30f7-4bd7-a82f-e8c7a22b900f into model nwt
I0907 18:57:48.044235  9428 cuckoo_watch.h:44] 101ms in ProcessBatch(D:\Coursera\Notebooks\homeworks\Others\3-4\lectures_batches\aaaaao.batch) [including 10ms in LoadMessage; 9ms in InitializeSparseNdw; 76ms in InferThetaAndUpdateNwtSparse; ]
I0907 18:57:48.046237 11184 processor.cc:842] Processor: complete processing batch 01301a4b-899a-415e-a036-7de1b261f301 into model nwt
I0907 18:57:48.047739 11184 cuckoo_watch.h:44] 94ms in ProcessBatch(D:\Coursera\Notebooks\homeworks\Others\3-4\lectures_batches\aaaaap.batch) [including 9ms in LoadMessage; 9ms in InitializeSparseNdw; 72ms in InferThetaAndUpdateNwtSparse; ]
I0907 18:57:48.049754  4088 master_component.cc:980] RegularizeModelArgs: rwt_target_name=rwt, pwt_source_name=pwt, nwt_source_name=nwt
I0907 18:57:48.049754  4088 master_component.cc:590] MasterComponent: start regularizing model pwt
I0907 18:57:48.066756  9428 processor.cc:662] No data in processing queue, waiting...
I0907 18:57:48.069758 11184 processor.cc:662] No data in processing queue, waiting...
I0907 18:57:48.175835  4088 master_component.cc:613] MasterComponent: complete regularizing model pwt
I0907 18:57:48.175835  4088 master_component.cc:991] NormalizeModelArgs: pwt_target_name=pwt, nwt_source_name=nwt, rwt_source_name=rwt
I0907 18:57:48.175835  4088 master_component.cc:617] MasterComponent: start normalizing model nwt
I0907 18:57:48.265904  4088 master_component.cc:639] MasterComponent: complete normalizing model nwt
I0907 18:57:48.712353  4088 master_component.cc:1015] DisposeModel rwt
I0907 18:57:48.721357  4088 c_interface.cc:332] Pass FitOfflineMasterModelArgs, batch_filename_size=18, batch_weight_size=18, num_collection_passes=1 to void (__thiscall artm::core::MasterComponent::*)(class artm::FitOfflineMasterModelArgs const &)
I0907 18:57:48.721357  4088 master_component.cc:942] ProcessBatchesArgs: nwt_target_name=nwt, batch_filename_size=18, batch_size=0, batch_weight_size=18, pwt_source_name=pwt, num_document_passes=1, regularizer=(name:1:urn:uuid:49cbb40f-93e5-11e7-9bb1-4c8093107b1e, tau:100000), class=(text:1), class=(author:2), reuse_theta=yes, opt_for_avx=yes, predict_class_id=
I0907 18:57:48.778020 11184 processor.cc:669] Processing queue has data, processing started
I0907 18:57:48.778020  3668 processor.cc:669] Processing queue has data, processing started
I0907 18:57:48.779021  9428 processor.cc:669] Processing queue has data, processing started
I0907 18:57:48.781023  8872 processor.cc:669] Processing queue has data, processing started
I0907 18:57:48.782023 11184 processor.cc:746] Processor: start processing batch aed5d4a2-17b5-4de4-a671-9f8bee42215f into model nwt
I0907 18:57:48.784025  3668 processor.cc:746] Processor: start processing batch f10792fb-2b6d-4f86-834c-c425b635cfc4 into model nwt
I0907 18:57:48.788028  8872 processor.cc:746] Processor: start processing batch 06a59a79-dbc7-4a6d-adc7-2104e5403348 into model nwt
I0907 18:57:48.790030  9428 processor.cc:746] Processor: start processing batch 38cb7c10-373c-4948-a511-960a21609d23 into model nwt
I0907 18:57:48.796032 11184 processor.cc:842] Processor: complete processing batch aed5d4a2-17b5-4de4-a671-9f8bee42215f into model nwt
I0907 18:57:48.797032 11184 cuckoo_watch.h:44] 19ms in ProcessBatch(D:\Coursera\Notebooks\homeworks\Others\3-4\lectures_batches\aaaaaa.batch) [including 2ms in LoadMessage; 0ms in InitializeSparseNdw; 12ms in InferThetaAndUpdateNwtSparse; ]
I0907 18:57:48.803037 11184 processor.cc:746] Processor: start processing batch 3ff044e1-07cd-4baa-a339-57d4a43ea274 into model nwt
I0907 18:57:48.811041  3668 processor.cc:842] Processor: complete processing batch f10792fb-2b6d-4f86-834c-c425b635cfc4 into model nwt
I0907 18:57:48.812042  3668 cuckoo_watch.h:44] 34ms in ProcessBatch(D:\Coursera\Notebooks\homeworks\Others\3-4\lectures_batches\aaaaab.batch) [including 4ms in LoadMessage; 2ms in InitializeSparseNdw; 25ms in InferThetaAndUpdateNwtSparse; ]
I0907 18:57:48.818048  8872 processor.cc:842] Processor: complete processing batch 06a59a79-dbc7-4a6d-adc7-2104e5403348 into model nwt
I0907 18:57:48.819048  8872 cuckoo_watch.h:44] 38ms in ProcessBatch(D:\Coursera\Notebooks\homeworks\Others\3-4\lectures_batches\aaaaad.batch) [including 5ms in LoadMessage; 3ms in InitializeSparseNdw; 27ms in InferThetaAndUpdateNwtSparse; ]
I0907 18:57:48.819048  3668 processor.cc:746] Processor: start processing batch 2f034c31-7e77-4cdb-bdb7-c78695ab44c0 into model nwt
I0907 18:57:48.821048  9428 processor.cc:842] Processor: complete processing batch 38cb7c10-373c-4948-a511-960a21609d23 into model nwt
I0907 18:57:48.823050  9428 cuckoo_watch.h:44] 44ms in ProcessBatch(D:\Coursera\Notebooks\homeworks\Others\3-4\lectures_batches\aaaaac.batch) [including 9ms in LoadMessage; 3ms in InitializeSparseNdw; 28ms in InferThetaAndUpdateNwtSparse; ]
I0907 18:57:48.828054  8872 processor.cc:746] Processor: start processing batch 618cb6ed-a928-43de-a150-a8a28ddb1ccf into model nwt
I0907 18:57:48.831058  9428 processor.cc:746] Processor: start processing batch f7a3f097-83c8-4829-9c83-d523f5ec4687 into model nwt
I0907 18:57:48.832056 11184 processor.cc:842] Processor: complete processing batch 3ff044e1-07cd-4baa-a339-57d4a43ea274 into model nwt
I0907 18:57:48.833057 11184 cuckoo_watch.h:44] 36ms in ProcessBatch(D:\Coursera\Notebooks\homeworks\Others\3-4\lectures_batches\aaaaae.batch) [including 4ms in LoadMessage; 2ms in InitializeSparseNdw; 27ms in InferThetaAndUpdateNwtSparse; ]
I0907 18:57:48.843583 11184 processor.cc:746] Processor: start processing batch e5939854-aa09-4191-8522-7ed71ba219db into model nwt
I0907 18:57:48.862599  3668 processor.cc:842] Processor: complete processing batch 2f034c31-7e77-4cdb-bdb7-c78695ab44c0 into model nwt
I0907 18:57:48.863600  3668 cuckoo_watch.h:44] 51ms in ProcessBatch(D:\Coursera\Notebooks\homeworks\Others\3-4\lectures_batches\aaaaaf.batch) [including 5ms in LoadMessage; 1ms in InitializeSparseNdw; 40ms in InferThetaAndUpdateNwtSparse; ]
I0907 18:57:48.870604  9428 processor.cc:842] Processor: complete processing batch f7a3f097-83c8-4829-9c83-d523f5ec4687 into model nwt
I0907 18:57:48.872606  9428 cuckoo_watch.h:44] 48ms in ProcessBatch(D:\Coursera\Notebooks\homeworks\Others\3-4\lectures_batches\aaaaah.batch) [including 6ms in LoadMessage; 2ms in InitializeSparseNdw; 36ms in InferThetaAndUpdateNwtSparse; ]
I0907 18:57:48.874609  8872 processor.cc:842] Processor: complete processing batch 618cb6ed-a928-43de-a150-a8a28ddb1ccf into model nwt
I0907 18:57:48.875608  3668 processor.cc:746] Processor: start processing batch 200da8fa-e48f-488a-aae4-234ce4863ee3 into model nwt
I0907 18:57:48.875608 11184 processor.cc:842] Processor: complete processing batch e5939854-aa09-4191-8522-7ed71ba219db into model nwt
I0907 18:57:48.876610  8872 cuckoo_watch.h:44] 57ms in ProcessBatch(D:\Coursera\Notebooks\homeworks\Others\3-4\lectures_batches\aaaaag.batch) [including 7ms in LoadMessage; 5ms in InitializeSparseNdw; 41ms in InferThetaAndUpdateNwtSparse; ]
I0907 18:57:48.876610 11184 cuckoo_watch.h:44] 43ms in ProcessBatch(D:\Coursera\Notebooks\homeworks\Others\3-4\lectures_batches\aaaaai.batch) [including 8ms in LoadMessage; 2ms in InitializeSparseNdw; 29ms in InferThetaAndUpdateNwtSparse; ]
I0907 18:57:48.889619  9428 processor.cc:746] Processor: start processing batch 6b06f823-fec8-4aac-a56d-4f7eb710c7ed into model nwt
I0907 18:57:48.892621 11184 processor.cc:746] Processor: start processing batch b8767d4c-8795-4ad0-8981-ed3b6d3e43fd into model nwt
I0907 18:57:48.892621  8872 processor.cc:746] Processor: start processing batch 11ea623e-d3b5-455c-abd6-b31610fcddb7 into model nwt
I0907 18:57:48.943656  3668 processor.cc:842] Processor: complete processing batch 200da8fa-e48f-488a-aae4-234ce4863ee3 into model nwt
I0907 18:57:48.945158  3668 cuckoo_watch.h:44] 81ms in ProcessBatch(D:\Coursera\Notebooks\homeworks\Others\3-4\lectures_batches\aaaaaj.batch) [including 9ms in LoadMessage; 6ms in InitializeSparseNdw; 62ms in InferThetaAndUpdateNwtSparse; ]
I0907 18:57:48.958667  3668 processor.cc:746] Processor: start processing batch 15b4a95e-48e4-4881-b045-0de4a753be15 into model nwt
I0907 18:57:49.022709  8872 processor.cc:842] Processor: complete processing batch 11ea623e-d3b5-455c-abd6-b31610fcddb7 into model nwt
I0907 18:57:49.026212  8872 cuckoo_watch.h:44] 149ms in ProcessBatch(D:\Coursera\Notebooks\homeworks\Others\3-4\lectures_batches\aaaaal.batch) [including 14ms in LoadMessage; 13ms in InitializeSparseNdw; 117ms in InferThetaAndUpdateNwtSparse; ]
I0907 18:57:49.029213  9428 processor.cc:842] Processor: complete processing batch 6b06f823-fec8-4aac-a56d-4f7eb710c7ed into model nwt
I0907 18:57:49.031715  9428 cuckoo_watch.h:44] 159ms in ProcessBatch(D:\Coursera\Notebooks\homeworks\Others\3-4\lectures_batches\aaaaak.batch) [including 14ms in LoadMessage; 13ms in InitializeSparseNdw; 126ms in InferThetaAndUpdateNwtSparse; ]
I0907 18:57:49.037219 11184 processor.cc:842] Processor: complete processing batch b8767d4c-8795-4ad0-8981-ed3b6d3e43fd into model nwt
I0907 18:57:49.039723 11184 cuckoo_watch.h:44] 163ms in ProcessBatch(D:\Coursera\Notebooks\homeworks\Others\3-4\lectures_batches\aaaaam.batch) [including 14ms in LoadMessage; 14ms in InitializeSparseNdw; 130ms in InferThetaAndUpdateNwtSparse; ]
I0907 18:57:49.040222  8872 processor.cc:746] Processor: start processing batch 62b82e51-30f7-4bd7-a82f-e8c7a22b900f into model nwt
I0907 18:57:49.044726  9428 processor.cc:746] Processor: start processing batch 01301a4b-899a-415e-a036-7de1b261f301 into model nwt
I0907 18:57:49.045725 11184 processor.cc:746] Processor: start processing batch 487144f3-01b0-4c98-a983-977f51a8a529 into model nwt
I0907 18:57:49.065237 11184 processor.cc:842] Processor: complete processing batch 487144f3-01b0-4c98-a983-977f51a8a529 into model nwt
I0907 18:57:49.065737 11184 cuckoo_watch.h:44] 26ms in ProcessBatch(D:\Coursera\Notebooks\homeworks\Others\3-4\lectures_batches\aaaaaq.batch) [including 4ms in LoadMessage; 1ms in InitializeSparseNdw; 17ms in InferThetaAndUpdateNwtSparse; ]
I0907 18:57:49.069242 11184 processor.cc:746] Processor: start processing batch 2ab79f5f-73bc-4a2f-8478-fcb3c1627185 into model nwt
I0907 18:57:49.072742 11184 processor.cc:842] Processor: complete processing batch 2ab79f5f-73bc-4a2f-8478-fcb3c1627185 into model nwt
I0907 18:57:49.073242 11184 cuckoo_watch.h:44] 7ms in ProcessBatch(D:\Coursera\Notebooks\homeworks\Others\3-4\lectures_batches\aaaaar.batch) [including 1ms in LoadMessage; 0ms in InitializeSparseNdw; 3ms in InferThetaAndUpdateNwtSparse; ]
I0907 18:57:49.076244  3668 processor.cc:842] Processor: complete processing batch 15b4a95e-48e4-4881-b045-0de4a753be15 into model nwt
