Log file created at: 2017/09/06 13:38:43
Running on machine: DESKTOP-TJINT0L
Log line format: [IWEF]mmdd hh:mm:ss.uuuuuu threadid file:line] msg
I0906 13:38:43.952415  3816 c_interface.cc:74] Logging enabled to .
I0906 13:38:43.963076  3816 c_interface.cc:221] Creating MasterModel (id=1)...
W0906 13:38:44.208922  3816 helpers.cc:208] File already exists: lectures_batches\aaaaaa.batch
W0906 13:38:44.599604  3816 helpers.cc:208] File already exists: lectures_batches\aaaaab.batch
I0906 13:38:48.541255  3816 c_interface.cc:318] Pass 3da6a8ab-72e6-4edd-a2ba-f09d06494a56 to void (__thiscall artm::core::MasterComponent::*)(class std::basic_string<char,struct std::char_traits<char>,class std::allocator<char> > const &)
I0906 13:38:48.558269  3816 c_interface.cc:332] Pass GatherDictionaryArgs: dictionary_target_name=3da6a8ab-72e6-4edd-a2ba-f09d06494a56, data_path=lectures_batches, symmetric_cooc_values=0 to void (__thiscall artm::core::MasterComponent::*)(class artm::GatherDictionaryArgs const &)
I0906 13:38:48.559265  3816 dictionary.cc:185] Found 18 batches in 'lectures_batches' folder
I0906 13:38:48.799952  3816 dictionary.cc:241] Find 26866 unique tokens in 1728 items
I0906 13:38:48.913033  3816 instance.cc:358] MasterModelConfig.processors_count is automatically set to 4
I0906 13:38:48.914033  3816 c_interface.cc:221] Creating MasterModel (id=2)...
I0906 13:38:48.915035  9000 processor.cc:646] Processor thread started
I0906 13:38:48.915035  8944 processor.cc:646] Processor thread started
I0906 13:38:48.915035  4796 processor.cc:646] Processor thread started
I0906 13:38:48.916035  8900 processor.cc:646] Processor thread started
I0906 13:38:48.936048  4796 processor.cc:662] No data in processing queue, waiting...
I0906 13:38:48.936048  9000 processor.cc:662] No data in processing queue, waiting...
I0906 13:38:48.937047  8900 processor.cc:662] No data in processing queue, waiting...
I0906 13:38:48.937047  8944 processor.cc:662] No data in processing queue, waiting...
I0906 13:38:49.022114  3816 c_interface.cc:221] Creating MasterModel (id=3)...
I0906 13:38:49.023114  3816 c_interface.cc:318] Pass dictionary to void (__thiscall artm::core::MasterComponent::*)(class std::basic_string<char,struct std::char_traits<char>,class std::allocator<char> > const &)
I0906 13:38:49.024116  3816 c_interface.cc:332] Pass GatherDictionaryArgs: dictionary_target_name=dictionary, data_path=lectures_batches, symmetric_cooc_values=0 to void (__thiscall artm::core::MasterComponent::*)(class artm::GatherDictionaryArgs const &)
I0906 13:38:49.028136  3816 dictionary.cc:185] Found 18 batches in 'lectures_batches' folder
I0906 13:38:49.267302  3816 dictionary.cc:241] Find 26866 unique tokens in 1728 items
I0906 13:38:49.381389  3816 c_interface.cc:332] Pass MasterModelConfig: topic_name_size=30, class=(text:1), class=(author:1), score_config_size=1, num_processors=0, pwt_name=pwt, nwt_name=nwt, num_document_passes=1, reuse_theta=yes, cache_theta=yes, opt_for_avx=yes, disk_cache_path to void (__thiscall artm::core::MasterComponent::*)(class artm::MasterModelConfig const &)
I0906 13:38:49.381389  3816 instance.cc:358] MasterModelConfig.processors_count is automatically set to 4
I0906 13:38:49.382390  3816 c_interface.cc:332] Pass MasterModelConfig: topic_name_size=30, class=(text:1), class=(author:1), score_config_size=2, num_processors=0, pwt_name=pwt, nwt_name=nwt, num_document_passes=1, reuse_theta=yes, cache_theta=yes, opt_for_avx=yes, disk_cache_path to void (__thiscall artm::core::MasterComponent::*)(class artm::MasterModelConfig const &)
I0906 13:38:49.382390  3816 instance.cc:358] MasterModelConfig.processors_count is automatically set to 4
I0906 13:38:49.382390  3816 c_interface.cc:318] Pass pwt to void (__thiscall artm::core::MasterComponent::*)(class std::basic_string<char,struct std::char_traits<char>,class std::allocator<char> > const &)
I0906 13:38:49.382390  3816 c_interface.cc:318] Pass nwt to void (__thiscall artm::core::MasterComponent::*)(class std::basic_string<char,struct std::char_traits<char>,class std::allocator<char> > const &)
I0906 13:38:49.383389  3816 c_interface.cc:332] Pass InitializeModelArgs: model_name=pwt, dictionary_name=dictionary, topic_name_size=30 to void (__thiscall artm::core::MasterComponent::*)(class artm::InitializeModelArgs const &)
I0906 13:38:49.412410  3816 master_component.cc:338] InitializeModel() with 30 topics and 26866 tokens
I0906 13:38:49.646575  3816 c_interface.cc:332] Pass InitializeModelArgs: model_name=nwt, dictionary_name=dictionary, topic_name_size=30 to void (__thiscall artm::core::MasterComponent::*)(class artm::InitializeModelArgs const &)
I0906 13:38:49.646575  3816 master_component.cc:338] InitializeModel() with 30 topics and 26866 tokens
I0906 13:38:49.882874  3816 phi_matrix_operations.cc:82] RetrieveExternalTopicModel() with 30 topics, 26866 tokens
I0906 13:38:49.925902  3816 c_interface.cc:180] ArtmCopyRequestedMessage is copying 825334 bytes...
I0906 13:38:51.145781  3816 c_interface.cc:332] Pass MasterModelConfig: topic_name_size=30, class=(text:1), class=(author:1), score_config_size=2, num_processors=0, pwt_name=pwt, nwt_name=nwt, num_document_passes=1, regularizer=(main:100000), reuse_theta=yes, cache_theta=yes, opt_for_avx=yes, disk_cache_path to void (__thiscall artm::core::MasterComponent::*)(class artm::MasterModelConfig const &)
I0906 13:38:51.145781  3816 instance.cc:358] MasterModelConfig.processors_count is automatically set to 4
I0906 13:38:51.145781  3816 instance.cc:213] Regularizer 'main' was cold-reconfigured
I0906 13:38:51.291903  3816 c_interface.cc:332] Pass FitOfflineMasterModelArgs, batch_filename_size=18, batch_weight_size=18, num_collection_passes=1 to void (__thiscall artm::core::MasterComponent::*)(class artm::FitOfflineMasterModelArgs const &)
I0906 13:38:51.291903  3816 master_component.cc:942] ProcessBatchesArgs: nwt_target_name=nwt, batch_filename_size=18, batch_size=0, batch_weight_size=18, pwt_source_name=pwt, num_document_passes=1, regularizer=(name:main, tau:100000), class=(text:1), class=(author:1), reuse_theta=yes, opt_for_avx=yes, predict_class_id=
I0906 13:38:51.356945  4796 processor.cc:669] Processing queue has data, processing started
I0906 13:38:51.356945  8900 processor.cc:669] Processing queue has data, processing started
I0906 13:38:51.356945  8944 processor.cc:669] Processing queue has data, processing started
I0906 13:38:51.357945  9000 processor.cc:669] Processing queue has data, processing started
I0906 13:38:51.361949  8900 processor.cc:746] Processor: start processing batch b14ddff7-462d-4185-9bda-0daef33b13ce into model nwt
I0906 13:38:51.364457  4796 processor.cc:746] Processor: start processing batch a12b15be-9c3a-4531-8a12-8979970d45e7 into model nwt
I0906 13:38:51.365458  9000 processor.cc:746] Processor: start processing batch 2a6ef821-34a5-42c8-b212-eb8a4cc38d96 into model nwt
I0906 13:38:51.371963  8944 processor.cc:746] Processor: start processing batch f9cdae8f-36cb-493c-bcaa-c779f85e2a3d into model nwt
I0906 13:38:51.375963  8900 processor.cc:842] Processor: complete processing batch b14ddff7-462d-4185-9bda-0daef33b13ce into model nwt
I0906 13:38:51.376965  8900 cuckoo_watch.h:44] 20ms in ProcessBatch(D:\Coursera\Notebooks\homeworks\Others\3-4\lectures_batches\aaaaaa.batch) [including 3ms in LoadMessage; 1ms in InitializeSparseNdw; 12ms in InferThetaAndUpdateNwtSparse; ]
I0906 13:38:51.383975  8900 processor.cc:746] Processor: start processing batch 5f0e5859-d115-4811-81c1-985b1649da1c into model nwt
I0906 13:38:51.394979  4796 processor.cc:842] Processor: complete processing batch a12b15be-9c3a-4531-8a12-8979970d45e7 into model nwt
I0906 13:38:51.394979  9000 processor.cc:842] Processor: complete processing batch 2a6ef821-34a5-42c8-b212-eb8a4cc38d96 into model nwt
I0906 13:38:51.395980  4796 cuckoo_watch.h:44] 39ms in ProcessBatch(D:\Coursera\Notebooks\homeworks\Others\3-4\lectures_batches\aaaaac.batch) [including 5ms in LoadMessage; 2ms in InitializeSparseNdw; 28ms in InferThetaAndUpdateNwtSparse; ]
I0906 13:38:51.398983  8944 processor.cc:842] Processor: complete processing batch f9cdae8f-36cb-493c-bcaa-c779f85e2a3d into model nwt
I0906 13:38:51.399983  8944 cuckoo_watch.h:44] 43ms in ProcessBatch(D:\Coursera\Notebooks\homeworks\Others\3-4\lectures_batches\aaaaab.batch) [including 12ms in LoadMessage; 2ms in InitializeSparseNdw; 24ms in InferThetaAndUpdateNwtSparse; ]
I0906 13:38:51.403987  4796 processor.cc:746] Processor: start processing batch 4c4fa1e5-f26d-44c0-b342-a1216679c884 into model nwt
I0906 13:38:51.404988  9000 cuckoo_watch.h:44] 47ms in ProcessBatch(D:\Coursera\Notebooks\homeworks\Others\3-4\lectures_batches\aaaaad.batch) [including 5ms in LoadMessage; 2ms in InitializeSparseNdw; 27ms in InferThetaAndUpdateNwtSparse; ]
I0906 13:38:51.409991  8944 processor.cc:746] Processor: start processing batch 83d20f14-0277-45b7-b27c-057b2f94d7ad into model nwt
I0906 13:38:51.410991  8900 processor.cc:842] Processor: complete processing batch 5f0e5859-d115-4811-81c1-985b1649da1c into model nwt
I0906 13:38:51.411991  8900 cuckoo_watch.h:44] 35ms in ProcessBatch(D:\Coursera\Notebooks\homeworks\Others\3-4\lectures_batches\aaaaae.batch) [including 4ms in LoadMessage; 2ms in InitializeSparseNdw; 25ms in InferThetaAndUpdateNwtSparse; ]
I0906 13:38:51.413995  9000 processor.cc:746] Processor: start processing batch c1ffdb9b-1e4b-4aa1-b2a5-da2a128968a0 into model nwt
I0906 13:38:51.418998  8900 processor.cc:746] Processor: start processing batch b278bd90-1a58-4993-ba1e-db79122403b8 into model nwt
I0906 13:38:51.436008  4796 processor.cc:842] Processor: complete processing batch 4c4fa1e5-f26d-44c0-b342-a1216679c884 into model nwt
I0906 13:38:51.437011  4796 cuckoo_watch.h:44] 41ms in ProcessBatch(D:\Coursera\Notebooks\homeworks\Others\3-4\lectures_batches\aaaaaf.batch) [including 6ms in LoadMessage; 1ms in InitializeSparseNdw; 29ms in InferThetaAndUpdateNwtSparse; ]
I0906 13:38:51.448016  4796 processor.cc:746] Processor: start processing batch f29fe3a1-ef56-4bc2-9b8c-e4496a178eaf into model nwt
I0906 13:38:51.451017  8900 processor.cc:842] Processor: complete processing batch b278bd90-1a58-4993-ba1e-db79122403b8 into model nwt
I0906 13:38:51.452019  8900 cuckoo_watch.h:44] 40ms in ProcessBatch(D:\Coursera\Notebooks\homeworks\Others\3-4\lectures_batches\aaaaai.batch) [including 5ms in LoadMessage; 3ms in InitializeSparseNdw; 29ms in InferThetaAndUpdateNwtSparse; ]
I0906 13:38:51.452019  9000 processor.cc:842] Processor: complete processing batch c1ffdb9b-1e4b-4aa1-b2a5-da2a128968a0 into model nwt
I0906 13:38:51.454020  9000 cuckoo_watch.h:44] 48ms in ProcessBatch(D:\Coursera\Notebooks\homeworks\Others\3-4\lectures_batches\aaaaah.batch) [including 6ms in LoadMessage; 3ms in InitializeSparseNdw; 35ms in InferThetaAndUpdateNwtSparse; ]
I0906 13:38:51.455020  8944 processor.cc:842] Processor: complete processing batch 83d20f14-0277-45b7-b27c-057b2f94d7ad into model nwt
I0906 13:38:51.457021  8944 cuckoo_watch.h:44] 57ms in ProcessBatch(D:\Coursera\Notebooks\homeworks\Others\3-4\lectures_batches\aaaaag.batch) [including 8ms in LoadMessage; 4ms in InitializeSparseNdw; 41ms in InferThetaAndUpdateNwtSparse; ]
I0906 13:38:51.469034  8900 processor.cc:746] Processor: start processing batch f256080e-840a-4733-b828-e4348a682732 into model nwt
I0906 13:38:51.470033  9000 processor.cc:746] Processor: start processing batch c3361501-fe33-4c30-9caa-330e492d1ae3 into model nwt
I0906 13:38:51.473536  8944 processor.cc:746] Processor: start processing batch 74ccf2af-d889-4e1f-a4c1-4d0d706784fb into model nwt
I0906 13:38:51.527571  4796 processor.cc:842] Processor: complete processing batch f29fe3a1-ef56-4bc2-9b8c-e4496a178eaf into model nwt
I0906 13:38:51.529573  4796 cuckoo_watch.h:44] 92ms in ProcessBatch(D:\Coursera\Notebooks\homeworks\Others\3-4\lectures_batches\aaaaaj.batch) [including 9ms in LoadMessage; 5ms in InitializeSparseNdw; 73ms in InferThetaAndUpdateNwtSparse; ]
I0906 13:38:51.544584  4796 processor.cc:746] Processor: start processing batch 279ac806-ffb1-4a50-b774-2fe52b1f9cef into model nwt
I0906 13:38:51.602120  9000 processor.cc:842] Processor: complete processing batch c3361501-fe33-4c30-9caa-330e492d1ae3 into model nwt
I0906 13:38:51.602622  8900 processor.cc:842] Processor: complete processing batch f256080e-840a-4733-b828-e4348a682732 into model nwt
I0906 13:38:51.605123  9000 cuckoo_watch.h:44] 151ms in ProcessBatch(D:\Coursera\Notebooks\homeworks\Others\3-4\lectures_batches\aaaaal.batch) [including 14ms in LoadMessage; 15ms in InitializeSparseNdw; 117ms in InferThetaAndUpdateNwtSparse; ]
I0906 13:38:51.606123  8900 cuckoo_watch.h:44] 154ms in ProcessBatch(D:\Coursera\Notebooks\homeworks\Others\3-4\lectures_batches\aaaaak.batch) [including 14ms in LoadMessage; 15ms in InitializeSparseNdw; 118ms in InferThetaAndUpdateNwtSparse; ]
I0906 13:38:51.611126  8944 processor.cc:842] Processor: complete processing batch 74ccf2af-d889-4e1f-a4c1-4d0d706784fb into model nwt
I0906 13:38:51.614629  8944 cuckoo_watch.h:44] 157ms in ProcessBatch(D:\Coursera\Notebooks\homeworks\Others\3-4\lectures_batches\aaaaam.batch) [including 14ms in LoadMessage; 14ms in InitializeSparseNdw; 123ms in InferThetaAndUpdateNwtSparse; ]
I0906 13:38:51.619637  8900 processor.cc:746] Processor: start processing batch 6514d4b7-fabc-4f10-92e6-7376000bdfd7 into model nwt
I0906 13:38:51.619637  9000 processor.cc:746] Processor: start processing batch 2790062d-9f2c-4268-a3c9-69560ea7f54b into model nwt
I0906 13:38:51.620635  8944 processor.cc:746] Processor: start processing batch ef16ed99-d9aa-4d54-b661-ba414d3f5ab7 into model nwt
I0906 13:38:51.641146  8944 processor.cc:842] Processor: complete processing batch ef16ed99-d9aa-4d54-b661-ba414d3f5ab7 into model nwt
I0906 13:38:51.642148  8944 cuckoo_watch.h:44] 27ms in ProcessBatch(D:\Coursera\Notebooks\homeworks\Others\3-4\lectures_batches\aaaaaq.batch) [including 3ms in LoadMessage; 1ms in InitializeSparseNdw; 18ms in InferThetaAndUpdateNwtSparse; ]
I0906 13:38:51.645150  8944 processor.cc:746] Processor: start processing batch 66b19834-07e7-4119-ab05-a6e61acf9830 into model nwt
I0906 13:38:51.648651  8944 processor.cc:842] Processor: complete processing batch 66b19834-07e7-4119-ab05-a6e61acf9830 into model nwt
I0906 13:38:51.649152  8944 cuckoo_watch.h:44] 7ms in ProcessBatch(D:\Coursera\Notebooks\homeworks\Others\3-4\lectures_batches\aaaaar.batch) [including 1ms in LoadMessage; 0ms in InitializeSparseNdw; 3ms in InferThetaAndUpdateNwtSparse; ]
I0906 13:38:51.664162  4796 processor.cc:842] Processor: complete processing batch 279ac806-ffb1-4a50-b774-2fe52b1f9cef into model nwt
I0906 13:38:51.666663  4796 cuckoo_watch.h:44] 137ms in ProcessBatch(D:\Coursera\Notebooks\homeworks\Others\3-4\lectures_batches\aaaaan.batch) [including 12ms in LoadMessage; 14ms in InitializeSparseNdw; 105ms in InferThetaAndUpdateNwtSparse; ]
I0906 13:38:51.671166  8944 processor.cc:662] No data in processing queue, waiting...
I0906 13:38:51.687177  4796 processor.cc:662] No data in processing queue, waiting...
I0906 13:38:51.694682  8900 processor.cc:842] Processor: complete processing batch 6514d4b7-fabc-4f10-92e6-7376000bdfd7 into model nwt
I0906 13:38:51.697183  8900 cuckoo_watch.h:44] 91ms in ProcessBatch(D:\Coursera\Notebooks\homeworks\Others\3-4\lectures_batches\aaaaap.batch) [including 11ms in LoadMessage; 8ms in InitializeSparseNdw; 66ms in InferThetaAndUpdateNwtSparse; ]
I0906 13:38:51.697684  9000 processor.cc:842] Processor: complete processing batch 2790062d-9f2c-4268-a3c9-69560ea7f54b into model nwt
I0906 13:38:51.699686  9000 cuckoo_watch.h:44] 94ms in ProcessBatch(D:\Coursera\Notebooks\homeworks\Others\3-4\lectures_batches\aaaaao.batch) [including 12ms in LoadMessage; 9ms in InitializeSparseNdw; 68ms in InferThetaAndUpdateNwtSparse; ]
I0906 13:38:51.700186  3816 master_component.cc:980] RegularizeModelArgs: rwt_target_name=rwt, pwt_source_name=pwt, nwt_source_name=nwt
I0906 13:38:51.700186  3816 master_component.cc:590] MasterComponent: start regularizing model pwt
I0906 13:38:51.717200  8900 processor.cc:662] No data in processing queue, waiting...
I0906 13:38:51.719202  9000 processor.cc:662] No data in processing queue, waiting...
I0906 13:38:51.823278  3816 master_component.cc:613] MasterComponent: complete regularizing model pwt
I0906 13:38:51.823278  3816 master_component.cc:991] NormalizeModelArgs: pwt_target_name=pwt, nwt_source_name=nwt, rwt_source_name=rwt
I0906 13:38:51.823278  3816 master_component.cc:617] MasterComponent: start normalizing model nwt
I0906 13:38:51.909337  3816 master_component.cc:639] MasterComponent: complete normalizing model nwt
I0906 13:38:52.451735  3816 master_component.cc:1015] DisposeModel rwt
I0906 13:38:52.463742  3816 c_interface.cc:332] Pass FitOfflineMasterModelArgs, batch_filename_size=18, batch_weight_size=18, num_collection_passes=1 to void (__thiscall artm::core::MasterComponent::*)(class artm::FitOfflineMasterModelArgs const &)
I0906 13:38:52.463742  3816 master_component.cc:942] ProcessBatchesArgs: nwt_target_name=nwt, batch_filename_size=18, batch_size=0, batch_weight_size=18, pwt_source_name=pwt, num_document_passes=1, regularizer=(name:main, tau:100000), class=(text:1), class=(author:1), reuse_theta=yes, opt_for_avx=yes, predict_class_id=
I0906 13:38:52.530793  4796 processor.cc:669] Processing queue has data, processing started
I0906 13:38:52.530793  9000 processor.cc:669] Processing queue has data, processing started
I0906 13:38:52.534796  4796 processor.cc:746] Processor: start processing batch b14ddff7-462d-4185-9bda-0daef33b13ce into model nwt
I0906 13:38:52.537799  8944 processor.cc:669] Processing queue has data, processing started
I0906 13:38:52.537799  8900 processor.cc:669] Processing queue has data, processing started
I0906 13:38:52.538799  9000 processor.cc:746] Processor: start processing batch f9cdae8f-36cb-493c-bcaa-c779f85e2a3d into model nwt
I0906 13:38:52.544806  8900 processor.cc:746] Processor: start processing batch a12b15be-9c3a-4531-8a12-8979970d45e7 into model nwt
I0906 13:38:52.544806  8944 processor.cc:746] Processor: start processing batch 2a6ef821-34a5-42c8-b212-eb8a4cc38d96 into model nwt
I0906 13:38:52.564815  9000 processor.cc:842] Processor: complete processing batch f9cdae8f-36cb-493c-bcaa-c779f85e2a3d into model nwt
I0906 13:38:52.565816  9000 cuckoo_watch.h:44] 35ms in ProcessBatch(D:\Coursera\Notebooks\homeworks\Others\3-4\lectures_batches\aaaaab.batch) [including 4ms in LoadMessage; 2ms in InitializeSparseNdw; 24ms in InferThetaAndUpdateNwtSparse; ]
I0906 13:38:52.574825  9000 processor.cc:746] Processor: start processing batch 5f0e5859-d115-4811-81c1-985b1649da1c into model nwt
I0906 13:38:52.574825  8900 processor.cc:842] Processor: complete processing batch a12b15be-9c3a-4531-8a12-8979970d45e7 into model nwt
I0906 13:38:52.574825  8944 processor.cc:842] Processor: complete processing batch 2a6ef821-34a5-42c8-b212-eb8a4cc38d96 into model nwt
I0906 13:38:52.576823  4796 processor.cc:842] Processor: complete processing batch b14ddff7-462d-4185-9bda-0daef33b13ce into model nwt
I0906 13:38:52.576823  8944 cuckoo_watch.h:44] 39ms in ProcessBatch(D:\Coursera\Notebooks\homeworks\Others\3-4\lectures_batches\aaaaad.batch) [including 5ms in LoadMessage; 1ms in InitializeSparseNdw; 28ms in InferThetaAndUpdateNwtSparse; ]
I0906 13:38:52.577824  4796 cuckoo_watch.h:44] 47ms in ProcessBatch(D:\Coursera\Notebooks\homeworks\Others\3-4\lectures_batches\aaaaaa.batch) [including 2ms in LoadMessage; 1ms in InitializeSparseNdw; 40ms in InferThetaAndUpdateNwtSparse; ]
I0906 13:38:52.577824  8900 cuckoo_watch.h:44] 40ms in ProcessBatch(D:\Coursera\Notebooks\homeworks\Others\3-4\lectures_batches\aaaaac.batch) [including 5ms in LoadMessage; 1ms in InitializeSparseNdw; 28ms in InferThetaAndUpdateNwtSparse; ]
I0906 13:38:52.583829  8944 processor.cc:746] Processor: start processing batch 4c4fa1e5-f26d-44c0-b342-a1216679c884 into model nwt
I0906 13:38:52.586832  4796 processor.cc:746] Processor: start processing batch 83d20f14-0277-45b7-b27c-057b2f94d7ad into model nwt
I0906 13:38:52.586832  8900 processor.cc:746] Processor: start processing batch c1ffdb9b-1e4b-4aa1-b2a5-da2a128968a0 into model nwt
I0906 13:38:52.601843  9000 processor.cc:842] Processor: complete processing batch 5f0e5859-d115-4811-81c1-985b1649da1c into model nwt
I0906 13:38:52.602845  9000 cuckoo_watch.h:44] 37ms in ProcessBatch(D:\Coursera\Notebooks\homeworks\Others\3-4\lectures_batches\aaaaae.batch) [including 7ms in LoadMessage; 2ms in InitializeSparseNdw; 24ms in InferThetaAndUpdateNwtSparse; ]
I0906 13:38:52.614857  9000 processor.cc:746] Processor: start processing batch b278bd90-1a58-4993-ba1e-db79122403b8 into model nwt
I0906 13:38:52.617858  8944 processor.cc:842] Processor: complete processing batch 4c4fa1e5-f26d-44c0-b342-a1216679c884 into model nwt
I0906 13:38:52.618860  8944 cuckoo_watch.h:44] 42ms in ProcessBatch(D:\Coursera\Notebooks\homeworks\Others\3-4\lectures_batches\aaaaaf.batch) [including 5ms in LoadMessage; 2ms in InitializeSparseNdw; 31ms in InferThetaAndUpdateNwtSparse; ]
I0906 13:38:52.629868  8944 processor.cc:746] Processor: start processing batch f29fe3a1-ef56-4bc2-9b8c-e4496a178eaf into model nwt
I0906 13:38:52.635870  4796 processor.cc:842] Processor: complete processing batch 83d20f14-0277-45b7-b27c-057b2f94d7ad into model nwt
I0906 13:38:52.636871  4796 cuckoo_watch.h:44] 59ms in ProcessBatch(D:\Coursera\Notebooks\homeworks\Others\3-4\lectures_batches\aaaaag.batch) [including 7ms in LoadMessage; 4ms in InitializeSparseNdw; 45ms in InferThetaAndUpdateNwtSparse; ]
I0906 13:38:52.652882  8900 processor.cc:842] Processor: complete processing batch c1ffdb9b-1e4b-4aa1-b2a5-da2a128968a0 into model nwt
I0906 13:38:52.653882  8900 cuckoo_watch.h:44] 76ms in ProcessBatch(D:\Coursera\Notebooks\homeworks\Others\3-4\lectures_batches\aaaaah.batch) [including 7ms in LoadMessage; 3ms in InitializeSparseNdw; 62ms in InferThetaAndUpdateNwtSparse; ]
I0906 13:38:52.657887  4796 processor.cc:746] Processor: start processing batch f256080e-840a-4733-b828-e4348a682732 into model nwt
I0906 13:38:52.668895  8900 processor.cc:746] Processor: start processing batch c3361501-fe33-4c30-9caa-330e492d1ae3 into model nwt
I0906 13:38:52.668895  9000 processor.cc:842] Processor: complete processing batch b278bd90-1a58-4993-ba1e-db79122403b8 into model nwt
I0906 13:38:52.670893  9000 cuckoo_watch.h:44] 68ms in ProcessBatch(D:\Coursera\Notebooks\homeworks\Others\3-4\lectures_batches\aaaaai.batch) [including 10ms in LoadMessage; 2ms in InitializeSparseNdw; 51ms in InferThetaAndUpdateNwtSparse; ]
I0906 13:38:52.686908  9000 processor.cc:746] Processor: start processing batch 74ccf2af-d889-4e1f-a4c1-4d0d706784fb into model nwt
I0906 13:38:52.722935  8944 processor.cc:842] Processor: complete processing batch f29fe3a1-ef56-4bc2-9b8c-e4496a178eaf into model nwt
I0906 13:38:52.724436  8944 cuckoo_watch.h:44] 105ms in ProcessBatch(D:\Coursera\Notebooks\homeworks\Others\3-4\lectures_batches\aaaaaj.batch) [including 9ms in LoadMessage; 6ms in InitializeSparseNdw; 87ms in InferThetaAndUpdateNwtSparse; ]
I0906 13:38:52.740447  8944 processor.cc:746] Processor: start processing batch 279ac806-ffb1-4a50-b774-2fe52b1f9cef into model nwt
I0906 13:38:52.811493  4796 processor.cc:842] Processor: complete processing batch f256080e-840a-4733-b828-e4348a682732 into model nwt
I0906 13:38:52.813997  4796 cuckoo_watch.h:44] 177ms in ProcessBatch(D:\Coursera\Notebooks\homeworks\Others\3-4\lectures_batches\aaaaak.batch) [including 19ms in LoadMessage; 12ms in InitializeSparseNdw; 141ms in InferThetaAndUpdateNwtSparse; ]
I0906 13:38:52.826503  8900 processor.cc:842] Processor: complete processing batch c3361501-fe33-4c30-9caa-330e492d1ae3 into model nwt
I0906 13:38:52.829507  8900 cuckoo_watch.h:44] 175ms in ProcessBatch(D:\Coursera\Notebooks\homeworks\Others\3-4\lectures_batches\aaaaal.batch) [including 13ms in LoadMessage; 13ms in InitializeSparseNdw; 144ms in InferThetaAndUpdateNwtSparse; ]
I0906 13:38:52.836511  4796 processor.cc:746] Processor: start processing batch 2790062d-9f2c-4268-a3c9-69560ea7f54b into model nwt
I0906 13:38:52.841514  8900 processor.cc:746] Processor: start processing batch 6514d4b7-fabc-4f10-92e6-7376000bdfd7 into model nwt
I0906 13:38:52.852520  9000 processor.cc:842] Processor: complete processing batch 74ccf2af-d889-4e1f-a4c1-4d0d706784fb into model nwt
I0906 13:38:52.855522  9000 cuckoo_watch.h:44] 184ms in ProcessBatch(D:\Coursera\Notebooks\homeworks\Others\3-4\lectures_batches\aaaaam.batch) [including 14ms in LoadMessage; 22ms in InitializeSparseNdw; 143ms in InferThetaAndUpdateNwtSparse; ]
I0906 13:38:52.870534  9000 processor.cc:746] Processor: start processing batch ef16ed99-d9aa-4d54-b661-ba414d3f5ab7 into model nwt
I0906 13:38:52.880039  8944 processor.cc:842] Processor: complete processing batch 279ac806-ffb1-4a50-b774-2fe52b1f9cef into model nwt
I0906 13:38:52.883541  8944 cuckoo_watch.h:44] 159ms in ProcessBatch(D:\Coursera\Notebooks\homeworks\Others\3-4\lectures_batches\aaaaan.batch) [including 14ms in LoadMessage; 11ms in InitializeSparseNdw; 128ms in InferThetaAndUpdateNwtSparse; ]
I0906 13:38:52.890045  9000 processor.cc:842] Processor: complete processing batch ef16ed99-d9aa-4d54-b661-ba414d3f5ab7 into model nwt
I0906 13:38:52.891047  9000 cuckoo_watch.h:44] 35ms in ProcessBatch(D:\Coursera\Notebooks\homeworks\Others\3-4\lectures_batches\aaaaaq.batch) [including 13ms in LoadMessage; 1ms in InitializeSparseNdw; 18ms in InferThetaAndUpdateNwtSparse; ]
I0906 13:38:52.891548  8944 processor.cc:746] Processor: start processing batch 66b19834-07e7-4119-ab05-a6e61acf9830 into model nwt
I0906 13:38:52.895550  8944 processor.cc:842] Processor: complete processing batch 66b19834-07e7-4119-ab05-a6e61acf9830 into model nwt
I0906 13:38:52.895550  8944 cuckoo_watch.h:44] 12ms in ProcessBatch(D:\Coursera\Notebooks\homeworks\Others\3-4\lectures_batches\aaaaar.batch) [including 1ms in LoadMessage; 0ms in InitializeSparseNdw; 3ms in InferThetaAndUpdateNwtSparse; ]
I0906 13:38:52.913561  9000 processor.cc:662] No data in processing queue, waiting...
I0906 13:38:52.917563  8944 processor.cc:662] No data in processing queue, waiting...
I0906 13:38:52.921066  8900 processor.cc:842] Processor: complete processing batch 6514d4b7-fabc-4f10-92e6-7376000bdfd7 into model nwt
I0906 13:38:52.923568  8900 cuckoo_watch.h:44] 94ms in ProcessBatch(D:\Coursera\Notebooks\homeworks\Others\3-4\lectures_batches\aaaaap.batch) [including 10ms in LoadMessage; 7ms in InitializeSparseNdw; 72ms in InferThetaAndUpdateNwtSparse; ]
I0906 13:38:52.925068  4796 processor.cc:842] Processor: complete processing batch 2790062d-9f2c-4268-a3c9-69560ea7f54b into model nwt
I0906 13:38:52.927570  4796 cuckoo_watch.h:44] 113ms in ProcessBatch(D:\Coursera\Notebooks\homeworks\Others\3-4\lectures_batches\aaaaao.batch) [including 10ms in LoadMessage; 8ms in InitializeSparseNdw; 80ms in InferThetaAndUpdateNwtSparse; ]
I0906 13:38:52.928571  3816 master_component.cc:980] RegularizeModelArgs: rwt_target_name=rwt, pwt_source_name=pwt, nwt_source_name=nwt
I0906 13:38:52.928571  3816 master_component.cc:590] MasterComponent: start regularizing model pwt
I0906 13:38:52.944080  8900 processor.cc:662] No data in processing queue, waiting...
I0906 13:38:52.947083  4796 processor.cc:662] No data in processing queue, waiting...
I0906 13:38:53.085175  3816 master_component.cc:613] MasterComponent: complete regularizing model pwt
I0906 13:38:53.085175  3816 master_component.cc:991] NormalizeModelArgs: pwt_target_name=pwt, nwt_source_name=nwt, rwt_source_name=rwt
I0906 13:38:53.085175  3816 master_component.cc:617] MasterComponent: start normalizing model nwt
I0906 13:38:53.207257  3816 master_component.cc:639] MasterComponent: complete normalizing model nwt
I0906 13:38:53.803153  3816 master_component.cc:1015] DisposeModel rwt
I0906 13:38:53.814158  3816 c_interface.cc:332] Pass FitOfflineMasterModelArgs, batch_filename_size=18, batch_weight_size=18, num_collection_passes=1 to void (__thiscall artm::core::MasterComponent::*)(class artm::FitOfflineMasterModelArgs const &)
I0906 13:38:53.814158  3816 master_component.cc:942] ProcessBatchesArgs: nwt_target_name=nwt, batch_filename_size=18, batch_size=0, batch_weight_size=18, pwt_source_name=pwt, num_document_passes=1, regularizer=(name:main, tau:100000), class=(text:1), class=(author:1), reuse_theta=yes, opt_for_avx=yes, predict_class_id=
I0906 13:38:53.876199  9000 processor.cc:669] Processing queue has data, processing started
I0906 13:38:53.876199  4796 processor.cc:669] Processing queue has data, processing started
I0906 13:38:53.879201  8900 processor.cc:669] Processing queue has data, processing started
I0906 13:38:53.879703  8944 processor.cc:669] Processing queue has data, processing started
I0906 13:38:53.886206  8900 processor.cc:746] Processor: start processing batch a12b15be-9c3a-4531-8a12-8979970d45e7 into model nwt
I0906 13:38:53.886206  8944 processor.cc:746] Processor: start processing batch 2a6ef821-34a5-42c8-b212-eb8a4cc38d96 into model nwt
I0906 13:38:53.886708  4796 processor.cc:746] Processor: start processing batch f9cdae8f-36cb-493c-bcaa-c779f85e2a3d into model nwt
I0906 13:38:53.888208  9000 processor.cc:746] Processor: start processing batch b14ddff7-462d-4185-9bda-0daef33b13ce into model nwt
I0906 13:38:53.901716  9000 processor.cc:842] Processor: complete processing batch b14ddff7-462d-4185-9bda-0daef33b13ce into model nwt
I0906 13:38:53.902717  9000 cuckoo_watch.h:44] 26ms in ProcessBatch(D:\Coursera\Notebooks\homeworks\Others\3-4\lectures_batches\aaaaaa.batch) [including 2ms in LoadMessage; 0ms in InitializeSparseNdw; 12ms in InferThetaAndUpdateNwtSparse; ]
I0906 13:38:53.909222  9000 processor.cc:746] Processor: start processing batch 5f0e5859-d115-4811-81c1-985b1649da1c into model nwt
I0906 13:38:53.913724  4796 processor.cc:842] Processor: complete processing batch f9cdae8f-36cb-493c-bcaa-c779f85e2a3d into model nwt
I0906 13:38:53.918226  4796 cuckoo_watch.h:44] 42ms in ProcessBatch(D:\Coursera\Notebooks\homeworks\Others\3-4\lectures_batches\aaaaab.batch) [including 8ms in LoadMessage; 2ms in InitializeSparseNdw; 24ms in InferThetaAndUpdateNwtSparse; ]
I0906 13:38:53.925734  4796 processor.cc:746] Processor: start processing batch 4c4fa1e5-f26d-44c0-b342-a1216679c884 into model nwt
I0906 13:38:53.928735  8944 processor.cc:842] Processor: complete processing batch 2a6ef821-34a5-42c8-b212-eb8a4cc38d96 into model nwt
I0906 13:38:53.929735  8944 cuckoo_watch.h:44] 50ms in ProcessBatch(D:\Coursera\Notebooks\homeworks\Others\3-4\lectures_batches\aaaaad.batch) [including 4ms in LoadMessage; 2ms in InitializeSparseNdw; 39ms in InferThetaAndUpdateNwtSparse; ]
I0906 13:38:53.937741  8944 processor.cc:746] Processor: start processing batch 83d20f14-0277-45b7-b27c-057b2f94d7ad into model nwt
I0906 13:38:53.938740  9000 processor.cc:842] Processor: complete processing batch 5f0e5859-d115-4811-81c1-985b1649da1c into model nwt
I0906 13:38:53.939741  9000 cuckoo_watch.h:44] 37ms in ProcessBatch(D:\Coursera\Notebooks\homeworks\Others\3-4\lectures_batches\aaaaae.batch) [including 4ms in LoadMessage; 1ms in InitializeSparseNdw; 27ms in InferThetaAndUpdateNwtSparse; ]
I0906 13:38:53.944744  8900 processor.cc:842] Processor: complete processing batch a12b15be-9c3a-4531-8a12-8979970d45e7 into model nwt
I0906 13:38:53.945745  8900 cuckoo_watch.h:44] 66ms in ProcessBatch(D:\Coursera\Notebooks\homeworks\Others\3-4\lectures_batches\aaaaac.batch) [including 5ms in LoadMessage; 16ms in InitializeSparseNdw; 41ms in InferThetaAndUpdateNwtSparse; ]
I0906 13:38:53.947247  9000 processor.cc:746] Processor: start processing batch c1ffdb9b-1e4b-4aa1-b2a5-da2a128968a0 into model nwt
I0906 13:38:53.953251  8900 processor.cc:746] Processor: start processing batch b278bd90-1a58-4993-ba1e-db79122403b8 into model nwt
I0906 13:38:53.960254  4796 processor.cc:842] Processor: complete processing batch 4c4fa1e5-f26d-44c0-b342-a1216679c884 into model nwt
I0906 13:38:53.961256  4796 cuckoo_watch.h:44] 43ms in ProcessBatch(D:\Coursera\Notebooks\homeworks\Others\3-4\lectures_batches\aaaaaf.batch) [including 5ms in LoadMessage; 2ms in InitializeSparseNdw; 32ms in InferThetaAndUpdateNwtSparse; ]
I0906 13:38:53.971264  4796 processor.cc:746] Processor: start processing batch f29fe3a1-ef56-4bc2-9b8c-e4496a178eaf into model nwt
I0906 13:38:53.990274  8944 processor.cc:842] Processor: complete processing batch 83d20f14-0277-45b7-b27c-057b2f94d7ad into model nwt
I0906 13:38:53.991276  8944 cuckoo_watch.h:44] 61ms in ProcessBatch(D:\Coursera\Notebooks\homeworks\Others\3-4\lectures_batches\aaaaag.batch) [including 6ms in LoadMessage; 3ms in InitializeSparseNdw; 49ms in InferThetaAndUpdateNwtSparse; ]
I0906 13:38:53.996279  8900 processor.cc:842] Processor: complete processing batch b278bd90-1a58-4993-ba1e-db79122403b8 into model nwt
I0906 13:38:53.997279  8900 cuckoo_watch.h:44] 51ms in ProcessBatch(D:\Coursera\Notebooks\homeworks\Others\3-4\lectures_batches\aaaaai.batch) [including 4ms in LoadMessage; 2ms in InitializeSparseNdw; 40ms in InferThetaAndUpdateNwtSparse; ]
I0906 13:38:53.997779  9000 processor.cc:842] Processor: complete processing batch c1ffdb9b-1e4b-4aa1-b2a5-da2a128968a0 into model nwt
I0906 13:38:54.006788  8944 processor.cc:746] Processor: start processing batch f256080e-840a-4733-b828-e4348a682732 into model nwt
I0906 13:38:54.010288  9000 cuckoo_watch.h:44] 70ms in ProcessBatch(D:\Coursera\Notebooks\homeworks\Others\3-4\lectures_batches\aaaaah.batch) [including 5ms in LoadMessage; 3ms in InitializeSparseNdw; 47ms in InferThetaAndUpdateNwtSparse; ]
I0906 13:38:54.016293  8900 processor.cc:746] Processor: start processing batch c3361501-fe33-4c30-9caa-330e492d1ae3 into model nwt
I0906 13:38:54.026299  9000 processor.cc:746] Processor: start processing batch 74ccf2af-d889-4e1f-a4c1-4d0d706784fb into model nwt
I0906 13:38:54.062322  4796 processor.cc:842] Processor: complete processing batch f29fe3a1-ef56-4bc2-9b8c-e4496a178eaf into model nwt
I0906 13:38:54.064323  4796 cuckoo_watch.h:44] 103ms in ProcessBatch(D:\Coursera\Notebooks\homeworks\Others\3-4\lectures_batches\aaaaaj.batch) [including 8ms in LoadMessage; 5ms in InitializeSparseNdw; 85ms in InferThetaAndUpdateNwtSparse; ]
I0906 13:38:54.081336  4796 processor.cc:746] Processor: start processing batch 279ac806-ffb1-4a50-b774-2fe52b1f9cef into model nwt
I0906 13:38:54.168893  8944 processor.cc:842] Processor: complete processing batch f256080e-840a-4733-b828-e4348a682732 into model nwt
I0906 13:38:54.171394  8944 cuckoo_watch.h:44] 180ms in ProcessBatch(D:\Coursera\Notebooks\homeworks\Others\3-4\lectures_batches\aaaaak.batch) [including 13ms in LoadMessage; 26ms in InitializeSparseNdw; 135ms in InferThetaAndUpdateNwtSparse; ]
I0906 13:38:54.173396  8900 processor.cc:842] Processor: complete processing batch c3361501-fe33-4c30-9caa-330e492d1ae3 into model nwt
I0906 13:38:54.176899  8900 cuckoo_watch.h:44] 179ms in ProcessBatch(D:\Coursera\Notebooks\homeworks\Others\3-4\lectures_batches\aaaaal.batch) [including 17ms in LoadMessage; 12ms in InitializeSparseNdw; 144ms in InferThetaAndUpdateNwtSparse; ]
I0906 13:38:54.188407  8900 processor.cc:746] Processor: start processing batch 6514d4b7-fabc-4f10-92e6-7376000bdfd7 into model nwt
I0906 13:38:54.188407  9000 processor.cc:842] Processor: complete processing batch 74ccf2af-d889-4e1f-a4c1-4d0d706784fb into model nwt
I0906 13:38:54.190907  9000 cuckoo_watch.h:44] 180ms in ProcessBatch(D:\Coursera\Notebooks\homeworks\Others\3-4\lectures_batches\aaaaam.batch) [including 13ms in LoadMessage; 12ms in InitializeSparseNdw; 149ms in InferThetaAndUpdateNwtSparse; ]
I0906 13:38:54.196914  9000 processor.cc:746] Processor: start processing batch ef16ed99-d9aa-4d54-b661-ba414d3f5ab7 into model nwt
I0906 13:38:54.198415  8944 processor.cc:746] Processor: start processing batch 2790062d-9f2c-4268-a3c9-69560ea7f54b into model nwt
I0906 13:38:54.219426  4796 processor.cc:842] Processor: complete processing batch 279ac806-ffb1-4a50-b774-2fe52b1f9cef into model nwt
I0906 13:38:54.220427  9000 processor.cc:842] Processor: complete processing batch ef16ed99-d9aa-4d54-b661-ba414d3f5ab7 into model nwt
I0906 13:38:54.220928  9000 cuckoo_watch.h:44] 30ms in ProcessBatch(D:\Coursera\Notebooks\homeworks\Others\3-4\lectures_batches\aaaaaq.batch) [including 4ms in LoadMessage; 1ms in InitializeSparseNdw; 21ms in InferThetaAndUpdateNwtSparse; ]
I0906 13:38:54.221928  4796 cuckoo_watch.h:44] 157ms in ProcessBatch(D:\Coursera\Notebooks\homeworks\Others\3-4\lectures_batches\aaaaan.batch) [including 15ms in LoadMessage; 9ms in InitializeSparseNdw; 128ms in InferThetaAndUpdateNwtSparse; ]
I0906 13:38:54.224432  9000 processor.cc:746] Processor: start processing batch 66b19834-07e7-4119-ab05-a6e61acf9830 into model nwt
I0906 13:38:54.228433  9000 processor.cc:842] Processor: complete processing batch 66b19834-07e7-4119-ab05-a6e61acf9830 into model nwt
I0906 13:38:54.228433  9000 cuckoo_watch.h:44] 7ms in ProcessBatch(D:\Coursera\Notebooks\homeworks\Others\3-4\lectures_batches\aaaaar.batch) [including 1ms in LoadMessage; 0ms in InitializeSparseNdw; 4ms in InferThetaAndUpdateNwtSparse; ]
I0906 13:38:54.249447  4796 processor.cc:662] No data in processing queue, waiting...
I0906 13:38:54.250447  9000 processor.cc:662] No data in processing queue, waiting...
I0906 13:38:54.271461  8944 processor.cc:842] Processor: complete processing batch 2790062d-9f2c-4268-a3c9-69560ea7f54b into model nwt
I0906 13:38:54.272461  8944 cuckoo_watch.h:44] 101ms in ProcessBatch(D:\Coursera\Notebooks\homeworks\Others\3-4\lectures_batches\aaaaao.batch) [including 24ms in LoadMessage; 8ms in InitializeSparseNdw; 65ms in InferThetaAndUpdateNwtSparse; ]
I0906 13:38:54.275465  8900 processor.cc:842] Processor: complete processing batch 6514d4b7-fabc-4f10-92e6-7376000bdfd7 into model nwt
I0906 13:38:54.277966  8900 cuckoo_watch.h:44] 101ms in ProcessBatch(D:\Coursera\Notebooks\homeworks\Others\3-4\lectures_batches\aaaaap.batch) [including 9ms in LoadMessage; 8ms in InitializeSparseNdw; 79ms in InferThetaAndUpdateNwtSparse; ]
I0906 13:38:54.279466  3816 master_component.cc:980] RegularizeModelArgs: rwt_target_name=rwt, pwt_source_name=pwt, nwt_source_name=nwt
I0906 13:38:54.279466  3816 master_component.cc:590] MasterComponent: start regularizing model pwt
I0906 13:38:54.291474  8944 processor.cc:662] No data in processing queue, waiting...
I0906 13:38:54.297979  8900 processor.cc:662] No data in processing queue, waiting...
I0906 13:38:54.443076  3816 master_component.cc:613] MasterComponent: complete regularizing model pwt
I0906 13:38:54.443076  3816 master_component.cc:991] NormalizeModelArgs: pwt_target_name=pwt, nwt_source_name=nwt, rwt_source_name=rwt
I0906 13:38:54.443076  3816 master_component.cc:617] MasterComponent: start normalizing model nwt
I0906 13:38:54.548645  3816 master_component.cc:639] MasterComponent: complete normalizing model nwt
I0906 13:38:55.047502  3816 master_component.cc:1015] DisposeModel rwt
I0906 13:38:55.056506  3816 c_interface.cc:332] Pass FitOfflineMasterModelArgs, batch_filename_size=18, batch_weight_size=18, num_collection_passes=1 to void (__thiscall artm::core::MasterComponent::*)(class artm::FitOfflineMasterModelArgs const &)
I0906 13:38:55.056506  3816 master_component.cc:942] ProcessBatchesArgs: nwt_target_name=nwt, batch_filename_size=18, batch_size=0, batch_weight_size=18, pwt_source_name=pwt, num_document_passes=1, regularizer=(name:main, tau:100000), class=(text:1), class=(author:1), reuse_theta=yes, opt_for_avx=yes, predict_class_id=
I0906 13:38:55.109047  8944 processor.cc:669] Processing queue has data, processing started
I0906 13:38:55.109047  4796 processor.cc:669] Processing queue has data, processing started
I0906 13:38:55.109047  8900 processor.cc:669] Processing queue has data, processing started
I0906 13:38:55.111549  9000 processor.cc:669] Processing queue has data, processing started
I0906 13:38:55.113555  8944 processor.cc:746] Processor: start processing batch b14ddff7-462d-4185-9bda-0daef33b13ce into model nwt
I0906 13:38:55.115557  4796 processor.cc:746] Processor: start processing batch f9cdae8f-36cb-493c-bcaa-c779f85e2a3d into model nwt
I0906 13:38:55.119560  8900 processor.cc:746] Processor: start processing batch a12b15be-9c3a-4531-8a12-8979970d45e7 into model nwt
I0906 13:38:55.119560  9000 processor.cc:746] Processor: start processing batch 2a6ef821-34a5-42c8-b212-eb8a4cc38d96 into model nwt
I0906 13:38:55.127563  8944 processor.cc:842] Processor: complete processing batch b14ddff7-462d-4185-9bda-0daef33b13ce into model nwt
I0906 13:38:55.128564  8944 cuckoo_watch.h:44] 19ms in ProcessBatch(D:\Coursera\Notebooks\homeworks\Others\3-4\lectures_batches\aaaaaa.batch) [including 2ms in LoadMessage; 1ms in InitializeSparseNdw; 13ms in InferThetaAndUpdateNwtSparse; ]
I0906 13:38:55.135570  8944 processor.cc:746] Processor: start processing batch 5f0e5859-d115-4811-81c1-985b1649da1c into model nwt
I0906 13:38:55.142573  4796 processor.cc:842] Processor: complete processing batch f9cdae8f-36cb-493c-bcaa-c779f85e2a3d into model nwt
I0906 13:38:55.143574  4796 cuckoo_watch.h:44] 34ms in ProcessBatch(D:\Coursera\Notebooks\homeworks\Others\3-4\lectures_batches\aaaaab.batch) [including 4ms in LoadMessage; 3ms in InitializeSparseNdw; 24ms in InferThetaAndUpdateNwtSparse; ]
I0906 13:38:55.149580  9000 processor.cc:842] Processor: complete processing batch 2a6ef821-34a5-42c8-b212-eb8a4cc38d96 into model nwt
I0906 13:38:55.150580  8900 processor.cc:842] Processor: complete processing batch a12b15be-9c3a-4531-8a12-8979970d45e7 into model nwt
I0906 13:38:55.150580  9000 cuckoo_watch.h:44] 39ms in ProcessBatch(D:\Coursera\Notebooks\homeworks\Others\3-4\lectures_batches\aaaaad.batch) [including 6ms in LoadMessage; 3ms in InitializeSparseNdw; 27ms in InferThetaAndUpdateNwtSparse; ]
I0906 13:38:55.151582  4796 processor.cc:746] Processor: start processing batch 4c4fa1e5-f26d-44c0-b342-a1216679c884 into model nwt
I0906 13:38:55.151582  8900 cuckoo_watch.h:44] 42ms in ProcessBatch(D:\Coursera\Notebooks\homeworks\Others\3-4\lectures_batches\aaaaac.batch) [including 8ms in LoadMessage; 3ms in InitializeSparseNdw; 28ms in InferThetaAndUpdateNwtSparse; ]
I0906 13:38:55.159586  9000 processor.cc:746] Processor: start processing batch 83d20f14-0277-45b7-b27c-057b2f94d7ad into model nwt
I0906 13:38:55.159586  8900 processor.cc:746] Processor: start processing batch c1ffdb9b-1e4b-4aa1-b2a5-da2a128968a0 into model nwt
I0906 13:38:55.160585  8944 processor.cc:842] Processor: complete processing batch 5f0e5859-d115-4811-81c1-985b1649da1c into model nwt
I0906 13:38:55.161587  8944 cuckoo_watch.h:44] 33ms in ProcessBatch(D:\Coursera\Notebooks\homeworks\Others\3-4\lectures_batches\aaaaae.batch) [including 4ms in LoadMessage; 2ms in InitializeSparseNdw; 23ms in InferThetaAndUpdateNwtSparse; ]
I0906 13:38:55.168592  8944 processor.cc:746] Processor: start processing batch b278bd90-1a58-4993-ba1e-db79122403b8 into model nwt
I0906 13:38:55.181599  4796 processor.cc:842] Processor: complete processing batch 4c4fa1e5-f26d-44c0-b342-a1216679c884 into model nwt
I0906 13:38:55.183601  4796 cuckoo_watch.h:44] 40ms in ProcessBatch(D:\Coursera\Notebooks\homeworks\Others\3-4\lectures_batches\aaaaaf.batch) [including 5ms in LoadMessage; 1ms in InitializeSparseNdw; 28ms in InferThetaAndUpdateNwtSparse; ]
I0906 13:38:55.193609  4796 processor.cc:746] Processor: start processing batch f29fe3a1-ef56-4bc2-9b8c-e4496a178eaf into model nwt
I0906 13:38:55.197113  8900 processor.cc:842] Processor: complete processing batch c1ffdb9b-1e4b-4aa1-b2a5-da2a128968a0 into model nwt
I0906 13:38:55.198114  8900 cuckoo_watch.h:44] 46ms in ProcessBatch(D:\Coursera\Notebooks\homeworks\Others\3-4\lectures_batches\aaaaah.batch) [including 6ms in LoadMessage; 2ms in InitializeSparseNdw; 34ms in InferThetaAndUpdateNwtSparse; ]
I0906 13:38:55.199615  8944 processor.cc:842] Processor: complete processing batch b278bd90-1a58-4993-ba1e-db79122403b8 into model nwt
I0906 13:38:55.200616  8944 cuckoo_watch.h:44] 39ms in ProcessBatch(D:\Coursera\Notebooks\homeworks\Others\3-4\lectures_batches\aaaaai.batch) [including 5ms in LoadMessage; 1ms in InitializeSparseNdw; 28ms in InferThetaAndUpdateNwtSparse; ]
I0906 13:38:55.202616  9000 processor.cc:842] Processor: complete processing batch 83d20f14-0277-45b7-b27c-057b2f94d7ad into model nwt
I0906 13:38:55.205118  9000 cuckoo_watch.h:44] 54ms in ProcessBatch(D:\Coursera\Notebooks\homeworks\Others\3-4\lectures_batches\aaaaag.batch) [including 6ms in LoadMessage; 3ms in InitializeSparseNdw; 40ms in InferThetaAndUpdateNwtSparse; ]
I0906 13:38:55.214625  8900 processor.cc:746] Processor: start processing batch f256080e-840a-4733-b828-e4348a682732 into model nwt
I0906 13:38:55.217628  8944 processor.cc:746] Processor: start processing batch c3361501-fe33-4c30-9caa-330e492d1ae3 into model nwt
I0906 13:38:55.221631  9000 processor.cc:746] Processor: start processing batch 74ccf2af-d889-4e1f-a4c1-4d0d706784fb into model nwt
I0906 13:38:55.260655  4796 processor.cc:842] Processor: complete processing batch f29fe3a1-ef56-4bc2-9b8c-e4496a178eaf into model nwt
I0906 13:38:55.262657  4796 cuckoo_watch.h:44] 79ms in ProcessBatch(D:\Coursera\Notebooks\homeworks\Others\3-4\lectures_batches\aaaaaj.batch) [including 8ms in LoadMessage; 6ms in InitializeSparseNdw; 61ms in InferThetaAndUpdateNwtSparse; ]
I0906 13:38:55.276667  4796 processor.cc:746] Processor: start processing batch 279ac806-ffb1-4a50-b774-2fe52b1f9cef into model nwt
I0906 13:38:55.346712  8900 processor.cc:842] Processor: complete processing batch f256080e-840a-4733-b828-e4348a682732 into model nwt
I0906 13:38:55.349215  8900 cuckoo_watch.h:44] 151ms in ProcessBatch(D:\Coursera\Notebooks\homeworks\Others\3-4\lectures_batches\aaaaak.batch) [including 14ms in LoadMessage; 13ms in InitializeSparseNdw; 118ms in InferThetaAndUpdateNwtSparse; ]
I0906 13:38:55.349215  8944 processor.cc:842] Processor: complete processing batch c3361501-fe33-4c30-9caa-330e492d1ae3 into model nwt
I0906 13:38:55.351716  8944 cuckoo_watch.h:44] 151ms in ProcessBatch(D:\Coursera\Notebooks\homeworks\Others\3-4\lectures_batches\aaaaal.batch) [including 14ms in LoadMessage; 14ms in InitializeSparseNdw; 117ms in InferThetaAndUpdateNwtSparse; ]
I0906 13:38:55.359220  9000 processor.cc:842] Processor: complete processing batch 74ccf2af-d889-4e1f-a4c1-4d0d706784fb into model nwt
I0906 13:38:55.361723  9000 cuckoo_watch.h:44] 156ms in ProcessBatch(D:\Coursera\Notebooks\homeworks\Others\3-4\lectures_batches\aaaaam.batch) [including 14ms in LoadMessage; 13ms in InitializeSparseNdw; 124ms in InferThetaAndUpdateNwtSparse; ]
I0906 13:38:55.361723  8900 processor.cc:746] Processor: start processing batch 2790062d-9f2c-4268-a3c9-69560ea7f54b into model nwt
I0906 13:38:55.364224  8944 processor.cc:746] Processor: start processing batch 6514d4b7-fabc-4f10-92e6-7376000bdfd7 into model nwt
I0906 13:38:55.367727  9000 processor.cc:746] Processor: start processing batch ef16ed99-d9aa-4d54-b661-ba414d3f5ab7 into model nwt
I0906 13:38:55.387239  9000 processor.cc:842] Processor: complete processing batch ef16ed99-d9aa-4d54-b661-ba414d3f5ab7 into model nwt
I0906 13:38:55.388240  9000 cuckoo_watch.h:44] 26ms in ProcessBatch(D:\Coursera\Notebooks\homeworks\Others\3-4\lectures_batches\aaaaaq.batch) [including 3ms in LoadMessage; 0ms in InitializeSparseNdw; 18ms in InferThetaAndUpdateNwtSparse; ]
I0906 13:38:55.390743  4796 processor.cc:842] Processor: complete processing batch 279ac806-ffb1-4a50-b774-2fe52b1f9cef into model nwt
I0906 13:38:55.391244  9000 processor.cc:746] Processor: start processing batch 66b19834-07e7-4119-ab05-a6e61acf9830 into model nwt
I0906 13:38:55.392743  4796 cuckoo_watch.h:44] 130ms in ProcessBatch(D:\Coursera\Notebooks\homeworks\Others\3-4\lectures_batches\aaaaan.batch) [including 12ms in LoadMessage; 10ms in InitializeSparseNdw; 103ms in InferThetaAndUpdateNwtSparse; ]
I0906 13:38:55.395244  9000 processor.cc:842] Processor: complete processing batch 66b19834-07e7-4119-ab05-a6e61acf9830 into model nwt
I0906 13:38:55.395244  9000 cuckoo_watch.h:44] 7ms in ProcessBatch(D:\Coursera\Notebooks\homeworks\Others\3-4\lectures_batches\aaaaar.batch) [including 1ms in LoadMessage; 0ms in InitializeSparseNdw; 3ms in InferThetaAndUpdateNwtSparse; ]
I0906 13:38:55.412756  4796 processor.cc:662] No data in processing queue, waiting...
I0906 13:38:55.415758  9000 processor.cc:662] No data in processing queue, waiting...
I0906 13:38:55.445277  8944 processor.cc:842] Processor: complete processing batch 6514d4b7-fabc-4f10-92e6-7376000bdfd7 into model nwt
I0906 13:38:55.446779  8900 processor.cc:842] Processor: complete processing batch 2790062d-9f2c-4268-a3c9-69560ea7f54b into model nwt
I0906 13:38:55.446779  8944 cuckoo_watch.h:44] 95ms in ProcessBatch(D:\Coursera\Notebooks\homeworks\Others\3-4\lectures_batches\aaaaap.batch) [including 10ms in LoadMessage; 8ms in InitializeSparseNdw; 73ms in InferThetaAndUpdateNwtSparse; ]
I0906 13:38:55.448781  8900 cuckoo_watch.h:44] 99ms in ProcessBatch(D:\Coursera\Notebooks\homeworks\Others\3-4\lectures_batches\aaaaao.batch) [including 10ms in LoadMessage; 9ms in InitializeSparseNdw; 75ms in InferThetaAndUpdateNwtSparse; ]
I0906 13:38:55.449280  3816 master_component.cc:980] RegularizeModelArgs: rwt_target_name=rwt, pwt_source_name=pwt, nwt_source_name=nwt
I0906 13:38:55.449280  3816 master_component.cc:590] MasterComponent: start regularizing model pwt
I0906 13:38:55.466799  8944 processor.cc:662] No data in processing queue, waiting...
I0906 13:38:55.468799  8900 processor.cc:662] No data in processing queue, waiting...
I0906 13:38:55.568876  3816 master_component.cc:613] MasterComponent: complete regularizing model pwt
