I0904 13:12:32.192875  6748 cuckoo_watch.h:44] 72ms in ProcessBatch(D:\Coursera\Notebooks\education notebooks\thematic modeling\school_batches\aaaaaa.batch) [including 0ms in LoadMessage; 0ms in InitializeSparseNdw; 34ms in InferThetaAndUpdateNwtSparse; 22ms in CalculateScore(PerplexityScore); 15ms in CalculateScore(SparsityThetaScore); ]
I0904 13:12:32.192875  9676 cuckoo_watch.h:44] 72ms in ProcessBatch(D:\Coursera\Notebooks\education notebooks\thematic modeling\school_batches\aaaaab.batch) [including 0ms in LoadMessage; 0ms in InitializeSparseNdw; 35ms in InferThetaAndUpdateNwtSparse; 21ms in CalculateScore(PerplexityScore); 15ms in CalculateScore(SparsityThetaScore); ]
I0904 13:12:32.192875  3808 cuckoo_watch.h:44] 72ms in ProcessBatch(D:\Coursera\Notebooks\education notebooks\thematic modeling\school_batches\aaaaad.batch) [including 0ms in LoadMessage; 0ms in InitializeSparseNdw; 35ms in InferThetaAndUpdateNwtSparse; 21ms in CalculateScore(PerplexityScore); 15ms in CalculateScore(SparsityThetaScore); ]
I0904 13:12:32.192875 10996 cuckoo_watch.h:44] 72ms in ProcessBatch(D:\Coursera\Notebooks\education notebooks\thematic modeling\school_batches\aaaaac.batch) [including 0ms in LoadMessage; 0ms in InitializeSparseNdw; 35ms in InferThetaAndUpdateNwtSparse; 21ms in CalculateScore(PerplexityScore); 15ms in CalculateScore(SparsityThetaScore); ]
I0904 13:12:32.192875  6748 processor.cc:746] Processor: start processing batch 506a45f2-66ba-4b4f-bbae-f4bf5f4b1f7c into model nwt
I0904 13:12:32.224128  6748 processor.cc:842] Processor: complete processing batch 506a45f2-66ba-4b4f-bbae-f4bf5f4b1f7c into model nwt
I0904 13:12:32.224128  6748 cuckoo_watch.h:44] 31ms in ProcessBatch(D:\Coursera\Notebooks\education notebooks\thematic modeling\school_batches\aaaaae.batch) [including 0ms in LoadMessage; 0ms in InitializeSparseNdw; 15ms in InferThetaAndUpdateNwtSparse; 15ms in CalculateScore(PerplexityScore); 0ms in CalculateScore(SparsityThetaScore); ]
I0904 13:12:32.239754   796 master_component.cc:980] RegularizeModelArgs: rwt_target_name=rwt, pwt_source_name=pwt, nwt_source_name=nwt
I0904 13:12:32.239754   796 master_component.cc:590] MasterComponent: start regularizing model pwt
I0904 13:12:32.293153   796 master_component.cc:613] MasterComponent: complete regularizing model pwt
I0904 13:12:32.293153   796 master_component.cc:991] NormalizeModelArgs: pwt_target_name=pwt, nwt_source_name=nwt, rwt_source_name=rwt
I0904 13:12:32.293153   796 master_component.cc:617] MasterComponent: start normalizing model nwt
I0904 13:12:32.324398   796 master_component.cc:639] MasterComponent: complete normalizing model nwt
I0904 13:12:32.388705   796 master_component.cc:1015] DisposeModel rwt
I0904 13:12:32.391705  9676 processor.cc:662] No data in processing queue, waiting...
I0904 13:12:32.391705 10996 processor.cc:662] No data in processing queue, waiting...
I0904 13:12:32.391705  3808 processor.cc:662] No data in processing queue, waiting...
I0904 13:12:32.392705   796 c_interface.cc:332] Pass FitOfflineMasterModelArgs, batch_filename_size=5, batch_weight_size=5, num_collection_passes=1 to void (__thiscall artm::core::MasterComponent::*)(class artm::FitOfflineMasterModelArgs const &)
I0904 13:12:32.393708   796 master_component.cc:942] ProcessBatchesArgs: nwt_target_name=nwt, batch_filename_size=5, batch_size=0, batch_weight_size=5, pwt_source_name=pwt, num_document_passes=1, regularizer=(name:SparsePhi, tau:-50000), class=(text:1), reuse_theta=yes, opt_for_avx=yes, predict_class_id=
I0904 13:12:32.393708  6748 processor.cc:662] No data in processing queue, waiting...
I0904 13:12:32.425730  6748 processor.cc:669] Processing queue has data, processing started
I0904 13:12:32.425730  3808 processor.cc:669] Processing queue has data, processing started
I0904 13:12:32.425730  9676 processor.cc:669] Processing queue has data, processing started
I0904 13:12:32.425730 10996 processor.cc:669] Processing queue has data, processing started
I0904 13:12:32.433735  3808 processor.cc:746] Processor: start processing batch 6e166427-4b9c-4044-9c5e-bf0bd5721cca into model nwt
I0904 13:12:32.433735 10996 processor.cc:746] Processor: start processing batch 937ec9d9-3d7a-4971-a9f1-ee4b2c117e76 into model nwt
I0904 13:12:32.435736  9676 processor.cc:746] Processor: start processing batch 8b069d34-9f20-4d0d-a163-bdb90c30a142 into model nwt
I0904 13:12:32.438738  6748 processor.cc:746] Processor: start processing batch 93186bab-8a74-4bc6-8255-ec7c39be4a9b into model nwt
I0904 13:12:32.503782  9676 processor.cc:842] Processor: complete processing batch 8b069d34-9f20-4d0d-a163-bdb90c30a142 into model nwt
I0904 13:12:32.504781 10996 processor.cc:842] Processor: complete processing batch 937ec9d9-3d7a-4971-a9f1-ee4b2c117e76 into model nwt
I0904 13:12:32.504781  3808 processor.cc:842] Processor: complete processing batch 6e166427-4b9c-4044-9c5e-bf0bd5721cca into model nwt
I0904 13:12:32.504781  6748 processor.cc:842] Processor: complete processing batch 93186bab-8a74-4bc6-8255-ec7c39be4a9b into model nwt
I0904 13:12:32.505784  9676 cuckoo_watch.h:44] 80ms in ProcessBatch(D:\Coursera\Notebooks\education notebooks\thematic modeling\school_batches\aaaaaa.batch) [including 8ms in LoadMessage; 3ms in InitializeSparseNdw; 24ms in InferThetaAndUpdateNwtSparse; 28ms in CalculateScore(PerplexityScore); 11ms in CalculateScore(SparsityThetaScore); ]
I0904 13:12:32.506783  3808 cuckoo_watch.h:44] 81ms in ProcessBatch(D:\Coursera\Notebooks\education notebooks\thematic modeling\school_batches\aaaaac.batch) [including 7ms in LoadMessage; 3ms in InitializeSparseNdw; 27ms in InferThetaAndUpdateNwtSparse; 30ms in CalculateScore(PerplexityScore); 9ms in CalculateScore(SparsityThetaScore); ]
I0904 13:12:32.506783 10996 cuckoo_watch.h:44] 81ms in ProcessBatch(D:\Coursera\Notebooks\education notebooks\thematic modeling\school_batches\aaaaad.batch) [including 7ms in LoadMessage; 4ms in InitializeSparseNdw; 28ms in InferThetaAndUpdateNwtSparse; 29ms in CalculateScore(PerplexityScore); 9ms in CalculateScore(SparsityThetaScore); ]
I0904 13:12:32.506783  6748 cuckoo_watch.h:44] 81ms in ProcessBatch(D:\Coursera\Notebooks\education notebooks\thematic modeling\school_batches\aaaaab.batch) [including 12ms in LoadMessage; 3ms in InitializeSparseNdw; 23ms in InferThetaAndUpdateNwtSparse; 29ms in CalculateScore(PerplexityScore); 9ms in CalculateScore(SparsityThetaScore); ]
I0904 13:12:32.510785  9676 processor.cc:746] Processor: start processing batch 506a45f2-66ba-4b4f-bbae-f4bf5f4b1f7c into model nwt
I0904 13:12:32.527796  3808 processor.cc:662] No data in processing queue, waiting...
I0904 13:12:32.527796  6748 processor.cc:662] No data in processing queue, waiting...
I0904 13:12:32.527796 10996 processor.cc:662] No data in processing queue, waiting...
I0904 13:12:32.549314  9676 processor.cc:842] Processor: complete processing batch 506a45f2-66ba-4b4f-bbae-f4bf5f4b1f7c into model nwt
I0904 13:12:32.550314  9676 cuckoo_watch.h:44] 44ms in ProcessBatch(D:\Coursera\Notebooks\education notebooks\thematic modeling\school_batches\aaaaae.batch) [including 4ms in LoadMessage; 2ms in InitializeSparseNdw; 14ms in InferThetaAndUpdateNwtSparse; 17ms in CalculateScore(PerplexityScore); 5ms in CalculateScore(SparsityThetaScore); ]
I0904 13:12:32.551316   796 master_component.cc:980] RegularizeModelArgs: rwt_target_name=rwt, pwt_source_name=pwt, nwt_source_name=nwt
I0904 13:12:32.551316   796 master_component.cc:590] MasterComponent: start regularizing model pwt
I0904 13:12:32.569330  9676 processor.cc:662] No data in processing queue, waiting...
I0904 13:12:32.611521   796 master_component.cc:613] MasterComponent: complete regularizing model pwt
I0904 13:12:32.611521   796 master_component.cc:991] NormalizeModelArgs: pwt_target_name=pwt, nwt_source_name=nwt, rwt_source_name=rwt
I0904 13:12:32.611521   796 master_component.cc:617] MasterComponent: start normalizing model nwt
I0904 13:12:32.647552   796 master_component.cc:639] MasterComponent: complete normalizing model nwt
I0904 13:12:32.693819   796 master_component.cc:1015] DisposeModel rwt
I0904 13:12:32.693819   796 c_interface.cc:332] Pass FitOfflineMasterModelArgs, batch_filename_size=5, batch_weight_size=5, num_collection_passes=1 to void (__thiscall artm::core::MasterComponent::*)(class artm::FitOfflineMasterModelArgs const &)
I0904 13:12:32.693819   796 master_component.cc:942] ProcessBatchesArgs: nwt_target_name=nwt, batch_filename_size=5, batch_size=0, batch_weight_size=5, pwt_source_name=pwt, num_document_passes=1, regularizer=(name:SparsePhi, tau:-50000), class=(text:1), reuse_theta=yes, opt_for_avx=yes, predict_class_id=
I0904 13:12:32.740708 10996 processor.cc:669] Processing queue has data, processing started
I0904 13:12:32.740708  9676 processor.cc:669] Processing queue has data, processing started
I0904 13:12:32.740708  3808 processor.cc:669] Processing queue has data, processing started
I0904 13:12:32.740708  6748 processor.cc:669] Processing queue has data, processing started
I0904 13:12:32.740708 10996 processor.cc:746] Processor: start processing batch 8b069d34-9f20-4d0d-a163-bdb90c30a142 into model nwt
I0904 13:12:32.740708  9676 processor.cc:746] Processor: start processing batch 93186bab-8a74-4bc6-8255-ec7c39be4a9b into model nwt
I0904 13:12:32.740708  3808 processor.cc:746] Processor: start processing batch 6e166427-4b9c-4044-9c5e-bf0bd5721cca into model nwt
I0904 13:12:32.740708  6748 processor.cc:746] Processor: start processing batch 937ec9d9-3d7a-4971-a9f1-ee4b2c117e76 into model nwt
I0904 13:12:32.809713  3808 processor.cc:842] Processor: complete processing batch 6e166427-4b9c-4044-9c5e-bf0bd5721cca into model nwt
I0904 13:12:32.809713  9676 processor.cc:842] Processor: complete processing batch 93186bab-8a74-4bc6-8255-ec7c39be4a9b into model nwt
I0904 13:12:32.809713  6748 processor.cc:842] Processor: complete processing batch 937ec9d9-3d7a-4971-a9f1-ee4b2c117e76 into model nwt
I0904 13:12:32.809713 10996 processor.cc:842] Processor: complete processing batch 8b069d34-9f20-4d0d-a163-bdb90c30a142 into model nwt
I0904 13:12:32.809713  3808 cuckoo_watch.h:44] 69ms in ProcessBatch(D:\Coursera\Notebooks\education notebooks\thematic modeling\school_batches\aaaaac.batch) [including 0ms in LoadMessage; 0ms in InitializeSparseNdw; 22ms in InferThetaAndUpdateNwtSparse; 31ms in CalculateScore(PerplexityScore); 15ms in CalculateScore(SparsityThetaScore); ]
I0904 13:12:32.809713  9676 cuckoo_watch.h:44] 69ms in ProcessBatch(D:\Coursera\Notebooks\education notebooks\thematic modeling\school_batches\aaaaab.batch) [including 0ms in LoadMessage; 0ms in InitializeSparseNdw; 22ms in InferThetaAndUpdateNwtSparse; 31ms in CalculateScore(PerplexityScore); 15ms in CalculateScore(SparsityThetaScore); ]
I0904 13:12:32.809713  6748 cuckoo_watch.h:44] 69ms in ProcessBatch(D:\Coursera\Notebooks\education notebooks\thematic modeling\school_batches\aaaaad.batch) [including 0ms in LoadMessage; 0ms in InitializeSparseNdw; 22ms in InferThetaAndUpdateNwtSparse; 31ms in CalculateScore(PerplexityScore); 15ms in CalculateScore(SparsityThetaScore); ]
I0904 13:12:32.809713 10996 cuckoo_watch.h:44] 69ms in ProcessBatch(D:\Coursera\Notebooks\education notebooks\thematic modeling\school_batches\aaaaaa.batch) [including 0ms in LoadMessage; 0ms in InitializeSparseNdw; 22ms in InferThetaAndUpdateNwtSparse; 31ms in CalculateScore(PerplexityScore); 15ms in CalculateScore(SparsityThetaScore); ]
I0904 13:12:32.809713  3808 processor.cc:746] Processor: start processing batch 506a45f2-66ba-4b4f-bbae-f4bf5f4b1f7c into model nwt
I0904 13:12:32.857718  6748 processor.cc:662] No data in processing queue, waiting...
I0904 13:12:32.857718 10996 processor.cc:662] No data in processing queue, waiting...
I0904 13:12:32.857718  9676 processor.cc:662] No data in processing queue, waiting...
I0904 13:12:32.857718  3808 processor.cc:842] Processor: complete processing batch 506a45f2-66ba-4b4f-bbae-f4bf5f4b1f7c into model nwt
I0904 13:12:32.860723  3808 cuckoo_watch.h:44] 51ms in ProcessBatch(D:\Coursera\Notebooks\education notebooks\thematic modeling\school_batches\aaaaae.batch) [including 0ms in LoadMessage; 0ms in InitializeSparseNdw; 15ms in InferThetaAndUpdateNwtSparse; 27ms in CalculateScore(PerplexityScore); 5ms in CalculateScore(SparsityThetaScore); ]
I0904 13:12:32.860723   796 master_component.cc:980] RegularizeModelArgs: rwt_target_name=rwt, pwt_source_name=pwt, nwt_source_name=nwt
I0904 13:12:32.860723   796 master_component.cc:590] MasterComponent: start regularizing model pwt
I0904 13:12:32.881741  3808 processor.cc:662] No data in processing queue, waiting...
I0904 13:12:32.954290   796 master_component.cc:613] MasterComponent: complete regularizing model pwt
I0904 13:12:32.954290   796 master_component.cc:991] NormalizeModelArgs: pwt_target_name=pwt, nwt_source_name=nwt, rwt_source_name=rwt
I0904 13:12:32.954290   796 master_component.cc:617] MasterComponent: start normalizing model nwt
I0904 13:12:33.000828   796 master_component.cc:639] MasterComponent: complete normalizing model nwt
I0904 13:12:33.083892   796 master_component.cc:1015] DisposeModel rwt
I0904 13:12:33.087890   796 c_interface.cc:332] Pass FitOfflineMasterModelArgs, batch_filename_size=5, batch_weight_size=5, num_collection_passes=1 to void (__thiscall artm::core::MasterComponent::*)(class artm::FitOfflineMasterModelArgs const &)
I0904 13:12:33.087890   796 master_component.cc:942] ProcessBatchesArgs: nwt_target_name=nwt, batch_filename_size=5, batch_size=0, batch_weight_size=5, pwt_source_name=pwt, num_document_passes=1, regularizer=(name:SparsePhi, tau:-50000), class=(text:1), reuse_theta=yes, opt_for_avx=yes, predict_class_id=
I0904 13:12:33.130616  3808 processor.cc:669] Processing queue has data, processing started
I0904 13:12:33.130616  6748 processor.cc:669] Processing queue has data, processing started
I0904 13:12:33.130616  9676 processor.cc:669] Processing queue has data, processing started
I0904 13:12:33.130616 10996 processor.cc:669] Processing queue has data, processing started
I0904 13:12:33.130616  6748 processor.cc:746] Processor: start processing batch 93186bab-8a74-4bc6-8255-ec7c39be4a9b into model nwt
I0904 13:12:33.130616  3808 processor.cc:746] Processor: start processing batch 8b069d34-9f20-4d0d-a163-bdb90c30a142 into model nwt
I0904 13:12:33.130616 10996 processor.cc:746] Processor: start processing batch 937ec9d9-3d7a-4971-a9f1-ee4b2c117e76 into model nwt
I0904 13:12:33.130616  9676 processor.cc:746] Processor: start processing batch 6e166427-4b9c-4044-9c5e-bf0bd5721cca into model nwt
I0904 13:12:33.194134  3808 processor.cc:842] Processor: complete processing batch 8b069d34-9f20-4d0d-a163-bdb90c30a142 into model nwt
I0904 13:12:33.194134  9676 processor.cc:842] Processor: complete processing batch 6e166427-4b9c-4044-9c5e-bf0bd5721cca into model nwt
I0904 13:12:33.194134  6748 processor.cc:842] Processor: complete processing batch 93186bab-8a74-4bc6-8255-ec7c39be4a9b into model nwt
I0904 13:12:33.194134  3808 cuckoo_watch.h:44] 63ms in ProcessBatch(D:\Coursera\Notebooks\education notebooks\thematic modeling\school_batches\aaaaaa.batch) [including 0ms in LoadMessage; 0ms in InitializeSparseNdw; 32ms in InferThetaAndUpdateNwtSparse; 31ms in CalculateScore(PerplexityScore); 0ms in CalculateScore(SparsityThetaScore); ]
I0904 13:12:33.194134  9676 cuckoo_watch.h:44] 63ms in ProcessBatch(D:\Coursera\Notebooks\education notebooks\thematic modeling\school_batches\aaaaac.batch) [including 0ms in LoadMessage; 0ms in InitializeSparseNdw; 32ms in InferThetaAndUpdateNwtSparse; 31ms in CalculateScore(PerplexityScore); 0ms in CalculateScore(SparsityThetaScore); ]
I0904 13:12:33.194134 10996 processor.cc:842] Processor: complete processing batch 937ec9d9-3d7a-4971-a9f1-ee4b2c117e76 into model nwt
I0904 13:12:33.194134  6748 cuckoo_watch.h:44] 63ms in ProcessBatch(D:\Coursera\Notebooks\education notebooks\thematic modeling\school_batches\aaaaab.batch) [including 0ms in LoadMessage; 0ms in InitializeSparseNdw; 32ms in InferThetaAndUpdateNwtSparse; 31ms in CalculateScore(PerplexityScore); 0ms in CalculateScore(SparsityThetaScore); ]
I0904 13:12:33.194134 10996 cuckoo_watch.h:44] 63ms in ProcessBatch(D:\Coursera\Notebooks\education notebooks\thematic modeling\school_batches\aaaaad.batch) [including 0ms in LoadMessage; 0ms in InitializeSparseNdw; 32ms in InferThetaAndUpdateNwtSparse; 31ms in CalculateScore(PerplexityScore); 0ms in CalculateScore(SparsityThetaScore); ]
I0904 13:12:33.209759  3808 processor.cc:746] Processor: start processing batch 506a45f2-66ba-4b4f-bbae-f4bf5f4b1f7c into model nwt
I0904 13:12:33.241011  3808 processor.cc:842] Processor: complete processing batch 506a45f2-66ba-4b4f-bbae-f4bf5f4b1f7c into model nwt
I0904 13:12:33.241011  3808 cuckoo_watch.h:44] 46ms in ProcessBatch(D:\Coursera\Notebooks\education notebooks\thematic modeling\school_batches\aaaaae.batch) [including 15ms in LoadMessage; 0ms in InitializeSparseNdw; 15ms in InferThetaAndUpdateNwtSparse; 15ms in CalculateScore(PerplexityScore); 0ms in CalculateScore(SparsityThetaScore); ]
I0904 13:12:33.256638   796 master_component.cc:980] RegularizeModelArgs: rwt_target_name=rwt, pwt_source_name=pwt, nwt_source_name=nwt
I0904 13:12:33.256638   796 master_component.cc:590] MasterComponent: start regularizing model pwt
I0904 13:12:33.310034   796 master_component.cc:613] MasterComponent: complete regularizing model pwt
I0904 13:12:33.310034   796 master_component.cc:991] NormalizeModelArgs: pwt_target_name=pwt, nwt_source_name=nwt, rwt_source_name=rwt
I0904 13:12:33.310034   796 master_component.cc:617] MasterComponent: start normalizing model nwt
I0904 13:12:33.341282   796 master_component.cc:639] MasterComponent: complete normalizing model nwt
I0904 13:12:33.361276  6748 processor.cc:662] No data in processing queue, waiting...
I0904 13:12:33.361276 10996 processor.cc:662] No data in processing queue, waiting...
I0904 13:12:33.361276  9676 processor.cc:662] No data in processing queue, waiting...
I0904 13:12:33.365993  3808 processor.cc:662] No data in processing queue, waiting...
I0904 13:12:33.408022   796 master_component.cc:1015] DisposeModel rwt
I0904 13:12:33.413024   796 c_interface.cc:332] Pass FitOfflineMasterModelArgs, batch_filename_size=5, batch_weight_size=5, num_collection_passes=1 to void (__thiscall artm::core::MasterComponent::*)(class artm::FitOfflineMasterModelArgs const &)
I0904 13:12:33.413024   796 master_component.cc:942] ProcessBatchesArgs: nwt_target_name=nwt, batch_filename_size=5, batch_size=0, batch_weight_size=5, pwt_source_name=pwt, num_document_passes=1, regularizer=(name:SparsePhi, tau:-50000), class=(text:1), reuse_theta=yes, opt_for_avx=yes, predict_class_id=
I0904 13:12:33.443048  6748 processor.cc:669] Processing queue has data, processing started
I0904 13:12:33.443048  3808 processor.cc:669] Processing queue has data, processing started
I0904 13:12:33.445044 10996 processor.cc:669] Processing queue has data, processing started
I0904 13:12:33.445044  9676 processor.cc:669] Processing queue has data, processing started
I0904 13:12:33.451053  3808 processor.cc:746] Processor: start processing batch 93186bab-8a74-4bc6-8255-ec7c39be4a9b into model nwt
I0904 13:12:33.451053  6748 processor.cc:746] Processor: start processing batch 8b069d34-9f20-4d0d-a163-bdb90c30a142 into model nwt
I0904 13:12:33.453554 10996 processor.cc:746] Processor: start processing batch 6e166427-4b9c-4044-9c5e-bf0bd5721cca into model nwt
I0904 13:12:33.456557  9676 processor.cc:746] Processor: start processing batch 937ec9d9-3d7a-4971-a9f1-ee4b2c117e76 into model nwt
I0904 13:12:33.519601  3808 processor.cc:842] Processor: complete processing batch 93186bab-8a74-4bc6-8255-ec7c39be4a9b into model nwt
I0904 13:12:33.522603  3808 cuckoo_watch.h:44] 79ms in ProcessBatch(D:\Coursera\Notebooks\education notebooks\thematic modeling\school_batches\aaaaab.batch) [including 6ms in LoadMessage; 3ms in InitializeSparseNdw; 25ms in InferThetaAndUpdateNwtSparse; 29ms in CalculateScore(PerplexityScore); 10ms in CalculateScore(SparsityThetaScore); ]
I0904 13:12:33.525605 10996 processor.cc:842] Processor: complete processing batch 6e166427-4b9c-4044-9c5e-bf0bd5721cca into model nwt
I0904 13:12:33.525605  6748 processor.cc:842] Processor: complete processing batch 8b069d34-9f20-4d0d-a163-bdb90c30a142 into model nwt
I0904 13:12:33.526607 10996 cuckoo_watch.h:44] 81ms in ProcessBatch(D:\Coursera\Notebooks\education notebooks\thematic modeling\school_batches\aaaaac.batch) [including 7ms in LoadMessage; 3ms in InitializeSparseNdw; 23ms in InferThetaAndUpdateNwtSparse; 33ms in CalculateScore(PerplexityScore); 12ms in CalculateScore(SparsityThetaScore); ]
I0904 13:12:33.527606  6748 cuckoo_watch.h:44] 84ms in ProcessBatch(D:\Coursera\Notebooks\education notebooks\thematic modeling\school_batches\aaaaaa.batch) [including 7ms in LoadMessage; 3ms in InitializeSparseNdw; 25ms in InferThetaAndUpdateNwtSparse; 35ms in CalculateScore(PerplexityScore); 11ms in CalculateScore(SparsityThetaScore); ]
I0904 13:12:33.529608  3808 processor.cc:746] Processor: start processing batch 506a45f2-66ba-4b4f-bbae-f4bf5f4b1f7c into model nwt
I0904 13:12:33.531610  9676 processor.cc:842] Processor: complete processing batch 937ec9d9-3d7a-4971-a9f1-ee4b2c117e76 into model nwt
I0904 13:12:33.532610  9676 cuckoo_watch.h:44] 87ms in ProcessBatch(D:\Coursera\Notebooks\education notebooks\thematic modeling\school_batches\aaaaad.batch) [including 10ms in LoadMessage; 3ms in InitializeSparseNdw; 28ms in InferThetaAndUpdateNwtSparse; 32ms in CalculateScore(PerplexityScore); 11ms in CalculateScore(SparsityThetaScore); ]
I0904 13:12:33.546618  6748 processor.cc:662] No data in processing queue, waiting...
I0904 13:12:33.546618 10996 processor.cc:662] No data in processing queue, waiting...
I0904 13:12:33.551625  9676 processor.cc:662] No data in processing queue, waiting...
I0904 13:12:33.568639  3808 processor.cc:842] Processor: complete processing batch 506a45f2-66ba-4b4f-bbae-f4bf5f4b1f7c into model nwt
I0904 13:12:33.569639  3808 cuckoo_watch.h:44] 47ms in ProcessBatch(D:\Coursera\Notebooks\education notebooks\thematic modeling\school_batches\aaaaae.batch) [including 6ms in LoadMessage; 3ms in InitializeSparseNdw; 14ms in InferThetaAndUpdateNwtSparse; 17ms in CalculateScore(PerplexityScore); 5ms in CalculateScore(SparsityThetaScore); ]
I0904 13:12:33.570641   796 master_component.cc:980] RegularizeModelArgs: rwt_target_name=rwt, pwt_source_name=pwt, nwt_source_name=nwt
I0904 13:12:33.570641   796 master_component.cc:590] MasterComponent: start regularizing model pwt
I0904 13:12:33.592656  3808 processor.cc:662] No data in processing queue, waiting...
I0904 13:12:33.629967   796 master_component.cc:613] MasterComponent: complete regularizing model pwt
I0904 13:12:33.629967   796 master_component.cc:991] NormalizeModelArgs: pwt_target_name=pwt, nwt_source_name=nwt, rwt_source_name=rwt
I0904 13:12:33.629967   796 master_component.cc:617] MasterComponent: start normalizing model nwt
I0904 13:12:33.663733   796 master_component.cc:639] MasterComponent: complete normalizing model nwt
I0904 13:12:33.710615   796 master_component.cc:1015] DisposeModel rwt
I0904 13:12:33.735730   796 c_interface.cc:180] ArtmCopyRequestedMessage is copying 271738 bytes...
I0904 13:12:33.968195   796 c_interface.cc:180] ArtmCopyRequestedMessage is copying 271738 bytes...
I0904 13:12:34.194030   796 c_interface.cc:180] ArtmCopyRequestedMessage is copying 271738 bytes...
I0904 13:12:34.438964   796 c_interface.cc:180] ArtmCopyRequestedMessage is copying 271738 bytes...
I0904 13:12:34.660737   796 c_interface.cc:180] ArtmCopyRequestedMessage is copying 271738 bytes...
I0904 13:12:34.893153   796 c_interface.cc:180] ArtmCopyRequestedMessage is copying 271738 bytes...
I0904 13:12:35.125258   796 c_interface.cc:180] ArtmCopyRequestedMessage is copying 271738 bytes...
I0904 13:12:35.351707   796 c_interface.cc:180] ArtmCopyRequestedMessage is copying 271738 bytes...
I0904 13:12:35.589393   796 c_interface.cc:180] ArtmCopyRequestedMessage is copying 271738 bytes...
I0904 13:12:35.811477   796 c_interface.cc:180] ArtmCopyRequestedMessage is copying 271738 bytes...
I0904 13:12:39.715553   796 c_interface.cc:180] ArtmCopyRequestedMessage is copying 2853 bytes...
I0904 13:12:39.723558   796 c_interface.cc:180] ArtmCopyRequestedMessage is copying 2840 bytes...
I0904 13:12:46.481403   796 master_component.cc:212] Exporting model pwt to my_model
I0904 13:12:46.499418   796 phi_matrix_operations.cc:82] RetrieveExternalTopicModel() with 10 topics, 16099 tokens
I0904 13:12:46.542443   796 master_component.cc:245] Export completed, token_size = 16099, topic_size = 10
I0904 13:12:47.175678   796 master_component.cc:258] Importing model pwt from my_model
I0904 13:12:47.254729   796 master_component.cc:298] Import completed, token_size = 16099, topic_size = 10
I0904 13:12:47.255729   796 phi_matrix_operations.cc:82] RetrieveExternalTopicModel() with 10 topics, 16099 tokens
I0904 13:12:47.271960   796 c_interface.cc:180] ArtmCopyRequestedMessage is copying 477630 bytes...
I0904 13:12:50.454139   796 phi_matrix_operations.cc:82] RetrieveExternalTopicModel() with 10 topics, 16099 tokens
I0904 13:12:50.478662   796 c_interface.cc:180] ArtmCopyRequestedMessage is copying 477630 bytes...
I0904 13:12:51.126437   796 phi_matrix_operations.cc:82] RetrieveExternalTopicModel() with 10 topics, 16099 tokens
I0904 13:12:51.142065   796 c_interface.cc:180] ArtmCopyRequestedMessage is copying 413234 bytes...
I0904 13:12:51.311352   796 c_interface.cc:185] ArtmCopyRequestedObject is copying 643960 bytes...
I0904 13:13:08.011741   796 c_interface.cc:180] ArtmCopyRequestedMessage is copying 4219 bytes...
W0904 13:13:08.033756   796 check_messages.h:833] Inconsistent fields size in ThetaMatrix: 476 vs 0 vs 476 vs 0;
I0904 13:13:08.034759   796 c_interface.cc:180] ArtmCopyRequestedMessage is copying 2315 bytes...
I0904 13:13:08.040760   796 c_interface.cc:185] ArtmCopyRequestedObject is copying 19040 bytes...
I0904 13:13:12.595916   796 c_interface.cc:508] Pass TransformMasterModelArgs, batch_filename_size=5, batch_size=0, theta_matrix_type=1, predict_class_id= to MasterComponent::Request (extended)
I0904 13:13:12.595916  3808 processor.cc:669] Processing queue has data, processing started
I0904 13:13:12.597918  6748 processor.cc:669] Processing queue has data, processing started
I0904 13:13:12.598917  9676 processor.cc:669] Processing queue has data, processing started
I0904 13:13:12.603920  3808 processor.cc:746] Processor: start processing batch 8b069d34-9f20-4d0d-a163-bdb90c30a142 into model 000F1EC4
I0904 13:13:12.604921  6748 processor.cc:746] Processor: start processing batch 93186bab-8a74-4bc6-8255-ec7c39be4a9b into model 000F1EC4
I0904 13:13:12.605922  9676 processor.cc:746] Processor: start processing batch 6e166427-4b9c-4044-9c5e-bf0bd5721cca into model 000F1EC4
I0904 13:13:12.619930 10996 processor.cc:669] Processing queue has data, processing started
I0904 13:13:12.626936 10996 processor.cc:746] Processor: start processing batch 937ec9d9-3d7a-4971-a9f1-ee4b2c117e76 into model 000F1EC4
I0904 13:13:12.658958  3808 processor.cc:842] Processor: complete processing batch 8b069d34-9f20-4d0d-a163-bdb90c30a142 into model 000F1EC4
I0904 13:13:12.660959  3808 cuckoo_watch.h:44] 65ms in ProcessBatch(D:\Coursera\Notebooks\education notebooks\thematic modeling\school_batches\aaaaaa.batch) [including 8ms in LoadMessage; 4ms in InitializeSparseNdw; 10ms in InferThetaAndUpdateNwtSparse; 32ms in CalculateScore(PerplexityScore); 9ms in CalculateScore(SparsityThetaScore); ]
I0904 13:13:12.661960  9676 processor.cc:842] Processor: complete processing batch 6e166427-4b9c-4044-9c5e-bf0bd5721cca into model 000F1EC4
I0904 13:13:12.663960  9676 cuckoo_watch.h:44] 65ms in ProcessBatch(D:\Coursera\Notebooks\education notebooks\thematic modeling\school_batches\aaaaac.batch) [including 7ms in LoadMessage; 4ms in InitializeSparseNdw; 11ms in InferThetaAndUpdateNwtSparse; 32ms in CalculateScore(PerplexityScore); 9ms in CalculateScore(SparsityThetaScore); ]
I0904 13:13:12.667963  3808 processor.cc:746] Processor: start processing batch 506a45f2-66ba-4b4f-bbae-f4bf5f4b1f7c into model 000F1EC4
I0904 13:13:12.681977  6748 processor.cc:842] Processor: complete processing batch 93186bab-8a74-4bc6-8255-ec7c39be4a9b into model 000F1EC4
I0904 13:13:12.683478  6748 cuckoo_watch.h:44] 85ms in ProcessBatch(D:\Coursera\Notebooks\education notebooks\thematic modeling\school_batches\aaaaab.batch) [including 7ms in LoadMessage; 4ms in InitializeSparseNdw; 15ms in InferThetaAndUpdateNwtSparse; 47ms in CalculateScore(PerplexityScore); 11ms in CalculateScore(SparsityThetaScore); ]
I0904 13:13:12.691483 10996 processor.cc:842] Processor: complete processing batch 937ec9d9-3d7a-4971-a9f1-ee4b2c117e76 into model 000F1EC4
I0904 13:13:12.700494 10996 cuckoo_watch.h:44] 80ms in ProcessBatch(D:\Coursera\Notebooks\education notebooks\thematic modeling\school_batches\aaaaad.batch) [including 7ms in LoadMessage; 3ms in InitializeSparseNdw; 11ms in InferThetaAndUpdateNwtSparse; 41ms in CalculateScore(PerplexityScore); 8ms in CalculateScore(SparsityThetaScore); ]
I0904 13:13:12.714000  9676 processor.cc:662] No data in processing queue, waiting...
I0904 13:13:12.715502  6748 processor.cc:662] No data in processing queue, waiting...
I0904 13:13:12.722503  3808 processor.cc:842] Processor: complete processing batch 506a45f2-66ba-4b4f-bbae-f4bf5f4b1f7c into model 000F1EC4
I0904 13:13:12.723505  3808 cuckoo_watch.h:44] 62ms in ProcessBatch(D:\Coursera\Notebooks\education notebooks\thematic modeling\school_batches\aaaaae.batch) [including 7ms in LoadMessage; 3ms in InitializeSparseNdw; 10ms in InferThetaAndUpdateNwtSparse; 35ms in CalculateScore(PerplexityScore); 5ms in CalculateScore(SparsityThetaScore); ]
I0904 13:13:12.724006 10996 processor.cc:662] No data in processing queue, waiting...
W0904 13:13:12.725006   796 check_messages.h:833] Inconsistent fields size in ThetaMatrix: 476 vs 0 vs 476 vs 0;
I0904 13:13:12.725006   796 c_interface.cc:180] ArtmCopyRequestedMessage is copying 2315 bytes...
I0904 13:13:12.730015   796 c_interface.cc:185] ArtmCopyRequestedObject is copying 19040 bytes...
I0904 13:13:12.745024  3808 processor.cc:662] No data in processing queue, waiting...
I0904 13:39:32.395853   796 instance.cc:358] MasterModelConfig.processors_count is automatically set to 4
I0904 13:39:32.396355   796 c_interface.cc:221] Creating MasterModel (id=5)...
I0904 13:39:32.396853 10860 processor.cc:646] Processor thread started
I0904 13:39:32.396853  2956 processor.cc:646] Processor thread started
I0904 13:39:32.396853  1088 processor.cc:646] Processor thread started
I0904 13:39:32.397353  6748 processor.cc:654] Processor thread stopped
I0904 13:39:32.397353  6748 processor.cc:655] Total number of processed batches: 92
I0904 13:39:32.397353  8296 processor.cc:646] Processor thread started
I0904 13:39:32.398355 10996 processor.cc:654] Processor thread stopped
I0904 13:39:32.398355 10996 processor.cc:655] Total number of processed batches: 91
I0904 13:39:32.399356  3808 processor.cc:654] Processor thread stopped
I0904 13:39:32.399356  3808 processor.cc:655] Total number of processed batches: 85
I0904 13:39:32.400357  9676 processor.cc:654] Processor thread stopped
I0904 13:39:32.400357  9676 processor.cc:655] Total number of processed batches: 87
I0904 13:39:32.418367  1088 processor.cc:662] No data in processing queue, waiting...
I0904 13:39:32.418367  2956 processor.cc:662] No data in processing queue, waiting...
I0904 13:39:32.418367 10860 processor.cc:662] No data in processing queue, waiting...
I0904 13:39:32.418869  8296 processor.cc:662] No data in processing queue, waiting...
I0904 13:39:32.426373   796 c_interface.cc:283] Disposing MasterComponent (id=3)...
I0904 13:39:46.367571   796 instance.cc:358] MasterModelConfig.processors_count is automatically set to 4
I0904 13:39:46.367571   796 c_interface.cc:221] Creating MasterModel (id=6)...
I0904 13:39:46.368072 10860 processor.cc:654] Processor thread stopped
I0904 13:39:46.368072 10860 processor.cc:655] Total number of processed batches: 0
I0904 13:39:46.368072  4604 processor.cc:646] Processor thread started
I0904 13:39:46.368571 11504 processor.cc:646] Processor thread started
I0904 13:39:46.368571  4616 processor.cc:646] Processor thread started
I0904 13:39:46.368571  4472 processor.cc:646] Processor thread started
I0904 13:39:46.370074  2956 processor.cc:654] Processor thread stopped
I0904 13:39:46.370074  2956 processor.cc:655] Total number of processed batches: 0
I0904 13:39:46.370573  1088 processor.cc:654] Processor thread stopped
I0904 13:39:46.370573  1088 processor.cc:655] Total number of processed batches: 0
I0904 13:39:46.371073  8296 processor.cc:654] Processor thread stopped
I0904 13:39:46.371073  8296 processor.cc:655] Total number of processed batches: 0
I0904 13:39:46.371073   796 c_interface.cc:283] Disposing MasterComponent (id=5)...
I0904 13:39:46.390085  4472 processor.cc:662] No data in processing queue, waiting...
I0904 13:39:46.390085  4616 processor.cc:662] No data in processing queue, waiting...
I0904 13:39:46.390085 11504 processor.cc:662] No data in processing queue, waiting...
I0904 13:39:46.390085  4604 processor.cc:662] No data in processing queue, waiting...
I0904 18:13:21.267765   796 master_component.cc:258] Importing model pwt from my_model
I0904 18:13:21.567422   796 master_component.cc:298] Import completed, token_size = 16099, topic_size = 10
I0904 18:13:21.568423   796 phi_matrix_operations.cc:82] RetrieveExternalTopicModel() with 10 topics, 16099 tokens
I0904 18:13:21.588438   796 c_interface.cc:180] ArtmCopyRequestedMessage is copying 477630 bytes...
W0904 18:13:25.060567   796 check_messages.h:833] ThetaMatrix.topic_name_size is empty
I0904 18:13:25.060567   796 c_interface.cc:180] ArtmCopyRequestedMessage is copying 0 bytes...
W0904 18:13:25.061568   796 check_messages.h:833] ThetaMatrix.topic_name_size is empty
I0904 18:13:25.061568   796 c_interface.cc:180] ArtmCopyRequestedMessage is copying 0 bytes...
I0904 18:13:25.062568   796 c_interface.cc:185] ArtmCopyRequestedObject is copying 0 bytes...
W0904 18:13:38.550701   796 check_messages.h:833] ThetaMatrix.topic_name_size is empty
I0904 18:13:38.550701   796 c_interface.cc:180] ArtmCopyRequestedMessage is copying 0 bytes...
W0904 18:13:38.551203   796 check_messages.h:833] ThetaMatrix.topic_name_size is empty
I0904 18:13:38.551203   796 c_interface.cc:180] ArtmCopyRequestedMessage is copying 0 bytes...
I0904 18:13:38.551203   796 c_interface.cc:185] ArtmCopyRequestedObject is copying 0 bytes...
W0904 18:13:39.268358   796 check_messages.h:833] ThetaMatrix.topic_name_size is empty
I0904 18:13:39.268358   796 c_interface.cc:180] ArtmCopyRequestedMessage is copying 0 bytes...
W0904 18:13:39.268358   796 check_messages.h:833] ThetaMatrix.topic_name_size is empty
I0904 18:13:39.268358   796 c_interface.cc:180] ArtmCopyRequestedMessage is copying 0 bytes...
I0904 18:13:39.268358   796 c_interface.cc:185] ArtmCopyRequestedObject is copying 0 bytes...
I0904 18:13:43.209563   796 phi_matrix_operations.cc:82] RetrieveExternalTopicModel() with 10 topics, 16099 tokens
I0904 18:13:43.229575   796 c_interface.cc:180] ArtmCopyRequestedMessage is copying 477630 bytes...
I0904 18:13:43.945612   796 phi_matrix_operations.cc:82] RetrieveExternalTopicModel() with 10 topics, 16099 tokens
I0904 18:13:43.963129   796 c_interface.cc:180] ArtmCopyRequestedMessage is copying 413234 bytes...
I0904 18:13:44.149761   796 c_interface.cc:185] ArtmCopyRequestedObject is copying 643960 bytes...
W0904 18:13:54.976672   796 check_messages.h:833] ThetaMatrix.topic_name_size is empty
I0904 18:13:54.976672   796 c_interface.cc:180] ArtmCopyRequestedMessage is copying 0 bytes...
W0904 18:13:54.977174   796 check_messages.h:833] ThetaMatrix.topic_name_size is empty
I0904 18:13:54.977174   796 c_interface.cc:180] ArtmCopyRequestedMessage is copying 0 bytes...
I0904 18:13:54.977174   796 c_interface.cc:185] ArtmCopyRequestedObject is copying 0 bytes...
W0904 18:22:16.477634   796 check_messages.h:833] ThetaMatrix.topic_name_size is empty
I0904 18:22:16.477634   796 c_interface.cc:180] ArtmCopyRequestedMessage is copying 0 bytes...
W0904 18:22:16.477634   796 check_messages.h:833] ThetaMatrix.topic_name_size is empty
I0904 18:22:16.477634   796 c_interface.cc:180] ArtmCopyRequestedMessage is copying 0 bytes...
I0904 18:22:16.477634   796 c_interface.cc:185] ArtmCopyRequestedObject is copying 0 bytes...
W0904 18:32:35.482026   796 check_messages.h:833] ThetaMatrix.topic_name_size is empty
