Log file created at: 2017/09/04 13:09:32
Running on machine: DESKTOP-TJINT0L
Log line format: [IWEF]mmdd hh:mm:ss.uuuuuu threadid file:line] msg
I0904 13:09:32.603890   796 c_interface.cc:74] Logging enabled to .
I0904 13:09:32.775215   796 c_interface.cc:221] Creating MasterModel (id=1)...
I0904 13:09:34.056128   796 c_interface.cc:318] Pass c6da94e7-e6a8-4530-bfe9-f2a746b4f9a4 to void (__thiscall artm::core::MasterComponent::*)(class std::basic_string<char,struct std::char_traits<char>,class std::allocator<char> > const &)
I0904 13:09:34.077359   796 c_interface.cc:332] Pass GatherDictionaryArgs: dictionary_target_name=c6da94e7-e6a8-4530-bfe9-f2a746b4f9a4, data_path=school_batches, symmetric_cooc_values=0 to void (__thiscall artm::core::MasterComponent::*)(class artm::GatherDictionaryArgs const &)
I0904 13:09:34.093154   796 dictionary.cc:185] Found 5 batches in 'school_batches' folder
I0904 13:09:34.193401   796 dictionary.cc:241] Find 16099 unique tokens in 476 items
I0904 13:09:50.026147   796 c_interface.cc:221] Creating MasterModel (id=2)...
I0904 13:09:50.027150   796 c_interface.cc:318] Pass e2c5b209-2b36-4cb1-ab04-ddc6eaea0283 to void (__thiscall artm::core::MasterComponent::*)(class std::basic_string<char,struct std::char_traits<char>,class std::allocator<char> > const &)
I0904 13:09:50.027150   796 c_interface.cc:332] Pass GatherDictionaryArgs: dictionary_target_name=e2c5b209-2b36-4cb1-ab04-ddc6eaea0283, data_path=school_batches, symmetric_cooc_values=0 to void (__thiscall artm::core::MasterComponent::*)(class artm::GatherDictionaryArgs const &)
I0904 13:09:50.027150   796 dictionary.cc:185] Found 5 batches in 'school_batches' folder
I0904 13:09:50.105708   796 dictionary.cc:241] Find 16099 unique tokens in 476 items
I0904 13:09:50.161372   796 c_interface.cc:318] Pass c6da94e7-e6a8-4530-bfe9-f2a746b4f9a4 to void (__thiscall artm::core::MasterComponent::*)(class std::basic_string<char,struct std::char_traits<char>,class std::allocator<char> > const &)
I0904 13:09:50.161372   796 c_interface.cc:283] Disposing MasterComponent (id=1)...
I0904 13:10:09.570194   796 instance.cc:358] MasterModelConfig.processors_count is automatically set to 4
I0904 13:10:09.661209   796 c_interface.cc:221] Creating MasterModel (id=3)...
I0904 13:10:09.678673  3808 processor.cc:646] Processor thread started
I0904 13:10:09.678673  6748 processor.cc:646] Processor thread started
I0904 13:10:09.678673  9676 processor.cc:646] Processor thread started
I0904 13:10:09.678673 10996 processor.cc:646] Processor thread started
I0904 13:10:09.701808  6748 processor.cc:662] No data in processing queue, waiting...
I0904 13:10:09.701808  3808 processor.cc:662] No data in processing queue, waiting...
I0904 13:10:09.701808  9676 processor.cc:662] No data in processing queue, waiting...
I0904 13:10:09.701808 10996 processor.cc:662] No data in processing queue, waiting...
I0904 13:10:36.022819   796 c_interface.cc:221] Creating MasterModel (id=4)...
I0904 13:10:36.022819   796 c_interface.cc:318] Pass dictionary to void (__thiscall artm::core::MasterComponent::*)(class std::basic_string<char,struct std::char_traits<char>,class std::allocator<char> > const &)
I0904 13:10:36.022819   796 c_interface.cc:332] Pass GatherDictionaryArgs: dictionary_target_name=dictionary, data_path=school_batches, symmetric_cooc_values=0 to void (__thiscall artm::core::MasterComponent::*)(class artm::GatherDictionaryArgs const &)
I0904 13:10:36.023819   796 dictionary.cc:185] Found 5 batches in 'school_batches' folder
I0904 13:10:36.105381   796 dictionary.cc:241] Find 16099 unique tokens in 476 items
I0904 13:10:44.863322   796 c_interface.cc:332] Pass MasterModelConfig: topic_name_size=10, class=(text:1), score_config_size=1, num_processors=0, pwt_name=pwt, nwt_name=nwt, num_document_passes=1, reuse_theta=yes, cache_theta=yes, opt_for_avx=yes, disk_cache_path to void (__thiscall artm::core::MasterComponent::*)(class artm::MasterModelConfig const &)
I0904 13:10:44.863322   796 instance.cc:358] MasterModelConfig.processors_count is automatically set to 4
I0904 13:10:44.902371   796 perplexity.cc:24] Perplexity score calculator created: model_type=1, dictionary_name=dictionary
I0904 13:10:44.903373   796 c_interface.cc:332] Pass MasterModelConfig: topic_name_size=10, class=(text:1), score_config_size=2, num_processors=0, pwt_name=pwt, nwt_name=nwt, num_document_passes=1, reuse_theta=yes, cache_theta=yes, opt_for_avx=yes, disk_cache_path to void (__thiscall artm::core::MasterComponent::*)(class artm::MasterModelConfig const &)
I0904 13:10:44.903373   796 instance.cc:358] MasterModelConfig.processors_count is automatically set to 4
I0904 13:10:44.903373   796 perplexity.cc:24] Perplexity score calculator created: model_type=1, dictionary_name=dictionary
I0904 13:10:44.904372   796 c_interface.cc:332] Pass MasterModelConfig: topic_name_size=10, class=(text:1), score_config_size=3, num_processors=0, pwt_name=pwt, nwt_name=nwt, num_document_passes=1, reuse_theta=yes, cache_theta=yes, opt_for_avx=yes, disk_cache_path to void (__thiscall artm::core::MasterComponent::*)(class artm::MasterModelConfig const &)
I0904 13:10:44.904372   796 instance.cc:358] MasterModelConfig.processors_count is automatically set to 4
I0904 13:10:44.904372   796 perplexity.cc:24] Perplexity score calculator created: model_type=1, dictionary_name=dictionary
I0904 13:10:44.904872   796 c_interface.cc:332] Pass MasterModelConfig: topic_name_size=10, class=(text:1), score_config_size=4, num_processors=0, pwt_name=pwt, nwt_name=nwt, num_document_passes=1, reuse_theta=yes, cache_theta=yes, opt_for_avx=yes, disk_cache_path to void (__thiscall artm::core::MasterComponent::*)(class artm::MasterModelConfig const &)
I0904 13:10:44.904872   796 instance.cc:358] MasterModelConfig.processors_count is automatically set to 4
I0904 13:10:44.904872   796 perplexity.cc:24] Perplexity score calculator created: model_type=1, dictionary_name=dictionary
I0904 13:10:48.190320   796 c_interface.cc:318] Pass pwt to void (__thiscall artm::core::MasterComponent::*)(class std::basic_string<char,struct std::char_traits<char>,class std::allocator<char> > const &)
I0904 13:10:48.191320   796 c_interface.cc:318] Pass nwt to void (__thiscall artm::core::MasterComponent::*)(class std::basic_string<char,struct std::char_traits<char>,class std::allocator<char> > const &)
I0904 13:10:48.191320   796 c_interface.cc:332] Pass InitializeModelArgs: model_name=pwt, dictionary_name=dictionary, topic_name_size=10 to void (__thiscall artm::core::MasterComponent::*)(class artm::InitializeModelArgs const &)
I0904 13:10:48.191320   796 master_component.cc:338] InitializeModel() with 10 topics and 16099 tokens
I0904 13:10:48.314918   796 c_interface.cc:332] Pass InitializeModelArgs: model_name=nwt, dictionary_name=dictionary, topic_name_size=10 to void (__thiscall artm::core::MasterComponent::*)(class artm::InitializeModelArgs const &)
I0904 13:10:48.314918   796 master_component.cc:338] InitializeModel() with 10 topics and 16099 tokens
I0904 13:10:48.430819   796 phi_matrix_operations.cc:82] RetrieveExternalTopicModel() with 10 topics, 16099 tokens
I0904 13:10:48.446449   796 c_interface.cc:180] ArtmCopyRequestedMessage is copying 477630 bytes...
I0904 13:10:54.749249   796 c_interface.cc:332] Pass FitOfflineMasterModelArgs, batch_filename_size=5, batch_weight_size=5, num_collection_passes=1 to void (__thiscall artm::core::MasterComponent::*)(class artm::FitOfflineMasterModelArgs const &)
I0904 13:10:54.749249   796 master_component.cc:942] ProcessBatchesArgs: nwt_target_name=nwt, batch_filename_size=5, batch_size=0, batch_weight_size=5, pwt_source_name=pwt, num_document_passes=1, class=(text:1), reuse_theta=yes, opt_for_avx=yes, predict_class_id=
I0904 13:10:54.808801  3808 processor.cc:669] Processing queue has data, processing started
I0904 13:10:54.808801  6748 processor.cc:669] Processing queue has data, processing started
I0904 13:10:54.810801  9676 processor.cc:669] Processing queue has data, processing started
I0904 13:10:54.812803 10996 processor.cc:669] Processing queue has data, processing started
I0904 13:10:54.817806  3808 processor.cc:746] Processor: start processing batch 8b069d34-9f20-4d0d-a163-bdb90c30a142 into model nwt
I0904 13:10:54.818305  6748 processor.cc:746] Processor: start processing batch 93186bab-8a74-4bc6-8255-ec7c39be4a9b into model nwt
I0904 13:10:54.820307  9676 processor.cc:746] Processor: start processing batch 6e166427-4b9c-4044-9c5e-bf0bd5721cca into model nwt
I0904 13:10:54.822309 10996 processor.cc:746] Processor: start processing batch 937ec9d9-3d7a-4971-a9f1-ee4b2c117e76 into model nwt
I0904 13:10:54.912814  6748 processor.cc:842] Processor: complete processing batch 93186bab-8a74-4bc6-8255-ec7c39be4a9b into model nwt
I0904 13:10:54.913816  3808 processor.cc:842] Processor: complete processing batch 8b069d34-9f20-4d0d-a163-bdb90c30a142 into model nwt
I0904 13:10:54.914316  9676 processor.cc:842] Processor: complete processing batch 6e166427-4b9c-4044-9c5e-bf0bd5721cca into model nwt
I0904 13:10:54.914316 10996 processor.cc:842] Processor: complete processing batch 937ec9d9-3d7a-4971-a9f1-ee4b2c117e76 into model nwt
I0904 13:10:54.915817  6748 cuckoo_watch.h:44] 107ms in ProcessBatch(D:\Coursera\Notebooks\education notebooks\thematic modeling\school_batches\aaaaab.batch) [including 8ms in LoadMessage; 4ms in InitializeSparseNdw; 29ms in InferThetaAndUpdateNwtSparse; 44ms in CalculateScore(PerplexityScore); 16ms in CalculateScore(SparsityThetaScore); ]
I0904 13:10:54.916318  3808 cuckoo_watch.h:44] 107ms in ProcessBatch(D:\Coursera\Notebooks\education notebooks\thematic modeling\school_batches\aaaaaa.batch) [including 7ms in LoadMessage; 3ms in InitializeSparseNdw; 28ms in InferThetaAndUpdateNwtSparse; 45ms in CalculateScore(PerplexityScore); 17ms in CalculateScore(SparsityThetaScore); ]
I0904 13:10:54.916818 10996 cuckoo_watch.h:44] 104ms in ProcessBatch(D:\Coursera\Notebooks\education notebooks\thematic modeling\school_batches\aaaaad.batch) [including 8ms in LoadMessage; 2ms in InitializeSparseNdw; 40ms in InferThetaAndUpdateNwtSparse; 31ms in CalculateScore(PerplexityScore); 17ms in CalculateScore(SparsityThetaScore); ]
I0904 13:10:54.916818  9676 cuckoo_watch.h:44] 106ms in ProcessBatch(D:\Coursera\Notebooks\education notebooks\thematic modeling\school_batches\aaaaac.batch) [including 8ms in LoadMessage; 3ms in InitializeSparseNdw; 28ms in InferThetaAndUpdateNwtSparse; 44ms in CalculateScore(PerplexityScore); 17ms in CalculateScore(SparsityThetaScore); ]
I0904 13:10:54.921821  6748 processor.cc:746] Processor: start processing batch 506a45f2-66ba-4b4f-bbae-f4bf5f4b1f7c into model nwt
I0904 13:10:54.955078  6748 processor.cc:842] Processor: complete processing batch 506a45f2-66ba-4b4f-bbae-f4bf5f4b1f7c into model nwt
I0904 13:10:54.955078  6748 cuckoo_watch.h:44] 39ms in ProcessBatch(D:\Coursera\Notebooks\education notebooks\thematic modeling\school_batches\aaaaae.batch) [including 5ms in LoadMessage; 2ms in InitializeSparseNdw; 0ms in InferThetaAndUpdateNwtSparse; 15ms in CalculateScore(PerplexityScore); 15ms in CalculateScore(SparsityThetaScore); ]
I0904 13:10:54.970705   796 master_component.cc:991] NormalizeModelArgs: pwt_target_name=pwt, nwt_source_name=nwt, rwt_source_name=
I0904 13:10:54.970705   796 master_component.cc:617] MasterComponent: start normalizing model nwt
I0904 13:10:55.001961   796 master_component.cc:639] MasterComponent: complete normalizing model nwt
I0904 13:10:55.032104  3808 processor.cc:662] No data in processing queue, waiting...
I0904 13:10:55.032104  9676 processor.cc:662] No data in processing queue, waiting...
I0904 13:10:55.032104 10996 processor.cc:662] No data in processing queue, waiting...
I0904 13:10:55.035105  6748 processor.cc:662] No data in processing queue, waiting...
I0904 13:10:55.062901   796 master_component.cc:1015] DisposeModel rwt
I0904 13:10:55.062901   796 c_interface.cc:332] Pass FitOfflineMasterModelArgs, batch_filename_size=5, batch_weight_size=5, num_collection_passes=1 to void (__thiscall artm::core::MasterComponent::*)(class artm::FitOfflineMasterModelArgs const &)
I0904 13:10:55.062901   796 master_component.cc:942] ProcessBatchesArgs: nwt_target_name=nwt, batch_filename_size=5, batch_size=0, batch_weight_size=5, pwt_source_name=pwt, num_document_passes=1, class=(text:1), reuse_theta=yes, opt_for_avx=yes, predict_class_id=
I0904 13:10:55.109791  9676 processor.cc:669] Processing queue has data, processing started
I0904 13:10:55.109791 10996 processor.cc:669] Processing queue has data, processing started
I0904 13:10:55.109791  3808 processor.cc:669] Processing queue has data, processing started
I0904 13:10:55.110301  6748 processor.cc:669] Processing queue has data, processing started
I0904 13:10:55.124312 10996 processor.cc:746] Processor: start processing batch 6e166427-4b9c-4044-9c5e-bf0bd5721cca into model nwt
I0904 13:10:55.124312  9676 processor.cc:746] Processor: start processing batch 93186bab-8a74-4bc6-8255-ec7c39be4a9b into model nwt
I0904 13:10:55.124312  3808 processor.cc:746] Processor: start processing batch 8b069d34-9f20-4d0d-a163-bdb90c30a142 into model nwt
I0904 13:10:55.124312  6748 processor.cc:746] Processor: start processing batch 937ec9d9-3d7a-4971-a9f1-ee4b2c117e76 into model nwt
I0904 13:10:55.202448  9676 processor.cc:842] Processor: complete processing batch 93186bab-8a74-4bc6-8255-ec7c39be4a9b into model nwt
I0904 13:10:55.202448  3808 processor.cc:842] Processor: complete processing batch 8b069d34-9f20-4d0d-a163-bdb90c30a142 into model nwt
I0904 13:10:55.202448 10996 processor.cc:842] Processor: complete processing batch 6e166427-4b9c-4044-9c5e-bf0bd5721cca into model nwt
I0904 13:10:55.202448  9676 cuckoo_watch.h:44] 92ms in ProcessBatch(D:\Coursera\Notebooks\education notebooks\thematic modeling\school_batches\aaaaab.batch) [including 14ms in LoadMessage; 0ms in InitializeSparseNdw; 46ms in InferThetaAndUpdateNwtSparse; 15ms in CalculateScore(PerplexityScore); 15ms in CalculateScore(SparsityThetaScore); ]
I0904 13:10:55.202448  6748 processor.cc:842] Processor: complete processing batch 937ec9d9-3d7a-4971-a9f1-ee4b2c117e76 into model nwt
I0904 13:10:55.202448  3808 cuckoo_watch.h:44] 92ms in ProcessBatch(D:\Coursera\Notebooks\education notebooks\thematic modeling\school_batches\aaaaaa.batch) [including 14ms in LoadMessage; 0ms in InitializeSparseNdw; 46ms in InferThetaAndUpdateNwtSparse; 15ms in CalculateScore(PerplexityScore); 15ms in CalculateScore(SparsityThetaScore); ]
I0904 13:10:55.202448 10996 cuckoo_watch.h:44] 92ms in ProcessBatch(D:\Coursera\Notebooks\education notebooks\thematic modeling\school_batches\aaaaac.batch) [including 14ms in LoadMessage; 0ms in InitializeSparseNdw; 46ms in InferThetaAndUpdateNwtSparse; 15ms in CalculateScore(PerplexityScore); 15ms in CalculateScore(SparsityThetaScore); ]
I0904 13:10:55.202448  6748 cuckoo_watch.h:44] 92ms in ProcessBatch(D:\Coursera\Notebooks\education notebooks\thematic modeling\school_batches\aaaaad.batch) [including 14ms in LoadMessage; 0ms in InitializeSparseNdw; 46ms in InferThetaAndUpdateNwtSparse; 15ms in CalculateScore(PerplexityScore); 15ms in CalculateScore(SparsityThetaScore); ]
I0904 13:10:55.218075  9676 processor.cc:746] Processor: start processing batch 506a45f2-66ba-4b4f-bbae-f4bf5f4b1f7c into model nwt
I0904 13:10:55.240217  9676 processor.cc:842] Processor: complete processing batch 506a45f2-66ba-4b4f-bbae-f4bf5f4b1f7c into model nwt
I0904 13:10:55.240217  9676 cuckoo_watch.h:44] 37ms in ProcessBatch(D:\Coursera\Notebooks\education notebooks\thematic modeling\school_batches\aaaaae.batch) [including 0ms in LoadMessage; 2ms in InitializeSparseNdw; 4ms in InferThetaAndUpdateNwtSparse; 15ms in CalculateScore(PerplexityScore); 0ms in CalculateScore(SparsityThetaScore); ]
I0904 13:10:55.255844   796 master_component.cc:991] NormalizeModelArgs: pwt_target_name=pwt, nwt_source_name=nwt, rwt_source_name=
I0904 13:10:55.255844   796 master_component.cc:617] MasterComponent: start normalizing model nwt
I0904 13:10:55.287094   796 master_component.cc:639] MasterComponent: complete normalizing model nwt
I0904 13:10:55.340492   796 master_component.cc:1015] DisposeModel rwt
I0904 13:10:55.340492   796 c_interface.cc:332] Pass FitOfflineMasterModelArgs, batch_filename_size=5, batch_weight_size=5, num_collection_passes=1 to void (__thiscall artm::core::MasterComponent::*)(class artm::FitOfflineMasterModelArgs const &)
I0904 13:10:55.340492   796 master_component.cc:942] ProcessBatchesArgs: nwt_target_name=nwt, batch_filename_size=5, batch_size=0, batch_weight_size=5, pwt_source_name=pwt, num_document_passes=1, class=(text:1), reuse_theta=yes, opt_for_avx=yes, predict_class_id=
I0904 13:10:55.387382  9676 processor.cc:746] Processor: start processing batch 93186bab-8a74-4bc6-8255-ec7c39be4a9b into model nwt
I0904 13:10:55.387382  3808 processor.cc:746] Processor: start processing batch 8b069d34-9f20-4d0d-a163-bdb90c30a142 into model nwt
I0904 13:10:55.387382 10996 processor.cc:746] Processor: start processing batch 937ec9d9-3d7a-4971-a9f1-ee4b2c117e76 into model nwt
I0904 13:10:55.387382  6748 processor.cc:746] Processor: start processing batch 6e166427-4b9c-4044-9c5e-bf0bd5721cca into model nwt
I0904 13:10:55.456346  3808 processor.cc:842] Processor: complete processing batch 8b069d34-9f20-4d0d-a163-bdb90c30a142 into model nwt
I0904 13:10:55.456346  6748 processor.cc:842] Processor: complete processing batch 6e166427-4b9c-4044-9c5e-bf0bd5721cca into model nwt
I0904 13:10:55.456346  9676 processor.cc:842] Processor: complete processing batch 93186bab-8a74-4bc6-8255-ec7c39be4a9b into model nwt
I0904 13:10:55.456346 10996 processor.cc:842] Processor: complete processing batch 937ec9d9-3d7a-4971-a9f1-ee4b2c117e76 into model nwt
I0904 13:10:55.456346  3808 cuckoo_watch.h:44] 68ms in ProcessBatch(D:\Coursera\Notebooks\education notebooks\thematic modeling\school_batches\aaaaaa.batch) [including 0ms in LoadMessage; 0ms in InitializeSparseNdw; 36ms in InferThetaAndUpdateNwtSparse; 16ms in CalculateScore(PerplexityScore); 15ms in CalculateScore(SparsityThetaScore); ]
I0904 13:10:55.456346  9676 cuckoo_watch.h:44] 68ms in ProcessBatch(D:\Coursera\Notebooks\education notebooks\thematic modeling\school_batches\aaaaab.batch) [including 0ms in LoadMessage; 0ms in InitializeSparseNdw; 37ms in InferThetaAndUpdateNwtSparse; 16ms in CalculateScore(PerplexityScore); 15ms in CalculateScore(SparsityThetaScore); ]
I0904 13:10:55.456346  6748 cuckoo_watch.h:44] 68ms in ProcessBatch(D:\Coursera\Notebooks\education notebooks\thematic modeling\school_batches\aaaaac.batch) [including 0ms in LoadMessage; 0ms in InitializeSparseNdw; 37ms in InferThetaAndUpdateNwtSparse; 16ms in CalculateScore(PerplexityScore); 15ms in CalculateScore(SparsityThetaScore); ]
I0904 13:10:55.456346 10996 cuckoo_watch.h:44] 68ms in ProcessBatch(D:\Coursera\Notebooks\education notebooks\thematic modeling\school_batches\aaaaad.batch) [including 0ms in LoadMessage; 0ms in InitializeSparseNdw; 36ms in InferThetaAndUpdateNwtSparse; 16ms in CalculateScore(PerplexityScore); 15ms in CalculateScore(SparsityThetaScore); ]
I0904 13:10:55.456346  3808 processor.cc:746] Processor: start processing batch 506a45f2-66ba-4b4f-bbae-f4bf5f4b1f7c into model nwt
I0904 13:10:55.503224  3808 processor.cc:842] Processor: complete processing batch 506a45f2-66ba-4b4f-bbae-f4bf5f4b1f7c into model nwt
I0904 13:10:55.503224  3808 cuckoo_watch.h:44] 46ms in ProcessBatch(D:\Coursera\Notebooks\education notebooks\thematic modeling\school_batches\aaaaae.batch) [including 0ms in LoadMessage; 15ms in InitializeSparseNdw; 0ms in InferThetaAndUpdateNwtSparse; 15ms in CalculateScore(PerplexityScore); 15ms in CalculateScore(SparsityThetaScore); ]
I0904 13:10:55.518851   796 master_component.cc:991] NormalizeModelArgs: pwt_target_name=pwt, nwt_source_name=nwt, rwt_source_name=
I0904 13:10:55.518851   796 master_component.cc:617] MasterComponent: start normalizing model nwt
I0904 13:10:55.540992   796 master_component.cc:639] MasterComponent: complete normalizing model nwt
I0904 13:10:55.603497   796 master_component.cc:1015] DisposeModel rwt
I0904 13:10:55.603497   796 c_interface.cc:332] Pass FitOfflineMasterModelArgs, batch_filename_size=5, batch_weight_size=5, num_collection_passes=1 to void (__thiscall artm::core::MasterComponent::*)(class artm::FitOfflineMasterModelArgs const &)
I0904 13:10:55.603497   796 master_component.cc:942] ProcessBatchesArgs: nwt_target_name=nwt, batch_filename_size=5, batch_size=0, batch_weight_size=5, pwt_source_name=pwt, num_document_passes=1, class=(text:1), reuse_theta=yes, opt_for_avx=yes, predict_class_id=
I0904 13:10:55.656908  6748 processor.cc:746] Processor: start processing batch 6e166427-4b9c-4044-9c5e-bf0bd5721cca into model nwt
I0904 13:10:55.656908 10996 processor.cc:746] Processor: start processing batch 93186bab-8a74-4bc6-8255-ec7c39be4a9b into model nwt
I0904 13:10:55.656908  9676 processor.cc:746] Processor: start processing batch 8b069d34-9f20-4d0d-a163-bdb90c30a142 into model nwt
I0904 13:10:55.656908  3808 processor.cc:746] Processor: start processing batch 937ec9d9-3d7a-4971-a9f1-ee4b2c117e76 into model nwt
I0904 13:10:55.725909  9676 processor.cc:842] Processor: complete processing batch 8b069d34-9f20-4d0d-a163-bdb90c30a142 into model nwt
I0904 13:10:55.725909 10996 processor.cc:842] Processor: complete processing batch 93186bab-8a74-4bc6-8255-ec7c39be4a9b into model nwt
I0904 13:10:55.725909  3808 processor.cc:842] Processor: complete processing batch 937ec9d9-3d7a-4971-a9f1-ee4b2c117e76 into model nwt
I0904 13:10:55.725909  6748 processor.cc:842] Processor: complete processing batch 6e166427-4b9c-4044-9c5e-bf0bd5721cca into model nwt
I0904 13:10:55.725909  9676 cuckoo_watch.h:44] 69ms in ProcessBatch(D:\Coursera\Notebooks\education notebooks\thematic modeling\school_batches\aaaaaa.batch) [including 0ms in LoadMessage; 0ms in InitializeSparseNdw; 31ms in InferThetaAndUpdateNwtSparse; 31ms in CalculateScore(PerplexityScore); 6ms in CalculateScore(SparsityThetaScore); ]
I0904 13:10:55.725909 10996 cuckoo_watch.h:44] 69ms in ProcessBatch(D:\Coursera\Notebooks\education notebooks\thematic modeling\school_batches\aaaaab.batch) [including 0ms in LoadMessage; 0ms in InitializeSparseNdw; 31ms in InferThetaAndUpdateNwtSparse; 32ms in CalculateScore(PerplexityScore); 5ms in CalculateScore(SparsityThetaScore); ]
I0904 13:10:55.725909  6748 cuckoo_watch.h:44] 69ms in ProcessBatch(D:\Coursera\Notebooks\education notebooks\thematic modeling\school_batches\aaaaac.batch) [including 0ms in LoadMessage; 0ms in InitializeSparseNdw; 31ms in InferThetaAndUpdateNwtSparse; 34ms in CalculateScore(PerplexityScore); 3ms in CalculateScore(SparsityThetaScore); ]
I0904 13:10:55.725909  3808 cuckoo_watch.h:44] 69ms in ProcessBatch(D:\Coursera\Notebooks\education notebooks\thematic modeling\school_batches\aaaaad.batch) [including 0ms in LoadMessage; 0ms in InitializeSparseNdw; 31ms in InferThetaAndUpdateNwtSparse; 33ms in CalculateScore(PerplexityScore); 4ms in CalculateScore(SparsityThetaScore); ]
I0904 13:10:55.725909  9676 processor.cc:746] Processor: start processing batch 506a45f2-66ba-4b4f-bbae-f4bf5f4b1f7c into model nwt
I0904 13:10:55.772791  9676 processor.cc:842] Processor: complete processing batch 506a45f2-66ba-4b4f-bbae-f4bf5f4b1f7c into model nwt
I0904 13:10:55.772791  9676 cuckoo_watch.h:44] 46ms in ProcessBatch(D:\Coursera\Notebooks\education notebooks\thematic modeling\school_batches\aaaaae.batch) [including 0ms in LoadMessage; 15ms in InitializeSparseNdw; 0ms in InferThetaAndUpdateNwtSparse; 15ms in CalculateScore(PerplexityScore); 15ms in CalculateScore(SparsityThetaScore); ]
I0904 13:10:55.788434   796 master_component.cc:991] NormalizeModelArgs: pwt_target_name=pwt, nwt_source_name=nwt, rwt_source_name=
I0904 13:10:55.788434   796 master_component.cc:617] MasterComponent: start normalizing model nwt
I0904 13:10:55.824185   796 master_component.cc:639] MasterComponent: complete normalizing model nwt
I0904 13:10:55.872869   796 master_component.cc:1015] DisposeModel rwt
I0904 13:10:55.872869   796 c_interface.cc:332] Pass FitOfflineMasterModelArgs, batch_filename_size=5, batch_weight_size=5, num_collection_passes=1 to void (__thiscall artm::core::MasterComponent::*)(class artm::FitOfflineMasterModelArgs const &)
I0904 13:10:55.872869   796 master_component.cc:942] ProcessBatchesArgs: nwt_target_name=nwt, batch_filename_size=5, batch_size=0, batch_weight_size=5, pwt_source_name=pwt, num_document_passes=1, class=(text:1), reuse_theta=yes, opt_for_avx=yes, predict_class_id=
I0904 13:10:55.926259  6748 processor.cc:746] Processor: start processing batch 8b069d34-9f20-4d0d-a163-bdb90c30a142 into model nwt
I0904 13:10:55.926259  3808 processor.cc:746] Processor: start processing batch 6e166427-4b9c-4044-9c5e-bf0bd5721cca into model nwt
I0904 13:10:55.926259 10996 processor.cc:746] Processor: start processing batch 93186bab-8a74-4bc6-8255-ec7c39be4a9b into model nwt
I0904 13:10:55.926259  9676 processor.cc:746] Processor: start processing batch 937ec9d9-3d7a-4971-a9f1-ee4b2c117e76 into model nwt
I0904 13:10:55.996981  6748 processor.cc:842] Processor: complete processing batch 8b069d34-9f20-4d0d-a163-bdb90c30a142 into model nwt
I0904 13:10:55.997982  9676 processor.cc:842] Processor: complete processing batch 937ec9d9-3d7a-4971-a9f1-ee4b2c117e76 into model nwt
I0904 13:10:55.998982  6748 cuckoo_watch.h:44] 79ms in ProcessBatch(D:\Coursera\Notebooks\education notebooks\thematic modeling\school_batches\aaaaaa.batch) [including 6ms in LoadMessage; 0ms in InitializeSparseNdw; 15ms in InferThetaAndUpdateNwtSparse; 43ms in CalculateScore(PerplexityScore); 12ms in CalculateScore(SparsityThetaScore); ]
I0904 13:10:55.998982 10996 processor.cc:842] Processor: complete processing batch 93186bab-8a74-4bc6-8255-ec7c39be4a9b into model nwt
I0904 13:10:56.000984 10996 cuckoo_watch.h:44] 81ms in ProcessBatch(D:\Coursera\Notebooks\education notebooks\thematic modeling\school_batches\aaaaab.batch) [including 6ms in LoadMessage; 0ms in InitializeSparseNdw; 33ms in InferThetaAndUpdateNwtSparse; 28ms in CalculateScore(PerplexityScore); 11ms in CalculateScore(SparsityThetaScore); ]
I0904 13:10:56.001986  9676 cuckoo_watch.h:44] 82ms in ProcessBatch(D:\Coursera\Notebooks\education notebooks\thematic modeling\school_batches\aaaaad.batch) [including 6ms in LoadMessage; 0ms in InitializeSparseNdw; 30ms in InferThetaAndUpdateNwtSparse; 30ms in CalculateScore(PerplexityScore); 11ms in CalculateScore(SparsityThetaScore); ]
I0904 13:10:56.002986  3808 processor.cc:842] Processor: complete processing batch 6e166427-4b9c-4044-9c5e-bf0bd5721cca into model nwt
I0904 13:10:56.004987  3808 cuckoo_watch.h:44] 85ms in ProcessBatch(D:\Coursera\Notebooks\education notebooks\thematic modeling\school_batches\aaaaac.batch) [including 6ms in LoadMessage; 0ms in InitializeSparseNdw; 31ms in InferThetaAndUpdateNwtSparse; 31ms in CalculateScore(PerplexityScore); 14ms in CalculateScore(SparsityThetaScore); ]
I0904 13:10:56.006989  6748 processor.cc:746] Processor: start processing batch 506a45f2-66ba-4b4f-bbae-f4bf5f4b1f7c into model nwt
I0904 13:10:56.021001 10996 processor.cc:662] No data in processing queue, waiting...
I0904 13:10:56.022001  9676 processor.cc:662] No data in processing queue, waiting...
I0904 13:10:56.025003  3808 processor.cc:662] No data in processing queue, waiting...
I0904 13:10:56.045521  6748 processor.cc:842] Processor: complete processing batch 506a45f2-66ba-4b4f-bbae-f4bf5f4b1f7c into model nwt
I0904 13:10:56.047523  6748 cuckoo_watch.h:44] 48ms in ProcessBatch(D:\Coursera\Notebooks\education notebooks\thematic modeling\school_batches\aaaaae.batch) [including 7ms in LoadMessage; 1ms in InitializeSparseNdw; 16ms in InferThetaAndUpdateNwtSparse; 15ms in CalculateScore(PerplexityScore); 5ms in CalculateScore(SparsityThetaScore); ]
I0904 13:10:56.049523   796 master_component.cc:991] NormalizeModelArgs: pwt_target_name=pwt, nwt_source_name=nwt, rwt_source_name=
I0904 13:10:56.049523   796 master_component.cc:617] MasterComponent: start normalizing model nwt
I0904 13:10:56.068536  6748 processor.cc:662] No data in processing queue, waiting...
I0904 13:10:56.085547   796 master_component.cc:639] MasterComponent: complete normalizing model nwt
I0904 13:10:56.142372   796 master_component.cc:1015] DisposeModel rwt
I0904 13:10:56.142372   796 c_interface.cc:332] Pass FitOfflineMasterModelArgs, batch_filename_size=5, batch_weight_size=5, num_collection_passes=1 to void (__thiscall artm::core::MasterComponent::*)(class artm::FitOfflineMasterModelArgs const &)
I0904 13:10:56.142372   796 master_component.cc:942] ProcessBatchesArgs: nwt_target_name=nwt, batch_filename_size=5, batch_size=0, batch_weight_size=5, pwt_source_name=pwt, num_document_passes=1, class=(text:1), reuse_theta=yes, opt_for_avx=yes, predict_class_id=
I0904 13:10:56.189251 10996 processor.cc:669] Processing queue has data, processing started
I0904 13:10:56.189251  3808 processor.cc:669] Processing queue has data, processing started
I0904 13:10:56.189251  9676 processor.cc:669] Processing queue has data, processing started
I0904 13:10:56.189251  6748 processor.cc:669] Processing queue has data, processing started
I0904 13:10:56.189251  9676 processor.cc:746] Processor: start processing batch 6e166427-4b9c-4044-9c5e-bf0bd5721cca into model nwt
I0904 13:10:56.189251  6748 processor.cc:746] Processor: start processing batch 937ec9d9-3d7a-4971-a9f1-ee4b2c117e76 into model nwt
I0904 13:10:56.189251 10996 processor.cc:746] Processor: start processing batch 8b069d34-9f20-4d0d-a163-bdb90c30a142 into model nwt
I0904 13:10:56.189251  3808 processor.cc:746] Processor: start processing batch 93186bab-8a74-4bc6-8255-ec7c39be4a9b into model nwt
I0904 13:10:56.258267 10996 processor.cc:842] Processor: complete processing batch 8b069d34-9f20-4d0d-a163-bdb90c30a142 into model nwt
I0904 13:10:56.258267  3808 processor.cc:842] Processor: complete processing batch 93186bab-8a74-4bc6-8255-ec7c39be4a9b into model nwt
I0904 13:10:56.258267  9676 processor.cc:842] Processor: complete processing batch 6e166427-4b9c-4044-9c5e-bf0bd5721cca into model nwt
I0904 13:10:56.258267  6748 processor.cc:842] Processor: complete processing batch 937ec9d9-3d7a-4971-a9f1-ee4b2c117e76 into model nwt
I0904 13:10:56.258267 10996 cuckoo_watch.h:44] 69ms in ProcessBatch(D:\Coursera\Notebooks\education notebooks\thematic modeling\school_batches\aaaaaa.batch) [including 0ms in LoadMessage; 0ms in InitializeSparseNdw; 36ms in InferThetaAndUpdateNwtSparse; 16ms in CalculateScore(PerplexityScore); 15ms in CalculateScore(SparsityThetaScore); ]
I0904 13:10:56.258267  3808 cuckoo_watch.h:44] 69ms in ProcessBatch(D:\Coursera\Notebooks\education notebooks\thematic modeling\school_batches\aaaaab.batch) [including 0ms in LoadMessage; 0ms in InitializeSparseNdw; 37ms in InferThetaAndUpdateNwtSparse; 16ms in CalculateScore(PerplexityScore); 15ms in CalculateScore(SparsityThetaScore); ]
I0904 13:10:56.258267  6748 cuckoo_watch.h:44] 69ms in ProcessBatch(D:\Coursera\Notebooks\education notebooks\thematic modeling\school_batches\aaaaad.batch) [including 0ms in LoadMessage; 0ms in InitializeSparseNdw; 37ms in InferThetaAndUpdateNwtSparse; 15ms in CalculateScore(PerplexityScore); 15ms in CalculateScore(SparsityThetaScore); ]
I0904 13:10:56.258267  9676 cuckoo_watch.h:44] 69ms in ProcessBatch(D:\Coursera\Notebooks\education notebooks\thematic modeling\school_batches\aaaaac.batch) [including 0ms in LoadMessage; 0ms in InitializeSparseNdw; 37ms in InferThetaAndUpdateNwtSparse; 15ms in CalculateScore(PerplexityScore); 15ms in CalculateScore(SparsityThetaScore); ]
I0904 13:10:56.258267 10996 processor.cc:746] Processor: start processing batch 506a45f2-66ba-4b4f-bbae-f4bf5f4b1f7c into model nwt
I0904 13:10:56.305145 10996 processor.cc:842] Processor: complete processing batch 506a45f2-66ba-4b4f-bbae-f4bf5f4b1f7c into model nwt
I0904 13:10:56.305145 10996 cuckoo_watch.h:44] 46ms in ProcessBatch(D:\Coursera\Notebooks\education notebooks\thematic modeling\school_batches\aaaaae.batch) [including 0ms in LoadMessage; 0ms in InitializeSparseNdw; 15ms in InferThetaAndUpdateNwtSparse; 15ms in CalculateScore(PerplexityScore); 15ms in CalculateScore(SparsityThetaScore); ]
I0904 13:10:56.320771   796 master_component.cc:991] NormalizeModelArgs: pwt_target_name=pwt, nwt_source_name=nwt, rwt_source_name=
I0904 13:10:56.320771   796 master_component.cc:617] MasterComponent: start normalizing model nwt
I0904 13:10:56.342916   796 master_component.cc:639] MasterComponent: complete normalizing model nwt
I0904 13:10:56.405418   796 master_component.cc:1015] DisposeModel rwt
I0904 13:10:56.405418   796 c_interface.cc:332] Pass FitOfflineMasterModelArgs, batch_filename_size=5, batch_weight_size=5, num_collection_passes=1 to void (__thiscall artm::core::MasterComponent::*)(class artm::FitOfflineMasterModelArgs const &)
I0904 13:10:56.405418   796 master_component.cc:942] ProcessBatchesArgs: nwt_target_name=nwt, batch_filename_size=5, batch_size=0, batch_weight_size=5, pwt_source_name=pwt, num_document_passes=1, class=(text:1), reuse_theta=yes, opt_for_avx=yes, predict_class_id=
I0904 13:10:56.460820  9676 processor.cc:746] Processor: start processing batch 6e166427-4b9c-4044-9c5e-bf0bd5721cca into model nwt
I0904 13:10:56.460820  6748 processor.cc:746] Processor: start processing batch 93186bab-8a74-4bc6-8255-ec7c39be4a9b into model nwt
I0904 13:10:56.461822 10996 processor.cc:746] Processor: start processing batch 937ec9d9-3d7a-4971-a9f1-ee4b2c117e76 into model nwt
I0904 13:10:56.462823  3808 processor.cc:746] Processor: start processing batch 8b069d34-9f20-4d0d-a163-bdb90c30a142 into model nwt
I0904 13:10:56.526868  6748 processor.cc:842] Processor: complete processing batch 93186bab-8a74-4bc6-8255-ec7c39be4a9b into model nwt
I0904 13:10:56.527369  9676 processor.cc:842] Processor: complete processing batch 6e166427-4b9c-4044-9c5e-bf0bd5721cca into model nwt
I0904 13:10:56.527369  3808 processor.cc:842] Processor: complete processing batch 8b069d34-9f20-4d0d-a163-bdb90c30a142 into model nwt
I0904 13:10:56.527369  6748 cuckoo_watch.h:44] 74ms in ProcessBatch(D:\Coursera\Notebooks\education notebooks\thematic modeling\school_batches\aaaaab.batch) [including 7ms in LoadMessage; 4ms in InitializeSparseNdw; 25ms in InferThetaAndUpdateNwtSparse; 26ms in CalculateScore(PerplexityScore); 10ms in CalculateScore(SparsityThetaScore); ]
I0904 13:10:56.527369  9676 cuckoo_watch.h:44] 74ms in ProcessBatch(D:\Coursera\Notebooks\education notebooks\thematic modeling\school_batches\aaaaac.batch) [including 7ms in LoadMessage; 4ms in InitializeSparseNdw; 25ms in InferThetaAndUpdateNwtSparse; 27ms in CalculateScore(PerplexityScore); 10ms in CalculateScore(SparsityThetaScore); ]
I0904 13:10:56.527369  3808 cuckoo_watch.h:44] 74ms in ProcessBatch(D:\Coursera\Notebooks\education notebooks\thematic modeling\school_batches\aaaaaa.batch) [including 9ms in LoadMessage; 4ms in InitializeSparseNdw; 25ms in InferThetaAndUpdateNwtSparse; 26ms in CalculateScore(PerplexityScore); 9ms in CalculateScore(SparsityThetaScore); ]
I0904 13:10:56.527369 10996 processor.cc:842] Processor: complete processing batch 937ec9d9-3d7a-4971-a9f1-ee4b2c117e76 into model nwt
I0904 13:10:56.527369 10996 cuckoo_watch.h:44] 74ms in ProcessBatch(D:\Coursera\Notebooks\education notebooks\thematic modeling\school_batches\aaaaad.batch) [including 8ms in LoadMessage; 4ms in InitializeSparseNdw; 28ms in InferThetaAndUpdateNwtSparse; 27ms in CalculateScore(PerplexityScore); 6ms in CalculateScore(SparsityThetaScore); ]
I0904 13:10:56.527369  6748 processor.cc:746] Processor: start processing batch 506a45f2-66ba-4b4f-bbae-f4bf5f4b1f7c into model nwt
I0904 13:10:56.558626  6748 processor.cc:842] Processor: complete processing batch 506a45f2-66ba-4b4f-bbae-f4bf5f4b1f7c into model nwt
I0904 13:10:56.574252  6748 cuckoo_watch.h:44] 46ms in ProcessBatch(D:\Coursera\Notebooks\education notebooks\thematic modeling\school_batches\aaaaae.batch) [including 0ms in LoadMessage; 0ms in InitializeSparseNdw; 15ms in InferThetaAndUpdateNwtSparse; 15ms in CalculateScore(PerplexityScore); 0ms in CalculateScore(SparsityThetaScore); ]
I0904 13:10:56.589877   796 master_component.cc:991] NormalizeModelArgs: pwt_target_name=pwt, nwt_source_name=nwt, rwt_source_name=
I0904 13:10:56.589877   796 master_component.cc:617] MasterComponent: start normalizing model nwt
I0904 13:10:56.624644   796 master_component.cc:639] MasterComponent: complete normalizing model nwt
I0904 13:10:56.674530   796 master_component.cc:1015] DisposeModel rwt
I0904 13:10:56.674530   796 c_interface.cc:332] Pass FitOfflineMasterModelArgs, batch_filename_size=5, batch_weight_size=5, num_collection_passes=1 to void (__thiscall artm::core::MasterComponent::*)(class artm::FitOfflineMasterModelArgs const &)
I0904 13:10:56.674530   796 master_component.cc:942] ProcessBatchesArgs: nwt_target_name=nwt, batch_filename_size=5, batch_size=0, batch_weight_size=5, pwt_source_name=pwt, num_document_passes=1, class=(text:1), reuse_theta=yes, opt_for_avx=yes, predict_class_id=
I0904 13:10:56.727941  3808 processor.cc:746] Processor: start processing batch 937ec9d9-3d7a-4971-a9f1-ee4b2c117e76 into model nwt
I0904 13:10:56.727941  9676 processor.cc:746] Processor: start processing batch 8b069d34-9f20-4d0d-a163-bdb90c30a142 into model nwt
I0904 13:10:56.727941 10996 processor.cc:746] Processor: start processing batch 6e166427-4b9c-4044-9c5e-bf0bd5721cca into model nwt
I0904 13:10:56.727941  6748 processor.cc:746] Processor: start processing batch 93186bab-8a74-4bc6-8255-ec7c39be4a9b into model nwt
I0904 13:10:56.796285  9676 processor.cc:842] Processor: complete processing batch 8b069d34-9f20-4d0d-a163-bdb90c30a142 into model nwt
I0904 13:10:56.796285  3808 processor.cc:842] Processor: complete processing batch 937ec9d9-3d7a-4971-a9f1-ee4b2c117e76 into model nwt
I0904 13:10:56.797286  6748 processor.cc:842] Processor: complete processing batch 93186bab-8a74-4bc6-8255-ec7c39be4a9b into model nwt
I0904 13:10:56.798286 10996 processor.cc:842] Processor: complete processing batch 6e166427-4b9c-4044-9c5e-bf0bd5721cca into model nwt
I0904 13:10:56.799288  9676 cuckoo_watch.h:44] 77ms in ProcessBatch(D:\Coursera\Notebooks\education notebooks\thematic modeling\school_batches\aaaaaa.batch) [including 6ms in LoadMessage; 0ms in InitializeSparseNdw; 15ms in InferThetaAndUpdateNwtSparse; 39ms in CalculateScore(PerplexityScore); 13ms in CalculateScore(SparsityThetaScore); ]
I0904 13:10:56.799288  3808 cuckoo_watch.h:44] 77ms in ProcessBatch(D:\Coursera\Notebooks\education notebooks\thematic modeling\school_batches\aaaaad.batch) [including 6ms in LoadMessage; 0ms in InitializeSparseNdw; 15ms in InferThetaAndUpdateNwtSparse; 42ms in CalculateScore(PerplexityScore); 10ms in CalculateScore(SparsityThetaScore); ]
I0904 13:10:56.799288  6748 cuckoo_watch.h:44] 77ms in ProcessBatch(D:\Coursera\Notebooks\education notebooks\thematic modeling\school_batches\aaaaab.batch) [including 6ms in LoadMessage; 0ms in InitializeSparseNdw; 15ms in InferThetaAndUpdateNwtSparse; 42ms in CalculateScore(PerplexityScore); 11ms in CalculateScore(SparsityThetaScore); ]
I0904 13:10:56.800292 10996 cuckoo_watch.h:44] 78ms in ProcessBatch(D:\Coursera\Notebooks\education notebooks\thematic modeling\school_batches\aaaaac.batch) [including 6ms in LoadMessage; 0ms in InitializeSparseNdw; 15ms in InferThetaAndUpdateNwtSparse; 42ms in CalculateScore(PerplexityScore); 12ms in CalculateScore(SparsityThetaScore); ]
I0904 13:10:56.800654  9676 processor.cc:746] Processor: start processing batch 506a45f2-66ba-4b4f-bbae-f4bf5f4b1f7c into model nwt
I0904 13:10:56.827792  9676 processor.cc:842] Processor: complete processing batch 506a45f2-66ba-4b4f-bbae-f4bf5f4b1f7c into model nwt
I0904 13:10:56.827792  9676 cuckoo_watch.h:44] 28ms in ProcessBatch(D:\Coursera\Notebooks\education notebooks\thematic modeling\school_batches\aaaaae.batch) [including 1ms in LoadMessage; 0ms in InitializeSparseNdw; 20ms in InferThetaAndUpdateNwtSparse; 7ms in CalculateScore(PerplexityScore); 0ms in CalculateScore(SparsityThetaScore); ]
I0904 13:10:56.843426   796 master_component.cc:991] NormalizeModelArgs: pwt_target_name=pwt, nwt_source_name=nwt, rwt_source_name=
I0904 13:10:56.843426   796 master_component.cc:617] MasterComponent: start normalizing model nwt
I0904 13:10:56.876803  3808 processor.cc:662] No data in processing queue, waiting...
I0904 13:10:56.876803  6748 processor.cc:662] No data in processing queue, waiting...
I0904 13:10:56.878804 10996 processor.cc:662] No data in processing queue, waiting...
I0904 13:10:56.879806  9676 processor.cc:662] No data in processing queue, waiting...
I0904 13:10:56.879806   796 master_component.cc:639] MasterComponent: complete normalizing model nwt
I0904 13:10:56.941854   796 master_component.cc:1015] DisposeModel rwt
I0904 13:10:56.941854   796 c_interface.cc:332] Pass FitOfflineMasterModelArgs, batch_filename_size=5, batch_weight_size=5, num_collection_passes=1 to void (__thiscall artm::core::MasterComponent::*)(class artm::FitOfflineMasterModelArgs const &)
I0904 13:10:56.941854   796 master_component.cc:942] ProcessBatchesArgs: nwt_target_name=nwt, batch_filename_size=5, batch_size=0, batch_weight_size=5, pwt_source_name=pwt, num_document_passes=1, class=(text:1), reuse_theta=yes, opt_for_avx=yes, predict_class_id=
I0904 13:10:56.974879  9676 processor.cc:669] Processing queue has data, processing started
I0904 13:10:56.974879  3808 processor.cc:669] Processing queue has data, processing started
I0904 13:10:56.974879  6748 processor.cc:669] Processing queue has data, processing started
I0904 13:10:56.974879 10996 processor.cc:669] Processing queue has data, processing started
I0904 13:10:56.982882  6748 processor.cc:746] Processor: start processing batch 937ec9d9-3d7a-4971-a9f1-ee4b2c117e76 into model nwt
I0904 13:10:56.982882 10996 processor.cc:746] Processor: start processing batch 6e166427-4b9c-4044-9c5e-bf0bd5721cca into model nwt
I0904 13:10:56.983882  9676 processor.cc:746] Processor: start processing batch 93186bab-8a74-4bc6-8255-ec7c39be4a9b into model nwt
I0904 13:10:56.984882  3808 processor.cc:746] Processor: start processing batch 8b069d34-9f20-4d0d-a163-bdb90c30a142 into model nwt
I0904 13:10:57.047606  6748 processor.cc:842] Processor: complete processing batch 937ec9d9-3d7a-4971-a9f1-ee4b2c117e76 into model nwt
I0904 13:10:57.047606 10996 processor.cc:842] Processor: complete processing batch 6e166427-4b9c-4044-9c5e-bf0bd5721cca into model nwt
I0904 13:10:57.047606  3808 processor.cc:842] Processor: complete processing batch 8b069d34-9f20-4d0d-a163-bdb90c30a142 into model nwt
I0904 13:10:57.047606  9676 processor.cc:842] Processor: complete processing batch 93186bab-8a74-4bc6-8255-ec7c39be4a9b into model nwt
I0904 13:10:57.047606 10996 cuckoo_watch.h:44] 72ms in ProcessBatch(D:\Coursera\Notebooks\education notebooks\thematic modeling\school_batches\aaaaac.batch) [including 7ms in LoadMessage; 4ms in InitializeSparseNdw; 25ms in InferThetaAndUpdateNwtSparse; 20ms in CalculateScore(PerplexityScore); 15ms in CalculateScore(SparsityThetaScore); ]
I0904 13:10:57.047606  6748 cuckoo_watch.h:44] 72ms in ProcessBatch(D:\Coursera\Notebooks\education notebooks\thematic modeling\school_batches\aaaaad.batch) [including 7ms in LoadMessage; 4ms in InitializeSparseNdw; 25ms in InferThetaAndUpdateNwtSparse; 20ms in CalculateScore(PerplexityScore); 15ms in CalculateScore(SparsityThetaScore); ]
I0904 13:10:57.047606  3808 cuckoo_watch.h:44] 72ms in ProcessBatch(D:\Coursera\Notebooks\education notebooks\thematic modeling\school_batches\aaaaaa.batch) [including 7ms in LoadMessage; 3ms in InitializeSparseNdw; 26ms in InferThetaAndUpdateNwtSparse; 18ms in CalculateScore(PerplexityScore); 15ms in CalculateScore(SparsityThetaScore); ]
I0904 13:10:57.047606  9676 cuckoo_watch.h:44] 72ms in ProcessBatch(D:\Coursera\Notebooks\education notebooks\thematic modeling\school_batches\aaaaab.batch) [including 7ms in LoadMessage; 4ms in InitializeSparseNdw; 26ms in InferThetaAndUpdateNwtSparse; 18ms in CalculateScore(PerplexityScore); 15ms in CalculateScore(SparsityThetaScore); ]
I0904 13:10:57.047606 10996 processor.cc:746] Processor: start processing batch 506a45f2-66ba-4b4f-bbae-f4bf5f4b1f7c into model nwt
I0904 13:10:57.094482 10996 processor.cc:842] Processor: complete processing batch 506a45f2-66ba-4b4f-bbae-f4bf5f4b1f7c into model nwt
I0904 13:10:57.094482 10996 cuckoo_watch.h:44] 46ms in ProcessBatch(D:\Coursera\Notebooks\education notebooks\thematic modeling\school_batches\aaaaae.batch) [including 0ms in LoadMessage; 0ms in InitializeSparseNdw; 15ms in InferThetaAndUpdateNwtSparse; 15ms in CalculateScore(PerplexityScore); 15ms in CalculateScore(SparsityThetaScore); ]
I0904 13:10:57.110110   796 master_component.cc:991] NormalizeModelArgs: pwt_target_name=pwt, nwt_source_name=nwt, rwt_source_name=
I0904 13:10:57.110110   796 master_component.cc:617] MasterComponent: start normalizing model nwt
I0904 13:10:57.143370   796 master_component.cc:639] MasterComponent: complete normalizing model nwt
I0904 13:10:57.190248   796 master_component.cc:1015] DisposeModel rwt
I0904 13:10:57.190248   796 c_interface.cc:332] Pass FitOfflineMasterModelArgs, batch_filename_size=5, batch_weight_size=5, num_collection_passes=1 to void (__thiscall artm::core::MasterComponent::*)(class artm::FitOfflineMasterModelArgs const &)
I0904 13:10:57.190248   796 master_component.cc:942] ProcessBatchesArgs: nwt_target_name=nwt, batch_filename_size=5, batch_size=0, batch_weight_size=5, pwt_source_name=pwt, num_document_passes=1, class=(text:1), reuse_theta=yes, opt_for_avx=yes, predict_class_id=
I0904 13:10:57.230020  6748 processor.cc:662] No data in processing queue, waiting...
I0904 13:10:57.230020  3808 processor.cc:662] No data in processing queue, waiting...
I0904 13:10:57.230020  9676 processor.cc:662] No data in processing queue, waiting...
I0904 13:10:57.234021  6748 processor.cc:669] Processing queue has data, processing started
I0904 13:10:57.234021  9676 processor.cc:669] Processing queue has data, processing started
I0904 13:10:57.236021  3808 processor.cc:669] Processing queue has data, processing started
I0904 13:10:57.241025  6748 processor.cc:746] Processor: start processing batch 8b069d34-9f20-4d0d-a163-bdb90c30a142 into model nwt
I0904 13:10:57.242027 10996 processor.cc:746] Processor: start processing batch 93186bab-8a74-4bc6-8255-ec7c39be4a9b into model nwt
I0904 13:10:57.242027  9676 processor.cc:746] Processor: start processing batch 6e166427-4b9c-4044-9c5e-bf0bd5721cca into model nwt
I0904 13:10:57.244027  3808 processor.cc:746] Processor: start processing batch 937ec9d9-3d7a-4971-a9f1-ee4b2c117e76 into model nwt
I0904 13:10:57.308069 10996 processor.cc:842] Processor: complete processing batch 93186bab-8a74-4bc6-8255-ec7c39be4a9b into model nwt
I0904 13:10:57.309070 10996 cuckoo_watch.h:44] 75ms in ProcessBatch(D:\Coursera\Notebooks\education notebooks\thematic modeling\school_batches\aaaaab.batch) [including 7ms in LoadMessage; 4ms in InitializeSparseNdw; 25ms in InferThetaAndUpdateNwtSparse; 27ms in CalculateScore(PerplexityScore); 10ms in CalculateScore(SparsityThetaScore); ]
I0904 13:10:57.310071  3808 processor.cc:842] Processor: complete processing batch 937ec9d9-3d7a-4971-a9f1-ee4b2c117e76 into model nwt
I0904 13:10:57.312577  3808 cuckoo_watch.h:44] 76ms in ProcessBatch(D:\Coursera\Notebooks\education notebooks\thematic modeling\school_batches\aaaaad.batch) [including 7ms in LoadMessage; 4ms in InitializeSparseNdw; 25ms in InferThetaAndUpdateNwtSparse; 27ms in CalculateScore(PerplexityScore); 10ms in CalculateScore(SparsityThetaScore); ]
I0904 13:10:57.313076  9676 processor.cc:842] Processor: complete processing batch 6e166427-4b9c-4044-9c5e-bf0bd5721cca into model nwt
I0904 13:10:57.315078  9676 cuckoo_watch.h:44] 81ms in ProcessBatch(D:\Coursera\Notebooks\education notebooks\thematic modeling\school_batches\aaaaac.batch) [including 7ms in LoadMessage; 4ms in InitializeSparseNdw; 25ms in InferThetaAndUpdateNwtSparse; 31ms in CalculateScore(PerplexityScore); 11ms in CalculateScore(SparsityThetaScore); ]
I0904 13:10:57.318580 10996 processor.cc:746] Processor: start processing batch 506a45f2-66ba-4b4f-bbae-f4bf5f4b1f7c into model nwt
I0904 13:10:57.320081  6748 processor.cc:842] Processor: complete processing batch 8b069d34-9f20-4d0d-a163-bdb90c30a142 into model nwt
I0904 13:10:57.321081  6748 cuckoo_watch.h:44] 87ms in ProcessBatch(D:\Coursera\Notebooks\education notebooks\thematic modeling\school_batches\aaaaaa.batch) [including 6ms in LoadMessage; 4ms in InitializeSparseNdw; 29ms in InferThetaAndUpdateNwtSparse; 37ms in CalculateScore(PerplexityScore); 9ms in CalculateScore(SparsityThetaScore); ]
I0904 13:10:57.347762  3808 processor.cc:662] No data in processing queue, waiting...
I0904 13:10:57.347762 10996 processor.cc:842] Processor: complete processing batch 506a45f2-66ba-4b4f-bbae-f4bf5f4b1f7c into model nwt
I0904 13:10:57.347762 10996 cuckoo_watch.h:44] 38ms in ProcessBatch(D:\Coursera\Notebooks\education notebooks\thematic modeling\school_batches\aaaaae.batch) [including 8ms in LoadMessage; 2ms in InitializeSparseNdw; 11ms in InferThetaAndUpdateNwtSparse; 15ms in CalculateScore(PerplexityScore); 0ms in CalculateScore(SparsityThetaScore); ]
I0904 13:10:57.363389   796 master_component.cc:991] NormalizeModelArgs: pwt_target_name=pwt, nwt_source_name=nwt, rwt_source_name=
I0904 13:10:57.363389   796 master_component.cc:617] MasterComponent: start normalizing model nwt
I0904 13:10:57.394639  9676 processor.cc:662] No data in processing queue, waiting...
I0904 13:10:57.394639   796 master_component.cc:639] MasterComponent: complete normalizing model nwt
I0904 13:10:57.444025   796 master_component.cc:1015] DisposeModel rwt
