I0904 13:12:12.848345 10996 processor.cc:746] Processor: start processing batch 6e166427-4b9c-4044-9c5e-bf0bd5721cca into model nwt
I0904 13:12:12.848345  9676 processor.cc:746] Processor: start processing batch 8b069d34-9f20-4d0d-a163-bdb90c30a142 into model nwt
I0904 13:12:12.915388  6748 processor.cc:842] Processor: complete processing batch 93186bab-8a74-4bc6-8255-ec7c39be4a9b into model nwt
I0904 13:12:12.916389  6748 cuckoo_watch.h:44] 77ms in ProcessBatch(D:\Coursera\Notebooks\education notebooks\thematic modeling\school_batches\aaaaab.batch) [including 6ms in LoadMessage; 4ms in InitializeSparseNdw; 27ms in InferThetaAndUpdateNwtSparse; 28ms in CalculateScore(PerplexityScore); 10ms in CalculateScore(SparsityThetaScore); ]
I0904 13:12:12.917389  9676 processor.cc:842] Processor: complete processing batch 8b069d34-9f20-4d0d-a163-bdb90c30a142 into model nwt
I0904 13:12:12.918390 10996 processor.cc:842] Processor: complete processing batch 6e166427-4b9c-4044-9c5e-bf0bd5721cca into model nwt
I0904 13:12:12.918390  3808 processor.cc:842] Processor: complete processing batch 937ec9d9-3d7a-4971-a9f1-ee4b2c117e76 into model nwt
I0904 13:12:12.919391  9676 cuckoo_watch.h:44] 80ms in ProcessBatch(D:\Coursera\Notebooks\education notebooks\thematic modeling\school_batches\aaaaaa.batch) [including 8ms in LoadMessage; 3ms in InitializeSparseNdw; 25ms in InferThetaAndUpdateNwtSparse; 30ms in CalculateScore(PerplexityScore); 10ms in CalculateScore(SparsityThetaScore); ]
I0904 13:12:12.920392 10996 cuckoo_watch.h:44] 80ms in ProcessBatch(D:\Coursera\Notebooks\education notebooks\thematic modeling\school_batches\aaaaac.batch) [including 7ms in LoadMessage; 4ms in InitializeSparseNdw; 24ms in InferThetaAndUpdateNwtSparse; 32ms in CalculateScore(PerplexityScore); 10ms in CalculateScore(SparsityThetaScore); ]
I0904 13:12:12.920392  3808 cuckoo_watch.h:44] 80ms in ProcessBatch(D:\Coursera\Notebooks\education notebooks\thematic modeling\school_batches\aaaaad.batch) [including 6ms in LoadMessage; 3ms in InitializeSparseNdw; 25ms in InferThetaAndUpdateNwtSparse; 27ms in CalculateScore(PerplexityScore); 15ms in CalculateScore(SparsityThetaScore); ]
I0904 13:12:12.923393  6748 processor.cc:746] Processor: start processing batch 506a45f2-66ba-4b4f-bbae-f4bf5f4b1f7c into model nwt
I0904 13:12:12.939908  9676 processor.cc:662] No data in processing queue, waiting...
I0904 13:12:12.941411 10996 processor.cc:662] No data in processing queue, waiting...
I0904 13:12:12.941411  3808 processor.cc:662] No data in processing queue, waiting...
I0904 13:12:12.959424  6748 processor.cc:842] Processor: complete processing batch 506a45f2-66ba-4b4f-bbae-f4bf5f4b1f7c into model nwt
I0904 13:12:12.961426  6748 cuckoo_watch.h:44] 45ms in ProcessBatch(D:\Coursera\Notebooks\education notebooks\thematic modeling\school_batches\aaaaae.batch) [including 6ms in LoadMessage; 1ms in InitializeSparseNdw; 14ms in InferThetaAndUpdateNwtSparse; 14ms in CalculateScore(PerplexityScore); 6ms in CalculateScore(SparsityThetaScore); ]
I0904 13:12:12.963426   796 master_component.cc:980] RegularizeModelArgs: rwt_target_name=rwt, pwt_source_name=pwt, nwt_source_name=nwt
I0904 13:12:12.963426   796 master_component.cc:590] MasterComponent: start regularizing model pwt
I0904 13:12:13.023169  6748 processor.cc:662] No data in processing queue, waiting...
I0904 13:12:13.029181   796 master_component.cc:613] MasterComponent: complete regularizing model pwt
I0904 13:12:13.029181   796 master_component.cc:991] NormalizeModelArgs: pwt_target_name=pwt, nwt_source_name=nwt, rwt_source_name=rwt
I0904 13:12:13.029181   796 master_component.cc:617] MasterComponent: start normalizing model nwt
I0904 13:12:13.073714   796 master_component.cc:639] MasterComponent: complete normalizing model nwt
I0904 13:12:13.144372   796 master_component.cc:1015] DisposeModel rwt
I0904 13:12:13.149374   796 c_interface.cc:332] Pass FitOfflineMasterModelArgs, batch_filename_size=5, batch_weight_size=5, num_collection_passes=1 to void (__thiscall artm::core::MasterComponent::*)(class artm::FitOfflineMasterModelArgs const &)
I0904 13:12:13.149374   796 master_component.cc:942] ProcessBatchesArgs: nwt_target_name=nwt, batch_filename_size=5, batch_size=0, batch_weight_size=5, pwt_source_name=pwt, num_document_passes=1, regularizer=(name:SparsePhi, tau:-100), class=(text:1), reuse_theta=yes, opt_for_avx=yes, predict_class_id=
I0904 13:12:13.191071  9676 processor.cc:669] Processing queue has data, processing started
I0904 13:12:13.191071 10996 processor.cc:669] Processing queue has data, processing started
I0904 13:12:13.191071  3808 processor.cc:669] Processing queue has data, processing started
I0904 13:12:13.191071 10996 processor.cc:746] Processor: start processing batch 93186bab-8a74-4bc6-8255-ec7c39be4a9b into model nwt
I0904 13:12:13.191071  3808 processor.cc:746] Processor: start processing batch 8b069d34-9f20-4d0d-a163-bdb90c30a142 into model nwt
I0904 13:12:13.191071  9676 processor.cc:746] Processor: start processing batch 6e166427-4b9c-4044-9c5e-bf0bd5721cca into model nwt
I0904 13:12:13.191071  6748 processor.cc:669] Processing queue has data, processing started
I0904 13:12:13.206684  6748 processor.cc:746] Processor: start processing batch 937ec9d9-3d7a-4971-a9f1-ee4b2c117e76 into model nwt
I0904 13:12:13.254926 10996 processor.cc:842] Processor: complete processing batch 93186bab-8a74-4bc6-8255-ec7c39be4a9b into model nwt
I0904 13:12:13.257022 10996 cuckoo_watch.h:44] 65ms in ProcessBatch(D:\Coursera\Notebooks\education notebooks\thematic modeling\school_batches\aaaaab.batch) [including 0ms in LoadMessage; 0ms in InitializeSparseNdw; 15ms in InferThetaAndUpdateNwtSparse; 38ms in CalculateScore(PerplexityScore); 9ms in CalculateScore(SparsityThetaScore); ]
I0904 13:12:13.262023  3808 processor.cc:842] Processor: complete processing batch 8b069d34-9f20-4d0d-a163-bdb90c30a142 into model nwt
I0904 13:12:13.265027  3808 cuckoo_watch.h:44] 73ms in ProcessBatch(D:\Coursera\Notebooks\education notebooks\thematic modeling\school_batches\aaaaaa.batch) [including 0ms in LoadMessage; 0ms in InitializeSparseNdw; 35ms in InferThetaAndUpdateNwtSparse; 25ms in CalculateScore(PerplexityScore); 10ms in CalculateScore(SparsityThetaScore); ]
I0904 13:12:13.265027 10996 processor.cc:746] Processor: start processing batch 506a45f2-66ba-4b4f-bbae-f4bf5f4b1f7c into model nwt
I0904 13:12:13.267027  9676 processor.cc:842] Processor: complete processing batch 6e166427-4b9c-4044-9c5e-bf0bd5721cca into model nwt
I0904 13:12:13.269031  9676 cuckoo_watch.h:44] 77ms in ProcessBatch(D:\Coursera\Notebooks\education notebooks\thematic modeling\school_batches\aaaaac.batch) [including 0ms in LoadMessage; 0ms in InitializeSparseNdw; 37ms in InferThetaAndUpdateNwtSparse; 26ms in CalculateScore(PerplexityScore); 12ms in CalculateScore(SparsityThetaScore); ]
I0904 13:12:13.278033  6748 processor.cc:842] Processor: complete processing batch 937ec9d9-3d7a-4971-a9f1-ee4b2c117e76 into model nwt
I0904 13:12:13.279034  6748 cuckoo_watch.h:44] 72ms in ProcessBatch(D:\Coursera\Notebooks\education notebooks\thematic modeling\school_batches\aaaaad.batch) [including 0ms in LoadMessage; 0ms in InitializeSparseNdw; 35ms in InferThetaAndUpdateNwtSparse; 28ms in CalculateScore(PerplexityScore); 7ms in CalculateScore(SparsityThetaScore); ]
I0904 13:12:13.286039  3808 processor.cc:662] No data in processing queue, waiting...
I0904 13:12:13.290041  9676 processor.cc:662] No data in processing queue, waiting...
I0904 13:12:13.299047  6748 processor.cc:662] No data in processing queue, waiting...
I0904 13:12:13.305052 10996 processor.cc:842] Processor: complete processing batch 506a45f2-66ba-4b4f-bbae-f4bf5f4b1f7c into model nwt
I0904 13:12:13.306052 10996 cuckoo_watch.h:44] 48ms in ProcessBatch(D:\Coursera\Notebooks\education notebooks\thematic modeling\school_batches\aaaaae.batch) [including 6ms in LoadMessage; 4ms in InitializeSparseNdw; 16ms in InferThetaAndUpdateNwtSparse; 15ms in CalculateScore(PerplexityScore); 5ms in CalculateScore(SparsityThetaScore); ]
I0904 13:12:13.307054   796 master_component.cc:980] RegularizeModelArgs: rwt_target_name=rwt, pwt_source_name=pwt, nwt_source_name=nwt
I0904 13:12:13.307054   796 master_component.cc:590] MasterComponent: start regularizing model pwt
I0904 13:12:13.339751 10996 processor.cc:662] No data in processing queue, waiting...
I0904 13:12:13.356387   796 master_component.cc:613] MasterComponent: complete regularizing model pwt
I0904 13:12:13.356387   796 master_component.cc:991] NormalizeModelArgs: pwt_target_name=pwt, nwt_source_name=nwt, rwt_source_name=rwt
I0904 13:12:13.356387   796 master_component.cc:617] MasterComponent: start normalizing model nwt
I0904 13:12:13.403264   796 master_component.cc:639] MasterComponent: complete normalizing model nwt
I0904 13:12:13.456660   796 master_component.cc:1015] DisposeModel rwt
I0904 13:12:13.456660   796 c_interface.cc:332] Pass FitOfflineMasterModelArgs, batch_filename_size=5, batch_weight_size=5, num_collection_passes=1 to void (__thiscall artm::core::MasterComponent::*)(class artm::FitOfflineMasterModelArgs const &)
I0904 13:12:13.456660   796 master_component.cc:942] ProcessBatchesArgs: nwt_target_name=nwt, batch_filename_size=5, batch_size=0, batch_weight_size=5, pwt_source_name=pwt, num_document_passes=1, regularizer=(name:SparsePhi, tau:-100), class=(text:1), reuse_theta=yes, opt_for_avx=yes, predict_class_id=
I0904 13:12:13.503554  6748 processor.cc:669] Processing queue has data, processing started
I0904 13:12:13.503554 10996 processor.cc:669] Processing queue has data, processing started
I0904 13:12:13.503554  3808 processor.cc:669] Processing queue has data, processing started
I0904 13:12:13.503554  9676 processor.cc:669] Processing queue has data, processing started
I0904 13:12:13.503554  6748 processor.cc:746] Processor: start processing batch 93186bab-8a74-4bc6-8255-ec7c39be4a9b into model nwt
I0904 13:12:13.503554  9676 processor.cc:746] Processor: start processing batch 937ec9d9-3d7a-4971-a9f1-ee4b2c117e76 into model nwt
I0904 13:12:13.503554 10996 processor.cc:746] Processor: start processing batch 8b069d34-9f20-4d0d-a163-bdb90c30a142 into model nwt
I0904 13:12:13.503554  3808 processor.cc:746] Processor: start processing batch 6e166427-4b9c-4044-9c5e-bf0bd5721cca into model nwt
I0904 13:12:13.572557 10996 processor.cc:842] Processor: complete processing batch 8b069d34-9f20-4d0d-a163-bdb90c30a142 into model nwt
I0904 13:12:13.572557  3808 processor.cc:842] Processor: complete processing batch 6e166427-4b9c-4044-9c5e-bf0bd5721cca into model nwt
I0904 13:12:13.572557  6748 processor.cc:842] Processor: complete processing batch 93186bab-8a74-4bc6-8255-ec7c39be4a9b into model nwt
I0904 13:12:13.572557  9676 processor.cc:842] Processor: complete processing batch 937ec9d9-3d7a-4971-a9f1-ee4b2c117e76 into model nwt
I0904 13:12:13.572557 10996 cuckoo_watch.h:44] 69ms in ProcessBatch(D:\Coursera\Notebooks\education notebooks\thematic modeling\school_batches\aaaaaa.batch) [including 0ms in LoadMessage; 0ms in InitializeSparseNdw; 36ms in InferThetaAndUpdateNwtSparse; 16ms in CalculateScore(PerplexityScore); 15ms in CalculateScore(SparsityThetaScore); ]
I0904 13:12:13.572557  3808 cuckoo_watch.h:44] 69ms in ProcessBatch(D:\Coursera\Notebooks\education notebooks\thematic modeling\school_batches\aaaaac.batch) [including 0ms in LoadMessage; 0ms in InitializeSparseNdw; 36ms in InferThetaAndUpdateNwtSparse; 16ms in CalculateScore(PerplexityScore); 15ms in CalculateScore(SparsityThetaScore); ]
I0904 13:12:13.572557  6748 cuckoo_watch.h:44] 69ms in ProcessBatch(D:\Coursera\Notebooks\education notebooks\thematic modeling\school_batches\aaaaab.batch) [including 0ms in LoadMessage; 0ms in InitializeSparseNdw; 36ms in InferThetaAndUpdateNwtSparse; 16ms in CalculateScore(PerplexityScore); 15ms in CalculateScore(SparsityThetaScore); ]
I0904 13:12:13.572557  9676 cuckoo_watch.h:44] 69ms in ProcessBatch(D:\Coursera\Notebooks\education notebooks\thematic modeling\school_batches\aaaaad.batch) [including 0ms in LoadMessage; 0ms in InitializeSparseNdw; 36ms in InferThetaAndUpdateNwtSparse; 16ms in CalculateScore(PerplexityScore); 15ms in CalculateScore(SparsityThetaScore); ]
I0904 13:12:13.572557 10996 processor.cc:746] Processor: start processing batch 506a45f2-66ba-4b4f-bbae-f4bf5f4b1f7c into model nwt
I0904 13:12:13.619832 10996 processor.cc:842] Processor: complete processing batch 506a45f2-66ba-4b4f-bbae-f4bf5f4b1f7c into model nwt
I0904 13:12:13.620832 10996 cuckoo_watch.h:44] 48ms in ProcessBatch(D:\Coursera\Notebooks\education notebooks\thematic modeling\school_batches\aaaaae.batch) [including 0ms in LoadMessage; 0ms in InitializeSparseNdw; 15ms in InferThetaAndUpdateNwtSparse; 15ms in CalculateScore(PerplexityScore); 16ms in CalculateScore(SparsityThetaScore); ]
I0904 13:12:13.622833   796 master_component.cc:980] RegularizeModelArgs: rwt_target_name=rwt, pwt_source_name=pwt, nwt_source_name=nwt
I0904 13:12:13.622833   796 master_component.cc:590] MasterComponent: start regularizing model pwt
I0904 13:12:13.637858  3808 processor.cc:662] No data in processing queue, waiting...
I0904 13:12:13.637858  6748 processor.cc:662] No data in processing queue, waiting...
I0904 13:12:13.637858  9676 processor.cc:662] No data in processing queue, waiting...
I0904 13:12:13.642364 10996 processor.cc:662] No data in processing queue, waiting...
I0904 13:12:13.674194   796 master_component.cc:613] MasterComponent: complete regularizing model pwt
I0904 13:12:13.674194   796 master_component.cc:991] NormalizeModelArgs: pwt_target_name=pwt, nwt_source_name=nwt, rwt_source_name=rwt
I0904 13:12:13.674194   796 master_component.cc:617] MasterComponent: start normalizing model nwt
I0904 13:12:13.721072   796 master_component.cc:639] MasterComponent: complete normalizing model nwt
I0904 13:12:13.772460   796 master_component.cc:1015] DisposeModel rwt
I0904 13:12:13.772460   796 c_interface.cc:332] Pass FitOfflineMasterModelArgs, batch_filename_size=5, batch_weight_size=5, num_collection_passes=1 to void (__thiscall artm::core::MasterComponent::*)(class artm::FitOfflineMasterModelArgs const &)
I0904 13:12:13.772460   796 master_component.cc:942] ProcessBatchesArgs: nwt_target_name=nwt, batch_filename_size=5, batch_size=0, batch_weight_size=5, pwt_source_name=pwt, num_document_passes=1, regularizer=(name:SparsePhi, tau:-100), class=(text:1), reuse_theta=yes, opt_for_avx=yes, predict_class_id=
I0904 13:12:13.819352  6748 processor.cc:669] Processing queue has data, processing started
I0904 13:12:13.819352  9676 processor.cc:669] Processing queue has data, processing started
I0904 13:12:13.819352  3808 processor.cc:669] Processing queue has data, processing started
I0904 13:12:13.819352 10996 processor.cc:669] Processing queue has data, processing started
I0904 13:12:13.819352  3808 processor.cc:746] Processor: start processing batch 93186bab-8a74-4bc6-8255-ec7c39be4a9b into model nwt
I0904 13:12:13.819352  6748 processor.cc:746] Processor: start processing batch 8b069d34-9f20-4d0d-a163-bdb90c30a142 into model nwt
I0904 13:12:13.819352  9676 processor.cc:746] Processor: start processing batch 6e166427-4b9c-4044-9c5e-bf0bd5721cca into model nwt
I0904 13:12:13.819352 10996 processor.cc:746] Processor: start processing batch 937ec9d9-3d7a-4971-a9f1-ee4b2c117e76 into model nwt
I0904 13:12:13.886514  3808 processor.cc:842] Processor: complete processing batch 93186bab-8a74-4bc6-8255-ec7c39be4a9b into model nwt
I0904 13:12:13.888515  3808 cuckoo_watch.h:44] 69ms in ProcessBatch(D:\Coursera\Notebooks\education notebooks\thematic modeling\school_batches\aaaaab.batch) [including 0ms in LoadMessage; 0ms in InitializeSparseNdw; 22ms in InferThetaAndUpdateNwtSparse; 35ms in CalculateScore(PerplexityScore); 10ms in CalculateScore(SparsityThetaScore); ]
I0904 13:12:13.889516  6748 processor.cc:842] Processor: complete processing batch 8b069d34-9f20-4d0d-a163-bdb90c30a142 into model nwt
I0904 13:12:13.890516  9676 processor.cc:842] Processor: complete processing batch 6e166427-4b9c-4044-9c5e-bf0bd5721cca into model nwt
I0904 13:12:13.891517  6748 cuckoo_watch.h:44] 72ms in ProcessBatch(D:\Coursera\Notebooks\education notebooks\thematic modeling\school_batches\aaaaaa.batch) [including 0ms in LoadMessage; 0ms in InitializeSparseNdw; 22ms in InferThetaAndUpdateNwtSparse; 38ms in CalculateScore(PerplexityScore); 10ms in CalculateScore(SparsityThetaScore); ]
I0904 13:12:13.891517  9676 cuckoo_watch.h:44] 72ms in ProcessBatch(D:\Coursera\Notebooks\education notebooks\thematic modeling\school_batches\aaaaac.batch) [including 0ms in LoadMessage; 0ms in InitializeSparseNdw; 22ms in InferThetaAndUpdateNwtSparse; 40ms in CalculateScore(PerplexityScore); 9ms in CalculateScore(SparsityThetaScore); ]
I0904 13:12:13.895519  3808 processor.cc:746] Processor: start processing batch 506a45f2-66ba-4b4f-bbae-f4bf5f4b1f7c into model nwt
I0904 13:12:13.897521 10996 processor.cc:842] Processor: complete processing batch 937ec9d9-3d7a-4971-a9f1-ee4b2c117e76 into model nwt
I0904 13:12:13.899521 10996 cuckoo_watch.h:44] 80ms in ProcessBatch(D:\Coursera\Notebooks\education notebooks\thematic modeling\school_batches\aaaaad.batch) [including 0ms in LoadMessage; 18ms in InitializeSparseNdw; 25ms in InferThetaAndUpdateNwtSparse; 26ms in CalculateScore(PerplexityScore); 9ms in CalculateScore(SparsityThetaScore); ]
I0904 13:12:13.920236  3808 processor.cc:842] Processor: complete processing batch 506a45f2-66ba-4b4f-bbae-f4bf5f4b1f7c into model nwt
I0904 13:12:13.920236  3808 cuckoo_watch.h:44] 31ms in ProcessBatch(D:\Coursera\Notebooks\education notebooks\thematic modeling\school_batches\aaaaae.batch) [including 6ms in LoadMessage; 2ms in InitializeSparseNdw; 6ms in InferThetaAndUpdateNwtSparse; 15ms in CalculateScore(PerplexityScore); 0ms in CalculateScore(SparsityThetaScore); ]
I0904 13:12:13.935863   796 master_component.cc:980] RegularizeModelArgs: rwt_target_name=rwt, pwt_source_name=pwt, nwt_source_name=nwt
I0904 13:12:13.935863   796 master_component.cc:590] MasterComponent: start regularizing model pwt
I0904 13:12:13.988265   796 master_component.cc:613] MasterComponent: complete regularizing model pwt
I0904 13:12:13.988265   796 master_component.cc:991] NormalizeModelArgs: pwt_target_name=pwt, nwt_source_name=nwt, rwt_source_name=rwt
I0904 13:12:13.988265   796 master_component.cc:617] MasterComponent: start normalizing model nwt
I0904 13:12:14.003885  6748 processor.cc:662] No data in processing queue, waiting...
I0904 13:12:14.003885  9676 processor.cc:662] No data in processing queue, waiting...
I0904 13:12:14.013257 10996 processor.cc:662] No data in processing queue, waiting...
I0904 13:12:14.022261  3808 processor.cc:662] No data in processing queue, waiting...
I0904 13:12:14.032274   796 master_component.cc:639] MasterComponent: complete normalizing model nwt
I0904 13:12:14.072537   796 master_component.cc:1015] DisposeModel rwt
I0904 13:12:14.088161   796 c_interface.cc:332] Pass FitOfflineMasterModelArgs, batch_filename_size=5, batch_weight_size=5, num_collection_passes=1 to void (__thiscall artm::core::MasterComponent::*)(class artm::FitOfflineMasterModelArgs const &)
I0904 13:12:14.088161   796 master_component.cc:942] ProcessBatchesArgs: nwt_target_name=nwt, batch_filename_size=5, batch_size=0, batch_weight_size=5, pwt_source_name=pwt, num_document_passes=1, regularizer=(name:SparsePhi, tau:-100), class=(text:1), reuse_theta=yes, opt_for_avx=yes, predict_class_id=
I0904 13:12:14.122309  9676 processor.cc:669] Processing queue has data, processing started
I0904 13:12:14.122309 10996 processor.cc:669] Processing queue has data, processing started
I0904 13:12:14.122309  6748 processor.cc:669] Processing queue has data, processing started
I0904 13:12:14.122309  3808 processor.cc:669] Processing queue has data, processing started
I0904 13:12:14.122309  9676 processor.cc:746] Processor: start processing batch 93186bab-8a74-4bc6-8255-ec7c39be4a9b into model nwt
I0904 13:12:14.122309 10996 processor.cc:746] Processor: start processing batch 8b069d34-9f20-4d0d-a163-bdb90c30a142 into model nwt
I0904 13:12:14.122309  6748 processor.cc:746] Processor: start processing batch 6e166427-4b9c-4044-9c5e-bf0bd5721cca into model nwt
I0904 13:12:14.122309  3808 processor.cc:746] Processor: start processing batch 937ec9d9-3d7a-4971-a9f1-ee4b2c117e76 into model nwt
I0904 13:12:14.193259 10996 processor.cc:842] Processor: complete processing batch 8b069d34-9f20-4d0d-a163-bdb90c30a142 into model nwt
I0904 13:12:14.194262 10996 cuckoo_watch.h:44] 71ms in ProcessBatch(D:\Coursera\Notebooks\education notebooks\thematic modeling\school_batches\aaaaaa.batch) [including 0ms in LoadMessage; 0ms in InitializeSparseNdw; 34ms in InferThetaAndUpdateNwtSparse; 26ms in CalculateScore(PerplexityScore); 10ms in CalculateScore(SparsityThetaScore); ]
I0904 13:12:14.195262  6748 processor.cc:842] Processor: complete processing batch 6e166427-4b9c-4044-9c5e-bf0bd5721cca into model nwt
I0904 13:12:14.195262  9676 processor.cc:842] Processor: complete processing batch 93186bab-8a74-4bc6-8255-ec7c39be4a9b into model nwt
I0904 13:12:14.196262  6748 cuckoo_watch.h:44] 73ms in ProcessBatch(D:\Coursera\Notebooks\education notebooks\thematic modeling\school_batches\aaaaac.batch) [including 0ms in LoadMessage; 0ms in InitializeSparseNdw; 35ms in InferThetaAndUpdateNwtSparse; 26ms in CalculateScore(PerplexityScore); 11ms in CalculateScore(SparsityThetaScore); ]
I0904 13:12:14.197263  9676 cuckoo_watch.h:44] 74ms in ProcessBatch(D:\Coursera\Notebooks\education notebooks\thematic modeling\school_batches\aaaaab.batch) [including 0ms in LoadMessage; 0ms in InitializeSparseNdw; 35ms in InferThetaAndUpdateNwtSparse; 26ms in CalculateScore(PerplexityScore); 11ms in CalculateScore(SparsityThetaScore); ]
I0904 13:12:14.200264  3808 processor.cc:842] Processor: complete processing batch 937ec9d9-3d7a-4971-a9f1-ee4b2c117e76 into model nwt
I0904 13:12:14.202265  3808 cuckoo_watch.h:44] 79ms in ProcessBatch(D:\Coursera\Notebooks\education notebooks\thematic modeling\school_batches\aaaaad.batch) [including 0ms in LoadMessage; 0ms in InitializeSparseNdw; 37ms in InferThetaAndUpdateNwtSparse; 27ms in CalculateScore(PerplexityScore); 13ms in CalculateScore(SparsityThetaScore); ]
I0904 13:12:14.203267 10996 processor.cc:746] Processor: start processing batch 506a45f2-66ba-4b4f-bbae-f4bf5f4b1f7c into model nwt
I0904 13:12:14.218276  6748 processor.cc:662] No data in processing queue, waiting...
I0904 13:12:14.219277  9676 processor.cc:662] No data in processing queue, waiting...
I0904 13:12:14.223279  3808 processor.cc:662] No data in processing queue, waiting...
I0904 13:12:14.239295 10996 processor.cc:842] Processor: complete processing batch 506a45f2-66ba-4b4f-bbae-f4bf5f4b1f7c into model nwt
I0904 13:12:14.241297 10996 cuckoo_watch.h:44] 47ms in ProcessBatch(D:\Coursera\Notebooks\education notebooks\thematic modeling\school_batches\aaaaae.batch) [including 7ms in LoadMessage; 0ms in InitializeSparseNdw; 15ms in InferThetaAndUpdateNwtSparse; 15ms in CalculateScore(PerplexityScore); 5ms in CalculateScore(SparsityThetaScore); ]
I0904 13:12:14.256929   796 master_component.cc:980] RegularizeModelArgs: rwt_target_name=rwt, pwt_source_name=pwt, nwt_source_name=nwt
I0904 13:12:14.256929   796 master_component.cc:590] MasterComponent: start regularizing model pwt
I0904 13:12:14.319438   796 master_component.cc:613] MasterComponent: complete regularizing model pwt
I0904 13:12:14.319438   796 master_component.cc:991] NormalizeModelArgs: pwt_target_name=pwt, nwt_source_name=nwt, rwt_source_name=rwt
I0904 13:12:14.319438   796 master_component.cc:617] MasterComponent: start normalizing model nwt
I0904 13:12:14.341565   796 master_component.cc:639] MasterComponent: complete normalizing model nwt
I0904 13:12:14.404072   796 master_component.cc:1015] DisposeModel rwt
I0904 13:12:14.404072   796 c_interface.cc:332] Pass FitOfflineMasterModelArgs, batch_filename_size=5, batch_weight_size=5, num_collection_passes=1 to void (__thiscall artm::core::MasterComponent::*)(class artm::FitOfflineMasterModelArgs const &)
I0904 13:12:14.404072   796 master_component.cc:942] ProcessBatchesArgs: nwt_target_name=nwt, batch_filename_size=5, batch_size=0, batch_weight_size=5, pwt_source_name=pwt, num_document_passes=1, regularizer=(name:SparsePhi, tau:-100), class=(text:1), reuse_theta=yes, opt_for_avx=yes, predict_class_id=
I0904 13:12:14.457492  6748 processor.cc:669] Processing queue has data, processing started
I0904 13:12:14.457492  9676 processor.cc:669] Processing queue has data, processing started
I0904 13:12:14.457492  3808 processor.cc:669] Processing queue has data, processing started
I0904 13:12:14.457492  6748 processor.cc:746] Processor: start processing batch 8b069d34-9f20-4d0d-a163-bdb90c30a142 into model nwt
I0904 13:12:14.457492  9676 processor.cc:746] Processor: start processing batch 93186bab-8a74-4bc6-8255-ec7c39be4a9b into model nwt
I0904 13:12:14.457492 10996 processor.cc:746] Processor: start processing batch 6e166427-4b9c-4044-9c5e-bf0bd5721cca into model nwt
I0904 13:12:14.457492  3808 processor.cc:746] Processor: start processing batch 937ec9d9-3d7a-4971-a9f1-ee4b2c117e76 into model nwt
I0904 13:12:14.519971  6748 processor.cc:842] Processor: complete processing batch 8b069d34-9f20-4d0d-a163-bdb90c30a142 into model nwt
I0904 13:12:14.519971  9676 processor.cc:842] Processor: complete processing batch 93186bab-8a74-4bc6-8255-ec7c39be4a9b into model nwt
I0904 13:12:14.519971 10996 processor.cc:842] Processor: complete processing batch 6e166427-4b9c-4044-9c5e-bf0bd5721cca into model nwt
I0904 13:12:14.519971  6748 cuckoo_watch.h:44] 62ms in ProcessBatch(D:\Coursera\Notebooks\education notebooks\thematic modeling\school_batches\aaaaaa.batch) [including 0ms in LoadMessage; 0ms in InitializeSparseNdw; 31ms in InferThetaAndUpdateNwtSparse; 15ms in CalculateScore(PerplexityScore); 15ms in CalculateScore(SparsityThetaScore); ]
I0904 13:12:14.519971  3808 processor.cc:842] Processor: complete processing batch 937ec9d9-3d7a-4971-a9f1-ee4b2c117e76 into model nwt
I0904 13:12:14.519971  9676 cuckoo_watch.h:44] 62ms in ProcessBatch(D:\Coursera\Notebooks\education notebooks\thematic modeling\school_batches\aaaaab.batch) [including 0ms in LoadMessage; 0ms in InitializeSparseNdw; 31ms in InferThetaAndUpdateNwtSparse; 15ms in CalculateScore(PerplexityScore); 15ms in CalculateScore(SparsityThetaScore); ]
I0904 13:12:14.519971 10996 cuckoo_watch.h:44] 62ms in ProcessBatch(D:\Coursera\Notebooks\education notebooks\thematic modeling\school_batches\aaaaac.batch) [including 0ms in LoadMessage; 0ms in InitializeSparseNdw; 31ms in InferThetaAndUpdateNwtSparse; 31ms in CalculateScore(PerplexityScore); 0ms in CalculateScore(SparsityThetaScore); ]
I0904 13:12:14.519971  3808 cuckoo_watch.h:44] 62ms in ProcessBatch(D:\Coursera\Notebooks\education notebooks\thematic modeling\school_batches\aaaaad.batch) [including 0ms in LoadMessage; 0ms in InitializeSparseNdw; 31ms in InferThetaAndUpdateNwtSparse; 31ms in CalculateScore(PerplexityScore); 0ms in CalculateScore(SparsityThetaScore); ]
I0904 13:12:14.536108  6748 processor.cc:746] Processor: start processing batch 506a45f2-66ba-4b4f-bbae-f4bf5f4b1f7c into model nwt
I0904 13:12:14.557741  6748 processor.cc:842] Processor: complete processing batch 506a45f2-66ba-4b4f-bbae-f4bf5f4b1f7c into model nwt
I0904 13:12:14.557741  6748 cuckoo_watch.h:44] 37ms in ProcessBatch(D:\Coursera\Notebooks\education notebooks\thematic modeling\school_batches\aaaaae.batch) [including 0ms in LoadMessage; 1ms in InitializeSparseNdw; 4ms in InferThetaAndUpdateNwtSparse; 15ms in CalculateScore(PerplexityScore); 0ms in CalculateScore(SparsityThetaScore); ]
I0904 13:12:14.573367   796 master_component.cc:980] RegularizeModelArgs: rwt_target_name=rwt, pwt_source_name=pwt, nwt_source_name=nwt
I0904 13:12:14.573367   796 master_component.cc:590] MasterComponent: start regularizing model pwt
I0904 13:12:14.620244   796 master_component.cc:613] MasterComponent: complete regularizing model pwt
I0904 13:12:14.620244   796 master_component.cc:991] NormalizeModelArgs: pwt_target_name=pwt, nwt_source_name=nwt, rwt_source_name=rwt
I0904 13:12:14.620244   796 master_component.cc:617] MasterComponent: start normalizing model nwt
I0904 13:12:14.658010   796 master_component.cc:639] MasterComponent: complete normalizing model nwt
I0904 13:12:14.699699  9676 processor.cc:662] No data in processing queue, waiting...
I0904 13:12:14.699699  3808 processor.cc:662] No data in processing queue, waiting...
I0904 13:12:14.699699 10996 processor.cc:662] No data in processing queue, waiting...
I0904 13:12:14.701700  6748 processor.cc:662] No data in processing queue, waiting...
I0904 13:12:14.727221   796 master_component.cc:1015] DisposeModel rwt
I0904 13:12:14.731724   796 c_interface.cc:332] Pass FitOfflineMasterModelArgs, batch_filename_size=5, batch_weight_size=5, num_collection_passes=1 to void (__thiscall artm::core::MasterComponent::*)(class artm::FitOfflineMasterModelArgs const &)
I0904 13:12:14.731724   796 master_component.cc:942] ProcessBatchesArgs: nwt_target_name=nwt, batch_filename_size=5, batch_size=0, batch_weight_size=5, pwt_source_name=pwt, num_document_passes=1, regularizer=(name:SparsePhi, tau:-100), class=(text:1), reuse_theta=yes, opt_for_avx=yes, predict_class_id=
I0904 13:12:14.773507  9676 processor.cc:669] Processing queue has data, processing started
I0904 13:12:14.773507  6748 processor.cc:669] Processing queue has data, processing started
I0904 13:12:14.773507  3808 processor.cc:669] Processing queue has data, processing started
I0904 13:12:14.773507 10996 processor.cc:669] Processing queue has data, processing started
I0904 13:12:14.773507 10996 processor.cc:746] Processor: start processing batch 937ec9d9-3d7a-4971-a9f1-ee4b2c117e76 into model nwt
I0904 13:12:14.773507  9676 processor.cc:746] Processor: start processing batch 8b069d34-9f20-4d0d-a163-bdb90c30a142 into model nwt
I0904 13:12:14.773507  6748 processor.cc:746] Processor: start processing batch 6e166427-4b9c-4044-9c5e-bf0bd5721cca into model nwt
I0904 13:12:14.773507  3808 processor.cc:746] Processor: start processing batch 93186bab-8a74-4bc6-8255-ec7c39be4a9b into model nwt
I0904 13:12:14.842500  9676 processor.cc:842] Processor: complete processing batch 8b069d34-9f20-4d0d-a163-bdb90c30a142 into model nwt
I0904 13:12:14.842500  9676 cuckoo_watch.h:44] 68ms in ProcessBatch(D:\Coursera\Notebooks\education notebooks\thematic modeling\school_batches\aaaaaa.batch) [including 0ms in LoadMessage; 0ms in InitializeSparseNdw; 31ms in InferThetaAndUpdateNwtSparse; 15ms in CalculateScore(PerplexityScore); 22ms in CalculateScore(SparsityThetaScore); ]
I0904 13:12:14.842500 10996 processor.cc:842] Processor: complete processing batch 937ec9d9-3d7a-4971-a9f1-ee4b2c117e76 into model nwt
I0904 13:12:14.842500  6748 processor.cc:842] Processor: complete processing batch 6e166427-4b9c-4044-9c5e-bf0bd5721cca into model nwt
I0904 13:12:14.842500 10996 cuckoo_watch.h:44] 68ms in ProcessBatch(D:\Coursera\Notebooks\education notebooks\thematic modeling\school_batches\aaaaad.batch) [including 0ms in LoadMessage; 0ms in InitializeSparseNdw; 31ms in InferThetaAndUpdateNwtSparse; 15ms in CalculateScore(PerplexityScore); 22ms in CalculateScore(SparsityThetaScore); ]
I0904 13:12:14.842500  6748 cuckoo_watch.h:44] 68ms in ProcessBatch(D:\Coursera\Notebooks\education notebooks\thematic modeling\school_batches\aaaaac.batch) [including 0ms in LoadMessage; 0ms in InitializeSparseNdw; 31ms in InferThetaAndUpdateNwtSparse; 31ms in CalculateScore(PerplexityScore); 6ms in CalculateScore(SparsityThetaScore); ]
I0904 13:12:14.842500  9676 processor.cc:746] Processor: start processing batch 506a45f2-66ba-4b4f-bbae-f4bf5f4b1f7c into model nwt
I0904 13:12:14.873757  3808 processor.cc:842] Processor: complete processing batch 93186bab-8a74-4bc6-8255-ec7c39be4a9b into model nwt
I0904 13:12:14.873757  3808 cuckoo_watch.h:44] 100ms in ProcessBatch(D:\Coursera\Notebooks\education notebooks\thematic modeling\school_batches\aaaaab.batch) [including 0ms in LoadMessage; 0ms in InitializeSparseNdw; 68ms in InferThetaAndUpdateNwtSparse; 15ms in CalculateScore(PerplexityScore); 15ms in CalculateScore(SparsityThetaScore); ]
I0904 13:12:14.905012  9676 processor.cc:842] Processor: complete processing batch 506a45f2-66ba-4b4f-bbae-f4bf5f4b1f7c into model nwt
I0904 13:12:14.905012  9676 cuckoo_watch.h:44] 62ms in ProcessBatch(D:\Coursera\Notebooks\education notebooks\thematic modeling\school_batches\aaaaae.batch) [including 0ms in LoadMessage; 0ms in InitializeSparseNdw; 31ms in InferThetaAndUpdateNwtSparse; 15ms in CalculateScore(PerplexityScore); 15ms in CalculateScore(SparsityThetaScore); ]
I0904 13:12:14.920652   796 master_component.cc:980] RegularizeModelArgs: rwt_target_name=rwt, pwt_source_name=pwt, nwt_source_name=nwt
I0904 13:12:14.920652   796 master_component.cc:590] MasterComponent: start regularizing model pwt
I0904 13:12:14.974026   796 master_component.cc:613] MasterComponent: complete regularizing model pwt
I0904 13:12:14.974026   796 master_component.cc:991] NormalizeModelArgs: pwt_target_name=pwt, nwt_source_name=nwt, rwt_source_name=rwt
I0904 13:12:14.974026   796 master_component.cc:617] MasterComponent: start normalizing model nwt
I0904 13:12:15.005276   796 master_component.cc:639] MasterComponent: complete normalizing model nwt
I0904 13:12:15.074295   796 master_component.cc:1015] DisposeModel rwt
I0904 13:12:15.074295   796 c_interface.cc:332] Pass FitOfflineMasterModelArgs, batch_filename_size=5, batch_weight_size=5, num_collection_passes=1 to void (__thiscall artm::core::MasterComponent::*)(class artm::FitOfflineMasterModelArgs const &)
I0904 13:12:15.074295   796 master_component.cc:942] ProcessBatchesArgs: nwt_target_name=nwt, batch_filename_size=5, batch_size=0, batch_weight_size=5, pwt_source_name=pwt, num_document_passes=1, regularizer=(name:SparsePhi, tau:-100), class=(text:1), reuse_theta=yes, opt_for_avx=yes, predict_class_id=
I0904 13:12:15.121189 10996 processor.cc:746] Processor: start processing batch 93186bab-8a74-4bc6-8255-ec7c39be4a9b into model nwt
I0904 13:12:15.121189  3808 processor.cc:746] Processor: start processing batch 8b069d34-9f20-4d0d-a163-bdb90c30a142 into model nwt
I0904 13:12:15.121189  9676 processor.cc:746] Processor: start processing batch 6e166427-4b9c-4044-9c5e-bf0bd5721cca into model nwt
I0904 13:12:15.121189  6748 processor.cc:746] Processor: start processing batch 937ec9d9-3d7a-4971-a9f1-ee4b2c117e76 into model nwt
I0904 13:12:15.190194  3808 processor.cc:842] Processor: complete processing batch 8b069d34-9f20-4d0d-a163-bdb90c30a142 into model nwt
I0904 13:12:15.190194  6748 processor.cc:842] Processor: complete processing batch 937ec9d9-3d7a-4971-a9f1-ee4b2c117e76 into model nwt
I0904 13:12:15.190194 10996 processor.cc:842] Processor: complete processing batch 93186bab-8a74-4bc6-8255-ec7c39be4a9b into model nwt
I0904 13:12:15.190194  3808 cuckoo_watch.h:44] 69ms in ProcessBatch(D:\Coursera\Notebooks\education notebooks\thematic modeling\school_batches\aaaaaa.batch) [including 0ms in LoadMessage; 0ms in InitializeSparseNdw; 22ms in InferThetaAndUpdateNwtSparse; 31ms in CalculateScore(PerplexityScore); 15ms in CalculateScore(SparsityThetaScore); ]
I0904 13:12:15.190194  6748 cuckoo_watch.h:44] 69ms in ProcessBatch(D:\Coursera\Notebooks\education notebooks\thematic modeling\school_batches\aaaaad.batch) [including 0ms in LoadMessage; 0ms in InitializeSparseNdw; 22ms in InferThetaAndUpdateNwtSparse; 31ms in CalculateScore(PerplexityScore); 15ms in CalculateScore(SparsityThetaScore); ]
I0904 13:12:15.190194  9676 processor.cc:842] Processor: complete processing batch 6e166427-4b9c-4044-9c5e-bf0bd5721cca into model nwt
I0904 13:12:15.190194 10996 cuckoo_watch.h:44] 69ms in ProcessBatch(D:\Coursera\Notebooks\education notebooks\thematic modeling\school_batches\aaaaab.batch) [including 0ms in LoadMessage; 0ms in InitializeSparseNdw; 22ms in InferThetaAndUpdateNwtSparse; 31ms in CalculateScore(PerplexityScore); 15ms in CalculateScore(SparsityThetaScore); ]
I0904 13:12:15.190194  9676 cuckoo_watch.h:44] 69ms in ProcessBatch(D:\Coursera\Notebooks\education notebooks\thematic modeling\school_batches\aaaaac.batch) [including 0ms in LoadMessage; 0ms in InitializeSparseNdw; 22ms in InferThetaAndUpdateNwtSparse; 31ms in CalculateScore(PerplexityScore); 15ms in CalculateScore(SparsityThetaScore); ]
I0904 13:12:15.190194  3808 processor.cc:746] Processor: start processing batch 506a45f2-66ba-4b4f-bbae-f4bf5f4b1f7c into model nwt
I0904 13:12:15.236822  3808 processor.cc:842] Processor: complete processing batch 506a45f2-66ba-4b4f-bbae-f4bf5f4b1f7c into model nwt
I0904 13:12:15.237824  3808 cuckoo_watch.h:44] 47ms in ProcessBatch(D:\Coursera\Notebooks\education notebooks\thematic modeling\school_batches\aaaaae.batch) [including 0ms in LoadMessage; 0ms in InitializeSparseNdw; 15ms in InferThetaAndUpdateNwtSparse; 25ms in CalculateScore(PerplexityScore); 5ms in CalculateScore(SparsityThetaScore); ]
I0904 13:12:15.239326   796 master_component.cc:980] RegularizeModelArgs: rwt_target_name=rwt, pwt_source_name=pwt, nwt_source_name=nwt
I0904 13:12:15.239326   796 master_component.cc:590] MasterComponent: start regularizing model pwt
I0904 13:12:15.240325 10996 processor.cc:662] No data in processing queue, waiting...
I0904 13:12:15.240325  6748 processor.cc:662] No data in processing queue, waiting...
I0904 13:12:15.240325  9676 processor.cc:662] No data in processing queue, waiting...
I0904 13:12:15.258900  3808 processor.cc:662] No data in processing queue, waiting...
I0904 13:12:15.292258   796 master_component.cc:613] MasterComponent: complete regularizing model pwt
I0904 13:12:15.292258   796 master_component.cc:991] NormalizeModelArgs: pwt_target_name=pwt, nwt_source_name=nwt, rwt_source_name=rwt
I0904 13:12:15.292258   796 master_component.cc:617] MasterComponent: start normalizing model nwt
I0904 13:12:15.323501   796 master_component.cc:639] MasterComponent: complete normalizing model nwt
I0904 13:12:15.390516   796 master_component.cc:1015] DisposeModel rwt
I0904 13:12:15.390516   796 c_interface.cc:332] Pass FitOfflineMasterModelArgs, batch_filename_size=5, batch_weight_size=5, num_collection_passes=1 to void (__thiscall artm::core::MasterComponent::*)(class artm::FitOfflineMasterModelArgs const &)
I0904 13:12:15.390516   796 master_component.cc:942] ProcessBatchesArgs: nwt_target_name=nwt, batch_filename_size=5, batch_size=0, batch_weight_size=5, pwt_source_name=pwt, num_document_passes=1, regularizer=(name:SparsePhi, tau:-100), class=(text:1), reuse_theta=yes, opt_for_avx=yes, predict_class_id=
I0904 13:12:15.437396  9676 processor.cc:669] Processing queue has data, processing started
I0904 13:12:15.437396  6748 processor.cc:669] Processing queue has data, processing started
I0904 13:12:15.437396  3808 processor.cc:669] Processing queue has data, processing started
I0904 13:12:15.437396 10996 processor.cc:669] Processing queue has data, processing started
I0904 13:12:15.443907  9676 processor.cc:746] Processor: start processing batch 8b069d34-9f20-4d0d-a163-bdb90c30a142 into model nwt
I0904 13:12:15.443907 10996 processor.cc:746] Processor: start processing batch 937ec9d9-3d7a-4971-a9f1-ee4b2c117e76 into model nwt
I0904 13:12:15.443907  6748 processor.cc:746] Processor: start processing batch 93186bab-8a74-4bc6-8255-ec7c39be4a9b into model nwt
I0904 13:12:15.443907  3808 processor.cc:746] Processor: start processing batch 6e166427-4b9c-4044-9c5e-bf0bd5721cca into model nwt
I0904 13:12:15.506417  6748 processor.cc:842] Processor: complete processing batch 93186bab-8a74-4bc6-8255-ec7c39be4a9b into model nwt
I0904 13:12:15.506417  9676 processor.cc:842] Processor: complete processing batch 8b069d34-9f20-4d0d-a163-bdb90c30a142 into model nwt
I0904 13:12:15.506417 10996 processor.cc:842] Processor: complete processing batch 937ec9d9-3d7a-4971-a9f1-ee4b2c117e76 into model nwt
I0904 13:12:15.506417  3808 processor.cc:842] Processor: complete processing batch 6e166427-4b9c-4044-9c5e-bf0bd5721cca into model nwt
I0904 13:12:15.506417  6748 cuckoo_watch.h:44] 69ms in ProcessBatch(D:\Coursera\Notebooks\education notebooks\thematic modeling\school_batches\aaaaab.batch) [including 6ms in LoadMessage; 0ms in InitializeSparseNdw; 15ms in InferThetaAndUpdateNwtSparse; 31ms in CalculateScore(PerplexityScore); 15ms in CalculateScore(SparsityThetaScore); ]
I0904 13:12:15.506417  9676 cuckoo_watch.h:44] 69ms in ProcessBatch(D:\Coursera\Notebooks\education notebooks\thematic modeling\school_batches\aaaaaa.batch) [including 6ms in LoadMessage; 0ms in InitializeSparseNdw; 15ms in InferThetaAndUpdateNwtSparse; 31ms in CalculateScore(PerplexityScore); 15ms in CalculateScore(SparsityThetaScore); ]
I0904 13:12:15.506417 10996 cuckoo_watch.h:44] 69ms in ProcessBatch(D:\Coursera\Notebooks\education notebooks\thematic modeling\school_batches\aaaaad.batch) [including 6ms in LoadMessage; 0ms in InitializeSparseNdw; 15ms in InferThetaAndUpdateNwtSparse; 31ms in CalculateScore(PerplexityScore); 15ms in CalculateScore(SparsityThetaScore); ]
I0904 13:12:15.506417  3808 cuckoo_watch.h:44] 69ms in ProcessBatch(D:\Coursera\Notebooks\education notebooks\thematic modeling\school_batches\aaaaac.batch) [including 6ms in LoadMessage; 0ms in InitializeSparseNdw; 15ms in InferThetaAndUpdateNwtSparse; 31ms in CalculateScore(PerplexityScore); 15ms in CalculateScore(SparsityThetaScore); ]
I0904 13:12:15.506417  6748 processor.cc:746] Processor: start processing batch 506a45f2-66ba-4b4f-bbae-f4bf5f4b1f7c into model nwt
I0904 13:12:15.544178  6748 processor.cc:842] Processor: complete processing batch 506a45f2-66ba-4b4f-bbae-f4bf5f4b1f7c into model nwt
I0904 13:12:15.544178  6748 cuckoo_watch.h:44] 37ms in ProcessBatch(D:\Coursera\Notebooks\education notebooks\thematic modeling\school_batches\aaaaae.batch) [including 0ms in LoadMessage; 0ms in InitializeSparseNdw; 15ms in InferThetaAndUpdateNwtSparse; 22ms in CalculateScore(PerplexityScore); 0ms in CalculateScore(SparsityThetaScore); ]
I0904 13:12:15.559808   796 master_component.cc:980] RegularizeModelArgs: rwt_target_name=rwt, pwt_source_name=pwt, nwt_source_name=nwt
I0904 13:12:15.559808   796 master_component.cc:590] MasterComponent: start regularizing model pwt
I0904 13:12:15.606688   796 master_component.cc:613] MasterComponent: complete regularizing model pwt
I0904 13:12:15.606688   796 master_component.cc:991] NormalizeModelArgs: pwt_target_name=pwt, nwt_source_name=nwt, rwt_source_name=rwt
I0904 13:12:15.606688   796 master_component.cc:617] MasterComponent: start normalizing model nwt
I0904 13:12:15.644460   796 master_component.cc:639] MasterComponent: complete normalizing model nwt
I0904 13:12:15.706966   796 master_component.cc:1015] DisposeModel rwt
I0904 13:12:15.706966   796 c_interface.cc:332] Pass FitOfflineMasterModelArgs, batch_filename_size=5, batch_weight_size=5, num_collection_passes=1 to void (__thiscall artm::core::MasterComponent::*)(class artm::FitOfflineMasterModelArgs const &)
I0904 13:12:15.706966   796 master_component.cc:942] ProcessBatchesArgs: nwt_target_name=nwt, batch_filename_size=5, batch_size=0, batch_weight_size=5, pwt_source_name=pwt, num_document_passes=1, regularizer=(name:SparsePhi, tau:-100), class=(text:1), reuse_theta=yes, opt_for_avx=yes, predict_class_id=
I0904 13:12:15.760380 10996 processor.cc:746] Processor: start processing batch 6e166427-4b9c-4044-9c5e-bf0bd5721cca into model nwt
I0904 13:12:15.760380  9676 processor.cc:746] Processor: start processing batch 8b069d34-9f20-4d0d-a163-bdb90c30a142 into model nwt
I0904 13:12:15.760380  3808 processor.cc:746] Processor: start processing batch 937ec9d9-3d7a-4971-a9f1-ee4b2c117e76 into model nwt
I0904 13:12:15.760380  6748 processor.cc:746] Processor: start processing batch 93186bab-8a74-4bc6-8255-ec7c39be4a9b into model nwt
I0904 13:12:15.828418  9676 processor.cc:842] Processor: complete processing batch 8b069d34-9f20-4d0d-a163-bdb90c30a142 into model nwt
I0904 13:12:15.828418 10996 processor.cc:842] Processor: complete processing batch 6e166427-4b9c-4044-9c5e-bf0bd5721cca into model nwt
I0904 13:12:15.828418  9676 cuckoo_watch.h:44] 68ms in ProcessBatch(D:\Coursera\Notebooks\education notebooks\thematic modeling\school_batches\aaaaaa.batch) [including 0ms in LoadMessage; 11ms in InitializeSparseNdw; 24ms in InferThetaAndUpdateNwtSparse; 16ms in CalculateScore(PerplexityScore); 15ms in CalculateScore(SparsityThetaScore); ]
I0904 13:12:15.828418  3808 processor.cc:842] Processor: complete processing batch 937ec9d9-3d7a-4971-a9f1-ee4b2c117e76 into model nwt
I0904 13:12:15.828418 10996 cuckoo_watch.h:44] 68ms in ProcessBatch(D:\Coursera\Notebooks\education notebooks\thematic modeling\school_batches\aaaaac.batch) [including 0ms in LoadMessage; 11ms in InitializeSparseNdw; 25ms in InferThetaAndUpdateNwtSparse; 15ms in CalculateScore(PerplexityScore); 15ms in CalculateScore(SparsityThetaScore); ]
I0904 13:12:15.828418  3808 cuckoo_watch.h:44] 68ms in ProcessBatch(D:\Coursera\Notebooks\education notebooks\thematic modeling\school_batches\aaaaad.batch) [including 0ms in LoadMessage; 11ms in InitializeSparseNdw; 25ms in InferThetaAndUpdateNwtSparse; 15ms in CalculateScore(PerplexityScore); 15ms in CalculateScore(SparsityThetaScore); ]
I0904 13:12:15.828418  9676 processor.cc:746] Processor: start processing batch 506a45f2-66ba-4b4f-bbae-f4bf5f4b1f7c into model nwt
I0904 13:12:15.828418  6748 processor.cc:842] Processor: complete processing batch 93186bab-8a74-4bc6-8255-ec7c39be4a9b into model nwt
I0904 13:12:15.844043  6748 cuckoo_watch.h:44] 83ms in ProcessBatch(D:\Coursera\Notebooks\education notebooks\thematic modeling\school_batches\aaaaab.batch) [including 0ms in LoadMessage; 4ms in InitializeSparseNdw; 17ms in InferThetaAndUpdateNwtSparse; 31ms in CalculateScore(PerplexityScore); 0ms in CalculateScore(SparsityThetaScore); ]
I0904 13:12:15.876304  9676 processor.cc:842] Processor: complete processing batch 506a45f2-66ba-4b4f-bbae-f4bf5f4b1f7c into model nwt
I0904 13:12:15.876304  9676 cuckoo_watch.h:44] 47ms in ProcessBatch(D:\Coursera\Notebooks\education notebooks\thematic modeling\school_batches\aaaaae.batch) [including 0ms in LoadMessage; 0ms in InitializeSparseNdw; 16ms in InferThetaAndUpdateNwtSparse; 15ms in CalculateScore(PerplexityScore); 15ms in CalculateScore(SparsityThetaScore); ]
I0904 13:12:15.891930   796 master_component.cc:980] RegularizeModelArgs: rwt_target_name=rwt, pwt_source_name=pwt, nwt_source_name=nwt
I0904 13:12:15.891930   796 master_component.cc:590] MasterComponent: start regularizing model pwt
I0904 13:12:15.945325   796 master_component.cc:613] MasterComponent: complete regularizing model pwt
I0904 13:12:15.945325   796 master_component.cc:991] NormalizeModelArgs: pwt_target_name=pwt, nwt_source_name=nwt, rwt_source_name=rwt
I0904 13:12:15.945325   796 master_component.cc:617] MasterComponent: start normalizing model nwt
I0904 13:12:15.976577   796 master_component.cc:639] MasterComponent: complete normalizing model nwt
I0904 13:12:16.016033  3808 processor.cc:662] No data in processing queue, waiting...
I0904 13:12:16.016033 10996 processor.cc:662] No data in processing queue, waiting...
I0904 13:12:16.017033  6748 processor.cc:662] No data in processing queue, waiting...
I0904 13:12:16.019035  9676 processor.cc:662] No data in processing queue, waiting...
I0904 13:12:16.045562   796 master_component.cc:1015] DisposeModel rwt
I0904 13:12:17.919379   796 c_interface.cc:180] ArtmCopyRequestedMessage is copying 208416 bytes...
I0904 13:12:18.117384   796 c_interface.cc:180] ArtmCopyRequestedMessage is copying 208416 bytes...
I0904 13:12:18.292474   796 c_interface.cc:180] ArtmCopyRequestedMessage is copying 208416 bytes...
I0904 13:12:18.477386   796 c_interface.cc:180] ArtmCopyRequestedMessage is copying 208416 bytes...
I0904 13:12:18.646594   796 c_interface.cc:180] ArtmCopyRequestedMessage is copying 208416 bytes...
I0904 13:12:18.824992   796 c_interface.cc:180] ArtmCopyRequestedMessage is copying 208416 bytes...
I0904 13:12:18.994115   796 c_interface.cc:180] ArtmCopyRequestedMessage is copying 208416 bytes...
I0904 13:12:19.185348   796 c_interface.cc:180] ArtmCopyRequestedMessage is copying 208416 bytes...
I0904 13:12:19.379639   796 c_interface.cc:180] ArtmCopyRequestedMessage is copying 208416 bytes...
I0904 13:12:19.563657   796 c_interface.cc:180] ArtmCopyRequestedMessage is copying 208416 bytes...
I0904 13:12:22.275184   796 c_interface.cc:180] ArtmCopyRequestedMessage is copying 2238 bytes...
I0904 13:12:22.280187   796 c_interface.cc:180] ArtmCopyRequestedMessage is copying 2225 bytes...
I0904 13:12:28.348201   796 c_interface.cc:332] Pass MasterModelConfig: topic_name_size=10, class=(text:1), score_config_size=4, num_processors=0, pwt_name=pwt, nwt_name=nwt, num_document_passes=1, regularizer=(SparsePhi:-50000), reuse_theta=yes, cache_theta=yes, opt_for_avx=yes, disk_cache_path to void (__thiscall artm::core::MasterComponent::*)(class artm::MasterModelConfig const &)
I0904 13:12:28.348201   796 instance.cc:358] MasterModelConfig.processors_count is automatically set to 4
I0904 13:12:28.348201   796 perplexity.cc:24] Perplexity score calculator created: model_type=1, dictionary_name=dictionary
I0904 13:12:28.348201   796 instance.cc:213] Regularizer 'SparsePhi' was cold-reconfigured
I0904 13:12:28.802420   796 c_interface.cc:332] Pass FitOfflineMasterModelArgs, batch_filename_size=5, batch_weight_size=5, num_collection_passes=1 to void (__thiscall artm::core::MasterComponent::*)(class artm::FitOfflineMasterModelArgs const &)
