I0904 13:52:04.053797 12092 processor.cc:842] Processor: complete processing batch 8a1ec9c1-b2c1-4ad9-aba5-448ad9660116 into model nwt
I0904 13:52:04.057299 12092 cuckoo_watch.h:44] 824ms in ProcessBatch(D:\Coursera\Notebooks\homeworks\MyHW\3-4\lectures_batches\aaaaab.batch) [including 29ms in LoadMessage; 46ms in InitializeSparseNdw; 744ms in InferThetaAndUpdateNwtSparse; ]
I0904 13:52:04.072932  6136 master_component.cc:980] RegularizeModelArgs: rwt_target_name=rwt, pwt_source_name=pwt, nwt_source_name=nwt
I0904 13:52:04.072932  6136 master_component.cc:590] MasterComponent: start regularizing model pwt
I0904 13:52:04.188838  6136 master_component.cc:613] MasterComponent: complete regularizing model pwt
I0904 13:52:04.188838  6136 master_component.cc:991] NormalizeModelArgs: pwt_target_name=pwt, nwt_source_name=nwt, rwt_source_name=rwt
I0904 13:52:04.188838  6136 master_component.cc:617] MasterComponent: start normalizing model nwt
I0904 13:52:04.273475  6136 master_component.cc:639] MasterComponent: complete normalizing model nwt
I0904 13:52:04.338924 12092 processor.cc:662] No data in processing queue, waiting...
I0904 13:52:04.726399  6136 master_component.cc:1015] DisposeModel rwt
I0904 13:52:04.726399  6136 c_interface.cc:332] Pass FitOfflineMasterModelArgs, batch_filename_size=2, batch_weight_size=2, num_collection_passes=1 to void (__thiscall artm::core::MasterComponent::*)(class artm::FitOfflineMasterModelArgs const &)
I0904 13:52:04.726399  6136 master_component.cc:942] ProcessBatchesArgs: nwt_target_name=nwt, batch_filename_size=2, batch_size=0, batch_weight_size=2, pwt_source_name=pwt, num_document_passes=10, regularizer=(name:SparsePhi, tau:100000), class=(text:1), class=(author:1), reuse_theta=no, opt_for_avx=yes, predict_class_id=
I0904 13:52:04.804553 12092 processor.cc:669] Processing queue has data, processing started
I0904 13:52:04.804553 11552 processor.cc:669] Processing queue has data, processing started
I0904 13:52:04.820164 12092 processor.cc:746] Processor: start processing batch 065644bc-681a-4ff8-bf25-d14331c37b13 into model nwt
I0904 13:52:04.836975 11552 processor.cc:746] Processor: start processing batch 8a1ec9c1-b2c1-4ad9-aba5-448ad9660116 into model nwt
I0904 13:52:05.205477 12092 processor.cc:842] Processor: complete processing batch 065644bc-681a-4ff8-bf25-d14331c37b13 into model nwt
I0904 13:52:05.205477 12092 cuckoo_watch.h:44] 400ms in ProcessBatch(D:\Coursera\Notebooks\homeworks\MyHW\3-4\lectures_batches\aaaaaa.batch) [including 15ms in LoadMessage; 16ms in InitializeSparseNdw; 368ms in InferThetaAndUpdateNwtSparse; ]
I0904 13:52:05.285536 12092 processor.cc:662] No data in processing queue, waiting...
I0904 13:52:05.621690 11552 processor.cc:842] Processor: complete processing batch 8a1ec9c1-b2c1-4ad9-aba5-448ad9660116 into model nwt
I0904 13:52:05.621690 11552 cuckoo_watch.h:44] 817ms in ProcessBatch(D:\Coursera\Notebooks\homeworks\MyHW\3-4\lectures_batches\aaaaab.batch) [including 32ms in LoadMessage; 52ms in InitializeSparseNdw; 732ms in InferThetaAndUpdateNwtSparse; ]
I0904 13:52:05.637329  6136 master_component.cc:980] RegularizeModelArgs: rwt_target_name=rwt, pwt_source_name=pwt, nwt_source_name=nwt
I0904 13:52:05.637329  6136 master_component.cc:590] MasterComponent: start regularizing model pwt
I0904 13:52:05.737586  6136 master_component.cc:613] MasterComponent: complete regularizing model pwt
I0904 13:52:05.737586  6136 master_component.cc:991] NormalizeModelArgs: pwt_target_name=pwt, nwt_source_name=nwt, rwt_source_name=rwt
I0904 13:52:05.737586  6136 master_component.cc:617] MasterComponent: start normalizing model nwt
I0904 13:52:05.801457 11552 processor.cc:662] No data in processing queue, waiting...
I0904 13:52:05.850999  6136 master_component.cc:639] MasterComponent: complete normalizing model nwt
I0904 13:52:06.260242  6136 master_component.cc:1015] DisposeModel rwt
I0904 13:52:06.260242  6136 c_interface.cc:332] Pass FitOfflineMasterModelArgs, batch_filename_size=2, batch_weight_size=2, num_collection_passes=1 to void (__thiscall artm::core::MasterComponent::*)(class artm::FitOfflineMasterModelArgs const &)
I0904 13:52:06.260242  6136 master_component.cc:942] ProcessBatchesArgs: nwt_target_name=nwt, batch_filename_size=2, batch_size=0, batch_weight_size=2, pwt_source_name=pwt, num_document_passes=10, regularizer=(name:SparsePhi, tau:100000), class=(text:1), class=(author:1), reuse_theta=no, opt_for_avx=yes, predict_class_id=
I0904 13:52:06.322762  2608 processor.cc:669] Processing queue has data, processing started
I0904 13:52:06.322762 12092 processor.cc:669] Processing queue has data, processing started
I0904 13:52:06.338372 12092 processor.cc:746] Processor: start processing batch 065644bc-681a-4ff8-bf25-d14331c37b13 into model nwt
I0904 13:52:06.360513  2608 processor.cc:746] Processor: start processing batch 8a1ec9c1-b2c1-4ad9-aba5-448ad9660116 into model nwt
I0904 13:52:06.707986 12092 processor.cc:842] Processor: complete processing batch 065644bc-681a-4ff8-bf25-d14331c37b13 into model nwt
I0904 13:52:06.707986 12092 cuckoo_watch.h:44] 385ms in ProcessBatch(D:\Coursera\Notebooks\homeworks\MyHW\3-4\lectures_batches\aaaaaa.batch) [including 15ms in LoadMessage; 22ms in InitializeSparseNdw; 347ms in InferThetaAndUpdateNwtSparse; ]
I0904 13:52:06.903364 12092 processor.cc:662] No data in processing queue, waiting...
I0904 13:52:07.108834  2608 processor.cc:842] Processor: complete processing batch 8a1ec9c1-b2c1-4ad9-aba5-448ad9660116 into model nwt
I0904 13:52:07.124461  2608 cuckoo_watch.h:44] 801ms in ProcessBatch(D:\Coursera\Notebooks\homeworks\MyHW\3-4\lectures_batches\aaaaab.batch) [including 35ms in LoadMessage; 57ms in InitializeSparseNdw; 691ms in InferThetaAndUpdateNwtSparse; ]
I0904 13:52:07.140103  6136 master_component.cc:980] RegularizeModelArgs: rwt_target_name=rwt, pwt_source_name=pwt, nwt_source_name=nwt
I0904 13:52:07.140103  6136 master_component.cc:590] MasterComponent: start regularizing model pwt
I0904 13:52:07.278168  6136 master_component.cc:613] MasterComponent: complete regularizing model pwt
I0904 13:52:07.278168  6136 master_component.cc:991] NormalizeModelArgs: pwt_target_name=pwt, nwt_source_name=nwt, rwt_source_name=rwt
I0904 13:52:07.278168  6136 master_component.cc:617] MasterComponent: start normalizing model nwt
I0904 13:52:07.362808  6136 master_component.cc:639] MasterComponent: complete normalizing model nwt
I0904 13:52:07.426697  2608 processor.cc:662] No data in processing queue, waiting...
I0904 13:52:07.779186  6136 master_component.cc:1015] DisposeModel rwt
I0904 13:52:07.779186  6136 c_interface.cc:332] Pass FitOfflineMasterModelArgs, batch_filename_size=2, batch_weight_size=2, num_collection_passes=1 to void (__thiscall artm::core::MasterComponent::*)(class artm::FitOfflineMasterModelArgs const &)
I0904 13:52:07.779186  6136 master_component.cc:942] ProcessBatchesArgs: nwt_target_name=nwt, batch_filename_size=2, batch_size=0, batch_weight_size=2, pwt_source_name=pwt, num_document_passes=10, regularizer=(name:SparsePhi, tau:100000), class=(text:1), class=(author:1), reuse_theta=no, opt_for_avx=yes, predict_class_id=
I0904 13:52:07.857327 12092 processor.cc:669] Processing queue has data, processing started
I0904 13:52:07.857327 11552 processor.cc:669] Processing queue has data, processing started
I0904 13:52:07.895103 12092 processor.cc:746] Processor: start processing batch 065644bc-681a-4ff8-bf25-d14331c37b13 into model nwt
I0904 13:52:07.926357 11552 processor.cc:746] Processor: start processing batch 8a1ec9c1-b2c1-4ad9-aba5-448ad9660116 into model nwt
I0904 13:52:08.295531 12092 processor.cc:842] Processor: complete processing batch 065644bc-681a-4ff8-bf25-d14331c37b13 into model nwt
I0904 13:52:08.311161 12092 cuckoo_watch.h:44] 453ms in ProcessBatch(D:\Coursera\Notebooks\homeworks\MyHW\3-4\lectures_batches\aaaaaa.batch) [including 22ms in LoadMessage; 31ms in InitializeSparseNdw; 369ms in InferThetaAndUpdateNwtSparse; ]
I0904 13:52:08.491664 12092 processor.cc:662] No data in processing queue, waiting...
I0904 13:52:08.696446 11552 processor.cc:842] Processor: complete processing batch 8a1ec9c1-b2c1-4ad9-aba5-448ad9660116 into model nwt
I0904 13:52:08.712069 11552 cuckoo_watch.h:44] 854ms in ProcessBatch(D:\Coursera\Notebooks\homeworks\MyHW\3-4\lectures_batches\aaaaab.batch) [including 69ms in LoadMessage; 60ms in InitializeSparseNdw; 709ms in InferThetaAndUpdateNwtSparse; ]
I0904 13:52:08.727707  6136 master_component.cc:980] RegularizeModelArgs: rwt_target_name=rwt, pwt_source_name=pwt, nwt_source_name=nwt
I0904 13:52:08.727707  6136 master_component.cc:590] MasterComponent: start regularizing model pwt
I0904 13:52:08.827963  6136 master_component.cc:613] MasterComponent: complete regularizing model pwt
I0904 13:52:08.827963  6136 master_component.cc:991] NormalizeModelArgs: pwt_target_name=pwt, nwt_source_name=nwt, rwt_source_name=rwt
I0904 13:52:08.827963  6136 master_component.cc:617] MasterComponent: start normalizing model nwt
I0904 13:52:08.928241  6136 master_component.cc:639] MasterComponent: complete normalizing model nwt
I0904 13:52:09.014346 11552 processor.cc:662] No data in processing queue, waiting...
I0904 13:52:09.327373  6136 master_component.cc:1015] DisposeModel rwt
I0904 13:52:09.343003  6136 c_interface.cc:332] Pass FitOfflineMasterModelArgs, batch_filename_size=2, batch_weight_size=2, num_collection_passes=1 to void (__thiscall artm::core::MasterComponent::*)(class artm::FitOfflineMasterModelArgs const &)
I0904 13:52:09.343003  6136 master_component.cc:942] ProcessBatchesArgs: nwt_target_name=nwt, batch_filename_size=2, batch_size=0, batch_weight_size=2, pwt_source_name=pwt, num_document_passes=10, regularizer=(name:SparsePhi, tau:100000), class=(text:1), class=(author:1), reuse_theta=no, opt_for_avx=yes, predict_class_id=
I0904 13:52:09.413530  2608 processor.cc:669] Processing queue has data, processing started
I0904 13:52:09.413530 11552 processor.cc:669] Processing queue has data, processing started
I0904 13:52:09.429142 11552 processor.cc:746] Processor: start processing batch 065644bc-681a-4ff8-bf25-d14331c37b13 into model nwt
I0904 13:52:09.444766  2608 processor.cc:746] Processor: start processing batch 8a1ec9c1-b2c1-4ad9-aba5-448ad9660116 into model nwt
I0904 13:52:09.814330 11552 processor.cc:842] Processor: complete processing batch 065644bc-681a-4ff8-bf25-d14331c37b13 into model nwt
I0904 13:52:09.814330 11552 cuckoo_watch.h:44] 400ms in ProcessBatch(D:\Coursera\Notebooks\homeworks\MyHW\3-4\lectures_batches\aaaaaa.batch) [including 15ms in LoadMessage; 15ms in InitializeSparseNdw; 369ms in InferThetaAndUpdateNwtSparse; ]
I0904 13:52:10.089218 11552 processor.cc:662] No data in processing queue, waiting...
I0904 13:52:10.217517  2608 processor.cc:842] Processor: complete processing batch 8a1ec9c1-b2c1-4ad9-aba5-448ad9660116 into model nwt
I0904 13:52:10.217517  2608 cuckoo_watch.h:44] 803ms in ProcessBatch(D:\Coursera\Notebooks\homeworks\MyHW\3-4\lectures_batches\aaaaab.batch) [including 31ms in LoadMessage; 53ms in InitializeSparseNdw; 719ms in InferThetaAndUpdateNwtSparse; ]
I0904 13:52:10.233158  6136 master_component.cc:980] RegularizeModelArgs: rwt_target_name=rwt, pwt_source_name=pwt, nwt_source_name=nwt
I0904 13:52:10.233158  6136 master_component.cc:590] MasterComponent: start regularizing model pwt
I0904 13:52:10.346549  6136 master_component.cc:613] MasterComponent: complete regularizing model pwt
I0904 13:52:10.346549  6136 master_component.cc:991] NormalizeModelArgs: pwt_target_name=pwt, nwt_source_name=nwt, rwt_source_name=rwt
I0904 13:52:10.346549  6136 master_component.cc:617] MasterComponent: start normalizing model nwt
I0904 13:52:10.431198  6136 master_component.cc:639] MasterComponent: complete normalizing model nwt
I0904 13:52:10.531467  2608 processor.cc:662] No data in processing queue, waiting...
I0904 13:52:10.847754  6136 master_component.cc:1015] DisposeModel rwt
I0904 13:52:10.847754  6136 c_interface.cc:332] Pass FitOfflineMasterModelArgs, batch_filename_size=2, batch_weight_size=2, num_collection_passes=1 to void (__thiscall artm::core::MasterComponent::*)(class artm::FitOfflineMasterModelArgs const &)
I0904 13:52:10.847754  6136 master_component.cc:942] ProcessBatchesArgs: nwt_target_name=nwt, batch_filename_size=2, batch_size=0, batch_weight_size=2, pwt_source_name=pwt, num_document_passes=10, regularizer=(name:SparsePhi, tau:100000), class=(text:1), class=(author:1), reuse_theta=no, opt_for_avx=yes, predict_class_id=
I0904 13:52:10.916777  3476 processor.cc:669] Processing queue has data, processing started
I0904 13:52:10.916777 12092 processor.cc:669] Processing queue has data, processing started
I0904 13:52:10.932400 12092 processor.cc:746] Processor: start processing batch 065644bc-681a-4ff8-bf25-d14331c37b13 into model nwt
I0904 13:52:10.948031  3476 processor.cc:746] Processor: start processing batch 8a1ec9c1-b2c1-4ad9-aba5-448ad9660116 into model nwt
I0904 13:52:11.301923 12092 processor.cc:842] Processor: complete processing batch 065644bc-681a-4ff8-bf25-d14331c37b13 into model nwt
I0904 13:52:11.301923 12092 cuckoo_watch.h:44] 385ms in ProcessBatch(D:\Coursera\Notebooks\homeworks\MyHW\3-4\lectures_batches\aaaaaa.batch) [including 15ms in LoadMessage; 32ms in InitializeSparseNdw; 336ms in InferThetaAndUpdateNwtSparse; ]
I0904 13:52:11.618373 12092 processor.cc:662] No data in processing queue, waiting...
I0904 13:52:11.699838  3476 processor.cc:842] Processor: complete processing batch 8a1ec9c1-b2c1-4ad9-aba5-448ad9660116 into model nwt
I0904 13:52:11.715464  3476 cuckoo_watch.h:44] 798ms in ProcessBatch(D:\Coursera\Notebooks\homeworks\MyHW\3-4\lectures_batches\aaaaab.batch) [including 31ms in LoadMessage; 53ms in InitializeSparseNdw; 698ms in InferThetaAndUpdateNwtSparse; ]
I0904 13:52:11.731091  6136 master_component.cc:980] RegularizeModelArgs: rwt_target_name=rwt, pwt_source_name=pwt, nwt_source_name=nwt
I0904 13:52:11.731091  6136 master_component.cc:590] MasterComponent: start regularizing model pwt
I0904 13:52:11.834369  6136 master_component.cc:613] MasterComponent: complete regularizing model pwt
I0904 13:52:11.834369  6136 master_component.cc:991] NormalizeModelArgs: pwt_target_name=pwt, nwt_source_name=nwt, rwt_source_name=rwt
I0904 13:52:11.834369  6136 master_component.cc:617] MasterComponent: start normalizing model nwt
I0904 13:52:11.919013  6136 master_component.cc:639] MasterComponent: complete normalizing model nwt
I0904 13:52:12.034910  3476 processor.cc:662] No data in processing queue, waiting...
I0904 13:52:12.335623  6136 master_component.cc:1015] DisposeModel rwt
I0904 13:52:12.335623  6136 c_interface.cc:332] Pass FitOfflineMasterModelArgs, batch_filename_size=2, batch_weight_size=2, num_collection_passes=1 to void (__thiscall artm::core::MasterComponent::*)(class artm::FitOfflineMasterModelArgs const &)
I0904 13:52:12.335623  6136 master_component.cc:942] ProcessBatchesArgs: nwt_target_name=nwt, batch_filename_size=2, batch_size=0, batch_weight_size=2, pwt_source_name=pwt, num_document_passes=10, regularizer=(name:SparsePhi, tau:100000), class=(text:1), class=(author:1), reuse_theta=no, opt_for_avx=yes, predict_class_id=
I0904 13:52:12.404652  3476 processor.cc:669] Processing queue has data, processing started
I0904 13:52:12.404652 12092 processor.cc:669] Processing queue has data, processing started
I0904 13:52:12.420262 12092 processor.cc:746] Processor: start processing batch 065644bc-681a-4ff8-bf25-d14331c37b13 into model nwt
I0904 13:52:12.435889  3476 processor.cc:746] Processor: start processing batch 8a1ec9c1-b2c1-4ad9-aba5-448ad9660116 into model nwt
I0904 13:52:12.801890 12092 processor.cc:842] Processor: complete processing batch 065644bc-681a-4ff8-bf25-d14331c37b13 into model nwt
I0904 13:52:12.801890 12092 cuckoo_watch.h:44] 397ms in ProcessBatch(D:\Coursera\Notebooks\homeworks\MyHW\3-4\lectures_batches\aaaaaa.batch) [including 15ms in LoadMessage; 15ms in InitializeSparseNdw; 366ms in InferThetaAndUpdateNwtSparse; ]
I0904 13:52:13.121338 12092 processor.cc:662] No data in processing queue, waiting...
I0904 13:52:13.190364  3476 processor.cc:842] Processor: complete processing batch 8a1ec9c1-b2c1-4ad9-aba5-448ad9660116 into model nwt
I0904 13:52:13.190364  3476 cuckoo_watch.h:44] 785ms in ProcessBatch(D:\Coursera\Notebooks\homeworks\MyHW\3-4\lectures_batches\aaaaab.batch) [including 31ms in LoadMessage; 37ms in InitializeSparseNdw; 716ms in InferThetaAndUpdateNwtSparse; ]
I0904 13:52:13.205998  6136 master_component.cc:980] RegularizeModelArgs: rwt_target_name=rwt, pwt_source_name=pwt, nwt_source_name=nwt
I0904 13:52:13.205998  6136 master_component.cc:590] MasterComponent: start regularizing model pwt
I0904 13:52:13.243821  3476 processor.cc:662] No data in processing queue, waiting...
I0904 13:52:13.319161  6136 master_component.cc:613] MasterComponent: complete regularizing model pwt
I0904 13:52:13.319161  6136 master_component.cc:991] NormalizeModelArgs: pwt_target_name=pwt, nwt_source_name=nwt, rwt_source_name=rwt
I0904 13:52:13.319161  6136 master_component.cc:617] MasterComponent: start normalizing model nwt
I0904 13:52:13.406307  6136 master_component.cc:639] MasterComponent: complete normalizing model nwt
I0904 13:52:13.824833  6136 master_component.cc:1015] DisposeModel rwt
I0904 13:52:13.834838  6136 c_interface.cc:332] Pass FitOfflineMasterModelArgs, batch_filename_size=2, batch_weight_size=2, num_collection_passes=1 to void (__thiscall artm::core::MasterComponent::*)(class artm::FitOfflineMasterModelArgs const &)
I0904 13:52:13.834838  6136 master_component.cc:942] ProcessBatchesArgs: nwt_target_name=nwt, batch_filename_size=2, batch_size=0, batch_weight_size=2, pwt_source_name=pwt, num_document_passes=10, regularizer=(name:SparsePhi, tau:100000), class=(text:1), class=(author:1), reuse_theta=no, opt_for_avx=yes, predict_class_id=
I0904 13:52:13.891309  3476 processor.cc:669] Processing queue has data, processing started
I0904 13:52:13.891309 11552 processor.cc:669] Processing queue has data, processing started
I0904 13:52:13.906919  3476 processor.cc:746] Processor: start processing batch 065644bc-681a-4ff8-bf25-d14331c37b13 into model nwt
I0904 13:52:13.922545 11552 processor.cc:746] Processor: start processing batch 8a1ec9c1-b2c1-4ad9-aba5-448ad9660116 into model nwt
I0904 13:52:14.276744  3476 processor.cc:842] Processor: complete processing batch 065644bc-681a-4ff8-bf25-d14331c37b13 into model nwt
I0904 13:52:14.276744  3476 cuckoo_watch.h:44] 385ms in ProcessBatch(D:\Coursera\Notebooks\homeworks\MyHW\3-4\lectures_batches\aaaaaa.batch) [including 15ms in LoadMessage; 15ms in InitializeSparseNdw; 354ms in InferThetaAndUpdateNwtSparse; ]
I0904 13:52:14.326174  3476 processor.cc:662] No data in processing queue, waiting...
I0904 13:52:14.677536 11552 processor.cc:842] Processor: complete processing batch 8a1ec9c1-b2c1-4ad9-aba5-448ad9660116 into model nwt
I0904 13:52:14.677536 11552 cuckoo_watch.h:44] 786ms in ProcessBatch(D:\Coursera\Notebooks\homeworks\MyHW\3-4\lectures_batches\aaaaab.batch) [including 31ms in LoadMessage; 69ms in InitializeSparseNdw; 685ms in InferThetaAndUpdateNwtSparse; ]
I0904 13:52:14.693192  6136 master_component.cc:980] RegularizeModelArgs: rwt_target_name=rwt, pwt_source_name=pwt, nwt_source_name=nwt
I0904 13:52:14.693192  6136 master_component.cc:590] MasterComponent: start regularizing model pwt
I0904 13:52:14.809348  6136 master_component.cc:613] MasterComponent: complete regularizing model pwt
I0904 13:52:14.809348  6136 master_component.cc:991] NormalizeModelArgs: pwt_target_name=pwt, nwt_source_name=nwt, rwt_source_name=rwt
I0904 13:52:14.809348  6136 master_component.cc:617] MasterComponent: start normalizing model nwt
I0904 13:52:14.821355 11552 processor.cc:662] No data in processing queue, waiting...
I0904 13:52:14.899446  6136 master_component.cc:639] MasterComponent: complete normalizing model nwt
I0904 13:52:15.294477  6136 master_component.cc:1015] DisposeModel rwt
I0904 13:52:15.310108  6136 c_interface.cc:332] Pass FitOfflineMasterModelArgs, batch_filename_size=2, batch_weight_size=2, num_collection_passes=1 to void (__thiscall artm::core::MasterComponent::*)(class artm::FitOfflineMasterModelArgs const &)
I0904 13:52:15.310108  6136 master_component.cc:942] ProcessBatchesArgs: nwt_target_name=nwt, batch_filename_size=2, batch_size=0, batch_weight_size=2, pwt_source_name=pwt, num_document_passes=10, regularizer=(name:SparsePhi, tau:100000), class=(text:1), class=(author:1), reuse_theta=no, opt_for_avx=yes, predict_class_id=
I0904 13:52:15.365684 12092 processor.cc:669] Processing queue has data, processing started
I0904 13:52:15.365684  3476 processor.cc:669] Processing queue has data, processing started
I0904 13:52:15.398694 12092 processor.cc:746] Processor: start processing batch 065644bc-681a-4ff8-bf25-d14331c37b13 into model nwt
I0904 13:52:15.410698  3476 processor.cc:746] Processor: start processing batch 8a1ec9c1-b2c1-4ad9-aba5-448ad9660116 into model nwt
I0904 13:52:15.741704 12092 processor.cc:842] Processor: complete processing batch 065644bc-681a-4ff8-bf25-d14331c37b13 into model nwt
I0904 13:52:15.741704 12092 cuckoo_watch.h:44] 376ms in ProcessBatch(D:\Coursera\Notebooks\homeworks\MyHW\3-4\lectures_batches\aaaaaa.batch) [including 31ms in LoadMessage; 23ms in InitializeSparseNdw; 320ms in InferThetaAndUpdateNwtSparse; ]
I0904 13:52:15.790467 12092 processor.cc:662] No data in processing queue, waiting...
I0904 13:52:16.142484  3476 processor.cc:842] Processor: complete processing batch 8a1ec9c1-b2c1-4ad9-aba5-448ad9660116 into model nwt
I0904 13:52:16.142484  3476 cuckoo_watch.h:44] 776ms in ProcessBatch(D:\Coursera\Notebooks\homeworks\MyHW\3-4\lectures_batches\aaaaab.batch) [including 43ms in LoadMessage; 48ms in InitializeSparseNdw; 683ms in InferThetaAndUpdateNwtSparse; ]
I0904 13:52:16.158124  6136 master_component.cc:980] RegularizeModelArgs: rwt_target_name=rwt, pwt_source_name=pwt, nwt_source_name=nwt
I0904 13:52:16.158124  6136 master_component.cc:590] MasterComponent: start regularizing model pwt
I0904 13:52:16.213214  3476 processor.cc:662] No data in processing queue, waiting...
I0904 13:52:16.277580  6136 master_component.cc:613] MasterComponent: complete regularizing model pwt
I0904 13:52:16.277580  6136 master_component.cc:991] NormalizeModelArgs: pwt_target_name=pwt, nwt_source_name=nwt, rwt_source_name=rwt
I0904 13:52:16.277580  6136 master_component.cc:617] MasterComponent: start normalizing model nwt
I0904 13:52:16.359330  6136 master_component.cc:639] MasterComponent: complete normalizing model nwt
I0904 13:52:16.758695  6136 master_component.cc:1015] DisposeModel rwt
I0904 13:52:16.780338  6136 c_interface.cc:332] Pass FitOfflineMasterModelArgs, batch_filename_size=2, batch_weight_size=2, num_collection_passes=1 to void (__thiscall artm::core::MasterComponent::*)(class artm::FitOfflineMasterModelArgs const &)
I0904 13:52:16.780338  6136 master_component.cc:942] ProcessBatchesArgs: nwt_target_name=nwt, batch_filename_size=2, batch_size=0, batch_weight_size=2, pwt_source_name=pwt, num_document_passes=10, regularizer=(name:SparsePhi, tau:100000), class=(text:1), class=(author:1), reuse_theta=no, opt_for_avx=yes, predict_class_id=
I0904 13:52:16.842980  2608 processor.cc:669] Processing queue has data, processing started
I0904 13:52:16.842980 12092 processor.cc:669] Processing queue has data, processing started
I0904 13:52:16.858589 12092 processor.cc:746] Processor: start processing batch 065644bc-681a-4ff8-bf25-d14331c37b13 into model nwt
I0904 13:52:16.880731  2608 processor.cc:746] Processor: start processing batch 8a1ec9c1-b2c1-4ad9-aba5-448ad9660116 into model nwt
I0904 13:52:17.232640 12092 processor.cc:842] Processor: complete processing batch 065644bc-681a-4ff8-bf25-d14331c37b13 into model nwt
I0904 13:52:17.232640 12092 cuckoo_watch.h:44] 389ms in ProcessBatch(D:\Coursera\Notebooks\homeworks\MyHW\3-4\lectures_batches\aaaaaa.batch) [including 15ms in LoadMessage; 37ms in InitializeSparseNdw; 336ms in InferThetaAndUpdateNwtSparse; ]
I0904 13:52:17.499701 12092 processor.cc:662] No data in processing queue, waiting...
I0904 13:52:17.633311  2608 processor.cc:842] Processor: complete processing batch 8a1ec9c1-b2c1-4ad9-aba5-448ad9660116 into model nwt
I0904 13:52:17.633311  2608 cuckoo_watch.h:44] 790ms in ProcessBatch(D:\Coursera\Notebooks\homeworks\MyHW\3-4\lectures_batches\aaaaab.batch) [including 37ms in LoadMessage; 62ms in InitializeSparseNdw; 690ms in InferThetaAndUpdateNwtSparse; ]
I0904 13:52:17.648936  6136 master_component.cc:980] RegularizeModelArgs: rwt_target_name=rwt, pwt_source_name=pwt, nwt_source_name=nwt
I0904 13:52:17.648936  6136 master_component.cc:590] MasterComponent: start regularizing model pwt
I0904 13:52:17.749212  6136 master_component.cc:613] MasterComponent: complete regularizing model pwt
I0904 13:52:17.749212  6136 master_component.cc:991] NormalizeModelArgs: pwt_target_name=pwt, nwt_source_name=nwt, rwt_source_name=rwt
I0904 13:52:17.749212  6136 master_component.cc:617] MasterComponent: start normalizing model nwt
I0904 13:52:17.849483  6136 master_component.cc:639] MasterComponent: complete normalizing model nwt
I0904 13:52:17.949764  2608 processor.cc:662] No data in processing queue, waiting...
I0904 13:52:18.251197  6136 master_component.cc:1015] DisposeModel rwt
I0904 13:52:18.266832  6136 c_interface.cc:332] Pass FitOfflineMasterModelArgs, batch_filename_size=2, batch_weight_size=2, num_collection_passes=1 to void (__thiscall artm::core::MasterComponent::*)(class artm::FitOfflineMasterModelArgs const &)
I0904 13:52:18.266832  6136 master_component.cc:942] ProcessBatchesArgs: nwt_target_name=nwt, batch_filename_size=2, batch_size=0, batch_weight_size=2, pwt_source_name=pwt, num_document_passes=10, regularizer=(name:SparsePhi, tau:100000), class=(text:1), class=(author:1), reuse_theta=no, opt_for_avx=yes, predict_class_id=
I0904 13:52:18.334771  3476 processor.cc:669] Processing queue has data, processing started
I0904 13:52:18.334771 12092 processor.cc:669] Processing queue has data, processing started
I0904 13:52:18.350373 12092 processor.cc:746] Processor: start processing batch 065644bc-681a-4ff8-bf25-d14331c37b13 into model nwt
I0904 13:52:18.366001  3476 processor.cc:746] Processor: start processing batch 8a1ec9c1-b2c1-4ad9-aba5-448ad9660116 into model nwt
I0904 13:52:18.704454 12092 processor.cc:842] Processor: complete processing batch 065644bc-681a-4ff8-bf25-d14331c37b13 into model nwt
I0904 13:52:18.720084 12092 cuckoo_watch.h:44] 385ms in ProcessBatch(D:\Coursera\Notebooks\homeworks\MyHW\3-4\lectures_batches\aaaaaa.batch) [including 15ms in LoadMessage; 15ms in InitializeSparseNdw; 338ms in InferThetaAndUpdateNwtSparse; ]
I0904 13:52:19.036535 12092 processor.cc:662] No data in processing queue, waiting...
I0904 13:52:19.116201  3476 processor.cc:842] Processor: complete processing batch 8a1ec9c1-b2c1-4ad9-aba5-448ad9660116 into model nwt
I0904 13:52:19.122325  3476 cuckoo_watch.h:44] 787ms in ProcessBatch(D:\Coursera\Notebooks\homeworks\MyHW\3-4\lectures_batches\aaaaab.batch) [including 31ms in LoadMessage; 37ms in InitializeSparseNdw; 711ms in InferThetaAndUpdateNwtSparse; ]
I0904 13:52:19.137966  6136 master_component.cc:980] RegularizeModelArgs: rwt_target_name=rwt, pwt_source_name=pwt, nwt_source_name=nwt
I0904 13:52:19.137966  6136 master_component.cc:590] MasterComponent: start regularizing model pwt
I0904 13:52:19.252352  6136 master_component.cc:613] MasterComponent: complete regularizing model pwt
I0904 13:52:19.252352  6136 master_component.cc:991] NormalizeModelArgs: pwt_target_name=pwt, nwt_source_name=nwt, rwt_source_name=rwt
I0904 13:52:19.252352  6136 master_component.cc:617] MasterComponent: start normalizing model nwt
I0904 13:52:19.337004  6136 master_component.cc:639] MasterComponent: complete normalizing model nwt
I0904 13:52:19.437278  3476 processor.cc:662] No data in processing queue, waiting...
I0904 13:52:19.737391  6136 master_component.cc:1015] DisposeModel rwt
I0904 13:52:19.753023  6136 c_interface.cc:332] Pass FitOfflineMasterModelArgs, batch_filename_size=2, batch_weight_size=2, num_collection_passes=1 to void (__thiscall artm::core::MasterComponent::*)(class artm::FitOfflineMasterModelArgs const &)
I0904 13:52:19.753023  6136 master_component.cc:942] ProcessBatchesArgs: nwt_target_name=nwt, batch_filename_size=2, batch_size=0, batch_weight_size=2, pwt_source_name=pwt, num_document_passes=10, regularizer=(name:SparsePhi, tau:100000), class=(text:1), class=(author:1), reuse_theta=no, opt_for_avx=yes, predict_class_id=
I0904 13:52:19.822057  3476 processor.cc:669] Processing queue has data, processing started
I0904 13:52:19.822057  2608 processor.cc:669] Processing queue has data, processing started
I0904 13:52:19.837671  3476 processor.cc:746] Processor: start processing batch 065644bc-681a-4ff8-bf25-d14331c37b13 into model nwt
I0904 13:52:19.853299  2608 processor.cc:746] Processor: start processing batch 8a1ec9c1-b2c1-4ad9-aba5-448ad9660116 into model nwt
I0904 13:52:20.207165  3476 processor.cc:842] Processor: complete processing batch 065644bc-681a-4ff8-bf25-d14331c37b13 into model nwt
I0904 13:52:20.207165  3476 cuckoo_watch.h:44] 385ms in ProcessBatch(D:\Coursera\Notebooks\homeworks\MyHW\3-4\lectures_batches\aaaaaa.batch) [including 15ms in LoadMessage; 15ms in InitializeSparseNdw; 353ms in InferThetaAndUpdateNwtSparse; ]
I0904 13:52:20.523627  3476 processor.cc:662] No data in processing queue, waiting...
I0904 13:52:20.606772  2608 processor.cc:842] Processor: complete processing batch 8a1ec9c1-b2c1-4ad9-aba5-448ad9660116 into model nwt
I0904 13:52:20.607770  2608 cuckoo_watch.h:44] 785ms in ProcessBatch(D:\Coursera\Notebooks\homeworks\MyHW\3-4\lectures_batches\aaaaab.batch) [including 31ms in LoadMessage; 69ms in InitializeSparseNdw; 684ms in InferThetaAndUpdateNwtSparse; ]
I0904 13:52:20.623587  6136 master_component.cc:980] RegularizeModelArgs: rwt_target_name=rwt, pwt_source_name=pwt, nwt_source_name=nwt
I0904 13:52:20.623587  6136 master_component.cc:590] MasterComponent: start regularizing model pwt
I0904 13:52:20.688792  2608 processor.cc:662] No data in processing queue, waiting...
I0904 13:52:20.740612  6136 master_component.cc:613] MasterComponent: complete regularizing model pwt
I0904 13:52:20.740612  6136 master_component.cc:991] NormalizeModelArgs: pwt_target_name=pwt, nwt_source_name=nwt, rwt_source_name=rwt
I0904 13:52:20.740612  6136 master_component.cc:617] MasterComponent: start normalizing model nwt
I0904 13:52:20.824246  6136 master_component.cc:639] MasterComponent: complete normalizing model nwt
I0904 13:52:21.234499  6136 master_component.cc:1015] DisposeModel rwt
I0904 13:52:21.239621  6136 c_interface.cc:332] Pass FitOfflineMasterModelArgs, batch_filename_size=2, batch_weight_size=2, num_collection_passes=1 to void (__thiscall artm::core::MasterComponent::*)(class artm::FitOfflineMasterModelArgs const &)
I0904 13:52:21.239621  6136 master_component.cc:942] ProcessBatchesArgs: nwt_target_name=nwt, batch_filename_size=2, batch_size=0, batch_weight_size=2, pwt_source_name=pwt, num_document_passes=10, regularizer=(name:SparsePhi, tau:100000), class=(text:1), class=(author:1), reuse_theta=no, opt_for_avx=yes, predict_class_id=
I0904 13:52:21.302139  3476 processor.cc:669] Processing queue has data, processing started
I0904 13:52:21.302139  2608 processor.cc:669] Processing queue has data, processing started
I0904 13:52:21.325286  3476 processor.cc:746] Processor: start processing batch 065644bc-681a-4ff8-bf25-d14331c37b13 into model nwt
I0904 13:52:21.340916  2608 processor.cc:746] Processor: start processing batch 8a1ec9c1-b2c1-4ad9-aba5-448ad9660116 into model nwt
I0904 13:52:21.688603  3476 processor.cc:842] Processor: complete processing batch 065644bc-681a-4ff8-bf25-d14331c37b13 into model nwt
I0904 13:52:21.707237  3476 cuckoo_watch.h:44] 405ms in ProcessBatch(D:\Coursera\Notebooks\homeworks\MyHW\3-4\lectures_batches\aaaaaa.batch) [including 23ms in LoadMessage; 31ms in InitializeSparseNdw; 332ms in InferThetaAndUpdateNwtSparse; ]
I0904 13:52:21.746691  3476 processor.cc:662] No data in processing queue, waiting...
I0904 13:52:22.089445  2608 processor.cc:842] Processor: complete processing batch 8a1ec9c1-b2c1-4ad9-aba5-448ad9660116 into model nwt
I0904 13:52:22.107580  2608 cuckoo_watch.h:44] 805ms in ProcessBatch(D:\Coursera\Notebooks\homeworks\MyHW\3-4\lectures_batches\aaaaab.batch) [including 38ms in LoadMessage; 46ms in InitializeSparseNdw; 701ms in InferThetaAndUpdateNwtSparse; ]
I0904 13:52:22.127236  6136 master_component.cc:980] RegularizeModelArgs: rwt_target_name=rwt, pwt_source_name=pwt, nwt_source_name=nwt
I0904 13:52:22.127236  6136 master_component.cc:590] MasterComponent: start regularizing model pwt
I0904 13:52:22.227504  6136 master_component.cc:613] MasterComponent: complete regularizing model pwt
I0904 13:52:22.227504  6136 master_component.cc:991] NormalizeModelArgs: pwt_target_name=pwt, nwt_source_name=nwt, rwt_source_name=rwt
I0904 13:52:22.227504  6136 master_component.cc:617] MasterComponent: start normalizing model nwt
I0904 13:52:22.257289  2608 processor.cc:662] No data in processing queue, waiting...
I0904 13:52:22.327460  6136 master_component.cc:639] MasterComponent: complete normalizing model nwt
I0904 13:52:22.728554  6136 master_component.cc:1015] DisposeModel rwt
I0904 13:52:22.728554  6136 c_interface.cc:332] Pass FitOfflineMasterModelArgs, batch_filename_size=2, batch_weight_size=2, num_collection_passes=1 to void (__thiscall artm::core::MasterComponent::*)(class artm::FitOfflineMasterModelArgs const &)
I0904 13:52:22.728554  6136 master_component.cc:942] ProcessBatchesArgs: nwt_target_name=nwt, batch_filename_size=2, batch_size=0, batch_weight_size=2, pwt_source_name=pwt, num_document_passes=10, regularizer=(name:SparsePhi, tau:100000), class=(text:1), class=(author:1), reuse_theta=no, opt_for_avx=yes, predict_class_id=
I0904 13:52:22.792377  2608 processor.cc:669] Processing queue has data, processing started
I0904 13:52:22.792377 12092 processor.cc:669] Processing queue has data, processing started
I0904 13:52:22.819901  2608 processor.cc:746] Processor: start processing batch 065644bc-681a-4ff8-bf25-d14331c37b13 into model nwt
I0904 13:52:22.832016 12092 processor.cc:746] Processor: start processing batch 8a1ec9c1-b2c1-4ad9-aba5-448ad9660116 into model nwt
I0904 13:52:23.160580  2608 processor.cc:842] Processor: complete processing batch 065644bc-681a-4ff8-bf25-d14331c37b13 into model nwt
I0904 13:52:23.160580  2608 cuckoo_watch.h:44] 368ms in ProcessBatch(D:\Coursera\Notebooks\homeworks\MyHW\3-4\lectures_batches\aaaaaa.batch) [including 26ms in LoadMessage; 12ms in InitializeSparseNdw; 328ms in InferThetaAndUpdateNwtSparse; ]
I0904 13:52:23.259521  2608 processor.cc:662] No data in processing queue, waiting...
I0904 13:52:23.560732 12092 processor.cc:842] Processor: complete processing batch 8a1ec9c1-b2c1-4ad9-aba5-448ad9660116 into model nwt
I0904 13:52:23.560732 12092 cuckoo_watch.h:44] 768ms in ProcessBatch(D:\Coursera\Notebooks\homeworks\MyHW\3-4\lectures_batches\aaaaab.batch) [including 39ms in LoadMessage; 46ms in InitializeSparseNdw; 681ms in InferThetaAndUpdateNwtSparse; ]
I0904 13:52:23.576370  6136 master_component.cc:980] RegularizeModelArgs: rwt_target_name=rwt, pwt_source_name=pwt, nwt_source_name=nwt
I0904 13:52:23.576370  6136 master_component.cc:590] MasterComponent: start regularizing model pwt
I0904 13:52:23.677136  6136 master_component.cc:613] MasterComponent: complete regularizing model pwt
I0904 13:52:23.677136  6136 master_component.cc:991] NormalizeModelArgs: pwt_target_name=pwt, nwt_source_name=nwt, rwt_source_name=rwt
I0904 13:52:23.677136  6136 master_component.cc:617] MasterComponent: start normalizing model nwt
I0904 13:52:23.761787  6136 master_component.cc:639] MasterComponent: complete normalizing model nwt
I0904 13:52:23.849789 12092 processor.cc:662] No data in processing queue, waiting...
I0904 13:52:24.177958  6136 master_component.cc:1015] DisposeModel rwt
I0904 13:52:24.177958  6136 c_interface.cc:332] Pass FitOfflineMasterModelArgs, batch_filename_size=2, batch_weight_size=2, num_collection_passes=1 to void (__thiscall artm::core::MasterComponent::*)(class artm::FitOfflineMasterModelArgs const &)
I0904 13:52:24.177958  6136 master_component.cc:942] ProcessBatchesArgs: nwt_target_name=nwt, batch_filename_size=2, batch_size=0, batch_weight_size=2, pwt_source_name=pwt, num_document_passes=10, regularizer=(name:SparsePhi, tau:100000), class=(text:1), class=(author:1), reuse_theta=no, opt_for_avx=yes, predict_class_id=
I0904 13:52:24.246995  3476 processor.cc:669] Processing queue has data, processing started
I0904 13:52:24.246995 12092 processor.cc:669] Processing queue has data, processing started
I0904 13:52:24.263988  3476 processor.cc:746] Processor: start processing batch 065644bc-681a-4ff8-bf25-d14331c37b13 into model nwt
I0904 13:52:24.279618 12092 processor.cc:746] Processor: start processing batch 8a1ec9c1-b2c1-4ad9-aba5-448ad9660116 into model nwt
I0904 13:52:24.647563  3476 processor.cc:842] Processor: complete processing batch 065644bc-681a-4ff8-bf25-d14331c37b13 into model nwt
I0904 13:52:24.647563  3476 cuckoo_watch.h:44] 400ms in ProcessBatch(D:\Coursera\Notebooks\homeworks\MyHW\3-4\lectures_batches\aaaaaa.batch) [including 16ms in LoadMessage; 15ms in InitializeSparseNdw; 367ms in InferThetaAndUpdateNwtSparse; ]
I0904 13:52:24.900455  3476 processor.cc:662] No data in processing queue, waiting...
I0904 13:52:25.063824 12092 processor.cc:842] Processor: complete processing batch 8a1ec9c1-b2c1-4ad9-aba5-448ad9660116 into model nwt
I0904 13:52:25.063824 12092 cuckoo_watch.h:44] 816ms in ProcessBatch(D:\Coursera\Notebooks\homeworks\MyHW\3-4\lectures_batches\aaaaab.batch) [including 32ms in LoadMessage; 36ms in InitializeSparseNdw; 747ms in InferThetaAndUpdateNwtSparse; ]
I0904 13:52:25.079473  6136 master_component.cc:980] RegularizeModelArgs: rwt_target_name=rwt, pwt_source_name=pwt, nwt_source_name=nwt
I0904 13:52:25.079473  6136 master_component.cc:590] MasterComponent: start regularizing model pwt
I0904 13:52:25.179734  6136 master_component.cc:613] MasterComponent: complete regularizing model pwt
I0904 13:52:25.179734  6136 master_component.cc:991] NormalizeModelArgs: pwt_target_name=pwt, nwt_source_name=nwt, rwt_source_name=rwt
I0904 13:52:25.179734  6136 master_component.cc:617] MasterComponent: start normalizing model nwt
I0904 13:52:25.264387  6136 master_component.cc:639] MasterComponent: complete normalizing model nwt
I0904 13:52:25.380288 12092 processor.cc:662] No data in processing queue, waiting...
I0904 13:52:25.680902  6136 master_component.cc:1015] DisposeModel rwt
I0904 14:07:05.320196  6136 c_interface.cc:332] Pass MasterModelConfig: topic_name_size=30, class=(text:1), class=(author:1), score_config_size=2, num_processors=0, pwt_name=pwt, nwt_name=nwt, num_document_passes=10, regularizer=(SparsePhi:100000), regularizer=(NegSparsePhi:-100000), reuse_theta=no, cache_theta=no, opt_for_avx=yes, disk_cache_path to void (__thiscall artm::core::MasterComponent::*)(class artm::MasterModelConfig const &)
I0904 14:07:05.320196  6136 instance.cc:358] MasterModelConfig.processors_count is automatically set to 4
I0904 14:07:05.320196  6136 instance.cc:213] Regularizer 'SparsePhi' was cold-reconfigured
I0904 14:07:05.320196  6136 instance.cc:213] Regularizer 'NegSparsePhi' was cold-reconfigured
I0904 14:07:29.469189  6136 c_interface.cc:332] Pass FitOfflineMasterModelArgs, batch_filename_size=2, batch_weight_size=2, num_collection_passes=1 to void (__thiscall artm::core::MasterComponent::*)(class artm::FitOfflineMasterModelArgs const &)
I0904 14:07:29.469189  6136 master_component.cc:942] ProcessBatchesArgs: nwt_target_name=nwt, batch_filename_size=2, batch_size=0, batch_weight_size=2, pwt_source_name=pwt, num_document_passes=10, regularizer=(name:SparsePhi, tau:100000), regularizer=(name:NegSparsePhi, tau:-100000), class=(text:1), class=(author:1), reuse_theta=no, opt_for_avx=yes, predict_class_id=
I0904 14:07:29.538744  2608 processor.cc:669] Processing queue has data, processing started
I0904 14:07:29.538744  3476 processor.cc:669] Processing queue has data, processing started
I0904 14:07:29.582777  3476 processor.cc:746] Processor: start processing batch 065644bc-681a-4ff8-bf25-d14331c37b13 into model nwt
I0904 14:07:29.595801  2608 processor.cc:746] Processor: start processing batch 8a1ec9c1-b2c1-4ad9-aba5-448ad9660116 into model nwt
I0904 14:07:29.970554  3476 processor.cc:842] Processor: complete processing batch 065644bc-681a-4ff8-bf25-d14331c37b13 into model nwt
I0904 14:07:29.970554  3476 cuckoo_watch.h:44] 431ms in ProcessBatch(D:\Coursera\Notebooks\homeworks\MyHW\3-4\lectures_batches\aaaaaa.batch) [including 42ms in LoadMessage; 27ms in InitializeSparseNdw; 360ms in InferThetaAndUpdateNwtSparse; ]
I0904 14:07:30.286994  3476 processor.cc:662] No data in processing queue, waiting...
I0904 14:07:30.389255  2608 processor.cc:842] Processor: complete processing batch 8a1ec9c1-b2c1-4ad9-aba5-448ad9660116 into model nwt
I0904 14:07:30.398268  2608 cuckoo_watch.h:44] 859ms in ProcessBatch(D:\Coursera\Notebooks\homeworks\MyHW\3-4\lectures_batches\aaaaab.batch) [including 55ms in LoadMessage; 44ms in InitializeSparseNdw; 748ms in InferThetaAndUpdateNwtSparse; ]
I0904 14:07:30.399272  6136 master_component.cc:980] RegularizeModelArgs: rwt_target_name=rwt, pwt_source_name=pwt, nwt_source_name=nwt
I0904 14:07:30.399272  6136 master_component.cc:590] MasterComponent: start regularizing model pwt
I0904 14:07:30.418948  2608 processor.cc:662] No data in processing queue, waiting...
I0904 14:07:30.524827  6136 master_component.cc:613] MasterComponent: complete regularizing model pwt
I0904 14:07:30.524827  6136 master_component.cc:991] NormalizeModelArgs: pwt_target_name=pwt, nwt_source_name=nwt, rwt_source_name=rwt
I0904 14:07:30.524827  6136 master_component.cc:617] MasterComponent: start normalizing model nwt
I0904 14:07:30.637961  6136 master_component.cc:639] MasterComponent: complete normalizing model nwt
I0904 14:07:31.056321  6136 master_component.cc:1015] DisposeModel rwt
I0904 14:07:31.056321  6136 c_interface.cc:332] Pass FitOfflineMasterModelArgs, batch_filename_size=2, batch_weight_size=2, num_collection_passes=1 to void (__thiscall artm::core::MasterComponent::*)(class artm::FitOfflineMasterModelArgs const &)
I0904 14:07:31.056321  6136 master_component.cc:942] ProcessBatchesArgs: nwt_target_name=nwt, batch_filename_size=2, batch_size=0, batch_weight_size=2, pwt_source_name=pwt, num_document_passes=10, regularizer=(name:SparsePhi, tau:100000), regularizer=(name:NegSparsePhi, tau:-100000), class=(text:1), class=(author:1), reuse_theta=no, opt_for_avx=yes, predict_class_id=
I0904 14:07:31.125118 11552 processor.cc:669] Processing queue has data, processing started
I0904 14:07:31.125118  2608 processor.cc:669] Processing queue has data, processing started
I0904 14:07:31.153472 11552 processor.cc:746] Processor: start processing batch 065644bc-681a-4ff8-bf25-d14331c37b13 into model nwt
I0904 14:07:31.176486  2608 processor.cc:746] Processor: start processing batch 8a1ec9c1-b2c1-4ad9-aba5-448ad9660116 into model nwt
I0904 14:07:31.579170 11552 processor.cc:842] Processor: complete processing batch 065644bc-681a-4ff8-bf25-d14331c37b13 into model nwt
I0904 14:07:31.585175 11552 cuckoo_watch.h:44] 460ms in ProcessBatch(D:\Coursera\Notebooks\homeworks\MyHW\3-4\lectures_batches\aaaaaa.batch) [including 26ms in LoadMessage; 25ms in InitializeSparseNdw; 400ms in InferThetaAndUpdateNwtSparse; ]
I0904 14:07:31.605190 11552 processor.cc:662] No data in processing queue, waiting...
I0904 14:07:31.988065  2608 processor.cc:842] Processor: complete processing batch 8a1ec9c1-b2c1-4ad9-aba5-448ad9660116 into model nwt
I0904 14:07:32.004195  2608 cuckoo_watch.h:44] 879ms in ProcessBatch(D:\Coursera\Notebooks\homeworks\MyHW\3-4\lectures_batches\aaaaab.batch) [including 48ms in LoadMessage; 56ms in InitializeSparseNdw; 755ms in InferThetaAndUpdateNwtSparse; ]
I0904 14:07:32.025856  6136 master_component.cc:980] RegularizeModelArgs: rwt_target_name=rwt, pwt_source_name=pwt, nwt_source_name=nwt
I0904 14:07:32.025856  6136 master_component.cc:590] MasterComponent: start regularizing model pwt
I0904 14:07:32.105826  2608 processor.cc:662] No data in processing queue, waiting...
I0904 14:07:32.159366  6136 master_component.cc:613] MasterComponent: complete regularizing model pwt
I0904 14:07:32.159366  6136 master_component.cc:991] NormalizeModelArgs: pwt_target_name=pwt, nwt_source_name=nwt, rwt_source_name=rwt
I0904 14:07:32.159366  6136 master_component.cc:617] MasterComponent: start normalizing model nwt
I0904 14:07:32.252439  6136 master_component.cc:639] MasterComponent: complete normalizing model nwt
I0904 14:07:32.673207  6136 master_component.cc:1015] DisposeModel rwt
I0904 14:07:32.688834  6136 c_interface.cc:332] Pass FitOfflineMasterModelArgs, batch_filename_size=2, batch_weight_size=2, num_collection_passes=1 to void (__thiscall artm::core::MasterComponent::*)(class artm::FitOfflineMasterModelArgs const &)
I0904 14:07:32.688834  6136 master_component.cc:942] ProcessBatchesArgs: nwt_target_name=nwt, batch_filename_size=2, batch_size=0, batch_weight_size=2, pwt_source_name=pwt, num_document_passes=10, regularizer=(name:SparsePhi, tau:100000), regularizer=(name:NegSparsePhi, tau:-100000), class=(text:1), class=(author:1), reuse_theta=no, opt_for_avx=yes, predict_class_id=
I0904 14:07:32.757869 12092 processor.cc:669] Processing queue has data, processing started
I0904 14:07:32.757869 11552 processor.cc:669] Processing queue has data, processing started
I0904 14:07:32.773478 12092 processor.cc:746] Processor: start processing batch 065644bc-681a-4ff8-bf25-d14331c37b13 into model nwt
I0904 14:07:32.789101 11552 processor.cc:746] Processor: start processing batch 8a1ec9c1-b2c1-4ad9-aba5-448ad9660116 into model nwt
I0904 14:07:33.185906 12092 processor.cc:842] Processor: complete processing batch 065644bc-681a-4ff8-bf25-d14331c37b13 into model nwt
I0904 14:07:33.189909 12092 cuckoo_watch.h:44] 432ms in ProcessBatch(D:\Coursera\Notebooks\homeworks\MyHW\3-4\lectures_batches\aaaaaa.batch) [including 15ms in LoadMessage; 15ms in InitializeSparseNdw; 396ms in InferThetaAndUpdateNwtSparse; ]
I0904 14:07:33.208921 12092 processor.cc:662] No data in processing queue, waiting...
I0904 14:07:33.608616 11552 processor.cc:842] Processor: complete processing batch 8a1ec9c1-b2c1-4ad9-aba5-448ad9660116 into model nwt
I0904 14:07:33.613620 11552 cuckoo_watch.h:44] 855ms in ProcessBatch(D:\Coursera\Notebooks\homeworks\MyHW\3-4\lectures_batches\aaaaab.batch) [including 31ms in LoadMessage; 60ms in InitializeSparseNdw; 758ms in InferThetaAndUpdateNwtSparse; ]
I0904 14:07:33.615618  6136 master_component.cc:980] RegularizeModelArgs: rwt_target_name=rwt, pwt_source_name=pwt, nwt_source_name=nwt
I0904 14:07:33.615618  6136 master_component.cc:590] MasterComponent: start regularizing model pwt
I0904 14:07:33.636632 11552 processor.cc:662] No data in processing queue, waiting...
I0904 14:07:33.744364  6136 master_component.cc:613] MasterComponent: complete regularizing model pwt
I0904 14:07:33.744364  6136 master_component.cc:991] NormalizeModelArgs: pwt_target_name=pwt, nwt_source_name=nwt, rwt_source_name=rwt
I0904 14:07:33.744364  6136 master_component.cc:617] MasterComponent: start normalizing model nwt
I0904 14:07:33.832934  6136 master_component.cc:639] MasterComponent: complete normalizing model nwt
I0904 14:07:34.229933  6136 master_component.cc:1015] DisposeModel rwt
I0904 14:07:34.245563  6136 c_interface.cc:332] Pass FitOfflineMasterModelArgs, batch_filename_size=2, batch_weight_size=2, num_collection_passes=1 to void (__thiscall artm::core::MasterComponent::*)(class artm::FitOfflineMasterModelArgs const &)
I0904 14:07:34.245563  6136 master_component.cc:942] ProcessBatchesArgs: nwt_target_name=nwt, batch_filename_size=2, batch_size=0, batch_weight_size=2, pwt_source_name=pwt, num_document_passes=10, regularizer=(name:SparsePhi, tau:100000), regularizer=(name:NegSparsePhi, tau:-100000), class=(text:1), class=(author:1), reuse_theta=no, opt_for_avx=yes, predict_class_id=
I0904 14:07:34.314592  2608 processor.cc:669] Processing queue has data, processing started
I0904 14:07:34.314592 12092 processor.cc:669] Processing queue has data, processing started
I0904 14:07:34.330205 12092 processor.cc:746] Processor: start processing batch 065644bc-681a-4ff8-bf25-d14331c37b13 into model nwt
I0904 14:07:34.361543  2608 processor.cc:746] Processor: start processing batch 8a1ec9c1-b2c1-4ad9-aba5-448ad9660116 into model nwt
I0904 14:07:34.783977 12092 processor.cc:842] Processor: complete processing batch 065644bc-681a-4ff8-bf25-d14331c37b13 into model nwt
I0904 14:07:34.783977 12092 cuckoo_watch.h:44] 469ms in ProcessBatch(D:\Coursera\Notebooks\homeworks\MyHW\3-4\lectures_batches\aaaaaa.batch) [including 15ms in LoadMessage; 38ms in InitializeSparseNdw; 414ms in InferThetaAndUpdateNwtSparse; ]
I0904 14:07:34.887267 12092 processor.cc:662] No data in processing queue, waiting...
I0904 14:07:35.184659  2608 processor.cc:842] Processor: complete processing batch 8a1ec9c1-b2c1-4ad9-aba5-448ad9660116 into model nwt
I0904 14:07:35.184659  2608 cuckoo_watch.h:44] 870ms in ProcessBatch(D:\Coursera\Notebooks\homeworks\MyHW\3-4\lectures_batches\aaaaab.batch) [including 43ms in LoadMessage; 55ms in InitializeSparseNdw; 766ms in InferThetaAndUpdateNwtSparse; ]
I0904 14:07:35.200306  6136 master_component.cc:980] RegularizeModelArgs: rwt_target_name=rwt, pwt_source_name=pwt, nwt_source_name=nwt
I0904 14:07:35.200306  6136 master_component.cc:590] MasterComponent: start regularizing model pwt
