I0904 19:27:41.414897  4776 master_component.cc:942] ProcessBatchesArgs: nwt_target_name=nwt, batch_filename_size=2, batch_size=0, batch_weight_size=2, pwt_source_name=pwt, num_document_passes=1, regularizer=(name:SparsePhi, tau:100000), class=(text:1), class=(author:1), reuse_theta=yes, opt_for_avx=yes, predict_class_id=
I0904 19:27:41.482903  5092 processor.cc:669] Processing queue has data, processing started
I0904 19:27:41.482903 12096 processor.cc:669] Processing queue has data, processing started
I0904 19:27:41.510324  5092 processor.cc:746] Processor: start processing batch 26a91afb-2e6d-4a21-81fe-cf68f1acbb13 into model nwt
I0904 19:27:41.523331 12096 processor.cc:746] Processor: start processing batch b3c8157b-a729-4fd3-a0fb-2755872b7edc into model nwt
I0904 19:27:41.729861  5092 processor.cc:842] Processor: complete processing batch 26a91afb-2e6d-4a21-81fe-cf68f1acbb13 into model nwt
I0904 19:27:41.745486  5092 cuckoo_watch.h:44] 262ms in ProcessBatch(D:\Coursera\Notebooks\homeworks\MyHW\3-4\lectures_batches\aaaaaa.batch) [including 25ms in LoadMessage; 20ms in InitializeSparseNdw; 198ms in InferThetaAndUpdateNwtSparse; ]
I0904 19:27:41.967180 12096 processor.cc:842] Processor: complete processing batch b3c8157b-a729-4fd3-a0fb-2755872b7edc into model nwt
I0904 19:27:41.968179 12096 cuckoo_watch.h:44] 485ms in ProcessBatch(D:\Coursera\Notebooks\homeworks\MyHW\3-4\lectures_batches\aaaaab.batch) [including 39ms in LoadMessage; 43ms in InitializeSparseNdw; 400ms in InferThetaAndUpdateNwtSparse; ]
I0904 19:27:41.983814  4776 master_component.cc:980] RegularizeModelArgs: rwt_target_name=rwt, pwt_source_name=pwt, nwt_source_name=nwt
I0904 19:27:41.983814  4776 master_component.cc:590] MasterComponent: start regularizing model pwt
I0904 19:27:42.061944  5092 processor.cc:662] No data in processing queue, waiting...
I0904 19:27:42.099719  4776 master_component.cc:613] MasterComponent: complete regularizing model pwt
I0904 19:27:42.099719  4776 master_component.cc:991] NormalizeModelArgs: pwt_target_name=pwt, nwt_source_name=nwt, rwt_source_name=rwt
I0904 19:27:42.099719  4776 master_component.cc:617] MasterComponent: start normalizing model nwt
I0904 19:27:42.156127 12096 processor.cc:662] No data in processing queue, waiting...
I0904 19:27:42.191309  4776 master_component.cc:639] MasterComponent: complete normalizing model nwt
I0904 19:27:42.616534  4776 master_component.cc:1015] DisposeModel rwt
I0904 19:27:42.616534  4776 c_interface.cc:332] Pass FitOfflineMasterModelArgs, batch_filename_size=2, batch_weight_size=2, num_collection_passes=1 to void (__thiscall artm::core::MasterComponent::*)(class artm::FitOfflineMasterModelArgs const &)
I0904 19:27:42.616534  4776 master_component.cc:942] ProcessBatchesArgs: nwt_target_name=nwt, batch_filename_size=2, batch_size=0, batch_weight_size=2, pwt_source_name=pwt, num_document_passes=1, regularizer=(name:SparsePhi, tau:100000), class=(text:1), class=(author:1), reuse_theta=yes, opt_for_avx=yes, predict_class_id=
I0904 19:27:42.685573  4384 processor.cc:669] Processing queue has data, processing started
I0904 19:27:42.685573  9148 processor.cc:669] Processing queue has data, processing started
I0904 19:27:42.712031  4384 processor.cc:746] Processor: start processing batch 26a91afb-2e6d-4a21-81fe-cf68f1acbb13 into model nwt
I0904 19:27:42.726238  9148 processor.cc:746] Processor: start processing batch b3c8157b-a729-4fd3-a0fb-2755872b7edc into model nwt
I0904 19:27:42.932799  4384 processor.cc:842] Processor: complete processing batch 26a91afb-2e6d-4a21-81fe-cf68f1acbb13 into model nwt
I0904 19:27:42.948428  4384 cuckoo_watch.h:44] 262ms in ProcessBatch(D:\Coursera\Notebooks\homeworks\MyHW\3-4\lectures_batches\aaaaaa.batch) [including 24ms in LoadMessage; 14ms in InitializeSparseNdw; 206ms in InferThetaAndUpdateNwtSparse; ]
I0904 19:27:43.169121  9148 processor.cc:842] Processor: complete processing batch b3c8157b-a729-4fd3-a0fb-2755872b7edc into model nwt
I0904 19:27:43.171120  9148 cuckoo_watch.h:44] 485ms in ProcessBatch(D:\Coursera\Notebooks\homeworks\MyHW\3-4\lectures_batches\aaaaab.batch) [including 40ms in LoadMessage; 59ms in InitializeSparseNdw; 383ms in InferThetaAndUpdateNwtSparse; ]
I0904 19:27:43.186766  4776 master_component.cc:980] RegularizeModelArgs: rwt_target_name=rwt, pwt_source_name=pwt, nwt_source_name=nwt
I0904 19:27:43.186766  4776 master_component.cc:590] MasterComponent: start regularizing model pwt
I0904 19:27:43.208753  4384 processor.cc:662] No data in processing queue, waiting...
I0904 19:27:43.223764  9148 processor.cc:662] No data in processing queue, waiting...
I0904 19:27:43.302484  4776 master_component.cc:613] MasterComponent: complete regularizing model pwt
I0904 19:27:43.302484  4776 master_component.cc:991] NormalizeModelArgs: pwt_target_name=pwt, nwt_source_name=nwt, rwt_source_name=rwt
I0904 19:27:43.302484  4776 master_component.cc:617] MasterComponent: start normalizing model nwt
I0904 19:27:43.387130  4776 master_component.cc:639] MasterComponent: complete normalizing model nwt
I0904 19:27:43.818841  4776 master_component.cc:1015] DisposeModel rwt
I0904 19:27:43.818841  4776 c_interface.cc:332] Pass FitOfflineMasterModelArgs, batch_filename_size=2, batch_weight_size=2, num_collection_passes=1 to void (__thiscall artm::core::MasterComponent::*)(class artm::FitOfflineMasterModelArgs const &)
I0904 19:27:43.818841  4776 master_component.cc:942] ProcessBatchesArgs: nwt_target_name=nwt, batch_filename_size=2, batch_size=0, batch_weight_size=2, pwt_source_name=pwt, num_document_passes=1, regularizer=(name:SparsePhi, tau:100000), class=(text:1), class=(author:1), reuse_theta=yes, opt_for_avx=yes, predict_class_id=
I0904 19:27:43.887871 12096 processor.cc:669] Processing queue has data, processing started
I0904 19:27:43.887871  5092 processor.cc:669] Processing queue has data, processing started
I0904 19:27:43.903483 12096 processor.cc:746] Processor: start processing batch 26a91afb-2e6d-4a21-81fe-cf68f1acbb13 into model nwt
I0904 19:27:43.919108  5092 processor.cc:746] Processor: start processing batch b3c8157b-a729-4fd3-a0fb-2755872b7edc into model nwt
I0904 19:27:44.135282 12096 processor.cc:842] Processor: complete processing batch 26a91afb-2e6d-4a21-81fe-cf68f1acbb13 into model nwt
I0904 19:27:44.135282 12096 cuckoo_watch.h:44] 247ms in ProcessBatch(D:\Coursera\Notebooks\homeworks\MyHW\3-4\lectures_batches\aaaaaa.batch) [including 15ms in LoadMessage; 31ms in InitializeSparseNdw; 200ms in InferThetaAndUpdateNwtSparse; ]
I0904 19:27:44.281325 12096 processor.cc:662] No data in processing queue, waiting...
I0904 19:27:44.366904  5092 processor.cc:842] Processor: complete processing batch b3c8157b-a729-4fd3-a0fb-2755872b7edc into model nwt
I0904 19:27:44.372406  5092 cuckoo_watch.h:44] 484ms in ProcessBatch(D:\Coursera\Notebooks\homeworks\MyHW\3-4\lectures_batches\aaaaab.batch) [including 31ms in LoadMessage; 53ms in InitializeSparseNdw; 394ms in InferThetaAndUpdateNwtSparse; ]
I0904 19:27:44.389065  4776 master_component.cc:980] RegularizeModelArgs: rwt_target_name=rwt, pwt_source_name=pwt, nwt_source_name=nwt
I0904 19:27:44.389065  4776 master_component.cc:590] MasterComponent: start regularizing model pwt
I0904 19:27:44.504953  4776 master_component.cc:613] MasterComponent: complete regularizing model pwt
I0904 19:27:44.504953  4776 master_component.cc:991] NormalizeModelArgs: pwt_target_name=pwt, nwt_source_name=nwt, rwt_source_name=rwt
I0904 19:27:44.504953  4776 master_component.cc:617] MasterComponent: start normalizing model nwt
I0904 19:27:44.589596  4776 master_component.cc:639] MasterComponent: complete normalizing model nwt
I0904 19:27:44.689872  5092 processor.cc:662] No data in processing queue, waiting...
I0904 19:27:45.005875  4776 master_component.cc:1015] DisposeModel rwt
I0904 19:27:45.021504  4776 c_interface.cc:332] Pass FitOfflineMasterModelArgs, batch_filename_size=2, batch_weight_size=2, num_collection_passes=1 to void (__thiscall artm::core::MasterComponent::*)(class artm::FitOfflineMasterModelArgs const &)
I0904 19:27:45.021504  4776 master_component.cc:942] ProcessBatchesArgs: nwt_target_name=nwt, batch_filename_size=2, batch_size=0, batch_weight_size=2, pwt_source_name=pwt, num_document_passes=1, regularizer=(name:SparsePhi, tau:100000), class=(text:1), class=(author:1), reuse_theta=yes, opt_for_avx=yes, predict_class_id=
I0904 19:27:45.090522  4384 processor.cc:669] Processing queue has data, processing started
I0904 19:27:45.090522 12096 processor.cc:669] Processing queue has data, processing started
I0904 19:27:45.106143  4384 processor.cc:746] Processor: start processing batch 26a91afb-2e6d-4a21-81fe-cf68f1acbb13 into model nwt
I0904 19:27:45.121769 12096 processor.cc:746] Processor: start processing batch b3c8157b-a729-4fd3-a0fb-2755872b7edc into model nwt
I0904 19:27:45.337574  4384 processor.cc:842] Processor: complete processing batch 26a91afb-2e6d-4a21-81fe-cf68f1acbb13 into model nwt
I0904 19:27:45.342581  4384 cuckoo_watch.h:44] 252ms in ProcessBatch(D:\Coursera\Notebooks\homeworks\MyHW\3-4\lectures_batches\aaaaaa.batch) [including 15ms in LoadMessage; 31ms in InitializeSparseNdw; 200ms in InferThetaAndUpdateNwtSparse; ]
I0904 19:27:45.363592  4384 processor.cc:662] No data in processing queue, waiting...
I0904 19:27:45.564937 12096 processor.cc:842] Processor: complete processing batch b3c8157b-a729-4fd3-a0fb-2755872b7edc into model nwt
I0904 19:27:45.564937 12096 cuckoo_watch.h:44] 474ms in ProcessBatch(D:\Coursera\Notebooks\homeworks\MyHW\3-4\lectures_batches\aaaaab.batch) [including 31ms in LoadMessage; 53ms in InitializeSparseNdw; 389ms in InferThetaAndUpdateNwtSparse; ]
I0904 19:27:45.580996  4776 master_component.cc:980] RegularizeModelArgs: rwt_target_name=rwt, pwt_source_name=pwt, nwt_source_name=nwt
I0904 19:27:45.580996  4776 master_component.cc:590] MasterComponent: start regularizing model pwt
I0904 19:27:45.696890  4776 master_component.cc:613] MasterComponent: complete regularizing model pwt
I0904 19:27:45.696890  4776 master_component.cc:991] NormalizeModelArgs: pwt_target_name=pwt, nwt_source_name=nwt, rwt_source_name=rwt
I0904 19:27:45.696890  4776 master_component.cc:617] MasterComponent: start normalizing model nwt
I0904 19:27:45.781533  4776 master_component.cc:639] MasterComponent: complete normalizing model nwt
I0904 19:27:45.860668 12096 processor.cc:662] No data in processing queue, waiting...
I0904 19:27:46.208211  4776 master_component.cc:1015] DisposeModel rwt
I0904 19:27:46.208211  4776 c_interface.cc:332] Pass FitOfflineMasterModelArgs, batch_filename_size=2, batch_weight_size=2, num_collection_passes=1 to void (__thiscall artm::core::MasterComponent::*)(class artm::FitOfflineMasterModelArgs const &)
I0904 19:27:46.208211  4776 master_component.cc:942] ProcessBatchesArgs: nwt_target_name=nwt, batch_filename_size=2, batch_size=0, batch_weight_size=2, pwt_source_name=pwt, num_document_passes=1, regularizer=(name:SparsePhi, tau:100000), class=(text:1), class=(author:1), reuse_theta=yes, opt_for_avx=yes, predict_class_id=
I0904 19:27:46.282232  5092 processor.cc:669] Processing queue has data, processing started
I0904 19:27:46.282232 12096 processor.cc:669] Processing queue has data, processing started
I0904 19:27:46.297859  5092 processor.cc:746] Processor: start processing batch 26a91afb-2e6d-4a21-81fe-cf68f1acbb13 into model nwt
I0904 19:27:46.313490 12096 processor.cc:746] Processor: start processing batch b3c8157b-a729-4fd3-a0fb-2755872b7edc into model nwt
I0904 19:27:46.545318  5092 processor.cc:842] Processor: complete processing batch 26a91afb-2e6d-4a21-81fe-cf68f1acbb13 into model nwt
I0904 19:27:46.545318  5092 cuckoo_watch.h:44] 263ms in ProcessBatch(D:\Coursera\Notebooks\homeworks\MyHW\3-4\lectures_batches\aaaaaa.batch) [including 15ms in LoadMessage; 31ms in InitializeSparseNdw; 216ms in InferThetaAndUpdateNwtSparse; ]
I0904 19:27:46.632927  5092 processor.cc:662] No data in processing queue, waiting...
I0904 19:27:46.766978 12096 processor.cc:842] Processor: complete processing batch b3c8157b-a729-4fd3-a0fb-2755872b7edc into model nwt
I0904 19:27:46.767978 12096 cuckoo_watch.h:44] 485ms in ProcessBatch(D:\Coursera\Notebooks\homeworks\MyHW\3-4\lectures_batches\aaaaab.batch) [including 31ms in LoadMessage; 53ms in InitializeSparseNdw; 400ms in InferThetaAndUpdateNwtSparse; ]
I0904 19:27:46.783634  4776 master_component.cc:980] RegularizeModelArgs: rwt_target_name=rwt, pwt_source_name=pwt, nwt_source_name=nwt
I0904 19:27:46.783634  4776 master_component.cc:590] MasterComponent: start regularizing model pwt
I0904 19:27:46.899514  4776 master_component.cc:613] MasterComponent: complete regularizing model pwt
I0904 19:27:46.899514  4776 master_component.cc:991] NormalizeModelArgs: pwt_target_name=pwt, nwt_source_name=nwt, rwt_source_name=rwt
I0904 19:27:46.899514  4776 master_component.cc:617] MasterComponent: start normalizing model nwt
I0904 19:27:46.927537 12096 processor.cc:662] No data in processing queue, waiting...
I0904 19:27:46.983702  4776 master_component.cc:639] MasterComponent: complete normalizing model nwt
I0904 19:27:47.415774  4776 master_component.cc:1015] DisposeModel rwt
I0904 19:27:47.415774  4776 c_interface.cc:332] Pass FitOfflineMasterModelArgs, batch_filename_size=2, batch_weight_size=2, num_collection_passes=1 to void (__thiscall artm::core::MasterComponent::*)(class artm::FitOfflineMasterModelArgs const &)
I0904 19:27:47.415774  4776 master_component.cc:942] ProcessBatchesArgs: nwt_target_name=nwt, batch_filename_size=2, batch_size=0, batch_weight_size=2, pwt_source_name=pwt, num_document_passes=1, regularizer=(name:SparsePhi, tau:100000), class=(text:1), class=(author:1), reuse_theta=yes, opt_for_avx=yes, predict_class_id=
I0904 19:27:47.489683 12096 processor.cc:669] Processing queue has data, processing started
I0904 19:27:47.489683  5092 processor.cc:669] Processing queue has data, processing started
I0904 19:27:47.505311  5092 processor.cc:746] Processor: start processing batch 26a91afb-2e6d-4a21-81fe-cf68f1acbb13 into model nwt
I0904 19:27:47.520937 12096 processor.cc:746] Processor: start processing batch b3c8157b-a729-4fd3-a0fb-2755872b7edc into model nwt
I0904 19:27:47.731609  5092 processor.cc:842] Processor: complete processing batch 26a91afb-2e6d-4a21-81fe-cf68f1acbb13 into model nwt
I0904 19:27:47.731609  5092 cuckoo_watch.h:44] 241ms in ProcessBatch(D:\Coursera\Notebooks\homeworks\MyHW\3-4\lectures_batches\aaaaaa.batch) [including 15ms in LoadMessage; 31ms in InitializeSparseNdw; 195ms in InferThetaAndUpdateNwtSparse; ]
I0904 19:27:47.947801 12096 processor.cc:842] Processor: complete processing batch b3c8157b-a729-4fd3-a0fb-2755872b7edc into model nwt
I0904 19:27:47.967939 12096 cuckoo_watch.h:44] 478ms in ProcessBatch(D:\Coursera\Notebooks\homeworks\MyHW\3-4\lectures_batches\aaaaab.batch) [including 31ms in LoadMessage; 63ms in InitializeSparseNdw; 363ms in InferThetaAndUpdateNwtSparse; ]
I0904 19:27:47.985595  4776 master_component.cc:980] RegularizeModelArgs: rwt_target_name=rwt, pwt_source_name=pwt, nwt_source_name=nwt
I0904 19:27:47.985595  4776 master_component.cc:590] MasterComponent: start regularizing model pwt
I0904 19:27:47.991137  5092 processor.cc:662] No data in processing queue, waiting...
I0904 19:27:48.005147 12096 processor.cc:662] No data in processing queue, waiting...
I0904 19:27:48.101397  4776 master_component.cc:613] MasterComponent: complete regularizing model pwt
I0904 19:27:48.101397  4776 master_component.cc:991] NormalizeModelArgs: pwt_target_name=pwt, nwt_source_name=nwt, rwt_source_name=rwt
I0904 19:27:48.101397  4776 master_component.cc:617] MasterComponent: start normalizing model nwt
I0904 19:27:48.186048  4776 master_component.cc:639] MasterComponent: complete normalizing model nwt
I0904 19:27:48.602759  4776 master_component.cc:1015] DisposeModel rwt
I0904 19:27:48.618387  4776 c_interface.cc:332] Pass FitOfflineMasterModelArgs, batch_filename_size=2, batch_weight_size=2, num_collection_passes=1 to void (__thiscall artm::core::MasterComponent::*)(class artm::FitOfflineMasterModelArgs const &)
I0904 19:27:48.618387  4776 master_component.cc:942] ProcessBatchesArgs: nwt_target_name=nwt, batch_filename_size=2, batch_size=0, batch_weight_size=2, pwt_source_name=pwt, num_document_passes=1, regularizer=(name:SparsePhi, tau:100000), class=(text:1), class=(author:1), reuse_theta=yes, opt_for_avx=yes, predict_class_id=
I0904 19:27:48.687418  5092 processor.cc:669] Processing queue has data, processing started
I0904 19:27:48.687418  4384 processor.cc:669] Processing queue has data, processing started
I0904 19:27:48.703028  5092 processor.cc:746] Processor: start processing batch 26a91afb-2e6d-4a21-81fe-cf68f1acbb13 into model nwt
I0904 19:27:48.718658  4384 processor.cc:746] Processor: start processing batch b3c8157b-a729-4fd3-a0fb-2755872b7edc into model nwt
I0904 19:27:48.927974  5092 processor.cc:842] Processor: complete processing batch 26a91afb-2e6d-4a21-81fe-cf68f1acbb13 into model nwt
I0904 19:27:48.943600  5092 cuckoo_watch.h:44] 256ms in ProcessBatch(D:\Coursera\Notebooks\homeworks\MyHW\3-4\lectures_batches\aaaaaa.batch) [including 15ms in LoadMessage; 31ms in InitializeSparseNdw; 193ms in InferThetaAndUpdateNwtSparse; ]
I0904 19:27:49.059623  5092 processor.cc:662] No data in processing queue, waiting...
I0904 19:27:49.159716  4384 processor.cc:842] Processor: complete processing batch b3c8157b-a729-4fd3-a0fb-2755872b7edc into model nwt
I0904 19:27:49.159716  4384 cuckoo_watch.h:44] 472ms in ProcessBatch(D:\Coursera\Notebooks\homeworks\MyHW\3-4\lectures_batches\aaaaab.batch) [including 31ms in LoadMessage; 53ms in InitializeSparseNdw; 387ms in InferThetaAndUpdateNwtSparse; ]
I0904 19:27:49.175366  4776 master_component.cc:980] RegularizeModelArgs: rwt_target_name=rwt, pwt_source_name=pwt, nwt_source_name=nwt
I0904 19:27:49.175366  4776 master_component.cc:590] MasterComponent: start regularizing model pwt
I0904 19:27:49.244932  4384 processor.cc:662] No data in processing queue, waiting...
I0904 19:27:49.292385  4776 master_component.cc:613] MasterComponent: complete regularizing model pwt
I0904 19:27:49.292385  4776 master_component.cc:991] NormalizeModelArgs: pwt_target_name=pwt, nwt_source_name=nwt, rwt_source_name=rwt
I0904 19:27:49.292385  4776 master_component.cc:617] MasterComponent: start normalizing model nwt
I0904 19:27:49.375536  4776 master_component.cc:639] MasterComponent: complete normalizing model nwt
I0904 19:27:49.812589  4776 master_component.cc:1015] DisposeModel rwt
I0904 19:27:49.814093  4776 c_interface.cc:332] Pass FitOfflineMasterModelArgs, batch_filename_size=2, batch_weight_size=2, num_collection_passes=1 to void (__thiscall artm::core::MasterComponent::*)(class artm::FitOfflineMasterModelArgs const &)
I0904 19:27:49.814093  4776 master_component.cc:942] ProcessBatchesArgs: nwt_target_name=nwt, batch_filename_size=2, batch_size=0, batch_weight_size=2, pwt_source_name=pwt, num_document_passes=1, regularizer=(name:SparsePhi, tau:100000), class=(text:1), class=(author:1), reuse_theta=yes, opt_for_avx=yes, predict_class_id=
I0904 19:27:49.876600  4384 processor.cc:669] Processing queue has data, processing started
I0904 19:27:49.876600  5092 processor.cc:669] Processing queue has data, processing started
I0904 19:27:49.906571  4384 processor.cc:746] Processor: start processing batch 26a91afb-2e6d-4a21-81fe-cf68f1acbb13 into model nwt
I0904 19:27:49.924088  5092 processor.cc:746] Processor: start processing batch b3c8157b-a729-4fd3-a0fb-2755872b7edc into model nwt
I0904 19:27:50.145534  4384 processor.cc:842] Processor: complete processing batch 26a91afb-2e6d-4a21-81fe-cf68f1acbb13 into model nwt
I0904 19:27:50.145534  4384 cuckoo_watch.h:44] 268ms in ProcessBatch(D:\Coursera\Notebooks\homeworks\MyHW\3-4\lectures_batches\aaaaaa.batch) [including 27ms in LoadMessage; 29ms in InitializeSparseNdw; 208ms in InferThetaAndUpdateNwtSparse; ]
I0904 19:27:50.361322  5092 processor.cc:842] Processor: complete processing batch b3c8157b-a729-4fd3-a0fb-2755872b7edc into model nwt
I0904 19:27:50.361322  5092 cuckoo_watch.h:44] 484ms in ProcessBatch(D:\Coursera\Notebooks\homeworks\MyHW\3-4\lectures_batches\aaaaab.batch) [including 46ms in LoadMessage; 55ms in InitializeSparseNdw; 381ms in InferThetaAndUpdateNwtSparse; ]
I0904 19:27:50.376965  4776 master_component.cc:980] RegularizeModelArgs: rwt_target_name=rwt, pwt_source_name=pwt, nwt_source_name=nwt
I0904 19:27:50.376965  4776 master_component.cc:590] MasterComponent: start regularizing model pwt
I0904 19:27:50.461438  4384 processor.cc:662] No data in processing queue, waiting...
I0904 19:27:50.492689  4776 master_component.cc:613] MasterComponent: complete regularizing model pwt
I0904 19:27:50.492689  4776 master_component.cc:991] NormalizeModelArgs: pwt_target_name=pwt, nwt_source_name=nwt, rwt_source_name=rwt
I0904 19:27:50.492689  4776 master_component.cc:617] MasterComponent: start normalizing model nwt
I0904 19:27:50.577340  4776 master_component.cc:639] MasterComponent: complete normalizing model nwt
I0904 19:27:50.677618  5092 processor.cc:662] No data in processing queue, waiting...
I0904 19:27:51.005738  4776 master_component.cc:1015] DisposeModel rwt
I0904 19:27:51.013742  4776 c_interface.cc:332] Pass FitOfflineMasterModelArgs, batch_filename_size=2, batch_weight_size=2, num_collection_passes=1 to void (__thiscall artm::core::MasterComponent::*)(class artm::FitOfflineMasterModelArgs const &)
I0904 19:27:51.013742  4776 master_component.cc:942] ProcessBatchesArgs: nwt_target_name=nwt, batch_filename_size=2, batch_size=0, batch_weight_size=2, pwt_source_name=pwt, num_document_passes=1, regularizer=(name:SparsePhi, tau:100000), class=(text:1), class=(author:1), reuse_theta=yes, opt_for_avx=yes, predict_class_id=
I0904 19:27:51.066365  4384 processor.cc:669] Processing queue has data, processing started
I0904 19:27:51.066365  9148 processor.cc:669] Processing queue has data, processing started
I0904 19:27:51.089380  9148 processor.cc:746] Processor: start processing batch 26a91afb-2e6d-4a21-81fe-cf68f1acbb13 into model nwt
I0904 19:27:51.107398  4384 processor.cc:746] Processor: start processing batch b3c8157b-a729-4fd3-a0fb-2755872b7edc into model nwt
I0904 19:27:51.350077  9148 processor.cc:842] Processor: complete processing batch 26a91afb-2e6d-4a21-81fe-cf68f1acbb13 into model nwt
I0904 19:27:51.354081  9148 cuckoo_watch.h:44] 287ms in ProcessBatch(D:\Coursera\Notebooks\homeworks\MyHW\3-4\lectures_batches\aaaaaa.batch) [including 21ms in LoadMessage; 24ms in InitializeSparseNdw; 235ms in InferThetaAndUpdateNwtSparse; ]
I0904 19:27:51.375095  9148 processor.cc:662] No data in processing queue, waiting...
I0904 19:27:51.582257  4384 processor.cc:842] Processor: complete processing batch b3c8157b-a729-4fd3-a0fb-2755872b7edc into model nwt
I0904 19:27:51.587262  4384 cuckoo_watch.h:44] 520ms in ProcessBatch(D:\Coursera\Notebooks\homeworks\MyHW\3-4\lectures_batches\aaaaab.batch) [including 38ms in LoadMessage; 57ms in InitializeSparseNdw; 416ms in InferThetaAndUpdateNwtSparse; ]
I0904 19:27:51.589278  4776 master_component.cc:980] RegularizeModelArgs: rwt_target_name=rwt, pwt_source_name=pwt, nwt_source_name=nwt
I0904 19:27:51.589278  4776 master_component.cc:590] MasterComponent: start regularizing model pwt
I0904 19:27:51.609282  4384 processor.cc:662] No data in processing queue, waiting...
I0904 19:27:51.710386  4776 master_component.cc:613] MasterComponent: complete regularizing model pwt
I0904 19:27:51.710386  4776 master_component.cc:991] NormalizeModelArgs: pwt_target_name=pwt, nwt_source_name=nwt, rwt_source_name=rwt
I0904 19:27:51.710386  4776 master_component.cc:617] MasterComponent: start normalizing model nwt
I0904 19:27:51.812896  4776 master_component.cc:639] MasterComponent: complete normalizing model nwt
I0904 19:27:52.232630  4776 master_component.cc:1015] DisposeModel rwt
I0904 19:27:52.260236  4776 c_interface.cc:332] Pass MasterModelConfig: topic_name_size=30, class=(text:1), class=(author:1), score_config_size=2, num_processors=0, pwt_name=pwt, nwt_name=nwt, num_document_passes=1, regularizer=(SparsePhi:100000), regularizer=(NegSparsePhi:-100000), reuse_theta=yes, cache_theta=yes, opt_for_avx=yes, disk_cache_path to void (__thiscall artm::core::MasterComponent::*)(class artm::MasterModelConfig const &)
I0904 19:27:52.261235  4776 instance.cc:358] MasterModelConfig.processors_count is automatically set to 4
I0904 19:27:52.261235  4776 instance.cc:213] Regularizer 'SparsePhi' was cold-reconfigured
I0904 19:27:52.261235  4776 instance.cc:213] Regularizer 'NegSparsePhi' was cold-reconfigured
I0904 19:27:56.966109  4776 c_interface.cc:332] Pass FitOfflineMasterModelArgs, batch_filename_size=2, batch_weight_size=2, num_collection_passes=1 to void (__thiscall artm::core::MasterComponent::*)(class artm::FitOfflineMasterModelArgs const &)
I0904 19:27:56.967109  4776 master_component.cc:942] ProcessBatchesArgs: nwt_target_name=nwt, batch_filename_size=2, batch_size=0, batch_weight_size=2, pwt_source_name=pwt, num_document_passes=1, regularizer=(name:SparsePhi, tau:100000), regularizer=(name:NegSparsePhi, tau:-100000), class=(text:1), class=(author:1), reuse_theta=yes, opt_for_avx=yes, predict_class_id=
I0904 19:27:57.028661  9148 processor.cc:669] Processing queue has data, processing started
I0904 19:27:57.028661 12096 processor.cc:669] Processing queue has data, processing started
I0904 19:27:57.055685  9148 processor.cc:746] Processor: start processing batch 26a91afb-2e6d-4a21-81fe-cf68f1acbb13 into model nwt
I0904 19:27:57.081701 12096 processor.cc:746] Processor: start processing batch b3c8157b-a729-4fd3-a0fb-2755872b7edc into model nwt
I0904 19:27:57.301151  9148 processor.cc:842] Processor: complete processing batch 26a91afb-2e6d-4a21-81fe-cf68f1acbb13 into model nwt
I0904 19:27:57.301151  9148 cuckoo_watch.h:44] 272ms in ProcessBatch(D:\Coursera\Notebooks\homeworks\MyHW\3-4\lectures_batches\aaaaaa.batch) [including 25ms in LoadMessage; 41ms in InitializeSparseNdw; 203ms in InferThetaAndUpdateNwtSparse; ]
I0904 19:27:57.522358 12096 processor.cc:842] Processor: complete processing batch b3c8157b-a729-4fd3-a0fb-2755872b7edc into model nwt
I0904 19:27:57.523860 12096 cuckoo_watch.h:44] 495ms in ProcessBatch(D:\Coursera\Notebooks\homeworks\MyHW\3-4\lectures_batches\aaaaab.batch) [including 50ms in LoadMessage; 53ms in InitializeSparseNdw; 387ms in InferThetaAndUpdateNwtSparse; ]
I0904 19:27:57.539762  4776 master_component.cc:980] RegularizeModelArgs: rwt_target_name=rwt, pwt_source_name=pwt, nwt_source_name=nwt
I0904 19:27:57.539762  4776 master_component.cc:590] MasterComponent: start regularizing model pwt
I0904 19:27:57.617877  9148 processor.cc:662] No data in processing queue, waiting...
I0904 19:27:57.686894  4776 master_component.cc:613] MasterComponent: complete regularizing model pwt
I0904 19:27:57.686894  4776 master_component.cc:991] NormalizeModelArgs: pwt_target_name=pwt, nwt_source_name=nwt, rwt_source_name=rwt
I0904 19:27:57.686894  4776 master_component.cc:617] MasterComponent: start normalizing model nwt
I0904 19:27:57.771543  4776 master_component.cc:639] MasterComponent: complete normalizing model nwt
I0904 19:27:57.840564 12096 processor.cc:662] No data in processing queue, waiting...
I0904 19:27:58.239665  4776 master_component.cc:1015] DisposeModel rwt
I0904 19:27:58.253674  4776 c_interface.cc:332] Pass FitOfflineMasterModelArgs, batch_filename_size=2, batch_weight_size=2, num_collection_passes=1 to void (__thiscall artm::core::MasterComponent::*)(class artm::FitOfflineMasterModelArgs const &)
I0904 19:27:58.253674  4776 master_component.cc:942] ProcessBatchesArgs: nwt_target_name=nwt, batch_filename_size=2, batch_size=0, batch_weight_size=2, pwt_source_name=pwt, num_document_passes=1, regularizer=(name:SparsePhi, tau:100000), regularizer=(name:NegSparsePhi, tau:-100000), class=(text:1), class=(author:1), reuse_theta=yes, opt_for_avx=yes, predict_class_id=
I0904 19:27:58.332733  5092 processor.cc:669] Processing queue has data, processing started
I0904 19:27:58.332733  9148 processor.cc:669] Processing queue has data, processing started
I0904 19:27:58.366760  5092 processor.cc:746] Processor: start processing batch 26a91afb-2e6d-4a21-81fe-cf68f1acbb13 into model nwt
I0904 19:27:58.397779  9148 processor.cc:746] Processor: start processing batch b3c8157b-a729-4fd3-a0fb-2755872b7edc into model nwt
I0904 19:27:58.625866  5092 processor.cc:842] Processor: complete processing batch 26a91afb-2e6d-4a21-81fe-cf68f1acbb13 into model nwt
I0904 19:27:58.625866  5092 cuckoo_watch.h:44] 293ms in ProcessBatch(D:\Coursera\Notebooks\homeworks\MyHW\3-4\lectures_batches\aaaaaa.batch) [including 32ms in LoadMessage; 39ms in InitializeSparseNdw; 219ms in InferThetaAndUpdateNwtSparse; ]
I0904 19:27:58.734167  5092 processor.cc:662] No data in processing queue, waiting...
I0904 19:27:58.842093  9148 processor.cc:842] Processor: complete processing batch b3c8157b-a729-4fd3-a0fb-2755872b7edc into model nwt
I0904 19:27:58.857722  9148 cuckoo_watch.h:44] 524ms in ProcessBatch(D:\Coursera\Notebooks\homeworks\MyHW\3-4\lectures_batches\aaaaab.batch) [including 62ms in LoadMessage; 70ms in InitializeSparseNdw; 374ms in InferThetaAndUpdateNwtSparse; ]
I0904 19:27:58.873360  4776 master_component.cc:980] RegularizeModelArgs: rwt_target_name=rwt, pwt_source_name=pwt, nwt_source_name=nwt
I0904 19:27:58.873360  4776 master_component.cc:590] MasterComponent: start regularizing model pwt
I0904 19:27:58.995941  9148 processor.cc:662] No data in processing queue, waiting...
I0904 19:27:59.024464  4776 master_component.cc:613] MasterComponent: complete regularizing model pwt
I0904 19:27:59.024464  4776 master_component.cc:991] NormalizeModelArgs: pwt_target_name=pwt, nwt_source_name=nwt, rwt_source_name=rwt
I0904 19:27:59.024464  4776 master_component.cc:617] MasterComponent: start normalizing model nwt
I0904 19:27:59.114033  4776 master_component.cc:639] MasterComponent: complete normalizing model nwt
I0904 19:27:59.512009  4776 master_component.cc:1015] DisposeModel rwt
I0904 19:27:59.522022  4776 c_interface.cc:332] Pass FitOfflineMasterModelArgs, batch_filename_size=2, batch_weight_size=2, num_collection_passes=1 to void (__thiscall artm::core::MasterComponent::*)(class artm::FitOfflineMasterModelArgs const &)
I0904 19:27:59.522022  4776 master_component.cc:942] ProcessBatchesArgs: nwt_target_name=nwt, batch_filename_size=2, batch_size=0, batch_weight_size=2, pwt_source_name=pwt, num_document_passes=1, regularizer=(name:SparsePhi, tau:100000), regularizer=(name:NegSparsePhi, tau:-100000), class=(text:1), class=(author:1), reuse_theta=yes, opt_for_avx=yes, predict_class_id=
I0904 19:27:59.575063  9148 processor.cc:669] Processing queue has data, processing started
I0904 19:27:59.575063 12096 processor.cc:669] Processing queue has data, processing started
I0904 19:27:59.597079  9148 processor.cc:746] Processor: start processing batch 26a91afb-2e6d-4a21-81fe-cf68f1acbb13 into model nwt
I0904 19:27:59.613592 12096 processor.cc:746] Processor: start processing batch b3c8157b-a729-4fd3-a0fb-2755872b7edc into model nwt
I0904 19:27:59.828490  9148 processor.cc:842] Processor: complete processing batch 26a91afb-2e6d-4a21-81fe-cf68f1acbb13 into model nwt
I0904 19:27:59.828490  9148 cuckoo_watch.h:44] 253ms in ProcessBatch(D:\Coursera\Notebooks\homeworks\MyHW\3-4\lectures_batches\aaaaaa.batch) [including 21ms in LoadMessage; 25ms in InitializeSparseNdw; 204ms in InferThetaAndUpdateNwtSparse; ]
I0904 19:28:00.060290 12096 processor.cc:842] Processor: complete processing batch b3c8157b-a729-4fd3-a0fb-2755872b7edc into model nwt
I0904 19:28:00.060290 12096 cuckoo_watch.h:44] 485ms in ProcessBatch(D:\Coursera\Notebooks\homeworks\MyHW\3-4\lectures_batches\aaaaab.batch) [including 36ms in LoadMessage; 57ms in InitializeSparseNdw; 388ms in InferThetaAndUpdateNwtSparse; ]
I0904 19:28:00.075915  4776 master_component.cc:980] RegularizeModelArgs: rwt_target_name=rwt, pwt_source_name=pwt, nwt_source_name=nwt
I0904 19:28:00.075915  4776 master_component.cc:590] MasterComponent: start regularizing model pwt
I0904 19:28:00.128963  9148 processor.cc:662] No data in processing queue, waiting...
I0904 19:28:00.144975 12096 processor.cc:662] No data in processing queue, waiting...
I0904 19:28:00.227758  4776 master_component.cc:613] MasterComponent: complete regularizing model pwt
I0904 19:28:00.228256  4776 master_component.cc:991] NormalizeModelArgs: pwt_target_name=pwt, nwt_source_name=nwt, rwt_source_name=rwt
I0904 19:28:00.228256  4776 master_component.cc:617] MasterComponent: start normalizing model nwt
I0904 19:28:00.316226  4776 master_component.cc:639] MasterComponent: complete normalizing model nwt
I0904 19:28:00.723038  4776 master_component.cc:1015] DisposeModel rwt
I0904 19:28:00.730545  4776 c_interface.cc:332] Pass FitOfflineMasterModelArgs, batch_filename_size=2, batch_weight_size=2, num_collection_passes=1 to void (__thiscall artm::core::MasterComponent::*)(class artm::FitOfflineMasterModelArgs const &)
I0904 19:28:00.730545  4776 master_component.cc:942] ProcessBatchesArgs: nwt_target_name=nwt, batch_filename_size=2, batch_size=0, batch_weight_size=2, pwt_source_name=pwt, num_document_passes=1, regularizer=(name:SparsePhi, tau:100000), regularizer=(name:NegSparsePhi, tau:-100000), class=(text:1), class=(author:1), reuse_theta=yes, opt_for_avx=yes, predict_class_id=
I0904 19:28:00.786496 12096 processor.cc:669] Processing queue has data, processing started
I0904 19:28:00.786496  5092 processor.cc:669] Processing queue has data, processing started
I0904 19:28:00.802106  5092 processor.cc:746] Processor: start processing batch 26a91afb-2e6d-4a21-81fe-cf68f1acbb13 into model nwt
I0904 19:28:00.826244 12096 processor.cc:746] Processor: start processing batch b3c8157b-a729-4fd3-a0fb-2755872b7edc into model nwt
I0904 19:28:01.056694  5092 processor.cc:842] Processor: complete processing batch 26a91afb-2e6d-4a21-81fe-cf68f1acbb13 into model nwt
I0904 19:28:01.060696  5092 cuckoo_watch.h:44] 274ms in ProcessBatch(D:\Coursera\Notebooks\homeworks\MyHW\3-4\lectures_batches\aaaaaa.batch) [including 15ms in LoadMessage; 27ms in InitializeSparseNdw; 226ms in InferThetaAndUpdateNwtSparse; ]
I0904 19:28:01.207881  5092 processor.cc:662] No data in processing queue, waiting...
I0904 19:28:01.281107 12096 processor.cc:842] Processor: complete processing batch b3c8157b-a729-4fd3-a0fb-2755872b7edc into model nwt
I0904 19:28:01.286113 12096 cuckoo_watch.h:44] 499ms in ProcessBatch(D:\Coursera\Notebooks\homeworks\MyHW\3-4\lectures_batches\aaaaab.batch) [including 38ms in LoadMessage; 50ms in InitializeSparseNdw; 404ms in InferThetaAndUpdateNwtSparse; ]
I0904 19:28:01.287114  4776 master_component.cc:980] RegularizeModelArgs: rwt_target_name=rwt, pwt_source_name=pwt, nwt_source_name=nwt
I0904 19:28:01.287114  4776 master_component.cc:590] MasterComponent: start regularizing model pwt
I0904 19:28:01.430735  4776 master_component.cc:613] MasterComponent: complete regularizing model pwt
I0904 19:28:01.430735  4776 master_component.cc:991] NormalizeModelArgs: pwt_target_name=pwt, nwt_source_name=nwt, rwt_source_name=rwt
I0904 19:28:01.430735  4776 master_component.cc:617] MasterComponent: start normalizing model nwt
I0904 19:28:01.508868  4776 master_component.cc:639] MasterComponent: complete normalizing model nwt
I0904 19:28:01.577894 12096 processor.cc:662] No data in processing queue, waiting...
I0904 19:28:01.909958  4776 master_component.cc:1015] DisposeModel rwt
I0904 19:28:01.926091  4776 c_interface.cc:332] Pass FitOfflineMasterModelArgs, batch_filename_size=2, batch_weight_size=2, num_collection_passes=1 to void (__thiscall artm::core::MasterComponent::*)(class artm::FitOfflineMasterModelArgs const &)
I0904 19:28:01.926091  4776 master_component.cc:942] ProcessBatchesArgs: nwt_target_name=nwt, batch_filename_size=2, batch_size=0, batch_weight_size=2, pwt_source_name=pwt, num_document_passes=1, regularizer=(name:SparsePhi, tau:100000), regularizer=(name:NegSparsePhi, tau:-100000), class=(text:1), class=(author:1), reuse_theta=yes, opt_for_avx=yes, predict_class_id=
I0904 19:28:01.978979 12096 processor.cc:669] Processing queue has data, processing started
I0904 19:28:01.978979  4384 processor.cc:669] Processing queue has data, processing started
I0904 19:28:01.994603 12096 processor.cc:746] Processor: start processing batch 26a91afb-2e6d-4a21-81fe-cf68f1acbb13 into model nwt
I0904 19:28:02.010228  4384 processor.cc:746] Processor: start processing batch b3c8157b-a729-4fd3-a0fb-2755872b7edc into model nwt
I0904 19:28:02.232914 12096 processor.cc:842] Processor: complete processing batch 26a91afb-2e6d-4a21-81fe-cf68f1acbb13 into model nwt
I0904 19:28:02.232914 12096 cuckoo_watch.h:44] 253ms in ProcessBatch(D:\Coursera\Notebooks\homeworks\MyHW\3-4\lectures_batches\aaaaaa.batch) [including 15ms in LoadMessage; 33ms in InitializeSparseNdw; 203ms in InferThetaAndUpdateNwtSparse; ]
I0904 19:28:02.464390  4384 processor.cc:842] Processor: complete processing batch b3c8157b-a729-4fd3-a0fb-2755872b7edc into model nwt
I0904 19:28:02.464390  4384 cuckoo_watch.h:44] 485ms in ProcessBatch(D:\Coursera\Notebooks\homeworks\MyHW\3-4\lectures_batches\aaaaab.batch) [including 31ms in LoadMessage; 53ms in InitializeSparseNdw; 400ms in InferThetaAndUpdateNwtSparse; ]
I0904 19:28:02.480042  4776 master_component.cc:980] RegularizeModelArgs: rwt_target_name=rwt, pwt_source_name=pwt, nwt_source_name=nwt
I0904 19:28:02.480042  4776 master_component.cc:590] MasterComponent: start regularizing model pwt
I0904 19:28:02.549036 12096 processor.cc:662] No data in processing queue, waiting...
I0904 19:28:02.628674  4776 master_component.cc:613] MasterComponent: complete regularizing model pwt
I0904 19:28:02.628674  4776 master_component.cc:991] NormalizeModelArgs: pwt_target_name=pwt, nwt_source_name=nwt, rwt_source_name=rwt
I0904 19:28:02.628674  4776 master_component.cc:617] MasterComponent: start normalizing model nwt
I0904 19:28:02.711416  4776 master_component.cc:639] MasterComponent: complete normalizing model nwt
I0904 19:28:02.780436  4384 processor.cc:662] No data in processing queue, waiting...
I0904 19:28:03.096882  4776 master_component.cc:1015] DisposeModel rwt
I0904 19:28:03.112511  4776 c_interface.cc:332] Pass FitOfflineMasterModelArgs, batch_filename_size=2, batch_weight_size=2, num_collection_passes=1 to void (__thiscall artm::core::MasterComponent::*)(class artm::FitOfflineMasterModelArgs const &)
I0904 19:28:03.112511  4776 master_component.cc:942] ProcessBatchesArgs: nwt_target_name=nwt, batch_filename_size=2, batch_size=0, batch_weight_size=2, pwt_source_name=pwt, num_document_passes=1, regularizer=(name:SparsePhi, tau:100000), regularizer=(name:NegSparsePhi, tau:-100000), class=(text:1), class=(author:1), reuse_theta=yes, opt_for_avx=yes, predict_class_id=
I0904 19:28:03.165508  5092 processor.cc:669] Processing queue has data, processing started
I0904 19:28:03.165508  4384 processor.cc:669] Processing queue has data, processing started
I0904 19:28:03.181112  5092 processor.cc:746] Processor: start processing batch 26a91afb-2e6d-4a21-81fe-cf68f1acbb13 into model nwt
I0904 19:28:03.196735  4384 processor.cc:746] Processor: start processing batch b3c8157b-a729-4fd3-a0fb-2755872b7edc into model nwt
I0904 19:28:03.408635  5092 processor.cc:842] Processor: complete processing batch 26a91afb-2e6d-4a21-81fe-cf68f1acbb13 into model nwt
I0904 19:28:03.408635  5092 cuckoo_watch.h:44] 243ms in ProcessBatch(D:\Coursera\Notebooks\homeworks\MyHW\3-4\lectures_batches\aaaaaa.batch) [including 15ms in LoadMessage; 31ms in InitializeSparseNdw; 196ms in InferThetaAndUpdateNwtSparse; ]
I0904 19:28:03.634827  4384 processor.cc:842] Processor: complete processing batch b3c8157b-a729-4fd3-a0fb-2755872b7edc into model nwt
I0904 19:28:03.635326  4384 cuckoo_watch.h:44] 469ms in ProcessBatch(D:\Coursera\Notebooks\homeworks\MyHW\3-4\lectures_batches\aaaaab.batch) [including 31ms in LoadMessage; 53ms in InitializeSparseNdw; 384ms in InferThetaAndUpdateNwtSparse; ]
I0904 19:28:03.650972  4776 master_component.cc:980] RegularizeModelArgs: rwt_target_name=rwt, pwt_source_name=pwt, nwt_source_name=nwt
I0904 19:28:03.650972  4776 master_component.cc:590] MasterComponent: start regularizing model pwt
I0904 19:28:03.729091  5092 processor.cc:662] No data in processing queue, waiting...
I0904 19:28:03.798112  4776 master_component.cc:613] MasterComponent: complete regularizing model pwt
I0904 19:28:03.798112  4776 master_component.cc:991] NormalizeModelArgs: pwt_target_name=pwt, nwt_source_name=nwt, rwt_source_name=rwt
I0904 19:28:03.798112  4776 master_component.cc:617] MasterComponent: start normalizing model nwt
I0904 19:28:03.882764  4776 master_component.cc:639] MasterComponent: complete normalizing model nwt
I0904 19:28:03.951777  4384 processor.cc:662] No data in processing queue, waiting...
I0904 19:28:04.283848  4776 master_component.cc:1015] DisposeModel rwt
I0904 19:28:04.283848  4776 c_interface.cc:332] Pass FitOfflineMasterModelArgs, batch_filename_size=2, batch_weight_size=2, num_collection_passes=1 to void (__thiscall artm::core::MasterComponent::*)(class artm::FitOfflineMasterModelArgs const &)
I0904 19:28:04.283848  4776 master_component.cc:942] ProcessBatchesArgs: nwt_target_name=nwt, batch_filename_size=2, batch_size=0, batch_weight_size=2, pwt_source_name=pwt, num_document_passes=1, regularizer=(name:SparsePhi, tau:100000), regularizer=(name:NegSparsePhi, tau:-100000), class=(text:1), class=(author:1), reuse_theta=yes, opt_for_avx=yes, predict_class_id=
I0904 19:28:04.352880 12096 processor.cc:669] Processing queue has data, processing started
I0904 19:28:04.352880  4384 processor.cc:669] Processing queue has data, processing started
I0904 19:28:04.368494 12096 processor.cc:746] Processor: start processing batch 26a91afb-2e6d-4a21-81fe-cf68f1acbb13 into model nwt
I0904 19:28:04.384117  4384 processor.cc:746] Processor: start processing batch b3c8157b-a729-4fd3-a0fb-2755872b7edc into model nwt
I0904 19:28:04.600296 12096 processor.cc:842] Processor: complete processing batch 26a91afb-2e6d-4a21-81fe-cf68f1acbb13 into model nwt
I0904 19:28:04.600296 12096 cuckoo_watch.h:44] 247ms in ProcessBatch(D:\Coursera\Notebooks\homeworks\MyHW\3-4\lectures_batches\aaaaaa.batch) [including 15ms in LoadMessage; 31ms in InitializeSparseNdw; 200ms in InferThetaAndUpdateNwtSparse; ]
I0904 19:28:04.834120  4384 processor.cc:842] Processor: complete processing batch b3c8157b-a729-4fd3-a0fb-2755872b7edc into model nwt
I0904 19:28:04.838621  4384 cuckoo_watch.h:44] 485ms in ProcessBatch(D:\Coursera\Notebooks\homeworks\MyHW\3-4\lectures_batches\aaaaab.batch) [including 31ms in LoadMessage; 53ms in InitializeSparseNdw; 396ms in InferThetaAndUpdateNwtSparse; ]
I0904 19:28:04.854274  4776 master_component.cc:980] RegularizeModelArgs: rwt_target_name=rwt, pwt_source_name=pwt, nwt_source_name=nwt
I0904 19:28:04.854274  4776 master_component.cc:590] MasterComponent: start regularizing model pwt
I0904 19:28:04.916757 12096 processor.cc:662] No data in processing queue, waiting...
I0904 19:28:05.001413  4776 master_component.cc:613] MasterComponent: complete regularizing model pwt
I0904 19:28:05.001413  4776 master_component.cc:991] NormalizeModelArgs: pwt_target_name=pwt, nwt_source_name=nwt, rwt_source_name=rwt
I0904 19:28:05.001413  4776 master_component.cc:617] MasterComponent: start normalizing model nwt
I0904 19:28:05.086055  4776 master_component.cc:639] MasterComponent: complete normalizing model nwt
I0904 19:28:05.109031  4384 processor.cc:662] No data in processing queue, waiting...
I0904 19:28:05.781491  4776 master_component.cc:1015] DisposeModel rwt
I0904 19:28:05.791496  4776 c_interface.cc:332] Pass FitOfflineMasterModelArgs, batch_filename_size=2, batch_weight_size=2, num_collection_passes=1 to void (__thiscall artm::core::MasterComponent::*)(class artm::FitOfflineMasterModelArgs const &)
I0904 19:28:05.791496  4776 master_component.cc:942] ProcessBatchesArgs: nwt_target_name=nwt, batch_filename_size=2, batch_size=0, batch_weight_size=2, pwt_source_name=pwt, num_document_passes=1, regularizer=(name:SparsePhi, tau:100000), regularizer=(name:NegSparsePhi, tau:-100000), class=(text:1), class=(author:1), reuse_theta=yes, opt_for_avx=yes, predict_class_id=
I0904 19:28:05.855084 12096 processor.cc:669] Processing queue has data, processing started
I0904 19:28:05.855084  9148 processor.cc:669] Processing queue has data, processing started
I0904 19:28:05.879722 12096 processor.cc:746] Processor: start processing batch 26a91afb-2e6d-4a21-81fe-cf68f1acbb13 into model nwt
I0904 19:28:05.895354  9148 processor.cc:746] Processor: start processing batch b3c8157b-a729-4fd3-a0fb-2755872b7edc into model nwt
I0904 19:28:06.161505 12096 processor.cc:842] Processor: complete processing batch 26a91afb-2e6d-4a21-81fe-cf68f1acbb13 into model nwt
I0904 19:28:06.161505 12096 cuckoo_watch.h:44] 306ms in ProcessBatch(D:\Coursera\Notebooks\homeworks\MyHW\3-4\lectures_batches\aaaaaa.batch) [including 24ms in LoadMessage; 31ms in InitializeSparseNdw; 250ms in InferThetaAndUpdateNwtSparse; ]
I0904 19:28:06.197154 12096 processor.cc:662] No data in processing queue, waiting...
I0904 19:28:06.427091  9148 processor.cc:842] Processor: complete processing batch b3c8157b-a729-4fd3-a0fb-2755872b7edc into model nwt
I0904 19:28:06.427091  9148 cuckoo_watch.h:44] 572ms in ProcessBatch(D:\Coursera\Notebooks\homeworks\MyHW\3-4\lectures_batches\aaaaab.batch) [including 40ms in LoadMessage; 62ms in InitializeSparseNdw; 469ms in InferThetaAndUpdateNwtSparse; ]
I0904 19:28:06.442734  4776 master_component.cc:980] RegularizeModelArgs: rwt_target_name=rwt, pwt_source_name=pwt, nwt_source_name=nwt
I0904 19:28:06.442734  4776 master_component.cc:590] MasterComponent: start regularizing model pwt
I0904 19:28:06.596381  4776 master_component.cc:613] MasterComponent: complete regularizing model pwt
I0904 19:28:06.596381  4776 master_component.cc:991] NormalizeModelArgs: pwt_target_name=pwt, nwt_source_name=nwt, rwt_source_name=rwt
I0904 19:28:06.596381  4776 master_component.cc:617] MasterComponent: start normalizing model nwt
I0904 19:28:06.681027  4776 master_component.cc:639] MasterComponent: complete normalizing model nwt
I0904 19:28:06.710180  9148 processor.cc:662] No data in processing queue, waiting...
I0904 19:28:07.212584  4776 master_component.cc:1015] DisposeModel rwt
I0904 19:28:07.212584  4776 c_interface.cc:332] Pass FitOfflineMasterModelArgs, batch_filename_size=2, batch_weight_size=2, num_collection_passes=1 to void (__thiscall artm::core::MasterComponent::*)(class artm::FitOfflineMasterModelArgs const &)
I0904 19:28:07.212584  4776 master_component.cc:942] ProcessBatchesArgs: nwt_target_name=nwt, batch_filename_size=2, batch_size=0, batch_weight_size=2, pwt_source_name=pwt, num_document_passes=1, regularizer=(name:SparsePhi, tau:100000), regularizer=(name:NegSparsePhi, tau:-100000), class=(text:1), class=(author:1), reuse_theta=yes, opt_for_avx=yes, predict_class_id=
I0904 19:28:07.275617  5092 processor.cc:669] Processing queue has data, processing started
I0904 19:28:07.275617  9148 processor.cc:669] Processing queue has data, processing started
I0904 19:28:07.311645  9148 processor.cc:746] Processor: start processing batch 26a91afb-2e6d-4a21-81fe-cf68f1acbb13 into model nwt
I0904 19:28:07.337661  5092 processor.cc:746] Processor: start processing batch b3c8157b-a729-4fd3-a0fb-2755872b7edc into model nwt
I0904 19:28:07.613150  9148 processor.cc:842] Processor: complete processing batch 26a91afb-2e6d-4a21-81fe-cf68f1acbb13 into model nwt
I0904 19:28:07.613150  9148 cuckoo_watch.h:44] 337ms in ProcessBatch(D:\Coursera\Notebooks\homeworks\MyHW\3-4\lectures_batches\aaaaaa.batch) [including 35ms in LoadMessage; 41ms in InitializeSparseNdw; 258ms in InferThetaAndUpdateNwtSparse; ]
I0904 19:28:07.777665  9148 processor.cc:662] No data in processing queue, waiting...
I0904 19:28:07.858222  5092 processor.cc:842] Processor: complete processing batch b3c8157b-a729-4fd3-a0fb-2755872b7edc into model nwt
I0904 19:28:07.864228  5092 cuckoo_watch.h:44] 588ms in ProcessBatch(D:\Coursera\Notebooks\homeworks\MyHW\3-4\lectures_batches\aaaaab.batch) [including 59ms in LoadMessage; 85ms in InitializeSparseNdw; 434ms in InferThetaAndUpdateNwtSparse; ]
I0904 19:28:07.865226  4776 master_component.cc:980] RegularizeModelArgs: rwt_target_name=rwt, pwt_source_name=pwt, nwt_source_name=nwt
I0904 19:28:07.865226  4776 master_component.cc:590] MasterComponent: start regularizing model pwt
I0904 19:28:07.893275  5092 processor.cc:662] No data in processing queue, waiting...
I0904 19:28:08.106439  4776 master_component.cc:613] MasterComponent: complete regularizing model pwt
I0904 19:28:08.106439  4776 master_component.cc:991] NormalizeModelArgs: pwt_target_name=pwt, nwt_source_name=nwt, rwt_source_name=rwt
I0904 19:28:08.106439  4776 master_component.cc:617] MasterComponent: start normalizing model nwt
I0904 19:28:08.220347  4776 master_component.cc:639] MasterComponent: complete normalizing model nwt
I0904 19:28:08.629894  4776 master_component.cc:1015] DisposeModel rwt
I0904 19:28:08.645522  4776 c_interface.cc:332] Pass FitOfflineMasterModelArgs, batch_filename_size=2, batch_weight_size=2, num_collection_passes=1 to void (__thiscall artm::core::MasterComponent::*)(class artm::FitOfflineMasterModelArgs const &)
I0904 19:28:08.645522  4776 master_component.cc:942] ProcessBatchesArgs: nwt_target_name=nwt, batch_filename_size=2, batch_size=0, batch_weight_size=2, pwt_source_name=pwt, num_document_passes=1, regularizer=(name:SparsePhi, tau:100000), regularizer=(name:NegSparsePhi, tau:-100000), class=(text:1), class=(author:1), reuse_theta=yes, opt_for_avx=yes, predict_class_id=
