I0904 14:07:35.249522  2608 processor.cc:662] No data in processing queue, waiting...
I0904 14:07:35.364606  6136 master_component.cc:613] MasterComponent: complete regularizing model pwt
I0904 14:07:35.364606  6136 master_component.cc:991] NormalizeModelArgs: pwt_target_name=pwt, nwt_source_name=nwt, rwt_source_name=rwt
I0904 14:07:35.364606  6136 master_component.cc:617] MasterComponent: start normalizing model nwt
I0904 14:07:35.503723  6136 master_component.cc:639] MasterComponent: complete normalizing model nwt
I0904 14:07:35.900537  6136 master_component.cc:1015] DisposeModel rwt
I0904 14:07:35.916159  6136 c_interface.cc:332] Pass FitOfflineMasterModelArgs, batch_filename_size=2, batch_weight_size=2, num_collection_passes=1 to void (__thiscall artm::core::MasterComponent::*)(class artm::FitOfflineMasterModelArgs const &)
I0904 14:07:35.916159  6136 master_component.cc:942] ProcessBatchesArgs: nwt_target_name=nwt, batch_filename_size=2, batch_size=0, batch_weight_size=2, pwt_source_name=pwt, num_document_passes=10, regularizer=(name:SparsePhi, tau:100000), regularizer=(name:NegSparsePhi, tau:-100000), class=(text:1), class=(author:1), reuse_theta=no, opt_for_avx=yes, predict_class_id=
I0904 14:07:35.977610  3476 processor.cc:669] Processing queue has data, processing started
I0904 14:07:35.977610 11552 processor.cc:669] Processing queue has data, processing started
I0904 14:07:36.006140  3476 processor.cc:746] Processor: start processing batch 065644bc-681a-4ff8-bf25-d14331c37b13 into model nwt
I0904 14:07:36.024153 11552 processor.cc:746] Processor: start processing batch 8a1ec9c1-b2c1-4ad9-aba5-448ad9660116 into model nwt
I0904 14:07:36.422453  3476 processor.cc:842] Processor: complete processing batch 065644bc-681a-4ff8-bf25-d14331c37b13 into model nwt
I0904 14:07:36.426453  3476 cuckoo_watch.h:44] 448ms in ProcessBatch(D:\Coursera\Notebooks\homeworks\MyHW\3-4\lectures_batches\aaaaaa.batch) [including 26ms in LoadMessage; 30ms in InitializeSparseNdw; 386ms in InferThetaAndUpdateNwtSparse; ]
I0904 14:07:36.516537  3476 processor.cc:662] No data in processing queue, waiting...
I0904 14:07:36.816704 11552 processor.cc:842] Processor: complete processing batch 8a1ec9c1-b2c1-4ad9-aba5-448ad9660116 into model nwt
I0904 14:07:36.816704 11552 cuckoo_watch.h:44] 839ms in ProcessBatch(D:\Coursera\Notebooks\homeworks\MyHW\3-4\lectures_batches\aaaaab.batch) [including 44ms in LoadMessage; 56ms in InitializeSparseNdw; 736ms in InferThetaAndUpdateNwtSparse; ]
I0904 14:07:36.832353  6136 master_component.cc:980] RegularizeModelArgs: rwt_target_name=rwt, pwt_source_name=pwt, nwt_source_name=nwt
I0904 14:07:36.832353  6136 master_component.cc:590] MasterComponent: start regularizing model pwt
I0904 14:07:36.948230  6136 master_component.cc:613] MasterComponent: complete regularizing model pwt
I0904 14:07:36.948230  6136 master_component.cc:991] NormalizeModelArgs: pwt_target_name=pwt, nwt_source_name=nwt, rwt_source_name=rwt
I0904 14:07:36.948230  6136 master_component.cc:617] MasterComponent: start normalizing model nwt
I0904 14:07:37.032887  6136 master_component.cc:639] MasterComponent: complete normalizing model nwt
I0904 14:07:37.133157 11552 processor.cc:662] No data in processing queue, waiting...
I0904 14:07:37.456948  6136 master_component.cc:1015] DisposeModel rwt
I0904 14:07:37.464951  6136 c_interface.cc:332] Pass FitOfflineMasterModelArgs, batch_filename_size=2, batch_weight_size=2, num_collection_passes=1 to void (__thiscall artm::core::MasterComponent::*)(class artm::FitOfflineMasterModelArgs const &)
I0904 14:07:37.464951  6136 master_component.cc:942] ProcessBatchesArgs: nwt_target_name=nwt, batch_filename_size=2, batch_size=0, batch_weight_size=2, pwt_source_name=pwt, num_document_passes=10, regularizer=(name:SparsePhi, tau:100000), regularizer=(name:NegSparsePhi, tau:-100000), class=(text:1), class=(author:1), reuse_theta=no, opt_for_avx=yes, predict_class_id=
I0904 14:07:37.520005 11552 processor.cc:669] Processing queue has data, processing started
I0904 14:07:37.520005  3476 processor.cc:669] Processing queue has data, processing started
I0904 14:07:37.542013 11552 processor.cc:746] Processor: start processing batch 065644bc-681a-4ff8-bf25-d14331c37b13 into model nwt
I0904 14:07:37.562026  3476 processor.cc:746] Processor: start processing batch 8a1ec9c1-b2c1-4ad9-aba5-448ad9660116 into model nwt
I0904 14:07:37.925788 11552 processor.cc:842] Processor: complete processing batch 065644bc-681a-4ff8-bf25-d14331c37b13 into model nwt
I0904 14:07:37.925788 11552 cuckoo_watch.h:44] 405ms in ProcessBatch(D:\Coursera\Notebooks\homeworks\MyHW\3-4\lectures_batches\aaaaaa.batch) [including 20ms in LoadMessage; 27ms in InitializeSparseNdw; 356ms in InferThetaAndUpdateNwtSparse; ]
I0904 14:07:38.250236 11552 processor.cc:662] No data in processing queue, waiting...
I0904 14:07:38.319259  3476 processor.cc:842] Processor: complete processing batch 8a1ec9c1-b2c1-4ad9-aba5-448ad9660116 into model nwt
I0904 14:07:38.319259  3476 cuckoo_watch.h:44] 799ms in ProcessBatch(D:\Coursera\Notebooks\homeworks\MyHW\3-4\lectures_batches\aaaaab.batch) [including 39ms in LoadMessage; 40ms in InitializeSparseNdw; 716ms in InferThetaAndUpdateNwtSparse; ]
I0904 14:07:38.334894  6136 master_component.cc:980] RegularizeModelArgs: rwt_target_name=rwt, pwt_source_name=pwt, nwt_source_name=nwt
I0904 14:07:38.334894  6136 master_component.cc:590] MasterComponent: start regularizing model pwt
I0904 14:07:38.359369  3476 processor.cc:662] No data in processing queue, waiting...
I0904 14:07:38.458214  6136 master_component.cc:613] MasterComponent: complete regularizing model pwt
I0904 14:07:38.458214  6136 master_component.cc:991] NormalizeModelArgs: pwt_target_name=pwt, nwt_source_name=nwt, rwt_source_name=rwt
I0904 14:07:38.458214  6136 master_component.cc:617] MasterComponent: start normalizing model nwt
I0904 14:07:38.550371  6136 master_component.cc:639] MasterComponent: complete normalizing model nwt
I0904 14:07:39.011556  6136 master_component.cc:1015] DisposeModel rwt
I0904 14:07:39.023564  6136 c_interface.cc:332] Pass FitOfflineMasterModelArgs, batch_filename_size=2, batch_weight_size=2, num_collection_passes=1 to void (__thiscall artm::core::MasterComponent::*)(class artm::FitOfflineMasterModelArgs const &)
I0904 14:07:39.023564  6136 master_component.cc:942] ProcessBatchesArgs: nwt_target_name=nwt, batch_filename_size=2, batch_size=0, batch_weight_size=2, pwt_source_name=pwt, num_document_passes=10, regularizer=(name:SparsePhi, tau:100000), regularizer=(name:NegSparsePhi, tau:-100000), class=(text:1), class=(author:1), reuse_theta=no, opt_for_avx=yes, predict_class_id=
I0904 14:07:39.101637  3476 processor.cc:669] Processing queue has data, processing started
I0904 14:07:39.101637  2608 processor.cc:669] Processing queue has data, processing started
I0904 14:07:39.133653  3476 processor.cc:746] Processor: start processing batch 065644bc-681a-4ff8-bf25-d14331c37b13 into model nwt
I0904 14:07:39.152667  2608 processor.cc:746] Processor: start processing batch 8a1ec9c1-b2c1-4ad9-aba5-448ad9660116 into model nwt
I0904 14:07:39.504961  3476 processor.cc:842] Processor: complete processing batch 065644bc-681a-4ff8-bf25-d14331c37b13 into model nwt
I0904 14:07:39.504961  3476 cuckoo_watch.h:44] 403ms in ProcessBatch(D:\Coursera\Notebooks\homeworks\MyHW\3-4\lectures_batches\aaaaaa.batch) [including 30ms in LoadMessage; 19ms in InitializeSparseNdw; 352ms in InferThetaAndUpdateNwtSparse; ]
I0904 14:07:39.821394  3476 processor.cc:662] No data in processing queue, waiting...
I0904 14:07:39.906047  2608 processor.cc:842] Processor: complete processing batch 8a1ec9c1-b2c1-4ad9-aba5-448ad9660116 into model nwt
I0904 14:07:39.906047  2608 cuckoo_watch.h:44] 804ms in ProcessBatch(D:\Coursera\Notebooks\homeworks\MyHW\3-4\lectures_batches\aaaaab.batch) [including 49ms in LoadMessage; 51ms in InitializeSparseNdw; 701ms in InferThetaAndUpdateNwtSparse; ]
I0904 14:07:39.921682  6136 master_component.cc:980] RegularizeModelArgs: rwt_target_name=rwt, pwt_source_name=pwt, nwt_source_name=nwt
I0904 14:07:39.921682  6136 master_component.cc:590] MasterComponent: start regularizing model pwt
I0904 14:07:40.037564  6136 master_component.cc:613] MasterComponent: complete regularizing model pwt
I0904 14:07:40.037564  6136 master_component.cc:991] NormalizeModelArgs: pwt_target_name=pwt, nwt_source_name=nwt, rwt_source_name=rwt
I0904 14:07:40.037564  6136 master_component.cc:617] MasterComponent: start normalizing model nwt
I0904 14:07:40.137840  6136 master_component.cc:639] MasterComponent: complete normalizing model nwt
I0904 14:07:40.222489  2608 processor.cc:662] No data in processing queue, waiting...
I0904 14:07:40.553563  6136 master_component.cc:1015] DisposeModel rwt
I0904 14:07:40.553563  6136 c_interface.cc:332] Pass FitOfflineMasterModelArgs, batch_filename_size=2, batch_weight_size=2, num_collection_passes=1 to void (__thiscall artm::core::MasterComponent::*)(class artm::FitOfflineMasterModelArgs const &)
I0904 14:07:40.553563  6136 master_component.cc:942] ProcessBatchesArgs: nwt_target_name=nwt, batch_filename_size=2, batch_size=0, batch_weight_size=2, pwt_source_name=pwt, num_document_passes=10, regularizer=(name:SparsePhi, tau:100000), regularizer=(name:NegSparsePhi, tau:-100000), class=(text:1), class=(author:1), reuse_theta=no, opt_for_avx=yes, predict_class_id=
I0904 14:07:40.622594  2608 processor.cc:669] Processing queue has data, processing started
I0904 14:07:40.622594 12092 processor.cc:669] Processing queue has data, processing started
I0904 14:07:40.638206  2608 processor.cc:746] Processor: start processing batch 065644bc-681a-4ff8-bf25-d14331c37b13 into model nwt
I0904 14:07:40.653836 12092 processor.cc:746] Processor: start processing batch 8a1ec9c1-b2c1-4ad9-aba5-448ad9660116 into model nwt
I0904 14:07:41.003006  2608 processor.cc:842] Processor: complete processing batch 065644bc-681a-4ff8-bf25-d14331c37b13 into model nwt
I0904 14:07:41.007509  2608 cuckoo_watch.h:44] 384ms in ProcessBatch(D:\Coursera\Notebooks\homeworks\MyHW\3-4\lectures_batches\aaaaaa.batch) [including 15ms in LoadMessage; 15ms in InitializeSparseNdw; 349ms in InferThetaAndUpdateNwtSparse; ]
I0904 14:07:41.316313  2608 processor.cc:662] No data in processing queue, waiting...
I0904 14:07:41.400959 12092 processor.cc:842] Processor: complete processing batch 8a1ec9c1-b2c1-4ad9-aba5-448ad9660116 into model nwt
I0904 14:07:41.400959 12092 cuckoo_watch.h:44] 778ms in ProcessBatch(D:\Coursera\Notebooks\homeworks\MyHW\3-4\lectures_batches\aaaaab.batch) [including 31ms in LoadMessage; 53ms in InitializeSparseNdw; 693ms in InferThetaAndUpdateNwtSparse; ]
I0904 14:07:41.416605  6136 master_component.cc:980] RegularizeModelArgs: rwt_target_name=rwt, pwt_source_name=pwt, nwt_source_name=nwt
I0904 14:07:41.416605  6136 master_component.cc:590] MasterComponent: start regularizing model pwt
I0904 14:07:41.435132 12092 processor.cc:662] No data in processing queue, waiting...
I0904 14:07:41.538591  6136 master_component.cc:613] MasterComponent: complete regularizing model pwt
I0904 14:07:41.538591  6136 master_component.cc:991] NormalizeModelArgs: pwt_target_name=pwt, nwt_source_name=nwt, rwt_source_name=rwt
I0904 14:07:41.538591  6136 master_component.cc:617] MasterComponent: start normalizing model nwt
I0904 14:07:41.623236  6136 master_component.cc:639] MasterComponent: complete normalizing model nwt
I0904 14:07:42.023857  6136 master_component.cc:1015] DisposeModel rwt
I0904 14:07:42.039490  6136 c_interface.cc:332] Pass FitOfflineMasterModelArgs, batch_filename_size=2, batch_weight_size=2, num_collection_passes=1 to void (__thiscall artm::core::MasterComponent::*)(class artm::FitOfflineMasterModelArgs const &)
I0904 14:07:42.039490  6136 master_component.cc:942] ProcessBatchesArgs: nwt_target_name=nwt, batch_filename_size=2, batch_size=0, batch_weight_size=2, pwt_source_name=pwt, num_document_passes=10, regularizer=(name:SparsePhi, tau:100000), regularizer=(name:NegSparsePhi, tau:-100000), class=(text:1), class=(author:1), reuse_theta=no, opt_for_avx=yes, predict_class_id=
I0904 14:07:42.102001 11552 processor.cc:669] Processing queue has data, processing started
I0904 14:07:42.102001 12092 processor.cc:669] Processing queue has data, processing started
I0904 14:07:42.121620 11552 processor.cc:746] Processor: start processing batch 065644bc-681a-4ff8-bf25-d14331c37b13 into model nwt
I0904 14:07:42.124121 12092 processor.cc:746] Processor: start processing batch 8a1ec9c1-b2c1-4ad9-aba5-448ad9660116 into model nwt
I0904 14:07:42.503075 11552 processor.cc:842] Processor: complete processing batch 065644bc-681a-4ff8-bf25-d14331c37b13 into model nwt
I0904 14:07:42.503075 11552 cuckoo_watch.h:44] 401ms in ProcessBatch(D:\Coursera\Notebooks\homeworks\MyHW\3-4\lectures_batches\aaaaaa.batch) [including 18ms in LoadMessage; 18ms in InitializeSparseNdw; 363ms in InferThetaAndUpdateNwtSparse; ]
I0904 14:07:42.602198 11552 processor.cc:662] No data in processing queue, waiting...
I0904 14:07:42.903925 12092 processor.cc:842] Processor: complete processing batch 8a1ec9c1-b2c1-4ad9-aba5-448ad9660116 into model nwt
I0904 14:07:42.903925 12092 cuckoo_watch.h:44] 801ms in ProcessBatch(D:\Coursera\Notebooks\homeworks\MyHW\3-4\lectures_batches\aaaaab.batch) [including 22ms in LoadMessage; 62ms in InitializeSparseNdw; 717ms in InferThetaAndUpdateNwtSparse; ]
I0904 14:07:42.919561  6136 master_component.cc:980] RegularizeModelArgs: rwt_target_name=rwt, pwt_source_name=pwt, nwt_source_name=nwt
I0904 14:07:42.919561  6136 master_component.cc:590] MasterComponent: start regularizing model pwt
I0904 14:07:43.041993  6136 master_component.cc:613] MasterComponent: complete regularizing model pwt
I0904 14:07:43.041993  6136 master_component.cc:991] NormalizeModelArgs: pwt_target_name=pwt, nwt_source_name=nwt, rwt_source_name=rwt
I0904 14:07:43.041993  6136 master_component.cc:617] MasterComponent: start normalizing model nwt
I0904 14:07:43.126637  6136 master_component.cc:639] MasterComponent: complete normalizing model nwt
I0904 14:07:43.220391 12092 processor.cc:662] No data in processing queue, waiting...
I0904 14:07:43.543349  6136 master_component.cc:1015] DisposeModel rwt
I0904 14:07:43.543349  6136 c_interface.cc:332] Pass FitOfflineMasterModelArgs, batch_filename_size=2, batch_weight_size=2, num_collection_passes=1 to void (__thiscall artm::core::MasterComponent::*)(class artm::FitOfflineMasterModelArgs const &)
I0904 14:07:43.543349  6136 master_component.cc:942] ProcessBatchesArgs: nwt_target_name=nwt, batch_filename_size=2, batch_size=0, batch_weight_size=2, pwt_source_name=pwt, num_document_passes=10, regularizer=(name:SparsePhi, tau:100000), regularizer=(name:NegSparsePhi, tau:-100000), class=(text:1), class=(author:1), reuse_theta=no, opt_for_avx=yes, predict_class_id=
I0904 14:07:43.605865  2608 processor.cc:669] Processing queue has data, processing started
I0904 14:07:43.605865 11552 processor.cc:669] Processing queue has data, processing started
I0904 14:07:43.627988  2608 processor.cc:746] Processor: start processing batch 065644bc-681a-4ff8-bf25-d14331c37b13 into model nwt
I0904 14:07:43.643620 11552 processor.cc:746] Processor: start processing batch 8a1ec9c1-b2c1-4ad9-aba5-448ad9660116 into model nwt
I0904 14:07:44.025432  2608 processor.cc:842] Processor: complete processing batch 065644bc-681a-4ff8-bf25-d14331c37b13 into model nwt
I0904 14:07:44.028436  2608 cuckoo_watch.h:44] 422ms in ProcessBatch(D:\Coursera\Notebooks\homeworks\MyHW\3-4\lectures_batches\aaaaaa.batch) [including 20ms in LoadMessage; 31ms in InitializeSparseNdw; 366ms in InferThetaAndUpdateNwtSparse; ]
I0904 14:07:44.344887  2608 processor.cc:662] No data in processing queue, waiting...
I0904 14:07:44.407390 11552 processor.cc:842] Processor: complete processing batch 8a1ec9c1-b2c1-4ad9-aba5-448ad9660116 into model nwt
I0904 14:07:44.426524 11552 cuckoo_watch.h:44] 820ms in ProcessBatch(D:\Coursera\Notebooks\homeworks\MyHW\3-4\lectures_batches\aaaaab.batch) [including 37ms in LoadMessage; 72ms in InitializeSparseNdw; 691ms in InferThetaAndUpdateNwtSparse; ]
I0904 14:07:44.444859  6136 master_component.cc:980] RegularizeModelArgs: rwt_target_name=rwt, pwt_source_name=pwt, nwt_source_name=nwt
I0904 14:07:44.444859  6136 master_component.cc:590] MasterComponent: start regularizing model pwt
I0904 14:07:44.560748  6136 master_component.cc:613] MasterComponent: complete regularizing model pwt
I0904 14:07:44.560748  6136 master_component.cc:991] NormalizeModelArgs: pwt_target_name=pwt, nwt_source_name=nwt, rwt_source_name=rwt
I0904 14:07:44.560748  6136 master_component.cc:617] MasterComponent: start normalizing model nwt
I0904 14:07:44.645393  6136 master_component.cc:639] MasterComponent: complete normalizing model nwt
I0904 14:07:44.745657 11552 processor.cc:662] No data in processing queue, waiting...
I0904 14:07:45.061098  6136 master_component.cc:1015] DisposeModel rwt
I0904 14:07:45.068104  6136 c_interface.cc:332] Pass FitOfflineMasterModelArgs, batch_filename_size=2, batch_weight_size=2, num_collection_passes=1 to void (__thiscall artm::core::MasterComponent::*)(class artm::FitOfflineMasterModelArgs const &)
I0904 14:07:45.068104  6136 master_component.cc:942] ProcessBatchesArgs: nwt_target_name=nwt, batch_filename_size=2, batch_size=0, batch_weight_size=2, pwt_source_name=pwt, num_document_passes=10, regularizer=(name:SparsePhi, tau:100000), regularizer=(name:NegSparsePhi, tau:-100000), class=(text:1), class=(author:1), reuse_theta=no, opt_for_avx=yes, predict_class_id=
I0904 14:07:45.120849 12092 processor.cc:669] Processing queue has data, processing started
I0904 14:07:45.120849 11552 processor.cc:669] Processing queue has data, processing started
I0904 14:07:45.146497 12092 processor.cc:746] Processor: start processing batch 065644bc-681a-4ff8-bf25-d14331c37b13 into model nwt
I0904 14:07:45.162123 11552 processor.cc:746] Processor: start processing batch 8a1ec9c1-b2c1-4ad9-aba5-448ad9660116 into model nwt
I0904 14:07:45.509816 12092 processor.cc:842] Processor: complete processing batch 065644bc-681a-4ff8-bf25-d14331c37b13 into model nwt
I0904 14:07:45.509816 12092 cuckoo_watch.h:44] 388ms in ProcessBatch(D:\Coursera\Notebooks\homeworks\MyHW\3-4\lectures_batches\aaaaaa.batch) [including 25ms in LoadMessage; 15ms in InitializeSparseNdw; 347ms in InferThetaAndUpdateNwtSparse; ]
I0904 14:07:45.800361 12092 processor.cc:662] No data in processing queue, waiting...
I0904 14:07:45.901347 11552 processor.cc:842] Processor: complete processing batch 8a1ec9c1-b2c1-4ad9-aba5-448ad9660116 into model nwt
I0904 14:07:45.916971 11552 cuckoo_watch.h:44] 796ms in ProcessBatch(D:\Coursera\Notebooks\homeworks\MyHW\3-4\lectures_batches\aaaaab.batch) [including 41ms in LoadMessage; 46ms in InitializeSparseNdw; 692ms in InferThetaAndUpdateNwtSparse; ]
I0904 14:07:45.947824  6136 master_component.cc:980] RegularizeModelArgs: rwt_target_name=rwt, pwt_source_name=pwt, nwt_source_name=nwt
I0904 14:07:45.947824  6136 master_component.cc:590] MasterComponent: start regularizing model pwt
I0904 14:07:46.063709  6136 master_component.cc:613] MasterComponent: complete regularizing model pwt
I0904 14:07:46.063709  6136 master_component.cc:991] NormalizeModelArgs: pwt_target_name=pwt, nwt_source_name=nwt, rwt_source_name=rwt
I0904 14:07:46.063709  6136 master_component.cc:617] MasterComponent: start normalizing model nwt
I0904 14:07:46.148360  6136 master_component.cc:639] MasterComponent: complete normalizing model nwt
I0904 14:07:46.248630 11552 processor.cc:662] No data in processing queue, waiting...
I0904 14:07:46.549279  6136 master_component.cc:1015] DisposeModel rwt
I0904 14:07:46.564905  6136 c_interface.cc:332] Pass FitOfflineMasterModelArgs, batch_filename_size=2, batch_weight_size=2, num_collection_passes=1 to void (__thiscall artm::core::MasterComponent::*)(class artm::FitOfflineMasterModelArgs const &)
I0904 14:07:46.564905  6136 master_component.cc:942] ProcessBatchesArgs: nwt_target_name=nwt, batch_filename_size=2, batch_size=0, batch_weight_size=2, pwt_source_name=pwt, num_document_passes=10, regularizer=(name:SparsePhi, tau:100000), regularizer=(name:NegSparsePhi, tau:-100000), class=(text:1), class=(author:1), reuse_theta=no, opt_for_avx=yes, predict_class_id=
I0904 14:07:46.627424  3476 processor.cc:669] Processing queue has data, processing started
I0904 14:07:46.627424  2608 processor.cc:669] Processing queue has data, processing started
I0904 14:07:46.633944  3476 processor.cc:746] Processor: start processing batch 065644bc-681a-4ff8-bf25-d14331c37b13 into model nwt
I0904 14:07:46.665199  2608 processor.cc:746] Processor: start processing batch 8a1ec9c1-b2c1-4ad9-aba5-448ad9660116 into model nwt
I0904 14:07:47.040197  3476 processor.cc:842] Processor: complete processing batch 065644bc-681a-4ff8-bf25-d14331c37b13 into model nwt
I0904 14:07:47.040197  3476 cuckoo_watch.h:44] 412ms in ProcessBatch(D:\Coursera\Notebooks\homeworks\MyHW\3-4\lectures_batches\aaaaaa.batch) [including 6ms in LoadMessage; 31ms in InitializeSparseNdw; 374ms in InferThetaAndUpdateNwtSparse; ]
I0904 14:07:47.266872  3476 processor.cc:662] No data in processing queue, waiting...
I0904 14:07:47.440668  2608 processor.cc:842] Processor: complete processing batch 8a1ec9c1-b2c1-4ad9-aba5-448ad9660116 into model nwt
I0904 14:07:47.456293  2608 cuckoo_watch.h:44] 828ms in ProcessBatch(D:\Coursera\Notebooks\homeworks\MyHW\3-4\lectures_batches\aaaaab.batch) [including 37ms in LoadMessage; 46ms in InitializeSparseNdw; 728ms in InferThetaAndUpdateNwtSparse; ]
I0904 14:07:47.471920  6136 master_component.cc:980] RegularizeModelArgs: rwt_target_name=rwt, pwt_source_name=pwt, nwt_source_name=nwt
I0904 14:07:47.471920  6136 master_component.cc:590] MasterComponent: start regularizing model pwt
I0904 14:07:47.576227  2608 processor.cc:662] No data in processing queue, waiting...
I0904 14:07:47.599239  6136 master_component.cc:613] MasterComponent: complete regularizing model pwt
I0904 14:07:47.599239  6136 master_component.cc:991] NormalizeModelArgs: pwt_target_name=pwt, nwt_source_name=nwt, rwt_source_name=rwt
I0904 14:07:47.599239  6136 master_component.cc:617] MasterComponent: start normalizing model nwt
I0904 14:07:47.672359  6136 master_component.cc:639] MasterComponent: complete normalizing model nwt
I0904 14:07:48.073460  6136 master_component.cc:1015] DisposeModel rwt
I0904 14:07:48.089087  6136 c_interface.cc:332] Pass FitOfflineMasterModelArgs, batch_filename_size=2, batch_weight_size=2, num_collection_passes=1 to void (__thiscall artm::core::MasterComponent::*)(class artm::FitOfflineMasterModelArgs const &)
I0904 14:07:48.089087  6136 master_component.cc:942] ProcessBatchesArgs: nwt_target_name=nwt, batch_filename_size=2, batch_size=0, batch_weight_size=2, pwt_source_name=pwt, num_document_passes=10, regularizer=(name:SparsePhi, tau:100000), regularizer=(name:NegSparsePhi, tau:-100000), class=(text:1), class=(author:1), reuse_theta=no, opt_for_avx=yes, predict_class_id=
I0904 14:07:48.142496  3476 processor.cc:669] Processing queue has data, processing started
I0904 14:07:48.142496 12092 processor.cc:669] Processing queue has data, processing started
I0904 14:07:48.158107 12092 processor.cc:746] Processor: start processing batch 065644bc-681a-4ff8-bf25-d14331c37b13 into model nwt
I0904 14:07:48.173733  3476 processor.cc:746] Processor: start processing batch 8a1ec9c1-b2c1-4ad9-aba5-448ad9660116 into model nwt
I0904 14:07:48.553746 12092 processor.cc:842] Processor: complete processing batch 065644bc-681a-4ff8-bf25-d14331c37b13 into model nwt
I0904 14:07:48.557248 12092 cuckoo_watch.h:44] 414ms in ProcessBatch(D:\Coursera\Notebooks\homeworks\MyHW\3-4\lectures_batches\aaaaaa.batch) [including 15ms in LoadMessage; 31ms in InitializeSparseNdw; 364ms in InferThetaAndUpdateNwtSparse; ]
I0904 14:07:48.841644 12092 processor.cc:662] No data in processing queue, waiting...
I0904 14:07:48.948434  3476 processor.cc:842] Processor: complete processing batch 8a1ec9c1-b2c1-4ad9-aba5-448ad9660116 into model nwt
I0904 14:07:48.948434  3476 cuckoo_watch.h:44] 805ms in ProcessBatch(D:\Coursera\Notebooks\homeworks\MyHW\3-4\lectures_batches\aaaaab.batch) [including 31ms in LoadMessage; 53ms in InitializeSparseNdw; 721ms in InferThetaAndUpdateNwtSparse; ]
I0904 14:07:48.964064  6136 master_component.cc:980] RegularizeModelArgs: rwt_target_name=rwt, pwt_source_name=pwt, nwt_source_name=nwt
I0904 14:07:48.964064  6136 master_component.cc:590] MasterComponent: start regularizing model pwt
I0904 14:07:49.079967  6136 master_component.cc:613] MasterComponent: complete regularizing model pwt
I0904 14:07:49.079967  6136 master_component.cc:991] NormalizeModelArgs: pwt_target_name=pwt, nwt_source_name=nwt, rwt_source_name=rwt
I0904 14:07:49.079967  6136 master_component.cc:617] MasterComponent: start normalizing model nwt
I0904 14:07:49.126276  3476 processor.cc:662] No data in processing queue, waiting...
I0904 14:07:49.174510  6136 master_component.cc:639] MasterComponent: complete normalizing model nwt
I0904 14:07:49.581102  6136 master_component.cc:1015] DisposeModel rwt
I0904 14:07:49.581102  6136 c_interface.cc:332] Pass FitOfflineMasterModelArgs, batch_filename_size=2, batch_weight_size=2, num_collection_passes=1 to void (__thiscall artm::core::MasterComponent::*)(class artm::FitOfflineMasterModelArgs const &)
I0904 14:07:49.581102  6136 master_component.cc:942] ProcessBatchesArgs: nwt_target_name=nwt, batch_filename_size=2, batch_size=0, batch_weight_size=2, pwt_source_name=pwt, num_document_passes=10, regularizer=(name:SparsePhi, tau:100000), regularizer=(name:NegSparsePhi, tau:-100000), class=(text:1), class=(author:1), reuse_theta=no, opt_for_avx=yes, predict_class_id=
I0904 14:07:49.643605 12092 processor.cc:669] Processing queue has data, processing started
I0904 14:07:49.643605  2608 processor.cc:669] Processing queue has data, processing started
I0904 14:07:49.650118 12092 processor.cc:746] Processor: start processing batch 065644bc-681a-4ff8-bf25-d14331c37b13 into model nwt
I0904 14:07:49.681377  2608 processor.cc:746] Processor: start processing batch 8a1ec9c1-b2c1-4ad9-aba5-448ad9660116 into model nwt
I0904 14:07:50.067275 12092 processor.cc:842] Processor: complete processing batch 065644bc-681a-4ff8-bf25-d14331c37b13 into model nwt
I0904 14:07:50.071280 12092 cuckoo_watch.h:44] 427ms in ProcessBatch(D:\Coursera\Notebooks\homeworks\MyHW\3-4\lectures_batches\aaaaaa.batch) [including 6ms in LoadMessage; 40ms in InitializeSparseNdw; 375ms in InferThetaAndUpdateNwtSparse; ]
I0904 14:07:50.092293 12092 processor.cc:662] No data in processing queue, waiting...
I0904 14:07:50.481878  2608 processor.cc:842] Processor: complete processing batch 8a1ec9c1-b2c1-4ad9-aba5-448ad9660116 into model nwt
I0904 14:07:50.486881  2608 cuckoo_watch.h:44] 843ms in ProcessBatch(D:\Coursera\Notebooks\homeworks\MyHW\3-4\lectures_batches\aaaaab.batch) [including 37ms in LoadMessage; 60ms in InitializeSparseNdw; 739ms in InferThetaAndUpdateNwtSparse; ]
I0904 14:07:50.487896  6136 master_component.cc:980] RegularizeModelArgs: rwt_target_name=rwt, pwt_source_name=pwt, nwt_source_name=nwt
I0904 14:07:50.487896  6136 master_component.cc:590] MasterComponent: start regularizing model pwt
I0904 14:07:50.508898  2608 processor.cc:662] No data in processing queue, waiting...
I0904 14:07:50.617074  6136 master_component.cc:613] MasterComponent: complete regularizing model pwt
I0904 14:07:50.617074  6136 master_component.cc:991] NormalizeModelArgs: pwt_target_name=pwt, nwt_source_name=nwt, rwt_source_name=rwt
I0904 14:07:50.617074  6136 master_component.cc:617] MasterComponent: start normalizing model nwt
I0904 14:07:50.706851  6136 master_component.cc:639] MasterComponent: complete normalizing model nwt
I0904 14:07:51.200820  6136 master_component.cc:1015] DisposeModel rwt
I0904 14:07:51.210827  6136 c_interface.cc:332] Pass FitOfflineMasterModelArgs, batch_filename_size=2, batch_weight_size=2, num_collection_passes=1 to void (__thiscall artm::core::MasterComponent::*)(class artm::FitOfflineMasterModelArgs const &)
I0904 14:07:51.210827  6136 master_component.cc:942] ProcessBatchesArgs: nwt_target_name=nwt, batch_filename_size=2, batch_size=0, batch_weight_size=2, pwt_source_name=pwt, num_document_passes=10, regularizer=(name:SparsePhi, tau:100000), regularizer=(name:NegSparsePhi, tau:-100000), class=(text:1), class=(author:1), reuse_theta=no, opt_for_avx=yes, predict_class_id=
I0904 14:07:51.281024  3476 processor.cc:669] Processing queue has data, processing started
I0904 14:07:51.281024 12092 processor.cc:669] Processing queue has data, processing started
I0904 14:07:51.310045  3476 processor.cc:746] Processor: start processing batch 065644bc-681a-4ff8-bf25-d14331c37b13 into model nwt
I0904 14:07:51.332062 12092 processor.cc:746] Processor: start processing batch 8a1ec9c1-b2c1-4ad9-aba5-448ad9660116 into model nwt
I0904 14:07:51.728960  3476 processor.cc:842] Processor: complete processing batch 065644bc-681a-4ff8-bf25-d14331c37b13 into model nwt
I0904 14:07:51.733961  3476 cuckoo_watch.h:44] 452ms in ProcessBatch(D:\Coursera\Notebooks\homeworks\MyHW\3-4\lectures_batches\aaaaaa.batch) [including 26ms in LoadMessage; 25ms in InitializeSparseNdw; 393ms in InferThetaAndUpdateNwtSparse; ]
I0904 14:07:51.753981  3476 processor.cc:662] No data in processing queue, waiting...
I0904 14:07:52.216320 12092 processor.cc:842] Processor: complete processing batch 8a1ec9c1-b2c1-4ad9-aba5-448ad9660116 into model nwt
I0904 14:07:52.223325 12092 cuckoo_watch.h:44] 942ms in ProcessBatch(D:\Coursera\Notebooks\homeworks\MyHW\3-4\lectures_batches\aaaaab.batch) [including 49ms in LoadMessage; 55ms in InitializeSparseNdw; 829ms in InferThetaAndUpdateNwtSparse; ]
I0904 14:07:52.224328  6136 master_component.cc:980] RegularizeModelArgs: rwt_target_name=rwt, pwt_source_name=pwt, nwt_source_name=nwt
I0904 14:07:52.224328  6136 master_component.cc:590] MasterComponent: start regularizing model pwt
I0904 14:07:52.248345 12092 processor.cc:662] No data in processing queue, waiting...
I0904 14:07:52.406162  6136 master_component.cc:613] MasterComponent: complete regularizing model pwt
I0904 14:07:52.406162  6136 master_component.cc:991] NormalizeModelArgs: pwt_target_name=pwt, nwt_source_name=nwt, rwt_source_name=rwt
I0904 14:07:52.406162  6136 master_component.cc:617] MasterComponent: start normalizing model nwt
I0904 14:07:52.499332  6136 master_component.cc:639] MasterComponent: complete normalizing model nwt
I0904 14:07:52.899996  6136 master_component.cc:1015] DisposeModel rwt
I0904 14:11:10.562588  6136 c_interface.cc:180] ArtmCopyRequestedMessage is copying 509004 bytes...
I0904 14:11:10.995144  6136 c_interface.cc:180] ArtmCopyRequestedMessage is copying 509004 bytes...
I0904 14:11:11.427008  6136 c_interface.cc:180] ArtmCopyRequestedMessage is copying 509004 bytes...
I0904 14:11:11.865010  6136 c_interface.cc:180] ArtmCopyRequestedMessage is copying 509004 bytes...
I0904 14:11:12.307512  6136 c_interface.cc:180] ArtmCopyRequestedMessage is copying 509004 bytes...
I0904 14:11:12.733614  6136 c_interface.cc:180] ArtmCopyRequestedMessage is copying 509004 bytes...
I0904 14:11:13.144131  6136 c_interface.cc:180] ArtmCopyRequestedMessage is copying 509004 bytes...
I0904 14:11:13.565240  6136 c_interface.cc:180] ArtmCopyRequestedMessage is copying 509004 bytes...
I0904 14:11:13.982831  6136 c_interface.cc:180] ArtmCopyRequestedMessage is copying 509004 bytes...
I0904 14:11:14.399039  6136 c_interface.cc:180] ArtmCopyRequestedMessage is copying 509004 bytes...
I0904 14:11:14.815119  6136 c_interface.cc:180] ArtmCopyRequestedMessage is copying 509004 bytes...
I0904 14:11:15.231791  6136 c_interface.cc:180] ArtmCopyRequestedMessage is copying 509004 bytes...
I0904 14:11:15.647922  6136 c_interface.cc:180] ArtmCopyRequestedMessage is copying 509004 bytes...
I0904 14:11:16.070261  6136 c_interface.cc:180] ArtmCopyRequestedMessage is copying 509004 bytes...
I0904 14:11:16.502207  6136 c_interface.cc:180] ArtmCopyRequestedMessage is copying 509004 bytes...
I0904 14:11:17.003141  6136 c_interface.cc:180] ArtmCopyRequestedMessage is copying 509004 bytes...
I0904 14:11:17.488034  6136 c_interface.cc:180] ArtmCopyRequestedMessage is copying 509004 bytes...
I0904 14:11:17.903931  6136 c_interface.cc:180] ArtmCopyRequestedMessage is copying 509004 bytes...
I0904 14:11:18.336177  6136 c_interface.cc:180] ArtmCopyRequestedMessage is copying 509004 bytes...
I0904 14:11:18.752689  6136 c_interface.cc:180] ArtmCopyRequestedMessage is copying 509004 bytes...
I0904 14:11:19.174371  6136 c_interface.cc:180] ArtmCopyRequestedMessage is copying 509004 bytes...
I0904 14:11:19.591825  6136 c_interface.cc:180] ArtmCopyRequestedMessage is copying 509004 bytes...
I0904 14:11:19.992743  6136 c_interface.cc:180] ArtmCopyRequestedMessage is copying 509004 bytes...
I0904 14:11:20.409159  6136 c_interface.cc:180] ArtmCopyRequestedMessage is copying 509004 bytes...
I0904 14:11:20.840695  6136 c_interface.cc:180] ArtmCopyRequestedMessage is copying 509004 bytes...
I0904 14:11:21.257007  6136 c_interface.cc:180] ArtmCopyRequestedMessage is copying 509004 bytes...
I0904 14:11:21.761723  6136 c_interface.cc:180] ArtmCopyRequestedMessage is copying 509004 bytes...
I0904 14:11:22.195871  6136 c_interface.cc:180] ArtmCopyRequestedMessage is copying 509004 bytes...
I0904 14:11:22.727468  6136 c_interface.cc:180] ArtmCopyRequestedMessage is copying 509004 bytes...
I0904 14:11:23.143501  6136 c_interface.cc:180] ArtmCopyRequestedMessage is copying 509004 bytes...
I0904 14:12:38.521419  6136 c_interface.cc:180] ArtmCopyRequestedMessage is copying 509004 bytes...
I0904 14:12:38.968616  6136 c_interface.cc:180] ArtmCopyRequestedMessage is copying 509004 bytes...
I0904 14:12:39.384805  6136 c_interface.cc:180] ArtmCopyRequestedMessage is copying 509004 bytes...
I0904 14:12:39.813699  6136 c_interface.cc:180] ArtmCopyRequestedMessage is copying 509004 bytes...
I0904 14:12:40.255213  6136 c_interface.cc:180] ArtmCopyRequestedMessage is copying 509004 bytes...
I0904 14:12:40.671860  6136 c_interface.cc:180] ArtmCopyRequestedMessage is copying 509004 bytes...
I0904 14:12:41.118705  6136 c_interface.cc:180] ArtmCopyRequestedMessage is copying 509004 bytes...
I0904 14:12:41.575853  6136 c_interface.cc:180] ArtmCopyRequestedMessage is copying 509004 bytes...
I0904 14:12:42.092332  6136 c_interface.cc:180] ArtmCopyRequestedMessage is copying 509004 bytes...
I0904 14:12:42.519608  6136 c_interface.cc:180] ArtmCopyRequestedMessage is copying 509004 bytes...
I0904 14:12:42.938273  6136 c_interface.cc:180] ArtmCopyRequestedMessage is copying 509004 bytes...
I0904 14:12:43.360908  6136 c_interface.cc:180] ArtmCopyRequestedMessage is copying 509004 bytes...
I0904 14:12:43.758559  6136 c_interface.cc:180] ArtmCopyRequestedMessage is copying 509004 bytes...
I0904 14:12:44.174803  6136 c_interface.cc:180] ArtmCopyRequestedMessage is copying 509004 bytes...
I0904 14:12:44.600919  6136 c_interface.cc:180] ArtmCopyRequestedMessage is copying 509004 bytes...
I0904 14:12:45.011689  6136 c_interface.cc:180] ArtmCopyRequestedMessage is copying 509004 bytes...
I0904 14:12:45.423547  6136 c_interface.cc:180] ArtmCopyRequestedMessage is copying 509004 bytes...
I0904 14:12:45.845484  6136 c_interface.cc:180] ArtmCopyRequestedMessage is copying 509004 bytes...
I0904 14:12:46.246525  6136 c_interface.cc:180] ArtmCopyRequestedMessage is copying 509004 bytes...
I0904 14:12:46.662950  6136 c_interface.cc:180] ArtmCopyRequestedMessage is copying 509004 bytes...
I0904 14:12:47.107547  6136 c_interface.cc:180] ArtmCopyRequestedMessage is copying 509004 bytes...
I0904 14:12:47.548694  6136 c_interface.cc:180] ArtmCopyRequestedMessage is copying 509004 bytes...
I0904 14:12:47.965277  6136 c_interface.cc:180] ArtmCopyRequestedMessage is copying 509004 bytes...
I0904 14:12:48.381790  6136 c_interface.cc:180] ArtmCopyRequestedMessage is copying 509004 bytes...
I0904 14:12:48.817711  6136 c_interface.cc:180] ArtmCopyRequestedMessage is copying 509004 bytes...
I0904 14:12:49.299506  6136 c_interface.cc:180] ArtmCopyRequestedMessage is copying 509004 bytes...
I0904 14:12:49.731669  6136 c_interface.cc:180] ArtmCopyRequestedMessage is copying 509004 bytes...
I0904 14:12:50.158344  6136 c_interface.cc:180] ArtmCopyRequestedMessage is copying 509004 bytes...
I0904 14:12:50.568812  6136 c_interface.cc:180] ArtmCopyRequestedMessage is copying 509004 bytes...
I0904 14:12:50.994601  6136 c_interface.cc:180] ArtmCopyRequestedMessage is copying 509004 bytes...
I0904 14:13:05.787183  6136 c_interface.cc:180] ArtmCopyRequestedMessage is copying 509004 bytes...
I0904 14:13:06.323277  6136 c_interface.cc:180] ArtmCopyRequestedMessage is copying 509004 bytes...
I0904 14:13:06.739410  6136 c_interface.cc:180] ArtmCopyRequestedMessage is copying 509004 bytes...
I0904 14:13:07.178223  6136 c_interface.cc:180] ArtmCopyRequestedMessage is copying 509004 bytes...
I0904 14:13:07.594662  6136 c_interface.cc:180] ArtmCopyRequestedMessage is copying 509004 bytes...
I0904 14:13:08.011307  6136 c_interface.cc:180] ArtmCopyRequestedMessage is copying 509004 bytes...
I0904 14:13:08.427126  6136 c_interface.cc:180] ArtmCopyRequestedMessage is copying 509004 bytes...
I0904 14:13:08.843941  6136 c_interface.cc:180] ArtmCopyRequestedMessage is copying 509004 bytes...
I0904 14:13:09.284363  6136 c_interface.cc:180] ArtmCopyRequestedMessage is copying 509004 bytes...
I0904 14:13:09.708739  6136 c_interface.cc:180] ArtmCopyRequestedMessage is copying 509004 bytes...
I0904 14:13:10.140322  6136 c_interface.cc:180] ArtmCopyRequestedMessage is copying 509004 bytes...
I0904 14:13:10.606349  6136 c_interface.cc:180] ArtmCopyRequestedMessage is copying 509004 bytes...
I0904 14:13:11.030040  6136 c_interface.cc:180] ArtmCopyRequestedMessage is copying 509004 bytes...
I0904 14:13:11.487062  6136 c_interface.cc:180] ArtmCopyRequestedMessage is copying 509004 bytes...
I0904 14:13:11.946588  6136 c_interface.cc:180] ArtmCopyRequestedMessage is copying 509004 bytes...
I0904 14:13:12.384644  6136 c_interface.cc:180] ArtmCopyRequestedMessage is copying 509004 bytes...
I0904 14:13:12.985422  6136 c_interface.cc:180] ArtmCopyRequestedMessage is copying 509004 bytes...
I0904 14:13:13.402175  6136 c_interface.cc:180] ArtmCopyRequestedMessage is copying 509004 bytes...
I0904 14:13:13.903684  6136 c_interface.cc:180] ArtmCopyRequestedMessage is copying 509004 bytes...
I0904 14:13:14.347190  6136 c_interface.cc:180] ArtmCopyRequestedMessage is copying 509004 bytes...
I0904 14:13:14.799525  6136 c_interface.cc:180] ArtmCopyRequestedMessage is copying 509004 bytes...
I0904 14:13:15.241592  6136 c_interface.cc:180] ArtmCopyRequestedMessage is copying 509004 bytes...
I0904 14:13:15.678413  6136 c_interface.cc:180] ArtmCopyRequestedMessage is copying 509004 bytes...
I0904 14:13:16.120872  6136 c_interface.cc:180] ArtmCopyRequestedMessage is copying 509004 bytes...
I0904 14:13:16.566715  6136 c_interface.cc:180] ArtmCopyRequestedMessage is copying 509004 bytes...
I0904 14:13:16.990136  6136 c_interface.cc:180] ArtmCopyRequestedMessage is copying 509004 bytes...
I0904 14:13:17.442507  6136 c_interface.cc:180] ArtmCopyRequestedMessage is copying 509004 bytes...
I0904 14:13:17.877099  6136 c_interface.cc:180] ArtmCopyRequestedMessage is copying 509004 bytes...
I0904 14:13:18.291553  6136 c_interface.cc:180] ArtmCopyRequestedMessage is copying 509004 bytes...
I0904 14:13:18.723462  6136 c_interface.cc:180] ArtmCopyRequestedMessage is copying 509004 bytes...
I0904 14:13:34.221222  6136 c_interface.cc:180] ArtmCopyRequestedMessage is copying 509004 bytes...
I0904 14:13:34.671197  6136 c_interface.cc:180] ArtmCopyRequestedMessage is copying 509004 bytes...
I0904 14:13:35.093659  6136 c_interface.cc:180] ArtmCopyRequestedMessage is copying 509004 bytes...
I0904 14:13:35.526051  6136 c_interface.cc:180] ArtmCopyRequestedMessage is copying 509004 bytes...
I0904 14:13:35.941215  6136 c_interface.cc:180] ArtmCopyRequestedMessage is copying 509004 bytes...
I0904 14:13:36.357353  6136 c_interface.cc:180] ArtmCopyRequestedMessage is copying 509004 bytes...
I0904 14:13:36.792086  6136 c_interface.cc:180] ArtmCopyRequestedMessage is copying 509004 bytes...
I0904 14:13:37.195963  6136 c_interface.cc:180] ArtmCopyRequestedMessage is copying 509004 bytes...
I0904 14:13:37.627068  6136 c_interface.cc:180] ArtmCopyRequestedMessage is copying 509004 bytes...
I0904 14:13:38.043365  6136 c_interface.cc:180] ArtmCopyRequestedMessage is copying 509004 bytes...
I0904 14:13:38.459622  6136 c_interface.cc:180] ArtmCopyRequestedMessage is copying 509004 bytes...
I0904 14:13:38.875828  6136 c_interface.cc:180] ArtmCopyRequestedMessage is copying 509004 bytes...
I0904 14:13:39.298568  6136 c_interface.cc:180] ArtmCopyRequestedMessage is copying 509004 bytes...
I0904 14:13:39.715278  6136 c_interface.cc:180] ArtmCopyRequestedMessage is copying 509004 bytes...
I0904 14:13:40.131530  6136 c_interface.cc:180] ArtmCopyRequestedMessage is copying 509004 bytes...
I0904 14:13:40.563432  6136 c_interface.cc:180] ArtmCopyRequestedMessage is copying 509004 bytes...
I0904 14:13:40.979477  6136 c_interface.cc:180] ArtmCopyRequestedMessage is copying 509004 bytes...
I0904 14:13:41.402405  6136 c_interface.cc:180] ArtmCopyRequestedMessage is copying 509004 bytes...
I0904 14:13:41.832020  6136 c_interface.cc:180] ArtmCopyRequestedMessage is copying 509004 bytes...
I0904 14:13:42.256992  6136 c_interface.cc:180] ArtmCopyRequestedMessage is copying 509004 bytes...
I0904 14:13:42.666628  6136 c_interface.cc:180] ArtmCopyRequestedMessage is copying 509004 bytes...
I0904 14:13:43.082487  6136 c_interface.cc:180] ArtmCopyRequestedMessage is copying 509004 bytes...
I0904 14:13:43.502902  6136 c_interface.cc:180] ArtmCopyRequestedMessage is copying 509004 bytes...
I0904 14:13:43.906198  6136 c_interface.cc:180] ArtmCopyRequestedMessage is copying 509004 bytes...
I0904 14:13:44.322907  6136 c_interface.cc:180] ArtmCopyRequestedMessage is copying 509004 bytes...
I0904 14:13:44.870452  6136 c_interface.cc:180] ArtmCopyRequestedMessage is copying 509004 bytes...
I0904 14:13:45.297020  6136 c_interface.cc:180] ArtmCopyRequestedMessage is copying 509004 bytes...
I0904 14:13:45.708429  6136 c_interface.cc:180] ArtmCopyRequestedMessage is copying 509004 bytes...
I0904 14:13:46.147011  6136 c_interface.cc:180] ArtmCopyRequestedMessage is copying 509004 bytes...
I0904 14:13:46.556633  6136 c_interface.cc:180] ArtmCopyRequestedMessage is copying 509004 bytes...
I0904 14:14:33.981959  6136 c_interface.cc:180] ArtmCopyRequestedMessage is copying 509004 bytes...
I0904 14:14:34.432103  6136 c_interface.cc:180] ArtmCopyRequestedMessage is copying 509004 bytes...
I0904 14:14:34.848534  6136 c_interface.cc:180] ArtmCopyRequestedMessage is copying 509004 bytes...
I0904 14:14:35.265153  6136 c_interface.cc:180] ArtmCopyRequestedMessage is copying 509004 bytes...
I0904 14:14:35.696573  6136 c_interface.cc:180] ArtmCopyRequestedMessage is copying 509004 bytes...
I0904 14:14:36.133801  6136 c_interface.cc:180] ArtmCopyRequestedMessage is copying 509004 bytes...
I0904 14:14:36.566385  6136 c_interface.cc:180] ArtmCopyRequestedMessage is copying 509004 bytes...
I0904 14:14:37.005417  6136 c_interface.cc:180] ArtmCopyRequestedMessage is copying 509004 bytes...
I0904 14:14:37.451558  6136 c_interface.cc:180] ArtmCopyRequestedMessage is copying 509004 bytes...
I0904 14:14:37.899050  6136 c_interface.cc:180] ArtmCopyRequestedMessage is copying 509004 bytes...
I0904 14:14:38.340387  6136 c_interface.cc:180] ArtmCopyRequestedMessage is copying 509004 bytes...
I0904 14:14:38.789721  6136 c_interface.cc:180] ArtmCopyRequestedMessage is copying 509004 bytes...
I0904 14:14:39.225078  6136 c_interface.cc:180] ArtmCopyRequestedMessage is copying 509004 bytes...
I0904 14:14:39.674927  6136 c_interface.cc:180] ArtmCopyRequestedMessage is copying 509004 bytes...
I0904 14:14:40.150224  6136 c_interface.cc:180] ArtmCopyRequestedMessage is copying 509004 bytes...
I0904 14:14:40.597427  6136 c_interface.cc:180] ArtmCopyRequestedMessage is copying 509004 bytes...
I0904 14:14:41.054484  6136 c_interface.cc:180] ArtmCopyRequestedMessage is copying 509004 bytes...
I0904 14:14:41.505681  6136 c_interface.cc:180] ArtmCopyRequestedMessage is copying 509004 bytes...
I0904 14:14:41.940861  6136 c_interface.cc:180] ArtmCopyRequestedMessage is copying 509004 bytes...
I0904 14:14:42.356441  6136 c_interface.cc:180] ArtmCopyRequestedMessage is copying 509004 bytes...
I0904 14:14:42.807247  6136 c_interface.cc:180] ArtmCopyRequestedMessage is copying 509004 bytes...
I0904 14:14:43.230279  6136 c_interface.cc:180] ArtmCopyRequestedMessage is copying 509004 bytes...
I0904 14:14:43.658298  6136 c_interface.cc:180] ArtmCopyRequestedMessage is copying 509004 bytes...
I0904 14:14:44.099051  6136 c_interface.cc:180] ArtmCopyRequestedMessage is copying 509004 bytes...
I0904 14:14:44.534078  6136 c_interface.cc:180] ArtmCopyRequestedMessage is copying 509004 bytes...
I0904 14:14:44.943120  6136 c_interface.cc:180] ArtmCopyRequestedMessage is copying 509004 bytes...
I0904 14:14:45.390239  6136 c_interface.cc:180] ArtmCopyRequestedMessage is copying 509004 bytes...
I0904 14:14:45.820195  6136 c_interface.cc:180] ArtmCopyRequestedMessage is copying 509004 bytes...
I0904 14:14:46.272336  6136 c_interface.cc:180] ArtmCopyRequestedMessage is copying 509004 bytes...
I0904 14:14:46.692034  6136 c_interface.cc:180] ArtmCopyRequestedMessage is copying 509004 bytes...
I0904 14:14:47.123345  6136 c_interface.cc:180] ArtmCopyRequestedMessage is copying 509004 bytes...
I0904 14:14:47.546991  6136 c_interface.cc:180] ArtmCopyRequestedMessage is copying 509004 bytes...
I0904 14:14:47.963449  6136 c_interface.cc:180] ArtmCopyRequestedMessage is copying 509004 bytes...
I0904 14:14:48.380000  6136 c_interface.cc:180] ArtmCopyRequestedMessage is copying 509004 bytes...
I0904 14:14:48.796748  6136 c_interface.cc:180] ArtmCopyRequestedMessage is copying 509004 bytes...
I0904 14:14:49.261346  6136 c_interface.cc:180] ArtmCopyRequestedMessage is copying 509004 bytes...
I0904 14:14:49.690371  6136 c_interface.cc:180] ArtmCopyRequestedMessage is copying 509004 bytes...
I0904 14:14:50.110240  6136 c_interface.cc:180] ArtmCopyRequestedMessage is copying 509004 bytes...
I0904 14:14:50.540413  6136 c_interface.cc:180] ArtmCopyRequestedMessage is copying 509004 bytes...
I0904 14:14:50.952457  6136 c_interface.cc:180] ArtmCopyRequestedMessage is copying 509004 bytes...
I0904 14:14:51.378372  6136 c_interface.cc:180] ArtmCopyRequestedMessage is copying 509004 bytes...
I0904 14:14:51.799160  6136 c_interface.cc:180] ArtmCopyRequestedMessage is copying 509004 bytes...
I0904 14:14:52.229635  6136 c_interface.cc:180] ArtmCopyRequestedMessage is copying 509004 bytes...
I0904 14:14:52.651388  6136 c_interface.cc:180] ArtmCopyRequestedMessage is copying 509004 bytes...
I0904 14:14:53.086316  6136 c_interface.cc:180] ArtmCopyRequestedMessage is copying 509004 bytes...
I0904 14:14:53.526455  6136 c_interface.cc:180] ArtmCopyRequestedMessage is copying 509004 bytes...
I0904 14:14:53.955651  6136 c_interface.cc:180] ArtmCopyRequestedMessage is copying 509004 bytes...
I0904 14:14:54.371142  6136 c_interface.cc:180] ArtmCopyRequestedMessage is copying 509004 bytes...
I0904 14:14:54.803078  6136 c_interface.cc:180] ArtmCopyRequestedMessage is copying 509004 bytes...
I0904 14:14:55.219606  6136 c_interface.cc:180] ArtmCopyRequestedMessage is copying 509004 bytes...
I0904 14:14:55.636152  6136 c_interface.cc:180] ArtmCopyRequestedMessage is copying 509004 bytes...
I0904 14:14:56.058856  6136 c_interface.cc:180] ArtmCopyRequestedMessage is copying 509004 bytes...
I0904 14:14:56.488679  6136 c_interface.cc:180] ArtmCopyRequestedMessage is copying 509004 bytes...
I0904 14:14:56.908066  6136 c_interface.cc:180] ArtmCopyRequestedMessage is copying 509004 bytes...
I0904 14:14:57.323196  6136 c_interface.cc:180] ArtmCopyRequestedMessage is copying 509004 bytes...
I0904 14:14:57.724263  6136 c_interface.cc:180] ArtmCopyRequestedMessage is copying 509004 bytes...
I0904 14:14:58.178066  6136 c_interface.cc:180] ArtmCopyRequestedMessage is copying 509004 bytes...
I0904 14:14:58.594002  6136 c_interface.cc:180] ArtmCopyRequestedMessage is copying 509004 bytes...
I0904 14:14:59.019744  6136 c_interface.cc:180] ArtmCopyRequestedMessage is copying 509004 bytes...
I0904 14:14:59.427243  6136 c_interface.cc:180] ArtmCopyRequestedMessage is copying 509004 bytes...
I0904 14:14:59.859622  6136 c_interface.cc:180] ArtmCopyRequestedMessage is copying 509004 bytes...
I0904 14:15:00.291872  6136 c_interface.cc:180] ArtmCopyRequestedMessage is copying 509004 bytes...
I0904 14:15:00.713457  6136 c_interface.cc:180] ArtmCopyRequestedMessage is copying 509004 bytes...
I0904 14:15:01.136852  6136 c_interface.cc:180] ArtmCopyRequestedMessage is copying 509004 bytes...
I0904 14:15:01.545701  6136 c_interface.cc:180] ArtmCopyRequestedMessage is copying 509004 bytes...
I0904 14:15:01.986922  6136 c_interface.cc:180] ArtmCopyRequestedMessage is copying 509004 bytes...
I0904 14:15:02.420049  6136 c_interface.cc:180] ArtmCopyRequestedMessage is copying 509004 bytes...
I0904 14:15:02.869648  6136 c_interface.cc:180] ArtmCopyRequestedMessage is copying 509004 bytes...
I0904 14:15:03.288159  6136 c_interface.cc:180] ArtmCopyRequestedMessage is copying 509004 bytes...
I0904 14:15:03.714097  6136 c_interface.cc:180] ArtmCopyRequestedMessage is copying 509004 bytes...
I0904 14:15:04.140564  6136 c_interface.cc:180] ArtmCopyRequestedMessage is copying 509004 bytes...
I0904 14:15:04.569517  6136 c_interface.cc:180] ArtmCopyRequestedMessage is copying 509004 bytes...
I0904 14:15:04.987941  6136 c_interface.cc:180] ArtmCopyRequestedMessage is copying 509004 bytes...
