Log file created at: 2017/09/06 11:26:42
Running on machine: DESKTOP-TJINT0L
Log line format: [IWEF]mmdd hh:mm:ss.uuuuuu threadid file:line] msg
I0906 11:26:42.187245  3140 c_interface.cc:74] Logging enabled to .
I0906 11:26:42.449832  3140 instance.cc:358] MasterModelConfig.processors_count is automatically set to 4
I0906 11:26:42.453836  3140 c_interface.cc:221] Creating MasterModel (id=1)...
I0906 11:26:42.467852  4744 processor.cc:646] Processor thread started
I0906 11:26:42.467852  3160 processor.cc:646] Processor thread started
I0906 11:26:42.467852 10612 processor.cc:646] Processor thread started
I0906 11:26:42.468354  9216 processor.cc:646] Processor thread started
I0906 11:26:42.492892  3160 processor.cc:662] No data in processing queue, waiting...
I0906 11:26:42.492892  4744 processor.cc:662] No data in processing queue, waiting...
I0906 11:26:42.492892 10612 processor.cc:662] No data in processing queue, waiting...
I0906 11:26:42.492892  9216 processor.cc:662] No data in processing queue, waiting...
I0906 11:26:46.246186  3140 c_interface.cc:221] Creating MasterModel (id=2)...
W0906 11:26:47.637200  3140 helpers.cc:208] File already exists: lectures_batches\aaaaaa.batch
W0906 11:26:50.330909  3140 helpers.cc:208] File already exists: lectures_batches\aaaaab.batch
I0906 11:26:50.405967  3140 c_interface.cc:318] Pass 66e123b7-3fc2-4f56-b752-e085e312ffbd to void (__thiscall artm::core::MasterComponent::*)(class std::basic_string<char,struct std::char_traits<char>,class std::allocator<char> > const &)
I0906 11:26:50.424979  3140 c_interface.cc:332] Pass GatherDictionaryArgs: dictionary_target_name=66e123b7-3fc2-4f56-b752-e085e312ffbd, data_path=lectures_batches, symmetric_cooc_values=0 to void (__thiscall artm::core::MasterComponent::*)(class artm::GatherDictionaryArgs const &)
I0906 11:26:50.429981  3140 dictionary.cc:185] Found 2 batches in 'lectures_batches' folder
I0906 11:26:50.640138  3140 dictionary.cc:241] Find 26866 unique tokens in 1728 items
I0906 11:26:50.732203  3140 c_interface.cc:221] Creating MasterModel (id=3)...
I0906 11:26:50.732203  3140 c_interface.cc:318] Pass c540f212-c207-4878-9e89-a61ce1860ab8 to void (__thiscall artm::core::MasterComponent::*)(class std::basic_string<char,struct std::char_traits<char>,class std::allocator<char> > const &)
I0906 11:26:50.732203  3140 c_interface.cc:332] Pass GatherDictionaryArgs: dictionary_target_name=c540f212-c207-4878-9e89-a61ce1860ab8, data_path=lectures_batches, symmetric_cooc_values=0 to void (__thiscall artm::core::MasterComponent::*)(class artm::GatherDictionaryArgs const &)
I0906 11:26:50.733203  3140 dictionary.cc:185] Found 2 batches in 'lectures_batches' folder
I0906 11:26:50.936347  3140 dictionary.cc:241] Find 26866 unique tokens in 1728 items
I0906 11:26:51.027415  3140 c_interface.cc:318] Pass 66e123b7-3fc2-4f56-b752-e085e312ffbd to void (__thiscall artm::core::MasterComponent::*)(class std::basic_string<char,struct std::char_traits<char>,class std::allocator<char> > const &)
I0906 11:26:51.032418  3140 c_interface.cc:283] Disposing MasterComponent (id=2)...
I0906 11:26:52.521173  3140 instance.cc:358] MasterModelConfig.processors_count is automatically set to 4
I0906 11:26:52.521173  3140 c_interface.cc:221] Creating MasterModel (id=4)...
I0906 11:26:52.521173  7376 processor.cc:646] Processor thread started
I0906 11:26:52.522172  6080 processor.cc:646] Processor thread started
I0906 11:26:52.522172   808 processor.cc:646] Processor thread started
I0906 11:26:52.522172  3232 processor.cc:646] Processor thread started
I0906 11:26:52.523172  9216 processor.cc:654] Processor thread stopped
I0906 11:26:52.523172  9216 processor.cc:655] Total number of processed batches: 0
I0906 11:26:52.541185   808 processor.cc:662] No data in processing queue, waiting...
I0906 11:26:52.541185  3232 processor.cc:662] No data in processing queue, waiting...
I0906 11:26:52.541185  6080 processor.cc:662] No data in processing queue, waiting...
I0906 11:26:52.541185  7376 processor.cc:662] No data in processing queue, waiting...
I0906 11:26:52.555193  4744 processor.cc:654] Processor thread stopped
I0906 11:26:52.555193  4744 processor.cc:655] Total number of processed batches: 0
I0906 11:26:52.556195  3160 processor.cc:654] Processor thread stopped
I0906 11:26:52.556195  3160 processor.cc:655] Total number of processed batches: 0
I0906 11:26:52.585724 10612 processor.cc:654] Processor thread stopped
I0906 11:26:52.585724 10612 processor.cc:655] Total number of processed batches: 0
I0906 11:26:52.585724  3140 c_interface.cc:283] Disposing MasterComponent (id=1)...
I0906 11:28:32.267541  3140 c_interface.cc:221] Creating MasterModel (id=5)...
I0906 11:28:32.267541  3140 c_interface.cc:318] Pass dictionary to void (__thiscall artm::core::MasterComponent::*)(class std::basic_string<char,struct std::char_traits<char>,class std::allocator<char> > const &)
I0906 11:28:32.267541  3140 c_interface.cc:332] Pass GatherDictionaryArgs: dictionary_target_name=dictionary, data_path=lectures_batches, symmetric_cooc_values=0 to void (__thiscall artm::core::MasterComponent::*)(class artm::GatherDictionaryArgs const &)
I0906 11:28:32.268543  3140 dictionary.cc:185] Found 2 batches in 'lectures_batches' folder
I0906 11:28:32.528868  3140 dictionary.cc:241] Find 26866 unique tokens in 1728 items
I0906 11:28:32.622433  3140 c_interface.cc:318] Pass pwt to void (__thiscall artm::core::MasterComponent::*)(class std::basic_string<char,struct std::char_traits<char>,class std::allocator<char> > const &)
I0906 11:28:32.622433  3140 c_interface.cc:318] Pass nwt to void (__thiscall artm::core::MasterComponent::*)(class std::basic_string<char,struct std::char_traits<char>,class std::allocator<char> > const &)
I0906 11:28:32.637449  3140 c_interface.cc:332] Pass InitializeModelArgs: model_name=pwt, dictionary_name=dictionary, topic_name_size=30 to void (__thiscall artm::core::MasterComponent::*)(class artm::InitializeModelArgs const &)
I0906 11:28:32.643460  3140 master_component.cc:338] InitializeModel() with 30 topics and 26866 tokens
I0906 11:28:32.878626  3140 c_interface.cc:332] Pass InitializeModelArgs: model_name=nwt, dictionary_name=dictionary, topic_name_size=30 to void (__thiscall artm::core::MasterComponent::*)(class artm::InitializeModelArgs const &)
I0906 11:28:32.878626  3140 master_component.cc:338] InitializeModel() with 30 topics and 26866 tokens
I0906 11:28:33.106792  3140 phi_matrix_operations.cc:82] RetrieveExternalTopicModel() with 30 topics, 26866 tokens
I0906 11:28:33.146821  3140 c_interface.cc:180] ArtmCopyRequestedMessage is copying 825334 bytes...
I0906 11:28:43.742805  3140 c_interface.cc:332] Pass MasterModelConfig: topic_name_size=30, class=(text:1), class=(author:1), score_config_size=1, num_processors=0, pwt_name=pwt, nwt_name=nwt, num_document_passes=1, reuse_theta=yes, cache_theta=yes, opt_for_avx=yes, disk_cache_path to void (__thiscall artm::core::MasterComponent::*)(class artm::MasterModelConfig const &)
I0906 11:28:43.837909  3140 instance.cc:358] MasterModelConfig.processors_count is automatically set to 4
I0906 11:28:43.841912  3140 c_interface.cc:332] Pass MasterModelConfig: topic_name_size=30, class=(text:1), class=(author:1), score_config_size=2, num_processors=0, pwt_name=pwt, nwt_name=nwt, num_document_passes=1, reuse_theta=yes, cache_theta=yes, opt_for_avx=yes, disk_cache_path to void (__thiscall artm::core::MasterComponent::*)(class artm::MasterModelConfig const &)
I0906 11:28:43.842912  3140 instance.cc:358] MasterModelConfig.processors_count is automatically set to 4
I0906 11:29:25.209609  3140 c_interface.cc:332] Pass MasterModelConfig: topic_name_size=30, class=(text:1), class=(author:1), score_config_size=2, num_processors=0, pwt_name=pwt, nwt_name=nwt, num_document_passes=1, regularizer=(SparsePhi:100000), reuse_theta=yes, cache_theta=yes, opt_for_avx=yes, disk_cache_path to void (__thiscall artm::core::MasterComponent::*)(class artm::MasterModelConfig const &)
I0906 11:29:25.209609  3140 instance.cc:358] MasterModelConfig.processors_count is automatically set to 4
I0906 11:29:25.323004  3140 instance.cc:213] Regularizer 'SparsePhi' was cold-reconfigured
I0906 11:29:28.426508  3140 c_interface.cc:332] Pass FitOfflineMasterModelArgs, batch_filename_size=2, batch_weight_size=2, num_collection_passes=1 to void (__thiscall artm::core::MasterComponent::*)(class artm::FitOfflineMasterModelArgs const &)
I0906 11:29:28.426508  3140 master_component.cc:942] ProcessBatchesArgs: nwt_target_name=nwt, batch_filename_size=2, batch_size=0, batch_weight_size=2, pwt_source_name=pwt, num_document_passes=1, regularizer=(name:SparsePhi, tau:100000), class=(text:1), class=(author:1), reuse_theta=yes, opt_for_avx=yes, predict_class_id=
I0906 11:29:28.492557  3140 master_component.cc:478] Batches count (=2) is smaller than num processors (=4), which may cause suboptimal performance.
I0906 11:29:28.495559  6080 processor.cc:669] Processing queue has data, processing started
I0906 11:29:28.495559   808 processor.cc:669] Processing queue has data, processing started
I0906 11:29:28.523082  6080 processor.cc:746] Processor: start processing batch 56299932-52ff-4510-aae4-f733d404c409 into model nwt
I0906 11:29:28.542098   808 processor.cc:746] Processor: start processing batch 948a0451-2262-4237-8078-d64a07380d8b into model nwt
I0906 11:29:28.874341  6080 processor.cc:842] Processor: complete processing batch 56299932-52ff-4510-aae4-f733d404c409 into model nwt
I0906 11:29:28.878343  6080 cuckoo_watch.h:44] 382ms in ProcessBatch(D:\Coursera\Notebooks\homeworks\MyHW\3-4\lectures_batches\aaaaaa.batch) [including 26ms in LoadMessage; 27ms in InitializeSparseNdw; 240ms in InferThetaAndUpdateNwtSparse; ]
I0906 11:29:28.900372  6080 processor.cc:662] No data in processing queue, waiting...
I0906 11:29:29.058481   808 processor.cc:842] Processor: complete processing batch 948a0451-2262-4237-8078-d64a07380d8b into model nwt
I0906 11:29:29.067487   808 cuckoo_watch.h:44] 571ms in ProcessBatch(D:\Coursera\Notebooks\homeworks\MyHW\3-4\lectures_batches\aaaaab.batch) [including 43ms in LoadMessage; 46ms in InitializeSparseNdw; 424ms in InferThetaAndUpdateNwtSparse; ]
I0906 11:29:29.068490  3140 master_component.cc:980] RegularizeModelArgs: rwt_target_name=rwt, pwt_source_name=pwt, nwt_source_name=nwt
I0906 11:29:29.068490  3140 master_component.cc:590] MasterComponent: start regularizing model pwt
I0906 11:29:29.087504   808 processor.cc:662] No data in processing queue, waiting...
I0906 11:29:29.198587  3140 master_component.cc:613] MasterComponent: complete regularizing model pwt
I0906 11:29:29.198587  3140 master_component.cc:991] NormalizeModelArgs: pwt_target_name=pwt, nwt_source_name=nwt, rwt_source_name=rwt
I0906 11:29:29.198587  3140 master_component.cc:617] MasterComponent: start normalizing model nwt
I0906 11:29:29.287153  3140 master_component.cc:639] MasterComponent: complete normalizing model nwt
I0906 11:29:29.884624  3140 master_component.cc:1015] DisposeModel rwt
I0906 11:29:29.895632  3140 c_interface.cc:332] Pass FitOfflineMasterModelArgs, batch_filename_size=2, batch_weight_size=2, num_collection_passes=1 to void (__thiscall artm::core::MasterComponent::*)(class artm::FitOfflineMasterModelArgs const &)
I0906 11:29:29.895632  3140 master_component.cc:942] ProcessBatchesArgs: nwt_target_name=nwt, batch_filename_size=2, batch_size=0, batch_weight_size=2, pwt_source_name=pwt, num_document_passes=1, regularizer=(name:SparsePhi, tau:100000), class=(text:1), class=(author:1), reuse_theta=yes, opt_for_avx=yes, predict_class_id=
I0906 11:29:29.955176  6080 processor.cc:669] Processing queue has data, processing started
I0906 11:29:29.960180  7376 processor.cc:669] Processing queue has data, processing started
I0906 11:29:29.991205  6080 processor.cc:746] Processor: start processing batch 56299932-52ff-4510-aae4-f733d404c409 into model nwt
I0906 11:29:30.008222  7376 processor.cc:746] Processor: start processing batch 948a0451-2262-4237-8078-d64a07380d8b into model nwt
I0906 11:29:30.246397  6080 processor.cc:842] Processor: complete processing batch 56299932-52ff-4510-aae4-f733d404c409 into model nwt
I0906 11:29:30.250399  6080 cuckoo_watch.h:44] 295ms in ProcessBatch(D:\Coursera\Notebooks\homeworks\MyHW\3-4\lectures_batches\aaaaaa.batch) [including 33ms in LoadMessage; 27ms in InitializeSparseNdw; 227ms in InferThetaAndUpdateNwtSparse; ]
I0906 11:29:30.269412  6080 processor.cc:662] No data in processing queue, waiting...
I0906 11:29:30.596660  7376 processor.cc:842] Processor: complete processing batch 948a0451-2262-4237-8078-d64a07380d8b into model nwt
I0906 11:29:30.604670  7376 cuckoo_watch.h:44] 644ms in ProcessBatch(D:\Coursera\Notebooks\homeworks\MyHW\3-4\lectures_batches\aaaaab.batch) [including 46ms in LoadMessage; 62ms in InitializeSparseNdw; 526ms in InferThetaAndUpdateNwtSparse; ]
I0906 11:29:30.605671  3140 master_component.cc:980] RegularizeModelArgs: rwt_target_name=rwt, pwt_source_name=pwt, nwt_source_name=nwt
I0906 11:29:30.605671  3140 master_component.cc:590] MasterComponent: start regularizing model pwt
I0906 11:29:30.624683  7376 processor.cc:662] No data in processing queue, waiting...
I0906 11:29:30.738765  3140 master_component.cc:613] MasterComponent: complete regularizing model pwt
I0906 11:29:30.738765  3140 master_component.cc:991] NormalizeModelArgs: pwt_target_name=pwt, nwt_source_name=nwt, rwt_source_name=rwt
I0906 11:29:30.738765  3140 master_component.cc:617] MasterComponent: start normalizing model nwt
I0906 11:29:30.826828  3140 master_component.cc:639] MasterComponent: complete normalizing model nwt
I0906 11:29:31.277151  3140 master_component.cc:1015] DisposeModel rwt
I0906 11:29:31.287163  3140 c_interface.cc:332] Pass FitOfflineMasterModelArgs, batch_filename_size=2, batch_weight_size=2, num_collection_passes=1 to void (__thiscall artm::core::MasterComponent::*)(class artm::FitOfflineMasterModelArgs const &)
I0906 11:29:31.287163  3140 master_component.cc:942] ProcessBatchesArgs: nwt_target_name=nwt, batch_filename_size=2, batch_size=0, batch_weight_size=2, pwt_source_name=pwt, num_document_passes=1, regularizer=(name:SparsePhi, tau:100000), class=(text:1), class=(author:1), reuse_theta=yes, opt_for_avx=yes, predict_class_id=
I0906 11:29:31.341224   808 processor.cc:669] Processing queue has data, processing started
I0906 11:29:31.341224  3232 processor.cc:669] Processing queue has data, processing started
I0906 11:29:31.366220   808 processor.cc:746] Processor: start processing batch 56299932-52ff-4510-aae4-f733d404c409 into model nwt
I0906 11:29:31.382230  3232 processor.cc:746] Processor: start processing batch 948a0451-2262-4237-8078-d64a07380d8b into model nwt
I0906 11:29:31.617413   808 processor.cc:842] Processor: complete processing batch 56299932-52ff-4510-aae4-f733d404c409 into model nwt
I0906 11:29:31.621415   808 cuckoo_watch.h:44] 280ms in ProcessBatch(D:\Coursera\Notebooks\homeworks\MyHW\3-4\lectures_batches\aaaaaa.batch) [including 22ms in LoadMessage; 25ms in InitializeSparseNdw; 225ms in InferThetaAndUpdateNwtSparse; ]
I0906 11:29:31.644430   808 processor.cc:662] No data in processing queue, waiting...
I0906 11:29:31.832077  3232 processor.cc:842] Processor: complete processing batch 948a0451-2262-4237-8078-d64a07380d8b into model nwt
I0906 11:29:31.839581  3232 cuckoo_watch.h:44] 498ms in ProcessBatch(D:\Coursera\Notebooks\homeworks\MyHW\3-4\lectures_batches\aaaaab.batch) [including 39ms in LoadMessage; 51ms in InitializeSparseNdw; 398ms in InferThetaAndUpdateNwtSparse; ]
I0906 11:29:31.841083  3140 master_component.cc:980] RegularizeModelArgs: rwt_target_name=rwt, pwt_source_name=pwt, nwt_source_name=nwt
I0906 11:29:31.841083  3140 master_component.cc:590] MasterComponent: start regularizing model pwt
I0906 11:29:31.859596  3232 processor.cc:662] No data in processing queue, waiting...
I0906 11:29:31.963614  3140 master_component.cc:613] MasterComponent: complete regularizing model pwt
I0906 11:29:31.963614  3140 master_component.cc:991] NormalizeModelArgs: pwt_target_name=pwt, nwt_source_name=nwt, rwt_source_name=rwt
I0906 11:29:31.963614  3140 master_component.cc:617] MasterComponent: start normalizing model nwt
I0906 11:29:32.049177  3140 master_component.cc:639] MasterComponent: complete normalizing model nwt
I0906 11:29:32.487203  3140 master_component.cc:1015] DisposeModel rwt
I0906 11:29:32.496210  3140 c_interface.cc:332] Pass FitOfflineMasterModelArgs, batch_filename_size=2, batch_weight_size=2, num_collection_passes=1 to void (__thiscall artm::core::MasterComponent::*)(class artm::FitOfflineMasterModelArgs const &)
I0906 11:29:32.497208  3140 master_component.cc:942] ProcessBatchesArgs: nwt_target_name=nwt, batch_filename_size=2, batch_size=0, batch_weight_size=2, pwt_source_name=pwt, num_document_passes=1, regularizer=(name:SparsePhi, tau:100000), class=(text:1), class=(author:1), reuse_theta=yes, opt_for_avx=yes, predict_class_id=
I0906 11:29:32.548306   808 processor.cc:669] Processing queue has data, processing started
I0906 11:29:32.548306  3232 processor.cc:669] Processing queue has data, processing started
I0906 11:29:32.570266   808 processor.cc:746] Processor: start processing batch 56299932-52ff-4510-aae4-f733d404c409 into model nwt
I0906 11:29:32.586277  3232 processor.cc:746] Processor: start processing batch 948a0451-2262-4237-8078-d64a07380d8b into model nwt
I0906 11:29:32.795431   808 processor.cc:842] Processor: complete processing batch 56299932-52ff-4510-aae4-f733d404c409 into model nwt
I0906 11:29:32.800436   808 cuckoo_watch.h:44] 252ms in ProcessBatch(D:\Coursera\Notebooks\homeworks\MyHW\3-4\lectures_batches\aaaaaa.batch) [including 19ms in LoadMessage; 21ms in InitializeSparseNdw; 203ms in InferThetaAndUpdateNwtSparse; ]
I0906 11:29:32.819447   808 processor.cc:662] No data in processing queue, waiting...
I0906 11:29:33.025600  3232 processor.cc:842] Processor: complete processing batch 948a0451-2262-4237-8078-d64a07380d8b into model nwt
I0906 11:29:33.032608  3232 cuckoo_watch.h:44] 484ms in ProcessBatch(D:\Coursera\Notebooks\homeworks\MyHW\3-4\lectures_batches\aaaaab.batch) [including 36ms in LoadMessage; 47ms in InitializeSparseNdw; 391ms in InferThetaAndUpdateNwtSparse; ]
I0906 11:29:33.033699  3140 master_component.cc:980] RegularizeModelArgs: rwt_target_name=rwt, pwt_source_name=pwt, nwt_source_name=nwt
I0906 11:29:33.033699  3140 master_component.cc:590] MasterComponent: start regularizing model pwt
I0906 11:29:33.052628  3232 processor.cc:662] No data in processing queue, waiting...
I0906 11:29:33.155709  3140 master_component.cc:613] MasterComponent: complete regularizing model pwt
I0906 11:29:33.155709  3140 master_component.cc:991] NormalizeModelArgs: pwt_target_name=pwt, nwt_source_name=nwt, rwt_source_name=rwt
I0906 11:29:33.155709  3140 master_component.cc:617] MasterComponent: start normalizing model nwt
I0906 11:29:33.243273  3140 master_component.cc:639] MasterComponent: complete normalizing model nwt
I0906 11:29:33.706266  3140 master_component.cc:1015] DisposeModel rwt
I0906 11:29:33.718274  3140 c_interface.cc:332] Pass FitOfflineMasterModelArgs, batch_filename_size=2, batch_weight_size=2, num_collection_passes=1 to void (__thiscall artm::core::MasterComponent::*)(class artm::FitOfflineMasterModelArgs const &)
I0906 11:29:33.718274  3140 master_component.cc:942] ProcessBatchesArgs: nwt_target_name=nwt, batch_filename_size=2, batch_size=0, batch_weight_size=2, pwt_source_name=pwt, num_document_passes=1, regularizer=(name:SparsePhi, tau:100000), class=(text:1), class=(author:1), reuse_theta=yes, opt_for_avx=yes, predict_class_id=
I0906 11:29:33.786329   808 processor.cc:669] Processing queue has data, processing started
I0906 11:29:33.786329  3232 processor.cc:669] Processing queue has data, processing started
I0906 11:29:33.813347   808 processor.cc:746] Processor: start processing batch 56299932-52ff-4510-aae4-f733d404c409 into model nwt
I0906 11:29:33.829358  3232 processor.cc:746] Processor: start processing batch 948a0451-2262-4237-8078-d64a07380d8b into model nwt
I0906 11:29:34.033507   808 processor.cc:842] Processor: complete processing batch 56299932-52ff-4510-aae4-f733d404c409 into model nwt
I0906 11:29:34.037515   808 cuckoo_watch.h:44] 251ms in ProcessBatch(D:\Coursera\Notebooks\homeworks\MyHW\3-4\lectures_batches\aaaaaa.batch) [including 25ms in LoadMessage; 21ms in InitializeSparseNdw; 198ms in InferThetaAndUpdateNwtSparse; ]
I0906 11:29:34.056530   808 processor.cc:662] No data in processing queue, waiting...
I0906 11:29:34.262686  3232 processor.cc:842] Processor: complete processing batch 948a0451-2262-4237-8078-d64a07380d8b into model nwt
I0906 11:29:34.270686  3232 cuckoo_watch.h:44] 484ms in ProcessBatch(D:\Coursera\Notebooks\homeworks\MyHW\3-4\lectures_batches\aaaaab.batch) [including 41ms in LoadMessage; 51ms in InitializeSparseNdw; 382ms in InferThetaAndUpdateNwtSparse; ]
I0906 11:29:34.272688  3140 master_component.cc:980] RegularizeModelArgs: rwt_target_name=rwt, pwt_source_name=pwt, nwt_source_name=nwt
I0906 11:29:34.272688  3140 master_component.cc:590] MasterComponent: start regularizing model pwt
I0906 11:29:34.290699  3232 processor.cc:662] No data in processing queue, waiting...
I0906 11:29:34.393774  3140 master_component.cc:613] MasterComponent: complete regularizing model pwt
I0906 11:29:34.393774  3140 master_component.cc:991] NormalizeModelArgs: pwt_target_name=pwt, nwt_source_name=nwt, rwt_source_name=rwt
I0906 11:29:34.393774  3140 master_component.cc:617] MasterComponent: start normalizing model nwt
I0906 11:29:34.477835  3140 master_component.cc:639] MasterComponent: complete normalizing model nwt
I0906 11:29:35.014230  3140 master_component.cc:1015] DisposeModel rwt
I0906 11:29:35.024236  3140 c_interface.cc:332] Pass FitOfflineMasterModelArgs, batch_filename_size=2, batch_weight_size=2, num_collection_passes=1 to void (__thiscall artm::core::MasterComponent::*)(class artm::FitOfflineMasterModelArgs const &)
I0906 11:29:35.024236  3140 master_component.cc:942] ProcessBatchesArgs: nwt_target_name=nwt, batch_filename_size=2, batch_size=0, batch_weight_size=2, pwt_source_name=pwt, num_document_passes=1, regularizer=(name:SparsePhi, tau:100000), class=(text:1), class=(author:1), reuse_theta=yes, opt_for_avx=yes, predict_class_id=
I0906 11:29:35.077286  7376 processor.cc:669] Processing queue has data, processing started
I0906 11:29:35.078285  3232 processor.cc:669] Processing queue has data, processing started
I0906 11:29:35.102300  7376 processor.cc:746] Processor: start processing batch 56299932-52ff-4510-aae4-f733d404c409 into model nwt
I0906 11:29:35.123313  3232 processor.cc:746] Processor: start processing batch 948a0451-2262-4237-8078-d64a07380d8b into model nwt
I0906 11:29:35.352488  7376 processor.cc:842] Processor: complete processing batch 56299932-52ff-4510-aae4-f733d404c409 into model nwt
I0906 11:29:35.357494  7376 cuckoo_watch.h:44] 279ms in ProcessBatch(D:\Coursera\Notebooks\homeworks\MyHW\3-4\lectures_batches\aaaaaa.batch) [including 24ms in LoadMessage; 27ms in InitializeSparseNdw; 222ms in InferThetaAndUpdateNwtSparse; ]
I0906 11:29:35.376507  7376 processor.cc:662] No data in processing queue, waiting...
I0906 11:29:35.621481  3232 processor.cc:842] Processor: complete processing batch 948a0451-2262-4237-8078-d64a07380d8b into model nwt
I0906 11:29:35.630487  3232 cuckoo_watch.h:44] 552ms in ProcessBatch(D:\Coursera\Notebooks\homeworks\MyHW\3-4\lectures_batches\aaaaab.batch) [including 43ms in LoadMessage; 53ms in InitializeSparseNdw; 444ms in InferThetaAndUpdateNwtSparse; ]
I0906 11:29:35.631489  3140 master_component.cc:980] RegularizeModelArgs: rwt_target_name=rwt, pwt_source_name=pwt, nwt_source_name=nwt
I0906 11:29:35.631489  3140 master_component.cc:590] MasterComponent: start regularizing model pwt
I0906 11:29:35.654515  3232 processor.cc:662] No data in processing queue, waiting...
I0906 11:29:35.766595  3140 master_component.cc:613] MasterComponent: complete regularizing model pwt
I0906 11:29:35.766595  3140 master_component.cc:991] NormalizeModelArgs: pwt_target_name=pwt, nwt_source_name=nwt, rwt_source_name=rwt
I0906 11:29:35.766595  3140 master_component.cc:617] MasterComponent: start normalizing model nwt
I0906 11:29:35.852155  3140 master_component.cc:639] MasterComponent: complete normalizing model nwt
I0906 11:29:36.296977  3140 master_component.cc:1015] DisposeModel rwt
I0906 11:29:36.305982  3140 c_interface.cc:332] Pass FitOfflineMasterModelArgs, batch_filename_size=2, batch_weight_size=2, num_collection_passes=1 to void (__thiscall artm::core::MasterComponent::*)(class artm::FitOfflineMasterModelArgs const &)
I0906 11:29:36.305982  3140 master_component.cc:942] ProcessBatchesArgs: nwt_target_name=nwt, batch_filename_size=2, batch_size=0, batch_weight_size=2, pwt_source_name=pwt, num_document_passes=1, regularizer=(name:SparsePhi, tau:100000), class=(text:1), class=(author:1), reuse_theta=yes, opt_for_avx=yes, predict_class_id=
I0906 11:29:36.356022  7376 processor.cc:669] Processing queue has data, processing started
I0906 11:29:36.358022  3232 processor.cc:669] Processing queue has data, processing started
I0906 11:29:36.380038  7376 processor.cc:746] Processor: start processing batch 56299932-52ff-4510-aae4-f733d404c409 into model nwt
I0906 11:29:36.397049  3232 processor.cc:746] Processor: start processing batch 948a0451-2262-4237-8078-d64a07380d8b into model nwt
I0906 11:29:36.608201  7376 processor.cc:842] Processor: complete processing batch 56299932-52ff-4510-aae4-f733d404c409 into model nwt
I0906 11:29:36.611702  7376 cuckoo_watch.h:44] 255ms in ProcessBatch(D:\Coursera\Notebooks\homeworks\MyHW\3-4\lectures_batches\aaaaaa.batch) [including 22ms in LoadMessage; 22ms in InitializeSparseNdw; 205ms in InferThetaAndUpdateNwtSparse; ]
I0906 11:29:36.630715  7376 processor.cc:662] No data in processing queue, waiting...
I0906 11:29:36.858389  3232 processor.cc:842] Processor: complete processing batch 948a0451-2262-4237-8078-d64a07380d8b into model nwt
I0906 11:29:36.865396  3232 cuckoo_watch.h:44] 507ms in ProcessBatch(D:\Coursera\Notebooks\homeworks\MyHW\3-4\lectures_batches\aaaaab.batch) [including 38ms in LoadMessage; 60ms in InitializeSparseNdw; 401ms in InferThetaAndUpdateNwtSparse; ]
I0906 11:29:36.866394  3140 master_component.cc:980] RegularizeModelArgs: rwt_target_name=rwt, pwt_source_name=pwt, nwt_source_name=nwt
I0906 11:29:36.866394  3140 master_component.cc:590] MasterComponent: start regularizing model pwt
I0906 11:29:36.885407  3232 processor.cc:662] No data in processing queue, waiting...
I0906 11:29:36.987484  3140 master_component.cc:613] MasterComponent: complete regularizing model pwt
I0906 11:29:36.987484  3140 master_component.cc:991] NormalizeModelArgs: pwt_target_name=pwt, nwt_source_name=nwt, rwt_source_name=rwt
I0906 11:29:36.987484  3140 master_component.cc:617] MasterComponent: start normalizing model nwt
I0906 11:29:37.071543  3140 master_component.cc:639] MasterComponent: complete normalizing model nwt
I0906 11:29:37.521870  3140 master_component.cc:1015] DisposeModel rwt
I0906 11:29:37.530879  3140 c_interface.cc:332] Pass FitOfflineMasterModelArgs, batch_filename_size=2, batch_weight_size=2, num_collection_passes=1 to void (__thiscall artm::core::MasterComponent::*)(class artm::FitOfflineMasterModelArgs const &)
I0906 11:29:37.531380  3140 master_component.cc:942] ProcessBatchesArgs: nwt_target_name=nwt, batch_filename_size=2, batch_size=0, batch_weight_size=2, pwt_source_name=pwt, num_document_passes=1, regularizer=(name:SparsePhi, tau:100000), class=(text:1), class=(author:1), reuse_theta=yes, opt_for_avx=yes, predict_class_id=
I0906 11:29:37.581918   808 processor.cc:669] Processing queue has data, processing started
I0906 11:29:37.581918  3232 processor.cc:669] Processing queue has data, processing started
I0906 11:29:37.608937   808 processor.cc:746] Processor: start processing batch 56299932-52ff-4510-aae4-f733d404c409 into model nwt
I0906 11:29:37.630455  3232 processor.cc:746] Processor: start processing batch 948a0451-2262-4237-8078-d64a07380d8b into model nwt
I0906 11:29:37.927165   808 processor.cc:842] Processor: complete processing batch 56299932-52ff-4510-aae4-f733d404c409 into model nwt
I0906 11:29:37.932169   808 cuckoo_watch.h:44] 350ms in ProcessBatch(D:\Coursera\Notebooks\homeworks\MyHW\3-4\lectures_batches\aaaaaa.batch) [including 25ms in LoadMessage; 34ms in InitializeSparseNdw; 283ms in InferThetaAndUpdateNwtSparse; ]
I0906 11:29:37.954183   808 processor.cc:662] No data in processing queue, waiting...
I0906 11:29:38.182361  3232 processor.cc:842] Processor: complete processing batch 948a0451-2262-4237-8078-d64a07380d8b into model nwt
I0906 11:29:38.190865  3232 cuckoo_watch.h:44] 608ms in ProcessBatch(D:\Coursera\Notebooks\homeworks\MyHW\3-4\lectures_batches\aaaaab.batch) [including 46ms in LoadMessage; 104ms in InitializeSparseNdw; 446ms in InferThetaAndUpdateNwtSparse; ]
I0906 11:29:38.191368  3140 master_component.cc:980] RegularizeModelArgs: rwt_target_name=rwt, pwt_source_name=pwt, nwt_source_name=nwt
I0906 11:29:38.191368  3140 master_component.cc:590] MasterComponent: start regularizing model pwt
I0906 11:29:38.210381  3232 processor.cc:662] No data in processing queue, waiting...
I0906 11:29:38.329468  3140 master_component.cc:613] MasterComponent: complete regularizing model pwt
I0906 11:29:38.329468  3140 master_component.cc:991] NormalizeModelArgs: pwt_target_name=pwt, nwt_source_name=nwt, rwt_source_name=rwt
I0906 11:29:38.329468  3140 master_component.cc:617] MasterComponent: start normalizing model nwt
I0906 11:29:38.468571  3140 master_component.cc:639] MasterComponent: complete normalizing model nwt
I0906 11:29:38.956943  3140 master_component.cc:1015] DisposeModel rwt
I0906 11:29:38.964946  3140 c_interface.cc:332] Pass FitOfflineMasterModelArgs, batch_filename_size=2, batch_weight_size=2, num_collection_passes=1 to void (__thiscall artm::core::MasterComponent::*)(class artm::FitOfflineMasterModelArgs const &)
I0906 11:29:38.964946  3140 master_component.cc:942] ProcessBatchesArgs: nwt_target_name=nwt, batch_filename_size=2, batch_size=0, batch_weight_size=2, pwt_source_name=pwt, num_document_passes=1, regularizer=(name:SparsePhi, tau:100000), class=(text:1), class=(author:1), reuse_theta=yes, opt_for_avx=yes, predict_class_id=
I0906 11:29:39.015995   808 processor.cc:669] Processing queue has data, processing started
I0906 11:29:39.016994  3232 processor.cc:669] Processing queue has data, processing started
I0906 11:29:39.042011   808 processor.cc:746] Processor: start processing batch 56299932-52ff-4510-aae4-f733d404c409 into model nwt
I0906 11:29:39.061023  3232 processor.cc:746] Processor: start processing batch 948a0451-2262-4237-8078-d64a07380d8b into model nwt
I0906 11:29:39.267179   808 processor.cc:842] Processor: complete processing batch 56299932-52ff-4510-aae4-f733d404c409 into model nwt
I0906 11:29:39.271183   808 cuckoo_watch.h:44] 255ms in ProcessBatch(D:\Coursera\Notebooks\homeworks\MyHW\3-4\lectures_batches\aaaaaa.batch) [including 24ms in LoadMessage; 26ms in InitializeSparseNdw; 198ms in InferThetaAndUpdateNwtSparse; ]
I0906 11:29:39.290697   808 processor.cc:662] No data in processing queue, waiting...
I0906 11:29:39.505359  3232 processor.cc:842] Processor: complete processing batch 948a0451-2262-4237-8078-d64a07380d8b into model nwt
I0906 11:29:39.515367  3232 cuckoo_watch.h:44] 498ms in ProcessBatch(D:\Coursera\Notebooks\homeworks\MyHW\3-4\lectures_batches\aaaaab.batch) [including 42ms in LoadMessage; 59ms in InitializeSparseNdw; 385ms in InferThetaAndUpdateNwtSparse; ]
I0906 11:29:39.516367  3140 master_component.cc:980] RegularizeModelArgs: rwt_target_name=rwt, pwt_source_name=pwt, nwt_source_name=nwt
I0906 11:29:39.516367  3140 master_component.cc:590] MasterComponent: start regularizing model pwt
I0906 11:29:39.534379  3232 processor.cc:662] No data in processing queue, waiting...
I0906 11:29:39.662473  3140 master_component.cc:613] MasterComponent: complete regularizing model pwt
I0906 11:29:39.662473  3140 master_component.cc:991] NormalizeModelArgs: pwt_target_name=pwt, nwt_source_name=nwt, rwt_source_name=rwt
I0906 11:29:39.662473  3140 master_component.cc:617] MasterComponent: start normalizing model nwt
I0906 11:29:39.746536  3140 master_component.cc:639] MasterComponent: complete normalizing model nwt
I0906 11:29:40.188863  3140 master_component.cc:1015] DisposeModel rwt
I0906 11:29:40.198673  3140 c_interface.cc:332] Pass FitOfflineMasterModelArgs, batch_filename_size=2, batch_weight_size=2, num_collection_passes=1 to void (__thiscall artm::core::MasterComponent::*)(class artm::FitOfflineMasterModelArgs const &)
I0906 11:29:40.198673  3140 master_component.cc:942] ProcessBatchesArgs: nwt_target_name=nwt, batch_filename_size=2, batch_size=0, batch_weight_size=2, pwt_source_name=pwt, num_document_passes=1, regularizer=(name:SparsePhi, tau:100000), class=(text:1), class=(author:1), reuse_theta=yes, opt_for_avx=yes, predict_class_id=
I0906 11:29:40.249711  6080 processor.cc:669] Processing queue has data, processing started
I0906 11:29:40.249711  7376 processor.cc:669] Processing queue has data, processing started
I0906 11:29:40.269721  7376 processor.cc:746] Processor: start processing batch 56299932-52ff-4510-aae4-f733d404c409 into model nwt
I0906 11:29:40.286737  6080 processor.cc:746] Processor: start processing batch 948a0451-2262-4237-8078-d64a07380d8b into model nwt
I0906 11:29:40.494379  7376 processor.cc:842] Processor: complete processing batch 56299932-52ff-4510-aae4-f733d404c409 into model nwt
I0906 11:29:40.499383  7376 cuckoo_watch.h:44] 249ms in ProcessBatch(D:\Coursera\Notebooks\homeworks\MyHW\3-4\lectures_batches\aaaaaa.batch) [including 19ms in LoadMessage; 28ms in InitializeSparseNdw; 195ms in InferThetaAndUpdateNwtSparse; ]
I0906 11:29:40.518896  7376 processor.cc:662] No data in processing queue, waiting...
I0906 11:29:40.727046  6080 processor.cc:842] Processor: complete processing batch 948a0451-2262-4237-8078-d64a07380d8b into model nwt
I0906 11:29:40.735052  6080 cuckoo_watch.h:44] 485ms in ProcessBatch(D:\Coursera\Notebooks\homeworks\MyHW\3-4\lectures_batches\aaaaab.batch) [including 35ms in LoadMessage; 56ms in InitializeSparseNdw; 382ms in InferThetaAndUpdateNwtSparse; ]
I0906 11:29:40.737053  3140 master_component.cc:980] RegularizeModelArgs: rwt_target_name=rwt, pwt_source_name=pwt, nwt_source_name=nwt
I0906 11:29:40.737053  3140 master_component.cc:590] MasterComponent: start regularizing model pwt
I0906 11:29:40.757063  6080 processor.cc:662] No data in processing queue, waiting...
I0906 11:29:40.859138  3140 master_component.cc:613] MasterComponent: complete regularizing model pwt
I0906 11:29:40.859138  3140 master_component.cc:991] NormalizeModelArgs: pwt_target_name=pwt, nwt_source_name=nwt, rwt_source_name=rwt
I0906 11:29:40.859138  3140 master_component.cc:617] MasterComponent: start normalizing model nwt
I0906 11:29:40.942199  3140 master_component.cc:639] MasterComponent: complete normalizing model nwt
I0906 11:29:41.401541  3140 master_component.cc:1015] DisposeModel rwt
I0906 11:29:41.411550  3140 c_interface.cc:332] Pass FitOfflineMasterModelArgs, batch_filename_size=2, batch_weight_size=2, num_collection_passes=1 to void (__thiscall artm::core::MasterComponent::*)(class artm::FitOfflineMasterModelArgs const &)
I0906 11:29:41.411550  3140 master_component.cc:942] ProcessBatchesArgs: nwt_target_name=nwt, batch_filename_size=2, batch_size=0, batch_weight_size=2, pwt_source_name=pwt, num_document_passes=1, regularizer=(name:SparsePhi, tau:100000), class=(text:1), class=(author:1), reuse_theta=yes, opt_for_avx=yes, predict_class_id=
I0906 11:29:41.463089  3232 processor.cc:669] Processing queue has data, processing started
I0906 11:29:41.463089  6080 processor.cc:669] Processing queue has data, processing started
I0906 11:29:41.485607  3232 processor.cc:746] Processor: start processing batch 56299932-52ff-4510-aae4-f733d404c409 into model nwt
I0906 11:29:41.500617  6080 processor.cc:746] Processor: start processing batch 948a0451-2262-4237-8078-d64a07380d8b into model nwt
I0906 11:29:41.716773  3232 processor.cc:842] Processor: complete processing batch 56299932-52ff-4510-aae4-f733d404c409 into model nwt
I0906 11:29:41.721776  3232 cuckoo_watch.h:44] 258ms in ProcessBatch(D:\Coursera\Notebooks\homeworks\MyHW\3-4\lectures_batches\aaaaaa.batch) [including 20ms in LoadMessage; 23ms in InitializeSparseNdw; 207ms in InferThetaAndUpdateNwtSparse; ]
I0906 11:29:41.740788  3232 processor.cc:662] No data in processing queue, waiting...
I0906 11:29:41.941932  6080 processor.cc:842] Processor: complete processing batch 948a0451-2262-4237-8078-d64a07380d8b into model nwt
I0906 11:29:41.950938  6080 cuckoo_watch.h:44] 487ms in ProcessBatch(D:\Coursera\Notebooks\homeworks\MyHW\3-4\lectures_batches\aaaaab.batch) [including 35ms in LoadMessage; 56ms in InitializeSparseNdw; 385ms in InferThetaAndUpdateNwtSparse; ]
I0906 11:29:41.951939  3140 master_component.cc:980] RegularizeModelArgs: rwt_target_name=rwt, pwt_source_name=pwt, nwt_source_name=nwt
I0906 11:29:41.951939  3140 master_component.cc:590] MasterComponent: start regularizing model pwt
I0906 11:29:41.969954  6080 processor.cc:662] No data in processing queue, waiting...
I0906 11:29:42.071529  3140 master_component.cc:613] MasterComponent: complete regularizing model pwt
I0906 11:29:42.072031  3140 master_component.cc:991] NormalizeModelArgs: pwt_target_name=pwt, nwt_source_name=nwt, rwt_source_name=rwt
I0906 11:29:42.072031  3140 master_component.cc:617] MasterComponent: start normalizing model nwt
I0906 11:29:42.154088  3140 master_component.cc:639] MasterComponent: complete normalizing model nwt
I0906 11:29:42.612432  3140 master_component.cc:1015] DisposeModel rwt
I0906 11:29:42.622438  3140 c_interface.cc:332] Pass FitOfflineMasterModelArgs, batch_filename_size=2, batch_weight_size=2, num_collection_passes=1 to void (__thiscall artm::core::MasterComponent::*)(class artm::FitOfflineMasterModelArgs const &)
I0906 11:29:42.622438  3140 master_component.cc:942] ProcessBatchesArgs: nwt_target_name=nwt, batch_filename_size=2, batch_size=0, batch_weight_size=2, pwt_source_name=pwt, num_document_passes=1, regularizer=(name:SparsePhi, tau:100000), class=(text:1), class=(author:1), reuse_theta=yes, opt_for_avx=yes, predict_class_id=
I0906 11:29:42.673001  6080 processor.cc:669] Processing queue has data, processing started
I0906 11:29:42.673001   808 processor.cc:669] Processing queue has data, processing started
I0906 11:29:42.692497  6080 processor.cc:746] Processor: start processing batch 56299932-52ff-4510-aae4-f733d404c409 into model nwt
I0906 11:29:42.708511   808 processor.cc:746] Processor: start processing batch 948a0451-2262-4237-8078-d64a07380d8b into model nwt
I0906 11:29:42.931669  6080 processor.cc:842] Processor: complete processing batch 56299932-52ff-4510-aae4-f733d404c409 into model nwt
I0906 11:29:42.934671  6080 cuckoo_watch.h:44] 261ms in ProcessBatch(D:\Coursera\Notebooks\homeworks\MyHW\3-4\lectures_batches\aaaaaa.batch) [including 18ms in LoadMessage; 19ms in InitializeSparseNdw; 219ms in InferThetaAndUpdateNwtSparse; ]
I0906 11:29:42.954684  6080 processor.cc:662] No data in processing queue, waiting...
I0906 11:29:43.157841   808 processor.cc:842] Processor: complete processing batch 948a0451-2262-4237-8078-d64a07380d8b into model nwt
I0906 11:29:43.165850   808 cuckoo_watch.h:44] 492ms in ProcessBatch(D:\Coursera\Notebooks\homeworks\MyHW\3-4\lectures_batches\aaaaab.batch) [including 33ms in LoadMessage; 50ms in InitializeSparseNdw; 398ms in InferThetaAndUpdateNwtSparse; ]
I0906 11:29:43.166353  3140 master_component.cc:980] RegularizeModelArgs: rwt_target_name=rwt, pwt_source_name=pwt, nwt_source_name=nwt
I0906 11:29:43.166353  3140 master_component.cc:590] MasterComponent: start regularizing model pwt
I0906 11:29:43.185865   808 processor.cc:662] No data in processing queue, waiting...
I0906 11:29:43.293947  3140 master_component.cc:613] MasterComponent: complete regularizing model pwt
I0906 11:29:43.294948  3140 master_component.cc:991] NormalizeModelArgs: pwt_target_name=pwt, nwt_source_name=nwt, rwt_source_name=rwt
I0906 11:29:43.294948  3140 master_component.cc:617] MasterComponent: start normalizing model nwt
I0906 11:29:43.379009  3140 master_component.cc:639] MasterComponent: complete normalizing model nwt
I0906 11:29:43.816328  3140 master_component.cc:1015] DisposeModel rwt
I0906 11:29:43.826334  3140 c_interface.cc:332] Pass FitOfflineMasterModelArgs, batch_filename_size=2, batch_weight_size=2, num_collection_passes=1 to void (__thiscall artm::core::MasterComponent::*)(class artm::FitOfflineMasterModelArgs const &)
I0906 11:29:43.826334  3140 master_component.cc:942] ProcessBatchesArgs: nwt_target_name=nwt, batch_filename_size=2, batch_size=0, batch_weight_size=2, pwt_source_name=pwt, num_document_passes=1, regularizer=(name:SparsePhi, tau:100000), class=(text:1), class=(author:1), reuse_theta=yes, opt_for_avx=yes, predict_class_id=
I0906 11:29:43.879192  3232 processor.cc:669] Processing queue has data, processing started
I0906 11:29:43.879192  7376 processor.cc:669] Processing queue has data, processing started
I0906 11:29:43.903193  3232 processor.cc:746] Processor: start processing batch 56299932-52ff-4510-aae4-f733d404c409 into model nwt
I0906 11:29:43.918203  7376 processor.cc:746] Processor: start processing batch 948a0451-2262-4237-8078-d64a07380d8b into model nwt
I0906 11:29:44.114351  3232 processor.cc:842] Processor: complete processing batch 56299932-52ff-4510-aae4-f733d404c409 into model nwt
I0906 11:29:44.119354  3232 cuckoo_watch.h:44] 240ms in ProcessBatch(D:\Coursera\Notebooks\homeworks\MyHW\3-4\lectures_batches\aaaaaa.batch) [including 22ms in LoadMessage; 22ms in InitializeSparseNdw; 187ms in InferThetaAndUpdateNwtSparse; ]
I0906 11:29:44.138365  3232 processor.cc:662] No data in processing queue, waiting...
I0906 11:29:44.349524  7376 processor.cc:842] Processor: complete processing batch 948a0451-2262-4237-8078-d64a07380d8b into model nwt
I0906 11:29:44.356528  7376 cuckoo_watch.h:44] 477ms in ProcessBatch(D:\Coursera\Notebooks\homeworks\MyHW\3-4\lectures_batches\aaaaab.batch) [including 38ms in LoadMessage; 49ms in InitializeSparseNdw; 381ms in InferThetaAndUpdateNwtSparse; ]
I0906 11:29:44.357529  3140 master_component.cc:980] RegularizeModelArgs: rwt_target_name=rwt, pwt_source_name=pwt, nwt_source_name=nwt
I0906 11:29:44.357529  3140 master_component.cc:590] MasterComponent: start regularizing model pwt
I0906 11:29:44.377545  7376 processor.cc:662] No data in processing queue, waiting...
I0906 11:29:44.479622  3140 master_component.cc:613] MasterComponent: complete regularizing model pwt
I0906 11:29:44.479622  3140 master_component.cc:991] NormalizeModelArgs: pwt_target_name=pwt, nwt_source_name=nwt, rwt_source_name=rwt
I0906 11:29:44.479622  3140 master_component.cc:617] MasterComponent: start normalizing model nwt
I0906 11:29:44.566682  3140 master_component.cc:639] MasterComponent: complete normalizing model nwt
I0906 11:29:45.014034  3140 master_component.cc:1015] DisposeModel rwt
I0906 11:29:45.023041  3140 c_interface.cc:332] Pass FitOfflineMasterModelArgs, batch_filename_size=2, batch_weight_size=2, num_collection_passes=1 to void (__thiscall artm::core::MasterComponent::*)(class artm::FitOfflineMasterModelArgs const &)
I0906 11:29:45.023041  3140 master_component.cc:942] ProcessBatchesArgs: nwt_target_name=nwt, batch_filename_size=2, batch_size=0, batch_weight_size=2, pwt_source_name=pwt, num_document_passes=1, regularizer=(name:SparsePhi, tau:100000), class=(text:1), class=(author:1), reuse_theta=yes, opt_for_avx=yes, predict_class_id=
I0906 11:29:45.074076  3232 processor.cc:669] Processing queue has data, processing started
I0906 11:29:45.074076  7376 processor.cc:669] Processing queue has data, processing started
I0906 11:29:45.094094  3232 processor.cc:746] Processor: start processing batch 56299932-52ff-4510-aae4-f733d404c409 into model nwt
I0906 11:29:45.115108  7376 processor.cc:746] Processor: start processing batch 948a0451-2262-4237-8078-d64a07380d8b into model nwt
I0906 11:29:45.334761  3232 processor.cc:842] Processor: complete processing batch 56299932-52ff-4510-aae4-f733d404c409 into model nwt
I0906 11:29:45.338763  3232 cuckoo_watch.h:44] 264ms in ProcessBatch(D:\Coursera\Notebooks\homeworks\MyHW\3-4\lectures_batches\aaaaaa.batch) [including 19ms in LoadMessage; 28ms in InitializeSparseNdw; 210ms in InferThetaAndUpdateNwtSparse; ]
I0906 11:29:45.358276  3232 processor.cc:662] No data in processing queue, waiting...
I0906 11:29:45.558678  7376 processor.cc:842] Processor: complete processing batch 948a0451-2262-4237-8078-d64a07380d8b into model nwt
I0906 11:29:45.566682  7376 cuckoo_watch.h:44] 492ms in ProcessBatch(D:\Coursera\Notebooks\homeworks\MyHW\3-4\lectures_batches\aaaaab.batch) [including 39ms in LoadMessage; 51ms in InitializeSparseNdw; 391ms in InferThetaAndUpdateNwtSparse; ]
I0906 11:29:45.568684  3140 master_component.cc:980] RegularizeModelArgs: rwt_target_name=rwt, pwt_source_name=pwt, nwt_source_name=nwt
I0906 11:29:45.568684  3140 master_component.cc:590] MasterComponent: start regularizing model pwt
I0906 11:29:45.586699  7376 processor.cc:662] No data in processing queue, waiting...
I0906 11:29:45.690274  3140 master_component.cc:613] MasterComponent: complete regularizing model pwt
I0906 11:29:45.690774  3140 master_component.cc:991] NormalizeModelArgs: pwt_target_name=pwt, nwt_source_name=nwt, rwt_source_name=rwt
I0906 11:29:45.690774  3140 master_component.cc:617] MasterComponent: start normalizing model nwt
I0906 11:29:45.782840  3140 master_component.cc:639] MasterComponent: complete normalizing model nwt
I0906 11:29:46.221159  3140 master_component.cc:1015] DisposeModel rwt
I0906 11:29:46.230166  3140 c_interface.cc:332] Pass FitOfflineMasterModelArgs, batch_filename_size=2, batch_weight_size=2, num_collection_passes=1 to void (__thiscall artm::core::MasterComponent::*)(class artm::FitOfflineMasterModelArgs const &)
I0906 11:29:46.230166  3140 master_component.cc:942] ProcessBatchesArgs: nwt_target_name=nwt, batch_filename_size=2, batch_size=0, batch_weight_size=2, pwt_source_name=pwt, num_document_passes=1, regularizer=(name:SparsePhi, tau:100000), class=(text:1), class=(author:1), reuse_theta=yes, opt_for_avx=yes, predict_class_id=
I0906 11:29:46.280200  3232 processor.cc:669] Processing queue has data, processing started
I0906 11:29:46.282199  7376 processor.cc:669] Processing queue has data, processing started
I0906 11:29:46.308226  3232 processor.cc:746] Processor: start processing batch 56299932-52ff-4510-aae4-f733d404c409 into model nwt
I0906 11:29:46.331241  7376 processor.cc:746] Processor: start processing batch 948a0451-2262-4237-8078-d64a07380d8b into model nwt
I0906 11:29:46.553408  3232 processor.cc:842] Processor: complete processing batch 56299932-52ff-4510-aae4-f733d404c409 into model nwt
I0906 11:29:46.557411  3232 cuckoo_watch.h:44] 277ms in ProcessBatch(D:\Coursera\Notebooks\homeworks\MyHW\3-4\lectures_batches\aaaaaa.batch) [including 26ms in LoadMessage; 24ms in InitializeSparseNdw; 220ms in InferThetaAndUpdateNwtSparse; ]
I0906 11:29:46.576424  3232 processor.cc:662] No data in processing queue, waiting...
I0906 11:29:46.785079  7376 processor.cc:842] Processor: complete processing batch 948a0451-2262-4237-8078-d64a07380d8b into model nwt
I0906 11:29:46.793084  7376 cuckoo_watch.h:44] 510ms in ProcessBatch(D:\Coursera\Notebooks\homeworks\MyHW\3-4\lectures_batches\aaaaab.batch) [including 48ms in LoadMessage; 53ms in InitializeSparseNdw; 398ms in InferThetaAndUpdateNwtSparse; ]
I0906 11:29:46.794586  3140 master_component.cc:980] RegularizeModelArgs: rwt_target_name=rwt, pwt_source_name=pwt, nwt_source_name=nwt
I0906 11:29:46.794586  3140 master_component.cc:590] MasterComponent: start regularizing model pwt
I0906 11:29:46.812597  7376 processor.cc:662] No data in processing queue, waiting...
I0906 11:29:46.917170  3140 master_component.cc:613] MasterComponent: complete regularizing model pwt
I0906 11:29:46.917170  3140 master_component.cc:991] NormalizeModelArgs: pwt_target_name=pwt, nwt_source_name=nwt, rwt_source_name=rwt
I0906 11:29:46.917170  3140 master_component.cc:617] MasterComponent: start normalizing model nwt
I0906 11:29:47.012732  3140 master_component.cc:639] MasterComponent: complete normalizing model nwt
I0906 11:29:47.455024  3140 master_component.cc:1015] DisposeModel rwt
I0906 11:29:47.465030  3140 c_interface.cc:332] Pass FitOfflineMasterModelArgs, batch_filename_size=2, batch_weight_size=2, num_collection_passes=1 to void (__thiscall artm::core::MasterComponent::*)(class artm::FitOfflineMasterModelArgs const &)
I0906 11:29:47.465030  3140 master_component.cc:942] ProcessBatchesArgs: nwt_target_name=nwt, batch_filename_size=2, batch_size=0, batch_weight_size=2, pwt_source_name=pwt, num_document_passes=1, regularizer=(name:SparsePhi, tau:100000), class=(text:1), class=(author:1), reuse_theta=yes, opt_for_avx=yes, predict_class_id=
I0906 11:29:47.519071   808 processor.cc:669] Processing queue has data, processing started
I0906 11:29:47.521070  3232 processor.cc:669] Processing queue has data, processing started
I0906 11:29:47.551092   808 processor.cc:746] Processor: start processing batch 56299932-52ff-4510-aae4-f733d404c409 into model nwt
I0906 11:29:47.575107  3232 processor.cc:746] Processor: start processing batch 948a0451-2262-4237-8078-d64a07380d8b into model nwt
I0906 11:29:47.784271   808 processor.cc:842] Processor: complete processing batch 56299932-52ff-4510-aae4-f733d404c409 into model nwt
