I0907 18:36:32.675010 10364 c_interface.cc:332] Pass FitOfflineMasterModelArgs, batch_filename_size=2, batch_weight_size=2, num_collection_passes=1 to void (__thiscall artm::core::MasterComponent::*)(class artm::FitOfflineMasterModelArgs const &)
I0907 18:36:32.675010 10364 master_component.cc:942] ProcessBatchesArgs: nwt_target_name=nwt, batch_filename_size=2, batch_size=0, batch_weight_size=2, pwt_source_name=pwt, num_document_passes=1, regularizer=(name:SparsePhi, tau:100000), class=(text:1), class=(author:1), reuse_theta=yes, opt_for_avx=yes, predict_class_id=
I0907 18:36:32.727072  4672 processor.cc:669] Processing queue has data, processing started
I0907 18:36:32.727072  2888 processor.cc:669] Processing queue has data, processing started
I0907 18:36:32.748062  4672 processor.cc:746] Processor: start processing batch 071eb526-432a-47c3-b517-aa155b5c3cdb into model nwt
I0907 18:36:32.766074  2888 processor.cc:746] Processor: start processing batch 675e1af2-71ca-414a-be34-ca3fde15a426 into model nwt
I0907 18:36:32.965719  4672 processor.cc:842] Processor: complete processing batch 071eb526-432a-47c3-b517-aa155b5c3cdb into model nwt
I0907 18:36:32.969223  4672 cuckoo_watch.h:44] 242ms in ProcessBatch(D:\Coursera\Notebooks\homeworks\MyHW\3-4\lectures_batches\aaaaaa.batch) [including 18ms in LoadMessage; 23ms in InitializeSparseNdw; 193ms in InferThetaAndUpdateNwtSparse; ]
I0907 18:36:32.989238  4672 processor.cc:662] No data in processing queue, waiting...
I0907 18:36:33.195394  2888 processor.cc:842] Processor: complete processing batch 675e1af2-71ca-414a-be34-ca3fde15a426 into model nwt
I0907 18:36:33.203399  2888 cuckoo_watch.h:44] 476ms in ProcessBatch(D:\Coursera\Notebooks\homeworks\MyHW\3-4\lectures_batches\aaaaab.batch) [including 37ms in LoadMessage; 50ms in InitializeSparseNdw; 379ms in InferThetaAndUpdateNwtSparse; ]
I0907 18:36:33.205402 10364 master_component.cc:980] RegularizeModelArgs: rwt_target_name=rwt, pwt_source_name=pwt, nwt_source_name=nwt
I0907 18:36:33.205402 10364 master_component.cc:590] MasterComponent: start regularizing model pwt
I0907 18:36:33.224414  2888 processor.cc:662] No data in processing queue, waiting...
I0907 18:36:33.329046 10364 master_component.cc:613] MasterComponent: complete regularizing model pwt
I0907 18:36:33.329046 10364 master_component.cc:991] NormalizeModelArgs: pwt_target_name=pwt, nwt_source_name=nwt, rwt_source_name=rwt
I0907 18:36:33.329046 10364 master_component.cc:617] MasterComponent: start normalizing model nwt
I0907 18:36:33.423163 10364 master_component.cc:639] MasterComponent: complete normalizing model nwt
I0907 18:36:33.854984 10364 master_component.cc:1015] DisposeModel rwt
I0907 18:36:33.862496 10364 c_interface.cc:332] Pass FitOfflineMasterModelArgs, batch_filename_size=2, batch_weight_size=2, num_collection_passes=1 to void (__thiscall artm::core::MasterComponent::*)(class artm::FitOfflineMasterModelArgs const &)
I0907 18:36:33.862496 10364 master_component.cc:942] ProcessBatchesArgs: nwt_target_name=nwt, batch_filename_size=2, batch_size=0, batch_weight_size=2, pwt_source_name=pwt, num_document_passes=1, regularizer=(name:SparsePhi, tau:100000), class=(text:1), class=(author:1), reuse_theta=yes, opt_for_avx=yes, predict_class_id=
I0907 18:36:33.914034  4672 processor.cc:669] Processing queue has data, processing started
I0907 18:36:33.915035  1084 processor.cc:669] Processing queue has data, processing started
I0907 18:36:33.940049  4672 processor.cc:746] Processor: start processing batch 071eb526-432a-47c3-b517-aa155b5c3cdb into model nwt
I0907 18:36:33.962069  1084 processor.cc:746] Processor: start processing batch 675e1af2-71ca-414a-be34-ca3fde15a426 into model nwt
I0907 18:36:34.164716  4672 processor.cc:842] Processor: complete processing batch 071eb526-432a-47c3-b517-aa155b5c3cdb into model nwt
I0907 18:36:34.168218  4672 cuckoo_watch.h:44] 254ms in ProcessBatch(D:\Coursera\Notebooks\homeworks\MyHW\3-4\lectures_batches\aaaaaa.batch) [including 25ms in LoadMessage; 25ms in InitializeSparseNdw; 198ms in InferThetaAndUpdateNwtSparse; ]
I0907 18:36:34.187234  4672 processor.cc:662] No data in processing queue, waiting...
I0907 18:36:34.393394  1084 processor.cc:842] Processor: complete processing batch 675e1af2-71ca-414a-be34-ca3fde15a426 into model nwt
I0907 18:36:34.400399  1084 cuckoo_watch.h:44] 485ms in ProcessBatch(D:\Coursera\Notebooks\homeworks\MyHW\3-4\lectures_batches\aaaaab.batch) [including 45ms in LoadMessage; 50ms in InitializeSparseNdw; 380ms in InferThetaAndUpdateNwtSparse; ]
I0907 18:36:34.402401 10364 master_component.cc:980] RegularizeModelArgs: rwt_target_name=rwt, pwt_source_name=pwt, nwt_source_name=nwt
I0907 18:36:34.402401 10364 master_component.cc:590] MasterComponent: start regularizing model pwt
I0907 18:36:34.421412  1084 processor.cc:662] No data in processing queue, waiting...
I0907 18:36:34.526490 10364 master_component.cc:613] MasterComponent: complete regularizing model pwt
I0907 18:36:34.526490 10364 master_component.cc:991] NormalizeModelArgs: pwt_target_name=pwt, nwt_source_name=nwt, rwt_source_name=rwt
I0907 18:36:34.526490 10364 master_component.cc:617] MasterComponent: start normalizing model nwt
I0907 18:36:34.619561 10364 master_component.cc:639] MasterComponent: complete normalizing model nwt
I0907 18:36:35.053876 10364 master_component.cc:1015] DisposeModel rwt
I0907 18:36:35.063889 10364 c_interface.cc:332] Pass FitOfflineMasterModelArgs, batch_filename_size=2, batch_weight_size=2, num_collection_passes=1 to void (__thiscall artm::core::MasterComponent::*)(class artm::FitOfflineMasterModelArgs const &)
I0907 18:36:35.063889 10364 master_component.cc:942] ProcessBatchesArgs: nwt_target_name=nwt, batch_filename_size=2, batch_size=0, batch_weight_size=2, pwt_source_name=pwt, num_document_passes=1, regularizer=(name:SparsePhi, tau:100000), class=(text:1), class=(author:1), reuse_theta=yes, opt_for_avx=yes, predict_class_id=
I0907 18:36:35.113924  9176 processor.cc:669] Processing queue has data, processing started
I0907 18:36:35.113924  4672 processor.cc:669] Processing queue has data, processing started
I0907 18:36:35.134943  9176 processor.cc:746] Processor: start processing batch 071eb526-432a-47c3-b517-aa155b5c3cdb into model nwt
I0907 18:36:35.151948  4672 processor.cc:746] Processor: start processing batch 675e1af2-71ca-414a-be34-ca3fde15a426 into model nwt
I0907 18:36:35.362107  9176 processor.cc:842] Processor: complete processing batch 071eb526-432a-47c3-b517-aa155b5c3cdb into model nwt
I0907 18:36:35.367110  9176 cuckoo_watch.h:44] 253ms in ProcessBatch(D:\Coursera\Notebooks\homeworks\MyHW\3-4\lectures_batches\aaaaaa.batch) [including 20ms in LoadMessage; 25ms in InitializeSparseNdw; 200ms in InferThetaAndUpdateNwtSparse; ]
I0907 18:36:35.386124  9176 processor.cc:662] No data in processing queue, waiting...
I0907 18:36:35.589275  4672 processor.cc:842] Processor: complete processing batch 675e1af2-71ca-414a-be34-ca3fde15a426 into model nwt
I0907 18:36:35.598282  4672 cuckoo_watch.h:44] 484ms in ProcessBatch(D:\Coursera\Notebooks\homeworks\MyHW\3-4\lectures_batches\aaaaab.batch) [including 36ms in LoadMessage; 50ms in InitializeSparseNdw; 387ms in InferThetaAndUpdateNwtSparse; ]
I0907 18:36:35.600284 10364 master_component.cc:980] RegularizeModelArgs: rwt_target_name=rwt, pwt_source_name=pwt, nwt_source_name=nwt
I0907 18:36:35.600284 10364 master_component.cc:590] MasterComponent: start regularizing model pwt
I0907 18:36:35.619294  4672 processor.cc:662] No data in processing queue, waiting...
I0907 18:36:35.725373 10364 master_component.cc:613] MasterComponent: complete regularizing model pwt
I0907 18:36:35.725373 10364 master_component.cc:991] NormalizeModelArgs: pwt_target_name=pwt, nwt_source_name=nwt, rwt_source_name=rwt
I0907 18:36:35.725373 10364 master_component.cc:617] MasterComponent: start normalizing model nwt
I0907 18:36:35.822443 10364 master_component.cc:639] MasterComponent: complete normalizing model nwt
I0907 18:36:36.254753 10364 master_component.cc:1015] DisposeModel rwt
I0907 18:36:36.262766 10364 c_interface.cc:332] Pass FitOfflineMasterModelArgs, batch_filename_size=2, batch_weight_size=2, num_collection_passes=1 to void (__thiscall artm::core::MasterComponent::*)(class artm::FitOfflineMasterModelArgs const &)
I0907 18:36:36.262766 10364 master_component.cc:942] ProcessBatchesArgs: nwt_target_name=nwt, batch_filename_size=2, batch_size=0, batch_weight_size=2, pwt_source_name=pwt, num_document_passes=1, regularizer=(name:SparsePhi, tau:100000), class=(text:1), class=(author:1), reuse_theta=yes, opt_for_avx=yes, predict_class_id=
I0907 18:36:36.314807  4672 processor.cc:669] Processing queue has data, processing started
I0907 18:36:36.314807  9176 processor.cc:669] Processing queue has data, processing started
I0907 18:36:36.335821  9176 processor.cc:746] Processor: start processing batch 071eb526-432a-47c3-b517-aa155b5c3cdb into model nwt
I0907 18:36:36.352828  4672 processor.cc:746] Processor: start processing batch 675e1af2-71ca-414a-be34-ca3fde15a426 into model nwt
I0907 18:36:36.550989  9176 processor.cc:842] Processor: complete processing batch 071eb526-432a-47c3-b517-aa155b5c3cdb into model nwt
I0907 18:36:36.554994  9176 cuckoo_watch.h:44] 240ms in ProcessBatch(D:\Coursera\Notebooks\homeworks\MyHW\3-4\lectures_batches\aaaaaa.batch) [including 19ms in LoadMessage; 24ms in InitializeSparseNdw; 191ms in InferThetaAndUpdateNwtSparse; ]
I0907 18:36:36.574509  9176 processor.cc:662] No data in processing queue, waiting...
I0907 18:36:36.780170  4672 processor.cc:842] Processor: complete processing batch 675e1af2-71ca-414a-be34-ca3fde15a426 into model nwt
I0907 18:36:36.788177  4672 cuckoo_watch.h:44] 473ms in ProcessBatch(D:\Coursera\Notebooks\homeworks\MyHW\3-4\lectures_batches\aaaaab.batch) [including 36ms in LoadMessage; 47ms in InitializeSparseNdw; 379ms in InferThetaAndUpdateNwtSparse; ]
I0907 18:36:36.790179 10364 master_component.cc:980] RegularizeModelArgs: rwt_target_name=rwt, pwt_source_name=pwt, nwt_source_name=nwt
I0907 18:36:36.790179 10364 master_component.cc:590] MasterComponent: start regularizing model pwt
I0907 18:36:36.809190  4672 processor.cc:662] No data in processing queue, waiting...
I0907 18:36:36.915267 10364 master_component.cc:613] MasterComponent: complete regularizing model pwt
I0907 18:36:36.915267 10364 master_component.cc:991] NormalizeModelArgs: pwt_target_name=pwt, nwt_source_name=nwt, rwt_source_name=rwt
I0907 18:36:36.915267 10364 master_component.cc:617] MasterComponent: start normalizing model nwt
I0907 18:36:37.009335 10364 master_component.cc:639] MasterComponent: complete normalizing model nwt
I0907 18:36:37.438645 10364 master_component.cc:1015] DisposeModel rwt
I0907 18:36:37.448654 10364 c_interface.cc:332] Pass FitOfflineMasterModelArgs, batch_filename_size=2, batch_weight_size=2, num_collection_passes=1 to void (__thiscall artm::core::MasterComponent::*)(class artm::FitOfflineMasterModelArgs const &)
I0907 18:36:37.448654 10364 master_component.cc:942] ProcessBatchesArgs: nwt_target_name=nwt, batch_filename_size=2, batch_size=0, batch_weight_size=2, pwt_source_name=pwt, num_document_passes=1, regularizer=(name:SparsePhi, tau:100000), class=(text:1), class=(author:1), reuse_theta=yes, opt_for_avx=yes, predict_class_id=
I0907 18:36:37.499716  4672 processor.cc:669] Processing queue has data, processing started
I0907 18:36:37.499716  9176 processor.cc:669] Processing queue has data, processing started
I0907 18:36:37.525712  9176 processor.cc:746] Processor: start processing batch 071eb526-432a-47c3-b517-aa155b5c3cdb into model nwt
I0907 18:36:37.542726  4672 processor.cc:746] Processor: start processing batch 675e1af2-71ca-414a-be34-ca3fde15a426 into model nwt
I0907 18:36:37.772392  9176 processor.cc:842] Processor: complete processing batch 071eb526-432a-47c3-b517-aa155b5c3cdb into model nwt
I0907 18:36:37.775893  9176 cuckoo_watch.h:44] 276ms in ProcessBatch(D:\Coursera\Notebooks\homeworks\MyHW\3-4\lectures_batches\aaaaaa.batch) [including 23ms in LoadMessage; 24ms in InitializeSparseNdw; 221ms in InferThetaAndUpdateNwtSparse; ]
I0907 18:36:37.795909  9176 processor.cc:662] No data in processing queue, waiting...
I0907 18:36:37.997064  4672 processor.cc:842] Processor: complete processing batch 675e1af2-71ca-414a-be34-ca3fde15a426 into model nwt
I0907 18:36:38.004068  4672 cuckoo_watch.h:44] 504ms in ProcessBatch(D:\Coursera\Notebooks\homeworks\MyHW\3-4\lectures_batches\aaaaab.batch) [including 41ms in LoadMessage; 52ms in InitializeSparseNdw; 401ms in InferThetaAndUpdateNwtSparse; ]
I0907 18:36:38.005070 10364 master_component.cc:980] RegularizeModelArgs: rwt_target_name=rwt, pwt_source_name=pwt, nwt_source_name=nwt
I0907 18:36:38.005070 10364 master_component.cc:590] MasterComponent: start regularizing model pwt
I0907 18:36:38.024081  4672 processor.cc:662] No data in processing queue, waiting...
I0907 18:36:38.128159 10364 master_component.cc:613] MasterComponent: complete regularizing model pwt
I0907 18:36:38.128159 10364 master_component.cc:991] NormalizeModelArgs: pwt_target_name=pwt, nwt_source_name=nwt, rwt_source_name=rwt
I0907 18:36:38.128159 10364 master_component.cc:617] MasterComponent: start normalizing model nwt
I0907 18:36:38.220224 10364 master_component.cc:639] MasterComponent: complete normalizing model nwt
I0907 18:36:38.641530 10364 master_component.cc:1015] DisposeModel rwt
I0907 18:36:38.648535 10364 c_interface.cc:332] Pass FitOfflineMasterModelArgs, batch_filename_size=2, batch_weight_size=2, num_collection_passes=1 to void (__thiscall artm::core::MasterComponent::*)(class artm::FitOfflineMasterModelArgs const &)
I0907 18:36:38.648535 10364 master_component.cc:942] ProcessBatchesArgs: nwt_target_name=nwt, batch_filename_size=2, batch_size=0, batch_weight_size=2, pwt_source_name=pwt, num_document_passes=1, regularizer=(name:SparsePhi, tau:100000), class=(text:1), class=(author:1), reuse_theta=yes, opt_for_avx=yes, predict_class_id=
I0907 18:36:38.702579  1084 processor.cc:669] Processing queue has data, processing started
I0907 18:36:38.702579  2888 processor.cc:669] Processing queue has data, processing started
I0907 18:36:38.726598  2888 processor.cc:746] Processor: start processing batch 071eb526-432a-47c3-b517-aa155b5c3cdb into model nwt
I0907 18:36:38.741605  1084 processor.cc:746] Processor: start processing batch 675e1af2-71ca-414a-be34-ca3fde15a426 into model nwt
I0907 18:36:38.935758  2888 processor.cc:842] Processor: complete processing batch 071eb526-432a-47c3-b517-aa155b5c3cdb into model nwt
I0907 18:36:38.939761  2888 cuckoo_watch.h:44] 236ms in ProcessBatch(D:\Coursera\Notebooks\homeworks\MyHW\3-4\lectures_batches\aaaaaa.batch) [including 23ms in LoadMessage; 20ms in InitializeSparseNdw; 188ms in InferThetaAndUpdateNwtSparse; ]
I0907 18:36:38.959772  2888 processor.cc:662] No data in processing queue, waiting...
I0907 18:36:39.165451  1084 processor.cc:842] Processor: complete processing batch 675e1af2-71ca-414a-be34-ca3fde15a426 into model nwt
I0907 18:36:39.172953  1084 cuckoo_watch.h:44] 469ms in ProcessBatch(D:\Coursera\Notebooks\homeworks\MyHW\3-4\lectures_batches\aaaaab.batch) [including 38ms in LoadMessage; 49ms in InitializeSparseNdw; 374ms in InferThetaAndUpdateNwtSparse; ]
I0907 18:36:39.174455 10364 master_component.cc:980] RegularizeModelArgs: rwt_target_name=rwt, pwt_source_name=pwt, nwt_source_name=nwt
I0907 18:36:39.174455 10364 master_component.cc:590] MasterComponent: start regularizing model pwt
I0907 18:36:39.193970  1084 processor.cc:662] No data in processing queue, waiting...
I0907 18:36:39.298046 10364 master_component.cc:613] MasterComponent: complete regularizing model pwt
I0907 18:36:39.298046 10364 master_component.cc:991] NormalizeModelArgs: pwt_target_name=pwt, nwt_source_name=nwt, rwt_source_name=rwt
I0907 18:36:39.298046 10364 master_component.cc:617] MasterComponent: start normalizing model nwt
I0907 18:36:39.390112 10364 master_component.cc:639] MasterComponent: complete normalizing model nwt
I0907 18:36:39.810425 10364 master_component.cc:1015] DisposeModel rwt
I0907 18:36:39.819430 10364 c_interface.cc:332] Pass FitOfflineMasterModelArgs, batch_filename_size=2, batch_weight_size=2, num_collection_passes=1 to void (__thiscall artm::core::MasterComponent::*)(class artm::FitOfflineMasterModelArgs const &)
I0907 18:36:39.819430 10364 master_component.cc:942] ProcessBatchesArgs: nwt_target_name=nwt, batch_filename_size=2, batch_size=0, batch_weight_size=2, pwt_source_name=pwt, num_document_passes=1, regularizer=(name:SparsePhi, tau:100000), class=(text:1), class=(author:1), reuse_theta=yes, opt_for_avx=yes, predict_class_id=
I0907 18:36:39.869467  9176 processor.cc:669] Processing queue has data, processing started
I0907 18:36:39.870467  1084 processor.cc:669] Processing queue has data, processing started
I0907 18:36:39.890486  9176 processor.cc:746] Processor: start processing batch 071eb526-432a-47c3-b517-aa155b5c3cdb into model nwt
I0907 18:36:39.911499  1084 processor.cc:746] Processor: start processing batch 675e1af2-71ca-414a-be34-ca3fde15a426 into model nwt
I0907 18:36:40.121666  9176 processor.cc:842] Processor: complete processing batch 071eb526-432a-47c3-b517-aa155b5c3cdb into model nwt
I0907 18:36:40.126669  9176 cuckoo_watch.h:44] 256ms in ProcessBatch(D:\Coursera\Notebooks\homeworks\MyHW\3-4\lectures_batches\aaaaaa.batch) [including 20ms in LoadMessage; 26ms in InitializeSparseNdw; 204ms in InferThetaAndUpdateNwtSparse; ]
I0907 18:36:40.145683  9176 processor.cc:662] No data in processing queue, waiting...
I0907 18:36:40.369854  1084 processor.cc:842] Processor: complete processing batch 675e1af2-71ca-414a-be34-ca3fde15a426 into model nwt
I0907 18:36:40.377857  1084 cuckoo_watch.h:44] 507ms in ProcessBatch(D:\Coursera\Notebooks\homeworks\MyHW\3-4\lectures_batches\aaaaab.batch) [including 39ms in LoadMessage; 54ms in InitializeSparseNdw; 402ms in InferThetaAndUpdateNwtSparse; ]
I0907 18:36:40.379359 10364 master_component.cc:980] RegularizeModelArgs: rwt_target_name=rwt, pwt_source_name=pwt, nwt_source_name=nwt
I0907 18:36:40.379359 10364 master_component.cc:590] MasterComponent: start regularizing model pwt
I0907 18:36:40.398877  1084 processor.cc:662] No data in processing queue, waiting...
I0907 18:36:40.517961 10364 master_component.cc:613] MasterComponent: complete regularizing model pwt
I0907 18:36:40.517961 10364 master_component.cc:991] NormalizeModelArgs: pwt_target_name=pwt, nwt_source_name=nwt, rwt_source_name=rwt
I0907 18:36:40.517961 10364 master_component.cc:617] MasterComponent: start normalizing model nwt
I0907 18:36:40.617611 10364 master_component.cc:639] MasterComponent: complete normalizing model nwt
I0907 18:36:41.159507 10364 master_component.cc:1015] DisposeModel rwt
I0907 18:36:41.168017 10364 c_interface.cc:332] Pass FitOfflineMasterModelArgs, batch_filename_size=2, batch_weight_size=2, num_collection_passes=1 to void (__thiscall artm::core::MasterComponent::*)(class artm::FitOfflineMasterModelArgs const &)
I0907 18:36:41.168517 10364 master_component.cc:942] ProcessBatchesArgs: nwt_target_name=nwt, batch_filename_size=2, batch_size=0, batch_weight_size=2, pwt_source_name=pwt, num_document_passes=1, regularizer=(name:SparsePhi, tau:100000), class=(text:1), class=(author:1), reuse_theta=yes, opt_for_avx=yes, predict_class_id=
I0907 18:36:41.235565  4672 processor.cc:669] Processing queue has data, processing started
I0907 18:36:41.237566  9176 processor.cc:669] Processing queue has data, processing started
I0907 18:36:41.269593  4672 processor.cc:746] Processor: start processing batch 071eb526-432a-47c3-b517-aa155b5c3cdb into model nwt
I0907 18:36:41.288610  9176 processor.cc:746] Processor: start processing batch 675e1af2-71ca-414a-be34-ca3fde15a426 into model nwt
I0907 18:36:41.541795  4672 processor.cc:842] Processor: complete processing batch 071eb526-432a-47c3-b517-aa155b5c3cdb into model nwt
I0907 18:36:41.545797  4672 cuckoo_watch.h:44] 310ms in ProcessBatch(D:\Coursera\Notebooks\homeworks\MyHW\3-4\lectures_batches\aaaaaa.batch) [including 32ms in LoadMessage; 32ms in InitializeSparseNdw; 239ms in InferThetaAndUpdateNwtSparse; ]
I0907 18:36:41.564810  4672 processor.cc:662] No data in processing queue, waiting...
I0907 18:36:41.777775  9176 processor.cc:842] Processor: complete processing batch 675e1af2-71ca-414a-be34-ca3fde15a426 into model nwt
I0907 18:36:41.785784  9176 cuckoo_watch.h:44] 548ms in ProcessBatch(D:\Coursera\Notebooks\homeworks\MyHW\3-4\lectures_batches\aaaaab.batch) [including 49ms in LoadMessage; 72ms in InitializeSparseNdw; 416ms in InferThetaAndUpdateNwtSparse; ]
I0907 18:36:41.786788 10364 master_component.cc:980] RegularizeModelArgs: rwt_target_name=rwt, pwt_source_name=pwt, nwt_source_name=nwt
I0907 18:36:41.786788 10364 master_component.cc:590] MasterComponent: start regularizing model pwt
I0907 18:36:41.809800  9176 processor.cc:662] No data in processing queue, waiting...
I0907 18:36:41.913877 10364 master_component.cc:613] MasterComponent: complete regularizing model pwt
I0907 18:36:41.913877 10364 master_component.cc:991] NormalizeModelArgs: pwt_target_name=pwt, nwt_source_name=nwt, rwt_source_name=rwt
I0907 18:36:41.913877 10364 master_component.cc:617] MasterComponent: start normalizing model nwt
I0907 18:36:42.006947 10364 master_component.cc:639] MasterComponent: complete normalizing model nwt
I0907 18:36:42.431260 10364 master_component.cc:1015] DisposeModel rwt
I0907 18:36:42.441269 10364 c_interface.cc:332] Pass FitOfflineMasterModelArgs, batch_filename_size=2, batch_weight_size=2, num_collection_passes=1 to void (__thiscall artm::core::MasterComponent::*)(class artm::FitOfflineMasterModelArgs const &)
I0907 18:36:42.441269 10364 master_component.cc:942] ProcessBatchesArgs: nwt_target_name=nwt, batch_filename_size=2, batch_size=0, batch_weight_size=2, pwt_source_name=pwt, num_document_passes=1, regularizer=(name:SparsePhi, tau:100000), class=(text:1), class=(author:1), reuse_theta=yes, opt_for_avx=yes, predict_class_id=
I0907 18:36:42.491330  4672 processor.cc:669] Processing queue has data, processing started
I0907 18:36:42.491330  2888 processor.cc:669] Processing queue has data, processing started
I0907 18:36:42.521327  4672 processor.cc:746] Processor: start processing batch 071eb526-432a-47c3-b517-aa155b5c3cdb into model nwt
I0907 18:36:42.539338  2888 processor.cc:746] Processor: start processing batch 675e1af2-71ca-414a-be34-ca3fde15a426 into model nwt
I0907 18:36:42.744494  4672 processor.cc:842] Processor: complete processing batch 071eb526-432a-47c3-b517-aa155b5c3cdb into model nwt
I0907 18:36:42.747495  4672 cuckoo_watch.h:44] 256ms in ProcessBatch(D:\Coursera\Notebooks\homeworks\MyHW\3-4\lectures_batches\aaaaaa.batch) [including 26ms in LoadMessage; 25ms in InitializeSparseNdw; 197ms in InferThetaAndUpdateNwtSparse; ]
I0907 18:36:42.766512  4672 processor.cc:662] No data in processing queue, waiting...
I0907 18:36:42.971179  2888 processor.cc:842] Processor: complete processing batch 675e1af2-71ca-414a-be34-ca3fde15a426 into model nwt
I0907 18:36:42.978183  2888 cuckoo_watch.h:44] 486ms in ProcessBatch(D:\Coursera\Notebooks\homeworks\MyHW\3-4\lectures_batches\aaaaab.batch) [including 46ms in LoadMessage; 51ms in InitializeSparseNdw; 380ms in InferThetaAndUpdateNwtSparse; ]
I0907 18:36:42.978687 10364 master_component.cc:980] RegularizeModelArgs: rwt_target_name=rwt, pwt_source_name=pwt, nwt_source_name=nwt
I0907 18:36:42.978687 10364 master_component.cc:590] MasterComponent: start regularizing model pwt
I0907 18:36:42.998702  2888 processor.cc:662] No data in processing queue, waiting...
I0907 18:36:43.102776 10364 master_component.cc:613] MasterComponent: complete regularizing model pwt
I0907 18:36:43.102776 10364 master_component.cc:991] NormalizeModelArgs: pwt_target_name=pwt, nwt_source_name=nwt, rwt_source_name=rwt
I0907 18:36:43.102776 10364 master_component.cc:617] MasterComponent: start normalizing model nwt
I0907 18:36:43.194842 10364 master_component.cc:639] MasterComponent: complete normalizing model nwt
I0907 18:36:43.707227 10364 master_component.cc:1015] DisposeModel rwt
I0907 18:36:43.715234 10364 c_interface.cc:332] Pass FitOfflineMasterModelArgs, batch_filename_size=2, batch_weight_size=2, num_collection_passes=1 to void (__thiscall artm::core::MasterComponent::*)(class artm::FitOfflineMasterModelArgs const &)
I0907 18:36:43.715234 10364 master_component.cc:942] ProcessBatchesArgs: nwt_target_name=nwt, batch_filename_size=2, batch_size=0, batch_weight_size=2, pwt_source_name=pwt, num_document_passes=1, regularizer=(name:SparsePhi, tau:100000), class=(text:1), class=(author:1), reuse_theta=yes, opt_for_avx=yes, predict_class_id=
I0907 18:36:43.766268  4672 processor.cc:669] Processing queue has data, processing started
I0907 18:36:43.766268  1084 processor.cc:669] Processing queue has data, processing started
I0907 18:36:43.794297  4672 processor.cc:746] Processor: start processing batch 071eb526-432a-47c3-b517-aa155b5c3cdb into model nwt
I0907 18:36:43.812309  1084 processor.cc:746] Processor: start processing batch 675e1af2-71ca-414a-be34-ca3fde15a426 into model nwt
I0907 18:36:44.048478  4672 processor.cc:842] Processor: complete processing batch 071eb526-432a-47c3-b517-aa155b5c3cdb into model nwt
I0907 18:36:44.054481  4672 cuckoo_watch.h:44] 288ms in ProcessBatch(D:\Coursera\Notebooks\homeworks\MyHW\3-4\lectures_batches\aaaaaa.batch) [including 26ms in LoadMessage; 23ms in InitializeSparseNdw; 230ms in InferThetaAndUpdateNwtSparse; ]
I0907 18:36:44.078003  4672 processor.cc:662] No data in processing queue, waiting...
I0907 18:36:44.349733  1084 processor.cc:842] Processor: complete processing batch 675e1af2-71ca-414a-be34-ca3fde15a426 into model nwt
I0907 18:36:44.356739  1084 cuckoo_watch.h:44] 590ms in ProcessBatch(D:\Coursera\Notebooks\homeworks\MyHW\3-4\lectures_batches\aaaaab.batch) [including 44ms in LoadMessage; 51ms in InitializeSparseNdw; 485ms in InferThetaAndUpdateNwtSparse; ]
I0907 18:36:44.357739 10364 master_component.cc:980] RegularizeModelArgs: rwt_target_name=rwt, pwt_source_name=pwt, nwt_source_name=nwt
I0907 18:36:44.357739 10364 master_component.cc:590] MasterComponent: start regularizing model pwt
I0907 18:36:44.375754  1084 processor.cc:662] No data in processing queue, waiting...
I0907 18:36:44.537878 10364 master_component.cc:613] MasterComponent: complete regularizing model pwt
I0907 18:36:44.537878 10364 master_component.cc:991] NormalizeModelArgs: pwt_target_name=pwt, nwt_source_name=nwt, rwt_source_name=rwt
I0907 18:36:44.537878 10364 master_component.cc:617] MasterComponent: start normalizing model nwt
I0907 18:36:44.679497 10364 master_component.cc:639] MasterComponent: complete normalizing model nwt
I0907 18:36:45.197396 10364 master_component.cc:1015] DisposeModel rwt
I0907 18:36:45.207404 10364 c_interface.cc:332] Pass FitOfflineMasterModelArgs, batch_filename_size=2, batch_weight_size=2, num_collection_passes=1 to void (__thiscall artm::core::MasterComponent::*)(class artm::FitOfflineMasterModelArgs const &)
I0907 18:36:45.207404 10364 master_component.cc:942] ProcessBatchesArgs: nwt_target_name=nwt, batch_filename_size=2, batch_size=0, batch_weight_size=2, pwt_source_name=pwt, num_document_passes=1, regularizer=(name:SparsePhi, tau:100000), class=(text:1), class=(author:1), reuse_theta=yes, opt_for_avx=yes, predict_class_id=
I0907 18:36:45.258437  1084 processor.cc:669] Processing queue has data, processing started
I0907 18:36:45.259438  2888 processor.cc:669] Processing queue has data, processing started
I0907 18:36:45.281957  1084 processor.cc:746] Processor: start processing batch 071eb526-432a-47c3-b517-aa155b5c3cdb into model nwt
I0907 18:36:45.302474  2888 processor.cc:746] Processor: start processing batch 675e1af2-71ca-414a-be34-ca3fde15a426 into model nwt
I0907 18:36:45.498618  1084 processor.cc:842] Processor: complete processing batch 071eb526-432a-47c3-b517-aa155b5c3cdb into model nwt
I0907 18:36:45.502621  1084 cuckoo_watch.h:44] 243ms in ProcessBatch(D:\Coursera\Notebooks\homeworks\MyHW\3-4\lectures_batches\aaaaaa.batch) [including 22ms in LoadMessage; 24ms in InitializeSparseNdw; 191ms in InferThetaAndUpdateNwtSparse; ]
I0907 18:36:45.522634  1084 processor.cc:662] No data in processing queue, waiting...
I0907 18:36:45.727782  2888 processor.cc:842] Processor: complete processing batch 675e1af2-71ca-414a-be34-ca3fde15a426 into model nwt
I0907 18:36:45.735788  2888 cuckoo_watch.h:44] 476ms in ProcessBatch(D:\Coursera\Notebooks\homeworks\MyHW\3-4\lectures_batches\aaaaab.batch) [including 41ms in LoadMessage; 52ms in InitializeSparseNdw; 373ms in InferThetaAndUpdateNwtSparse; ]
I0907 18:36:45.736789 10364 master_component.cc:980] RegularizeModelArgs: rwt_target_name=rwt, pwt_source_name=pwt, nwt_source_name=nwt
I0907 18:36:45.736789 10364 master_component.cc:590] MasterComponent: start regularizing model pwt
I0907 18:36:45.756801  2888 processor.cc:662] No data in processing queue, waiting...
I0907 18:36:45.867882 10364 master_component.cc:613] MasterComponent: complete regularizing model pwt
I0907 18:36:45.868387 10364 master_component.cc:991] NormalizeModelArgs: pwt_target_name=pwt, nwt_source_name=nwt, rwt_source_name=rwt
I0907 18:36:45.868387 10364 master_component.cc:617] MasterComponent: start normalizing model nwt
I0907 18:36:45.959951 10364 master_component.cc:639] MasterComponent: complete normalizing model nwt
I0907 18:36:46.386266 10364 master_component.cc:1015] DisposeModel rwt
I0907 18:36:46.393271 10364 c_interface.cc:332] Pass FitOfflineMasterModelArgs, batch_filename_size=2, batch_weight_size=2, num_collection_passes=1 to void (__thiscall artm::core::MasterComponent::*)(class artm::FitOfflineMasterModelArgs const &)
I0907 18:36:46.393271 10364 master_component.cc:942] ProcessBatchesArgs: nwt_target_name=nwt, batch_filename_size=2, batch_size=0, batch_weight_size=2, pwt_source_name=pwt, num_document_passes=1, regularizer=(name:SparsePhi, tau:100000), class=(text:1), class=(author:1), reuse_theta=yes, opt_for_avx=yes, predict_class_id=
I0907 18:36:46.444309  2888 processor.cc:669] Processing queue has data, processing started
I0907 18:36:46.444309  4672 processor.cc:669] Processing queue has data, processing started
I0907 18:36:46.469327  2888 processor.cc:746] Processor: start processing batch 071eb526-432a-47c3-b517-aa155b5c3cdb into model nwt
I0907 18:36:46.485342  4672 processor.cc:746] Processor: start processing batch 675e1af2-71ca-414a-be34-ca3fde15a426 into model nwt
I0907 18:36:46.680981  2888 processor.cc:842] Processor: complete processing batch 071eb526-432a-47c3-b517-aa155b5c3cdb into model nwt
I0907 18:36:46.685488  2888 cuckoo_watch.h:44] 241ms in ProcessBatch(D:\Coursera\Notebooks\homeworks\MyHW\3-4\lectures_batches\aaaaaa.batch) [including 23ms in LoadMessage; 22ms in InitializeSparseNdw; 187ms in InferThetaAndUpdateNwtSparse; ]
I0907 18:36:46.704501  2888 processor.cc:662] No data in processing queue, waiting...
I0907 18:36:46.913307  4672 processor.cc:842] Processor: complete processing batch 675e1af2-71ca-414a-be34-ca3fde15a426 into model nwt
I0907 18:36:46.921314  4672 cuckoo_watch.h:44] 477ms in ProcessBatch(D:\Coursera\Notebooks\homeworks\MyHW\3-4\lectures_batches\aaaaab.batch) [including 39ms in LoadMessage; 54ms in InitializeSparseNdw; 373ms in InferThetaAndUpdateNwtSparse; ]
I0907 18:36:46.921314 10364 master_component.cc:980] RegularizeModelArgs: rwt_target_name=rwt, pwt_source_name=pwt, nwt_source_name=nwt
I0907 18:36:46.921314 10364 master_component.cc:590] MasterComponent: start regularizing model pwt
I0907 18:36:46.941324  4672 processor.cc:662] No data in processing queue, waiting...
I0907 18:36:47.043900 10364 master_component.cc:613] MasterComponent: complete regularizing model pwt
I0907 18:36:47.043900 10364 master_component.cc:991] NormalizeModelArgs: pwt_target_name=pwt, nwt_source_name=nwt, rwt_source_name=rwt
I0907 18:36:47.043900 10364 master_component.cc:617] MasterComponent: start normalizing model nwt
I0907 18:36:47.133967 10364 master_component.cc:639] MasterComponent: complete normalizing model nwt
I0907 18:36:47.561275 10364 master_component.cc:1015] DisposeModel rwt
I0907 18:36:47.573787 10364 c_interface.cc:332] Pass FitOfflineMasterModelArgs, batch_filename_size=2, batch_weight_size=2, num_collection_passes=1 to void (__thiscall artm::core::MasterComponent::*)(class artm::FitOfflineMasterModelArgs const &)
I0907 18:36:47.574290 10364 master_component.cc:942] ProcessBatchesArgs: nwt_target_name=nwt, batch_filename_size=2, batch_size=0, batch_weight_size=2, pwt_source_name=pwt, num_document_passes=1, regularizer=(name:SparsePhi, tau:100000), class=(text:1), class=(author:1), reuse_theta=yes, opt_for_avx=yes, predict_class_id=
I0907 18:36:47.624328  9176 processor.cc:669] Processing queue has data, processing started
I0907 18:36:47.624328  4672 processor.cc:669] Processing queue has data, processing started
I0907 18:36:47.649343  4672 processor.cc:746] Processor: start processing batch 071eb526-432a-47c3-b517-aa155b5c3cdb into model nwt
I0907 18:36:47.663352  9176 processor.cc:746] Processor: start processing batch 675e1af2-71ca-414a-be34-ca3fde15a426 into model nwt
I0907 18:36:47.867506  4672 processor.cc:842] Processor: complete processing batch 071eb526-432a-47c3-b517-aa155b5c3cdb into model nwt
I0907 18:36:47.872514  4672 cuckoo_watch.h:44] 248ms in ProcessBatch(D:\Coursera\Notebooks\homeworks\MyHW\3-4\lectures_batches\aaaaaa.batch) [including 23ms in LoadMessage; 19ms in InitializeSparseNdw; 197ms in InferThetaAndUpdateNwtSparse; ]
I0907 18:36:47.892530  4672 processor.cc:662] No data in processing queue, waiting...
I0907 18:36:48.091680  9176 processor.cc:842] Processor: complete processing batch 675e1af2-71ca-414a-be34-ca3fde15a426 into model nwt
I0907 18:36:48.096683  9176 cuckoo_watch.h:44] 472ms in ProcessBatch(D:\Coursera\Notebooks\homeworks\MyHW\3-4\lectures_batches\aaaaab.batch) [including 38ms in LoadMessage; 49ms in InitializeSparseNdw; 379ms in InferThetaAndUpdateNwtSparse; ]
I0907 18:36:48.098685 10364 master_component.cc:980] RegularizeModelArgs: rwt_target_name=rwt, pwt_source_name=pwt, nwt_source_name=nwt
I0907 18:36:48.098685 10364 master_component.cc:590] MasterComponent: start regularizing model pwt
I0907 18:36:48.115695  9176 processor.cc:662] No data in processing queue, waiting...
I0907 18:36:48.227778 10364 master_component.cc:613] MasterComponent: complete regularizing model pwt
I0907 18:36:48.227778 10364 master_component.cc:991] NormalizeModelArgs: pwt_target_name=pwt, nwt_source_name=nwt, rwt_source_name=rwt
I0907 18:36:48.227778 10364 master_component.cc:617] MasterComponent: start normalizing model nwt
I0907 18:36:48.335857 10364 master_component.cc:639] MasterComponent: complete normalizing model nwt
I0907 18:36:48.830230 10364 master_component.cc:1015] DisposeModel rwt
I0907 18:36:48.839232 10364 c_interface.cc:332] Pass FitOfflineMasterModelArgs, batch_filename_size=2, batch_weight_size=2, num_collection_passes=1 to void (__thiscall artm::core::MasterComponent::*)(class artm::FitOfflineMasterModelArgs const &)
I0907 18:36:48.839232 10364 master_component.cc:942] ProcessBatchesArgs: nwt_target_name=nwt, batch_filename_size=2, batch_size=0, batch_weight_size=2, pwt_source_name=pwt, num_document_passes=1, regularizer=(name:SparsePhi, tau:100000), class=(text:1), class=(author:1), reuse_theta=yes, opt_for_avx=yes, predict_class_id=
I0907 18:36:48.898282  9176 processor.cc:669] Processing queue has data, processing started
I0907 18:36:48.898282  2888 processor.cc:669] Processing queue has data, processing started
I0907 18:36:48.926297  9176 processor.cc:746] Processor: start processing batch 071eb526-432a-47c3-b517-aa155b5c3cdb into model nwt
I0907 18:36:48.942308  2888 processor.cc:746] Processor: start processing batch 675e1af2-71ca-414a-be34-ca3fde15a426 into model nwt
I0907 18:36:49.161466  9176 processor.cc:842] Processor: complete processing batch 071eb526-432a-47c3-b517-aa155b5c3cdb into model nwt
I0907 18:36:49.165469  9176 cuckoo_watch.h:44] 267ms in ProcessBatch(D:\Coursera\Notebooks\homeworks\MyHW\3-4\lectures_batches\aaaaaa.batch) [including 26ms in LoadMessage; 25ms in InitializeSparseNdw; 209ms in InferThetaAndUpdateNwtSparse; ]
I0907 18:36:49.184984  9176 processor.cc:662] No data in processing queue, waiting...
I0907 18:36:49.388640  2888 processor.cc:842] Processor: complete processing batch 675e1af2-71ca-414a-be34-ca3fde15a426 into model nwt
I0907 18:36:49.395645  2888 cuckoo_watch.h:44] 497ms in ProcessBatch(D:\Coursera\Notebooks\homeworks\MyHW\3-4\lectures_batches\aaaaab.batch) [including 42ms in LoadMessage; 57ms in InitializeSparseNdw; 388ms in InferThetaAndUpdateNwtSparse; ]
I0907 18:36:49.397671 10364 master_component.cc:980] RegularizeModelArgs: rwt_target_name=rwt, pwt_source_name=pwt, nwt_source_name=nwt
I0907 18:36:49.397671 10364 master_component.cc:590] MasterComponent: start regularizing model pwt
I0907 18:36:49.416662  2888 processor.cc:662] No data in processing queue, waiting...
I0907 18:36:49.520736 10364 master_component.cc:613] MasterComponent: complete regularizing model pwt
I0907 18:36:49.520736 10364 master_component.cc:991] NormalizeModelArgs: pwt_target_name=pwt, nwt_source_name=nwt, rwt_source_name=rwt
I0907 18:36:49.520736 10364 master_component.cc:617] MasterComponent: start normalizing model nwt
I0907 18:36:49.611804 10364 master_component.cc:639] MasterComponent: complete normalizing model nwt
I0907 18:36:50.036111 10364 master_component.cc:1015] DisposeModel rwt
I0907 18:36:50.059128 10364 c_interface.cc:332] Pass MasterModelConfig: topic_name_size=30, class=(text:1), class=(author:1), score_config_size=2, num_processors=0, pwt_name=pwt, nwt_name=nwt, num_document_passes=1, regularizer=(SparsePhi:100000), regularizer=(NegSparsePhi:-100000), reuse_theta=yes, cache_theta=yes, opt_for_avx=yes, disk_cache_path to void (__thiscall artm::core::MasterComponent::*)(class artm::MasterModelConfig const &)
I0907 18:36:50.059128 10364 instance.cc:358] MasterModelConfig.processors_count is automatically set to 4
I0907 18:36:50.059128 10364 instance.cc:213] Regularizer 'SparsePhi' was cold-reconfigured
I0907 18:36:50.059128 10364 instance.cc:213] Regularizer 'NegSparsePhi' was cold-reconfigured
I0907 18:36:50.185745 10364 c_interface.cc:332] Pass FitOfflineMasterModelArgs, batch_filename_size=2, batch_weight_size=2, num_collection_passes=1 to void (__thiscall artm::core::MasterComponent::*)(class artm::FitOfflineMasterModelArgs const &)
I0907 18:36:50.185745 10364 master_component.cc:942] ProcessBatchesArgs: nwt_target_name=nwt, batch_filename_size=2, batch_size=0, batch_weight_size=2, pwt_source_name=pwt, num_document_passes=1, regularizer=(name:SparsePhi, tau:100000), regularizer=(name:NegSparsePhi, tau:-100000), class=(text:1), class=(author:1), reuse_theta=yes, opt_for_avx=yes, predict_class_id=
I0907 18:36:50.257306  4672 processor.cc:669] Processing queue has data, processing started
I0907 18:36:50.257306  2888 processor.cc:669] Processing queue has data, processing started
I0907 18:36:50.286829  2888 processor.cc:746] Processor: start processing batch 071eb526-432a-47c3-b517-aa155b5c3cdb into model nwt
I0907 18:36:50.303345  4672 processor.cc:746] Processor: start processing batch 675e1af2-71ca-414a-be34-ca3fde15a426 into model nwt
I0907 18:36:50.506490  2888 processor.cc:842] Processor: complete processing batch 071eb526-432a-47c3-b517-aa155b5c3cdb into model nwt
I0907 18:36:50.510495  2888 cuckoo_watch.h:44] 253ms in ProcessBatch(D:\Coursera\Notebooks\homeworks\MyHW\3-4\lectures_batches\aaaaaa.batch) [including 27ms in LoadMessage; 23ms in InitializeSparseNdw; 195ms in InferThetaAndUpdateNwtSparse; ]
I0907 18:36:50.530506  2888 processor.cc:662] No data in processing queue, waiting...
I0907 18:36:50.731653  4672 processor.cc:842] Processor: complete processing batch 675e1af2-71ca-414a-be34-ca3fde15a426 into model nwt
I0907 18:36:50.738657  4672 cuckoo_watch.h:44] 481ms in ProcessBatch(D:\Coursera\Notebooks\homeworks\MyHW\3-4\lectures_batches\aaaaab.batch) [including 45ms in LoadMessage; 56ms in InitializeSparseNdw; 372ms in InferThetaAndUpdateNwtSparse; ]
I0907 18:36:50.739658 10364 master_component.cc:980] RegularizeModelArgs: rwt_target_name=rwt, pwt_source_name=pwt, nwt_source_name=nwt
I0907 18:36:50.739658 10364 master_component.cc:590] MasterComponent: start regularizing model pwt
I0907 18:36:50.759673  4672 processor.cc:662] No data in processing queue, waiting...
I0907 18:36:50.891772 10364 master_component.cc:613] MasterComponent: complete regularizing model pwt
I0907 18:36:50.891772 10364 master_component.cc:991] NormalizeModelArgs: pwt_target_name=pwt, nwt_source_name=nwt, rwt_source_name=rwt
I0907 18:36:50.891772 10364 master_component.cc:617] MasterComponent: start normalizing model nwt
I0907 18:36:50.977336 10364 master_component.cc:639] MasterComponent: complete normalizing model nwt
I0907 18:36:51.391140 10364 master_component.cc:1015] DisposeModel rwt
I0907 18:36:51.398145 10364 c_interface.cc:332] Pass FitOfflineMasterModelArgs, batch_filename_size=2, batch_weight_size=2, num_collection_passes=1 to void (__thiscall artm::core::MasterComponent::*)(class artm::FitOfflineMasterModelArgs const &)
I0907 18:36:51.398145 10364 master_component.cc:942] ProcessBatchesArgs: nwt_target_name=nwt, batch_filename_size=2, batch_size=0, batch_weight_size=2, pwt_source_name=pwt, num_document_passes=1, regularizer=(name:SparsePhi, tau:100000), regularizer=(name:NegSparsePhi, tau:-100000), class=(text:1), class=(author:1), reuse_theta=yes, opt_for_avx=yes, predict_class_id=
I0907 18:36:51.449182  1084 processor.cc:669] Processing queue has data, processing started
I0907 18:36:51.449182  4672 processor.cc:669] Processing queue has data, processing started
I0907 18:36:51.473700  1084 processor.cc:746] Processor: start processing batch 071eb526-432a-47c3-b517-aa155b5c3cdb into model nwt
I0907 18:36:51.487709  4672 processor.cc:746] Processor: start processing batch 675e1af2-71ca-414a-be34-ca3fde15a426 into model nwt
I0907 18:36:51.721379  1084 processor.cc:842] Processor: complete processing batch 071eb526-432a-47c3-b517-aa155b5c3cdb into model nwt
I0907 18:36:51.726383  1084 cuckoo_watch.h:44] 277ms in ProcessBatch(D:\Coursera\Notebooks\homeworks\MyHW\3-4\lectures_batches\aaaaaa.batch) [including 23ms in LoadMessage; 20ms in InitializeSparseNdw; 226ms in InferThetaAndUpdateNwtSparse; ]
I0907 18:36:51.745396  1084 processor.cc:662] No data in processing queue, waiting...
I0907 18:36:51.942541  4672 processor.cc:842] Processor: complete processing batch 675e1af2-71ca-414a-be34-ca3fde15a426 into model nwt
I0907 18:36:51.948544  4672 cuckoo_watch.h:44] 499ms in ProcessBatch(D:\Coursera\Notebooks\homeworks\MyHW\3-4\lectures_batches\aaaaab.batch) [including 37ms in LoadMessage; 55ms in InitializeSparseNdw; 398ms in InferThetaAndUpdateNwtSparse; ]
I0907 18:36:51.949544 10364 master_component.cc:980] RegularizeModelArgs: rwt_target_name=rwt, pwt_source_name=pwt, nwt_source_name=nwt
I0907 18:36:51.949544 10364 master_component.cc:590] MasterComponent: start regularizing model pwt
I0907 18:36:51.967555  4672 processor.cc:662] No data in processing queue, waiting...
I0907 18:36:52.101660 10364 master_component.cc:613] MasterComponent: complete regularizing model pwt
I0907 18:36:52.101660 10364 master_component.cc:991] NormalizeModelArgs: pwt_target_name=pwt, nwt_source_name=nwt, rwt_source_name=rwt
I0907 18:36:52.101660 10364 master_component.cc:617] MasterComponent: start normalizing model nwt
I0907 18:36:52.188719 10364 master_component.cc:639] MasterComponent: complete normalizing model nwt
I0907 18:36:52.586508 10364 master_component.cc:1015] DisposeModel rwt
I0907 18:36:52.596019 10364 c_interface.cc:332] Pass FitOfflineMasterModelArgs, batch_filename_size=2, batch_weight_size=2, num_collection_passes=1 to void (__thiscall artm::core::MasterComponent::*)(class artm::FitOfflineMasterModelArgs const &)
I0907 18:36:52.596019 10364 master_component.cc:942] ProcessBatchesArgs: nwt_target_name=nwt, batch_filename_size=2, batch_size=0, batch_weight_size=2, pwt_source_name=pwt, num_document_passes=1, regularizer=(name:SparsePhi, tau:100000), regularizer=(name:NegSparsePhi, tau:-100000), class=(text:1), class=(author:1), reuse_theta=yes, opt_for_avx=yes, predict_class_id=
I0907 18:36:52.646059  4672 processor.cc:669] Processing queue has data, processing started
I0907 18:36:52.646059  9176 processor.cc:669] Processing queue has data, processing started
I0907 18:36:52.670068  9176 processor.cc:746] Processor: start processing batch 071eb526-432a-47c3-b517-aa155b5c3cdb into model nwt
I0907 18:36:52.689086  4672 processor.cc:746] Processor: start processing batch 675e1af2-71ca-414a-be34-ca3fde15a426 into model nwt
I0907 18:36:52.918249  9176 processor.cc:842] Processor: complete processing batch 071eb526-432a-47c3-b517-aa155b5c3cdb into model nwt
I0907 18:36:52.921252  9176 cuckoo_watch.h:44] 275ms in ProcessBatch(D:\Coursera\Notebooks\homeworks\MyHW\3-4\lectures_batches\aaaaaa.batch) [including 22ms in LoadMessage; 26ms in InitializeSparseNdw; 220ms in InferThetaAndUpdateNwtSparse; ]
I0907 18:36:52.940263  9176 processor.cc:662] No data in processing queue, waiting...
I0907 18:36:53.161427  4672 processor.cc:842] Processor: complete processing batch 675e1af2-71ca-414a-be34-ca3fde15a426 into model nwt
I0907 18:36:53.168431  4672 cuckoo_watch.h:44] 522ms in ProcessBatch(D:\Coursera\Notebooks\homeworks\MyHW\3-4\lectures_batches\aaaaab.batch) [including 42ms in LoadMessage; 61ms in InitializeSparseNdw; 411ms in InferThetaAndUpdateNwtSparse; ]
I0907 18:36:53.170434 10364 master_component.cc:980] RegularizeModelArgs: rwt_target_name=rwt, pwt_source_name=pwt, nwt_source_name=nwt
I0907 18:36:53.170434 10364 master_component.cc:590] MasterComponent: start regularizing model pwt
I0907 18:36:53.188448  4672 processor.cc:662] No data in processing queue, waiting...
I0907 18:36:53.326550 10364 master_component.cc:613] MasterComponent: complete regularizing model pwt
I0907 18:36:53.326550 10364 master_component.cc:991] NormalizeModelArgs: pwt_target_name=pwt, nwt_source_name=nwt, rwt_source_name=rwt
I0907 18:36:53.326550 10364 master_component.cc:617] MasterComponent: start normalizing model nwt
I0907 18:36:53.422624 10364 master_component.cc:639] MasterComponent: complete normalizing model nwt
I0907 18:36:53.872947 10364 master_component.cc:1015] DisposeModel rwt
I0907 18:36:53.882959 10364 c_interface.cc:332] Pass FitOfflineMasterModelArgs, batch_filename_size=2, batch_weight_size=2, num_collection_passes=1 to void (__thiscall artm::core::MasterComponent::*)(class artm::FitOfflineMasterModelArgs const &)
I0907 18:36:53.882959 10364 master_component.cc:942] ProcessBatchesArgs: nwt_target_name=nwt, batch_filename_size=2, batch_size=0, batch_weight_size=2, pwt_source_name=pwt, num_document_passes=1, regularizer=(name:SparsePhi, tau:100000), regularizer=(name:NegSparsePhi, tau:-100000), class=(text:1), class=(author:1), reuse_theta=yes, opt_for_avx=yes, predict_class_id=
I0907 18:36:53.937999  1084 processor.cc:669] Processing queue has data, processing started
I0907 18:36:53.938999  4672 processor.cc:669] Processing queue has data, processing started
I0907 18:36:53.960016  1084 processor.cc:746] Processor: start processing batch 071eb526-432a-47c3-b517-aa155b5c3cdb into model nwt
I0907 18:36:53.974531  4672 processor.cc:746] Processor: start processing batch 675e1af2-71ca-414a-be34-ca3fde15a426 into model nwt
I0907 18:36:54.190187  1084 processor.cc:842] Processor: complete processing batch 071eb526-432a-47c3-b517-aa155b5c3cdb into model nwt
I0907 18:36:54.194193  1084 cuckoo_watch.h:44] 256ms in ProcessBatch(D:\Coursera\Notebooks\homeworks\MyHW\3-4\lectures_batches\aaaaaa.batch) [including 20ms in LoadMessage; 20ms in InitializeSparseNdw; 208ms in InferThetaAndUpdateNwtSparse; ]
I0907 18:36:54.213205  1084 processor.cc:662] No data in processing queue, waiting...
I0907 18:36:54.418357  4672 processor.cc:842] Processor: complete processing batch 675e1af2-71ca-414a-be34-ca3fde15a426 into model nwt
I0907 18:36:54.426362  4672 cuckoo_watch.h:44] 487ms in ProcessBatch(D:\Coursera\Notebooks\homeworks\MyHW\3-4\lectures_batches\aaaaab.batch) [including 34ms in LoadMessage; 52ms in InitializeSparseNdw; 390ms in InferThetaAndUpdateNwtSparse; ]
I0907 18:36:54.427363 10364 master_component.cc:980] RegularizeModelArgs: rwt_target_name=rwt, pwt_source_name=pwt, nwt_source_name=nwt
I0907 18:36:54.427363 10364 master_component.cc:590] MasterComponent: start regularizing model pwt
I0907 18:36:54.446375  4672 processor.cc:662] No data in processing queue, waiting...
I0907 18:36:54.579476 10364 master_component.cc:613] MasterComponent: complete regularizing model pwt
I0907 18:36:54.579977 10364 master_component.cc:991] NormalizeModelArgs: pwt_target_name=pwt, nwt_source_name=nwt, rwt_source_name=rwt
I0907 18:36:54.579977 10364 master_component.cc:617] MasterComponent: start normalizing model nwt
I0907 18:36:54.663534 10364 master_component.cc:639] MasterComponent: complete normalizing model nwt
I0907 18:36:55.058833 10364 master_component.cc:1015] DisposeModel rwt
I0907 18:36:55.067838 10364 c_interface.cc:332] Pass FitOfflineMasterModelArgs, batch_filename_size=2, batch_weight_size=2, num_collection_passes=1 to void (__thiscall artm::core::MasterComponent::*)(class artm::FitOfflineMasterModelArgs const &)
I0907 18:36:55.067838 10364 master_component.cc:942] ProcessBatchesArgs: nwt_target_name=nwt, batch_filename_size=2, batch_size=0, batch_weight_size=2, pwt_source_name=pwt, num_document_passes=1, regularizer=(name:SparsePhi, tau:100000), regularizer=(name:NegSparsePhi, tau:-100000), class=(text:1), class=(author:1), reuse_theta=yes, opt_for_avx=yes, predict_class_id=
