I0904 18:25:53.977202  1448 processor.cc:669] Processing queue has data, processing started
I0904 18:25:53.999215  8720 processor.cc:746] Processor: start processing batch 065644bc-681a-4ff8-bf25-d14331c37b13 into model nwt
I0904 18:25:54.016225  1448 processor.cc:746] Processor: start processing batch 8a1ec9c1-b2c1-4ad9-aba5-448ad9660116 into model nwt
I0904 18:25:54.388500  8720 processor.cc:842] Processor: complete processing batch 065644bc-681a-4ff8-bf25-d14331c37b13 into model nwt
I0904 18:25:54.392503  8720 cuckoo_watch.h:44] 415ms in ProcessBatch(D:\Coursera\Notebooks\homeworks\MyHW\3-4\lectures_batches\aaaaaa.batch) [including 20ms in LoadMessage; 26ms in InitializeSparseNdw; 362ms in InferThetaAndUpdateNwtSparse; ]
I0904 18:25:54.412515  8720 processor.cc:662] No data in processing queue, waiting...
I0904 18:25:54.791810  1448 processor.cc:842] Processor: complete processing batch 8a1ec9c1-b2c1-4ad9-aba5-448ad9660116 into model nwt
I0904 18:25:54.797814  1448 cuckoo_watch.h:44] 820ms in ProcessBatch(D:\Coursera\Notebooks\homeworks\MyHW\3-4\lectures_batches\aaaaab.batch) [including 37ms in LoadMessage; 58ms in InitializeSparseNdw; 716ms in InferThetaAndUpdateNwtSparse; ]
I0904 18:25:54.799830  6136 master_component.cc:980] RegularizeModelArgs: rwt_target_name=rwt, pwt_source_name=pwt, nwt_source_name=nwt
I0904 18:25:54.799830  6136 master_component.cc:590] MasterComponent: start regularizing model pwt
I0904 18:25:54.817829  1448 processor.cc:662] No data in processing queue, waiting...
I0904 18:25:54.921905  6136 master_component.cc:613] MasterComponent: complete regularizing model pwt
I0904 18:25:54.921905  6136 master_component.cc:991] NormalizeModelArgs: pwt_target_name=pwt, nwt_source_name=nwt, rwt_source_name=rwt
I0904 18:25:54.921905  6136 master_component.cc:617] MasterComponent: start normalizing model nwt
I0904 18:25:55.011976  6136 master_component.cc:639] MasterComponent: complete normalizing model nwt
I0904 18:25:55.438297  6136 master_component.cc:1015] DisposeModel rwt
I0904 18:25:55.446300  6136 c_interface.cc:332] Pass FitOfflineMasterModelArgs, batch_filename_size=2, batch_weight_size=2, num_collection_passes=1 to void (__thiscall artm::core::MasterComponent::*)(class artm::FitOfflineMasterModelArgs const &)
I0904 18:25:55.446300  6136 master_component.cc:942] ProcessBatchesArgs: nwt_target_name=nwt, batch_filename_size=2, batch_size=0, batch_weight_size=2, pwt_source_name=pwt, num_document_passes=10, regularizer=(name:SparsePhi, tau:100000), class=(text:1), class=(author:1), reuse_theta=yes, opt_for_avx=yes, predict_class_id=
I0904 18:25:55.496359  6804 processor.cc:669] Processing queue has data, processing started
I0904 18:25:55.496359  8720 processor.cc:669] Processing queue has data, processing started
I0904 18:25:55.520364  6804 processor.cc:746] Processor: start processing batch 065644bc-681a-4ff8-bf25-d14331c37b13 into model nwt
I0904 18:25:55.539376  8720 processor.cc:746] Processor: start processing batch 8a1ec9c1-b2c1-4ad9-aba5-448ad9660116 into model nwt
I0904 18:25:55.949677  6804 processor.cc:842] Processor: complete processing batch 065644bc-681a-4ff8-bf25-d14331c37b13 into model nwt
I0904 18:25:55.953680  6804 cuckoo_watch.h:44] 457ms in ProcessBatch(D:\Coursera\Notebooks\homeworks\MyHW\3-4\lectures_batches\aaaaaa.batch) [including 20ms in LoadMessage; 26ms in InitializeSparseNdw; 402ms in InferThetaAndUpdateNwtSparse; ]
I0904 18:25:55.974392  6804 processor.cc:662] No data in processing queue, waiting...
I0904 18:25:56.371203  8720 processor.cc:842] Processor: complete processing batch 8a1ec9c1-b2c1-4ad9-aba5-448ad9660116 into model nwt
I0904 18:25:56.375949  8720 cuckoo_watch.h:44] 879ms in ProcessBatch(D:\Coursera\Notebooks\homeworks\MyHW\3-4\lectures_batches\aaaaab.batch) [including 41ms in LoadMessage; 56ms in InitializeSparseNdw; 775ms in InferThetaAndUpdateNwtSparse; ]
I0904 18:25:56.376976  6136 master_component.cc:980] RegularizeModelArgs: rwt_target_name=rwt, pwt_source_name=pwt, nwt_source_name=nwt
I0904 18:25:56.376976  6136 master_component.cc:590] MasterComponent: start regularizing model pwt
I0904 18:25:56.398968  8720 processor.cc:662] No data in processing queue, waiting...
I0904 18:25:56.501543  6136 master_component.cc:613] MasterComponent: complete regularizing model pwt
I0904 18:25:56.501543  6136 master_component.cc:991] NormalizeModelArgs: pwt_target_name=pwt, nwt_source_name=nwt, rwt_source_name=rwt
I0904 18:25:56.501543  6136 master_component.cc:617] MasterComponent: start normalizing model nwt
I0904 18:25:56.592612  6136 master_component.cc:639] MasterComponent: complete normalizing model nwt
I0904 18:25:57.012926  6136 master_component.cc:1015] DisposeModel rwt
I0904 18:25:57.020932  6136 c_interface.cc:332] Pass FitOfflineMasterModelArgs, batch_filename_size=2, batch_weight_size=2, num_collection_passes=1 to void (__thiscall artm::core::MasterComponent::*)(class artm::FitOfflineMasterModelArgs const &)
I0904 18:25:57.020932  6136 master_component.cc:942] ProcessBatchesArgs: nwt_target_name=nwt, batch_filename_size=2, batch_size=0, batch_weight_size=2, pwt_source_name=pwt, num_document_passes=10, regularizer=(name:SparsePhi, tau:100000), class=(text:1), class=(author:1), reuse_theta=yes, opt_for_avx=yes, predict_class_id=
I0904 18:25:57.071969   496 processor.cc:669] Processing queue has data, processing started
I0904 18:25:57.071969  6804 processor.cc:669] Processing queue has data, processing started
I0904 18:25:57.099992   496 processor.cc:746] Processor: start processing batch 065644bc-681a-4ff8-bf25-d14331c37b13 into model nwt
I0904 18:25:57.120005  6804 processor.cc:746] Processor: start processing batch 8a1ec9c1-b2c1-4ad9-aba5-448ad9660116 into model nwt
I0904 18:25:57.508293   496 processor.cc:842] Processor: complete processing batch 065644bc-681a-4ff8-bf25-d14331c37b13 into model nwt
I0904 18:25:57.512295   496 cuckoo_watch.h:44] 440ms in ProcessBatch(D:\Coursera\Notebooks\homeworks\MyHW\3-4\lectures_batches\aaaaaa.batch) [including 26ms in LoadMessage; 25ms in InitializeSparseNdw; 382ms in InferThetaAndUpdateNwtSparse; ]
I0904 18:25:57.534312   496 processor.cc:662] No data in processing queue, waiting...
I0904 18:25:57.915602  6804 processor.cc:842] Processor: complete processing batch 8a1ec9c1-b2c1-4ad9-aba5-448ad9660116 into model nwt
I0904 18:25:57.920606  6804 cuckoo_watch.h:44] 848ms in ProcessBatch(D:\Coursera\Notebooks\homeworks\MyHW\3-4\lectures_batches\aaaaab.batch) [including 45ms in LoadMessage; 54ms in InitializeSparseNdw; 740ms in InferThetaAndUpdateNwtSparse; ]
I0904 18:25:57.921624  6136 master_component.cc:980] RegularizeModelArgs: rwt_target_name=rwt, pwt_source_name=pwt, nwt_source_name=nwt
I0904 18:25:57.921624  6136 master_component.cc:590] MasterComponent: start regularizing model pwt
I0904 18:25:57.945623  6804 processor.cc:662] No data in processing queue, waiting...
I0904 18:25:58.044697  6136 master_component.cc:613] MasterComponent: complete regularizing model pwt
I0904 18:25:58.044697  6136 master_component.cc:991] NormalizeModelArgs: pwt_target_name=pwt, nwt_source_name=nwt, rwt_source_name=rwt
I0904 18:25:58.044697  6136 master_component.cc:617] MasterComponent: start normalizing model nwt
I0904 18:25:58.134765  6136 master_component.cc:639] MasterComponent: complete normalizing model nwt
I0904 18:25:58.552083  6136 master_component.cc:1015] DisposeModel rwt
I0904 18:25:58.559088  6136 c_interface.cc:332] Pass FitOfflineMasterModelArgs, batch_filename_size=2, batch_weight_size=2, num_collection_passes=1 to void (__thiscall artm::core::MasterComponent::*)(class artm::FitOfflineMasterModelArgs const &)
I0904 18:25:58.560089  6136 master_component.cc:942] ProcessBatchesArgs: nwt_target_name=nwt, batch_filename_size=2, batch_size=0, batch_weight_size=2, pwt_source_name=pwt, num_document_passes=10, regularizer=(name:SparsePhi, tau:100000), class=(text:1), class=(author:1), reuse_theta=yes, opt_for_avx=yes, predict_class_id=
I0904 18:25:58.609133  8720 processor.cc:669] Processing queue has data, processing started
I0904 18:25:58.610132  1448 processor.cc:669] Processing queue has data, processing started
I0904 18:25:58.636149  8720 processor.cc:746] Processor: start processing batch 065644bc-681a-4ff8-bf25-d14331c37b13 into model nwt
I0904 18:25:58.654160  1448 processor.cc:746] Processor: start processing batch 8a1ec9c1-b2c1-4ad9-aba5-448ad9660116 into model nwt
I0904 18:25:59.059465  8720 processor.cc:842] Processor: complete processing batch 065644bc-681a-4ff8-bf25-d14331c37b13 into model nwt
I0904 18:25:59.063976  8720 cuckoo_watch.h:44] 454ms in ProcessBatch(D:\Coursera\Notebooks\homeworks\MyHW\3-4\lectures_batches\aaaaaa.batch) [including 25ms in LoadMessage; 24ms in InitializeSparseNdw; 396ms in InferThetaAndUpdateNwtSparse; ]
I0904 18:25:59.084493  8720 processor.cc:662] No data in processing queue, waiting...
I0904 18:25:59.461293  1448 processor.cc:842] Processor: complete processing batch 8a1ec9c1-b2c1-4ad9-aba5-448ad9660116 into model nwt
I0904 18:25:59.466800  1448 cuckoo_watch.h:44] 856ms in ProcessBatch(D:\Coursera\Notebooks\homeworks\MyHW\3-4\lectures_batches\aaaaab.batch) [including 43ms in LoadMessage; 54ms in InitializeSparseNdw; 752ms in InferThetaAndUpdateNwtSparse; ]
I0904 18:25:59.467301  6136 master_component.cc:980] RegularizeModelArgs: rwt_target_name=rwt, pwt_source_name=pwt, nwt_source_name=nwt
I0904 18:25:59.467301  6136 master_component.cc:590] MasterComponent: start regularizing model pwt
I0904 18:25:59.488817  1448 processor.cc:662] No data in processing queue, waiting...
I0904 18:25:59.589891  6136 master_component.cc:613] MasterComponent: complete regularizing model pwt
I0904 18:25:59.589891  6136 master_component.cc:991] NormalizeModelArgs: pwt_target_name=pwt, nwt_source_name=nwt, rwt_source_name=rwt
I0904 18:25:59.589891  6136 master_component.cc:617] MasterComponent: start normalizing model nwt
I0904 18:25:59.679960  6136 master_component.cc:639] MasterComponent: complete normalizing model nwt
I0904 18:26:00.101373  6136 master_component.cc:1015] DisposeModel rwt
I0904 18:26:00.109376  6136 c_interface.cc:332] Pass FitOfflineMasterModelArgs, batch_filename_size=2, batch_weight_size=2, num_collection_passes=1 to void (__thiscall artm::core::MasterComponent::*)(class artm::FitOfflineMasterModelArgs const &)
I0904 18:26:00.109376  6136 master_component.cc:942] ProcessBatchesArgs: nwt_target_name=nwt, batch_filename_size=2, batch_size=0, batch_weight_size=2, pwt_source_name=pwt, num_document_passes=10, regularizer=(name:SparsePhi, tau:100000), class=(text:1), class=(author:1), reuse_theta=yes, opt_for_avx=yes, predict_class_id=
I0904 18:26:00.159411  8720 processor.cc:669] Processing queue has data, processing started
I0904 18:26:00.160413  6804 processor.cc:669] Processing queue has data, processing started
I0904 18:26:00.184437  8720 processor.cc:746] Processor: start processing batch 065644bc-681a-4ff8-bf25-d14331c37b13 into model nwt
I0904 18:26:00.202455  6804 processor.cc:746] Processor: start processing batch 8a1ec9c1-b2c1-4ad9-aba5-448ad9660116 into model nwt
I0904 18:26:00.609755  8720 processor.cc:842] Processor: complete processing batch 065644bc-681a-4ff8-bf25-d14331c37b13 into model nwt
I0904 18:26:00.613757  8720 cuckoo_watch.h:44] 453ms in ProcessBatch(D:\Coursera\Notebooks\homeworks\MyHW\3-4\lectures_batches\aaaaaa.batch) [including 24ms in LoadMessage; 25ms in InitializeSparseNdw; 399ms in InferThetaAndUpdateNwtSparse; ]
I0904 18:26:00.632771  8720 processor.cc:662] No data in processing queue, waiting...
I0904 18:26:01.011061  6804 processor.cc:842] Processor: complete processing batch 8a1ec9c1-b2c1-4ad9-aba5-448ad9660116 into model nwt
I0904 18:26:01.016067  6804 cuckoo_watch.h:44] 855ms in ProcessBatch(D:\Coursera\Notebooks\homeworks\MyHW\3-4\lectures_batches\aaaaab.batch) [including 40ms in LoadMessage; 55ms in InitializeSparseNdw; 752ms in InferThetaAndUpdateNwtSparse; ]
I0904 18:26:01.017081  6136 master_component.cc:980] RegularizeModelArgs: rwt_target_name=rwt, pwt_source_name=pwt, nwt_source_name=nwt
I0904 18:26:01.017081  6136 master_component.cc:590] MasterComponent: start regularizing model pwt
I0904 18:26:01.038079  6804 processor.cc:662] No data in processing queue, waiting...
I0904 18:26:01.138156  6136 master_component.cc:613] MasterComponent: complete regularizing model pwt
I0904 18:26:01.138156  6136 master_component.cc:991] NormalizeModelArgs: pwt_target_name=pwt, nwt_source_name=nwt, rwt_source_name=rwt
I0904 18:26:01.138156  6136 master_component.cc:617] MasterComponent: start normalizing model nwt
I0904 18:26:01.229226  6136 master_component.cc:639] MasterComponent: complete normalizing model nwt
I0904 18:26:01.644067  6136 master_component.cc:1015] DisposeModel rwt
I0904 18:26:01.652070  6136 c_interface.cc:332] Pass FitOfflineMasterModelArgs, batch_filename_size=2, batch_weight_size=2, num_collection_passes=1 to void (__thiscall artm::core::MasterComponent::*)(class artm::FitOfflineMasterModelArgs const &)
I0904 18:26:01.652070  6136 master_component.cc:942] ProcessBatchesArgs: nwt_target_name=nwt, batch_filename_size=2, batch_size=0, batch_weight_size=2, pwt_source_name=pwt, num_document_passes=10, regularizer=(name:SparsePhi, tau:100000), class=(text:1), class=(author:1), reuse_theta=yes, opt_for_avx=yes, predict_class_id=
I0904 18:26:01.701376  8720 processor.cc:669] Processing queue has data, processing started
I0904 18:26:01.701376  6804 processor.cc:669] Processing queue has data, processing started
I0904 18:26:01.722391  6804 processor.cc:746] Processor: start processing batch 065644bc-681a-4ff8-bf25-d14331c37b13 into model nwt
I0904 18:26:01.738402  8720 processor.cc:746] Processor: start processing batch 8a1ec9c1-b2c1-4ad9-aba5-448ad9660116 into model nwt
I0904 18:26:02.116590  6804 processor.cc:842] Processor: complete processing batch 065644bc-681a-4ff8-bf25-d14331c37b13 into model nwt
I0904 18:26:02.121594  6804 cuckoo_watch.h:44] 420ms in ProcessBatch(D:\Coursera\Notebooks\homeworks\MyHW\3-4\lectures_batches\aaaaaa.batch) [including 20ms in LoadMessage; 25ms in InitializeSparseNdw; 368ms in InferThetaAndUpdateNwtSparse; ]
I0904 18:26:02.141608  6804 processor.cc:662] No data in processing queue, waiting...
I0904 18:26:02.524896  8720 processor.cc:842] Processor: complete processing batch 8a1ec9c1-b2c1-4ad9-aba5-448ad9660116 into model nwt
I0904 18:26:02.529899  8720 cuckoo_watch.h:44] 827ms in ProcessBatch(D:\Coursera\Notebooks\homeworks\MyHW\3-4\lectures_batches\aaaaab.batch) [including 35ms in LoadMessage; 54ms in InitializeSparseNdw; 731ms in InferThetaAndUpdateNwtSparse; ]
I0904 18:26:02.530902  6136 master_component.cc:980] RegularizeModelArgs: rwt_target_name=rwt, pwt_source_name=pwt, nwt_source_name=nwt
I0904 18:26:02.530902  6136 master_component.cc:590] MasterComponent: start regularizing model pwt
I0904 18:26:02.550916  8720 processor.cc:662] No data in processing queue, waiting...
I0904 18:26:02.651995  6136 master_component.cc:613] MasterComponent: complete regularizing model pwt
I0904 18:26:02.651995  6136 master_component.cc:991] NormalizeModelArgs: pwt_target_name=pwt, nwt_source_name=nwt, rwt_source_name=rwt
I0904 18:26:02.651995  6136 master_component.cc:617] MasterComponent: start normalizing model nwt
I0904 18:26:02.741065  6136 master_component.cc:639] MasterComponent: complete normalizing model nwt
I0904 18:26:03.167387  6136 master_component.cc:1015] DisposeModel rwt
I0904 18:26:03.174891  6136 c_interface.cc:332] Pass FitOfflineMasterModelArgs, batch_filename_size=2, batch_weight_size=2, num_collection_passes=1 to void (__thiscall artm::core::MasterComponent::*)(class artm::FitOfflineMasterModelArgs const &)
I0904 18:26:03.174891  6136 master_component.cc:942] ProcessBatchesArgs: nwt_target_name=nwt, batch_filename_size=2, batch_size=0, batch_weight_size=2, pwt_source_name=pwt, num_document_passes=10, regularizer=(name:SparsePhi, tau:100000), class=(text:1), class=(author:1), reuse_theta=yes, opt_for_avx=yes, predict_class_id=
I0904 18:26:03.224444  1448 processor.cc:669] Processing queue has data, processing started
I0904 18:26:03.224444   496 processor.cc:669] Processing queue has data, processing started
I0904 18:26:03.244444  1448 processor.cc:746] Processor: start processing batch 065644bc-681a-4ff8-bf25-d14331c37b13 into model nwt
I0904 18:26:03.261456   496 processor.cc:746] Processor: start processing batch 8a1ec9c1-b2c1-4ad9-aba5-448ad9660116 into model nwt
I0904 18:26:03.649751  1448 processor.cc:842] Processor: complete processing batch 065644bc-681a-4ff8-bf25-d14331c37b13 into model nwt
I0904 18:26:03.653753  1448 cuckoo_watch.h:44] 429ms in ProcessBatch(D:\Coursera\Notebooks\homeworks\MyHW\3-4\lectures_batches\aaaaaa.batch) [including 18ms in LoadMessage; 25ms in InitializeSparseNdw; 379ms in InferThetaAndUpdateNwtSparse; ]
I0904 18:26:03.675772  1448 processor.cc:662] No data in processing queue, waiting...
I0904 18:26:04.063068   496 processor.cc:842] Processor: complete processing batch 8a1ec9c1-b2c1-4ad9-aba5-448ad9660116 into model nwt
I0904 18:26:04.069078   496 cuckoo_watch.h:44] 844ms in ProcessBatch(D:\Coursera\Notebooks\homeworks\MyHW\3-4\lectures_batches\aaaaab.batch) [including 35ms in LoadMessage; 52ms in InitializeSparseNdw; 748ms in InferThetaAndUpdateNwtSparse; ]
I0904 18:26:04.069078  6136 master_component.cc:980] RegularizeModelArgs: rwt_target_name=rwt, pwt_source_name=pwt, nwt_source_name=nwt
I0904 18:26:04.069078  6136 master_component.cc:590] MasterComponent: start regularizing model pwt
I0904 18:26:04.090095   496 processor.cc:662] No data in processing queue, waiting...
I0904 18:26:04.191170  6136 master_component.cc:613] MasterComponent: complete regularizing model pwt
I0904 18:26:04.191170  6136 master_component.cc:991] NormalizeModelArgs: pwt_target_name=pwt, nwt_source_name=nwt, rwt_source_name=rwt
I0904 18:26:04.191170  6136 master_component.cc:617] MasterComponent: start normalizing model nwt
I0904 18:26:04.281244  6136 master_component.cc:639] MasterComponent: complete normalizing model nwt
I0904 18:26:04.695550  6136 master_component.cc:1015] DisposeModel rwt
I0904 18:26:04.703553  6136 c_interface.cc:332] Pass FitOfflineMasterModelArgs, batch_filename_size=2, batch_weight_size=2, num_collection_passes=1 to void (__thiscall artm::core::MasterComponent::*)(class artm::FitOfflineMasterModelArgs const &)
I0904 18:26:04.703553  6136 master_component.cc:942] ProcessBatchesArgs: nwt_target_name=nwt, batch_filename_size=2, batch_size=0, batch_weight_size=2, pwt_source_name=pwt, num_document_passes=10, regularizer=(name:SparsePhi, tau:100000), class=(text:1), class=(author:1), reuse_theta=yes, opt_for_avx=yes, predict_class_id=
I0904 18:26:04.753597  1448 processor.cc:669] Processing queue has data, processing started
I0904 18:26:04.753597  6804 processor.cc:669] Processing queue has data, processing started
I0904 18:26:04.774104  6804 processor.cc:746] Processor: start processing batch 065644bc-681a-4ff8-bf25-d14331c37b13 into model nwt
I0904 18:26:04.789619  1448 processor.cc:746] Processor: start processing batch 8a1ec9c1-b2c1-4ad9-aba5-448ad9660116 into model nwt
I0904 18:26:05.178405  6804 processor.cc:842] Processor: complete processing batch 065644bc-681a-4ff8-bf25-d14331c37b13 into model nwt
I0904 18:26:05.181910  6804 cuckoo_watch.h:44] 428ms in ProcessBatch(D:\Coursera\Notebooks\homeworks\MyHW\3-4\lectures_batches\aaaaaa.batch) [including 19ms in LoadMessage; 21ms in InitializeSparseNdw; 382ms in InferThetaAndUpdateNwtSparse; ]
I0904 18:26:05.201925  6804 processor.cc:662] No data in processing queue, waiting...
I0904 18:26:05.579715  1448 processor.cc:842] Processor: complete processing batch 8a1ec9c1-b2c1-4ad9-aba5-448ad9660116 into model nwt
I0904 18:26:05.584921  1448 cuckoo_watch.h:44] 831ms in ProcessBatch(D:\Coursera\Notebooks\homeworks\MyHW\3-4\lectures_batches\aaaaab.batch) [including 34ms in LoadMessage; 48ms in InitializeSparseNdw; 742ms in InferThetaAndUpdateNwtSparse; ]
I0904 18:26:05.585924  6136 master_component.cc:980] RegularizeModelArgs: rwt_target_name=rwt, pwt_source_name=pwt, nwt_source_name=nwt
I0904 18:26:05.585924  6136 master_component.cc:590] MasterComponent: start regularizing model pwt
I0904 18:26:05.605937  1448 processor.cc:662] No data in processing queue, waiting...
I0904 18:26:05.708513  6136 master_component.cc:613] MasterComponent: complete regularizing model pwt
I0904 18:26:05.708513  6136 master_component.cc:991] NormalizeModelArgs: pwt_target_name=pwt, nwt_source_name=nwt, rwt_source_name=rwt
I0904 18:26:05.708513  6136 master_component.cc:617] MasterComponent: start normalizing model nwt
I0904 18:26:05.798578  6136 master_component.cc:639] MasterComponent: complete normalizing model nwt
I0904 18:26:06.216893  6136 master_component.cc:1015] DisposeModel rwt
I0904 18:26:06.223896  6136 c_interface.cc:332] Pass FitOfflineMasterModelArgs, batch_filename_size=2, batch_weight_size=2, num_collection_passes=1 to void (__thiscall artm::core::MasterComponent::*)(class artm::FitOfflineMasterModelArgs const &)
I0904 18:26:06.223896  6136 master_component.cc:942] ProcessBatchesArgs: nwt_target_name=nwt, batch_filename_size=2, batch_size=0, batch_weight_size=2, pwt_source_name=pwt, num_document_passes=10, regularizer=(name:SparsePhi, tau:100000), class=(text:1), class=(author:1), reuse_theta=yes, opt_for_avx=yes, predict_class_id=
I0904 18:26:06.274441  8720 processor.cc:669] Processing queue has data, processing started
I0904 18:26:06.274441  6804 processor.cc:669] Processing queue has data, processing started
I0904 18:26:06.298960  6804 processor.cc:746] Processor: start processing batch 065644bc-681a-4ff8-bf25-d14331c37b13 into model nwt
I0904 18:26:06.316973  8720 processor.cc:746] Processor: start processing batch 8a1ec9c1-b2c1-4ad9-aba5-448ad9660116 into model nwt
I0904 18:26:06.717278  6804 processor.cc:842] Processor: complete processing batch 065644bc-681a-4ff8-bf25-d14331c37b13 into model nwt
I0904 18:26:06.721278  6804 cuckoo_watch.h:44] 446ms in ProcessBatch(D:\Coursera\Notebooks\homeworks\MyHW\3-4\lectures_batches\aaaaaa.batch) [including 22ms in LoadMessage; 27ms in InitializeSparseNdw; 390ms in InferThetaAndUpdateNwtSparse; ]
I0904 18:26:06.741294  6804 processor.cc:662] No data in processing queue, waiting...
I0904 18:26:07.122584  8720 processor.cc:842] Processor: complete processing batch 8a1ec9c1-b2c1-4ad9-aba5-448ad9660116 into model nwt
I0904 18:26:07.128588  8720 cuckoo_watch.h:44] 854ms in ProcessBatch(D:\Coursera\Notebooks\homeworks\MyHW\3-4\lectures_batches\aaaaab.batch) [including 40ms in LoadMessage; 58ms in InitializeSparseNdw; 746ms in InferThetaAndUpdateNwtSparse; ]
I0904 18:26:07.129611  6136 master_component.cc:980] RegularizeModelArgs: rwt_target_name=rwt, pwt_source_name=pwt, nwt_source_name=nwt
I0904 18:26:07.129611  6136 master_component.cc:590] MasterComponent: start regularizing model pwt
I0904 18:26:07.151602  8720 processor.cc:662] No data in processing queue, waiting...
I0904 18:26:07.254678  6136 master_component.cc:613] MasterComponent: complete regularizing model pwt
I0904 18:26:07.254678  6136 master_component.cc:991] NormalizeModelArgs: pwt_target_name=pwt, nwt_source_name=nwt, rwt_source_name=rwt
I0904 18:26:07.254678  6136 master_component.cc:617] MasterComponent: start normalizing model nwt
I0904 18:26:07.344748  6136 master_component.cc:639] MasterComponent: complete normalizing model nwt
I0904 18:26:07.774571  6136 master_component.cc:1015] DisposeModel rwt
I0904 18:26:07.796810  6136 c_interface.cc:332] Pass MasterModelConfig: topic_name_size=30, class=(text:1), class=(author:1), score_config_size=2, num_processors=0, pwt_name=pwt, nwt_name=nwt, num_document_passes=10, regularizer=(SparsePhi:100000), regularizer=(NegSparsePhi:-100000), reuse_theta=yes, cache_theta=yes, opt_for_avx=yes, disk_cache_path to void (__thiscall artm::core::MasterComponent::*)(class artm::MasterModelConfig const &)
I0904 18:26:07.796810  6136 instance.cc:358] MasterModelConfig.processors_count is automatically set to 4
I0904 18:26:07.796810  6136 instance.cc:213] Regularizer 'SparsePhi' was cold-reconfigured
I0904 18:26:07.796810  6136 instance.cc:213] Regularizer 'NegSparsePhi' was cold-reconfigured
I0904 18:26:07.941088  6136 c_interface.cc:332] Pass FitOfflineMasterModelArgs, batch_filename_size=2, batch_weight_size=2, num_collection_passes=1 to void (__thiscall artm::core::MasterComponent::*)(class artm::FitOfflineMasterModelArgs const &)
I0904 18:26:07.941088  6136 master_component.cc:942] ProcessBatchesArgs: nwt_target_name=nwt, batch_filename_size=2, batch_size=0, batch_weight_size=2, pwt_source_name=pwt, num_document_passes=10, regularizer=(name:SparsePhi, tau:100000), regularizer=(name:NegSparsePhi, tau:-100000), class=(text:1), class=(author:1), reuse_theta=yes, opt_for_avx=yes, predict_class_id=
I0904 18:26:08.024665   496 processor.cc:669] Processing queue has data, processing started
I0904 18:26:08.024665  6804 processor.cc:669] Processing queue has data, processing started
I0904 18:26:08.048673   496 processor.cc:746] Processor: start processing batch 065644bc-681a-4ff8-bf25-d14331c37b13 into model nwt
I0904 18:26:08.068192  6804 processor.cc:746] Processor: start processing batch 8a1ec9c1-b2c1-4ad9-aba5-448ad9660116 into model nwt
I0904 18:26:08.435958   496 processor.cc:842] Processor: complete processing batch 065644bc-681a-4ff8-bf25-d14331c37b13 into model nwt
I0904 18:26:08.440963   496 cuckoo_watch.h:44] 416ms in ProcessBatch(D:\Coursera\Notebooks\homeworks\MyHW\3-4\lectures_batches\aaaaaa.batch) [including 21ms in LoadMessage; 25ms in InitializeSparseNdw; 361ms in InferThetaAndUpdateNwtSparse; ]
I0904 18:26:08.459975   496 processor.cc:662] No data in processing queue, waiting...
I0904 18:26:08.907332  6804 processor.cc:842] Processor: complete processing batch 8a1ec9c1-b2c1-4ad9-aba5-448ad9660116 into model nwt
I0904 18:26:08.913336  6804 cuckoo_watch.h:44] 888ms in ProcessBatch(D:\Coursera\Notebooks\homeworks\MyHW\3-4\lectures_batches\aaaaab.batch) [including 42ms in LoadMessage; 52ms in InitializeSparseNdw; 786ms in InferThetaAndUpdateNwtSparse; ]
I0904 18:26:08.914338  6136 master_component.cc:980] RegularizeModelArgs: rwt_target_name=rwt, pwt_source_name=pwt, nwt_source_name=nwt
I0904 18:26:08.914338  6136 master_component.cc:590] MasterComponent: start regularizing model pwt
I0904 18:26:08.934351  6804 processor.cc:662] No data in processing queue, waiting...
I0904 18:26:09.080979  6136 master_component.cc:613] MasterComponent: complete regularizing model pwt
I0904 18:26:09.081480  6136 master_component.cc:991] NormalizeModelArgs: pwt_target_name=pwt, nwt_source_name=nwt, rwt_source_name=rwt
I0904 18:26:09.081480  6136 master_component.cc:617] MasterComponent: start normalizing model nwt
I0904 18:26:09.175058  6136 master_component.cc:639] MasterComponent: complete normalizing model nwt
I0904 18:26:09.623903  6136 master_component.cc:1015] DisposeModel rwt
I0904 18:26:09.631907  6136 c_interface.cc:332] Pass FitOfflineMasterModelArgs, batch_filename_size=2, batch_weight_size=2, num_collection_passes=1 to void (__thiscall artm::core::MasterComponent::*)(class artm::FitOfflineMasterModelArgs const &)
I0904 18:26:09.631907  6136 master_component.cc:942] ProcessBatchesArgs: nwt_target_name=nwt, batch_filename_size=2, batch_size=0, batch_weight_size=2, pwt_source_name=pwt, num_document_passes=10, regularizer=(name:SparsePhi, tau:100000), regularizer=(name:NegSparsePhi, tau:-100000), class=(text:1), class=(author:1), reuse_theta=yes, opt_for_avx=yes, predict_class_id=
I0904 18:26:09.686954   496 processor.cc:669] Processing queue has data, processing started
I0904 18:26:09.686954  1448 processor.cc:669] Processing queue has data, processing started
I0904 18:26:09.715973  1448 processor.cc:746] Processor: start processing batch 065644bc-681a-4ff8-bf25-d14331c37b13 into model nwt
I0904 18:26:09.735986   496 processor.cc:746] Processor: start processing batch 8a1ec9c1-b2c1-4ad9-aba5-448ad9660116 into model nwt
I0904 18:26:10.090252  1448 processor.cc:842] Processor: complete processing batch 065644bc-681a-4ff8-bf25-d14331c37b13 into model nwt
I0904 18:26:10.095257  1448 cuckoo_watch.h:44] 408ms in ProcessBatch(D:\Coursera\Notebooks\homeworks\MyHW\3-4\lectures_batches\aaaaaa.batch) [including 27ms in LoadMessage; 30ms in InitializeSparseNdw; 342ms in InferThetaAndUpdateNwtSparse; ]
I0904 18:26:10.115269  1448 processor.cc:662] No data in processing queue, waiting...
I0904 18:26:10.575109   496 processor.cc:842] Processor: complete processing batch 8a1ec9c1-b2c1-4ad9-aba5-448ad9660116 into model nwt
I0904 18:26:10.580613   496 cuckoo_watch.h:44] 893ms in ProcessBatch(D:\Coursera\Notebooks\homeworks\MyHW\3-4\lectures_batches\aaaaab.batch) [including 47ms in LoadMessage; 58ms in InitializeSparseNdw; 781ms in InferThetaAndUpdateNwtSparse; ]
I0904 18:26:10.581115  6136 master_component.cc:980] RegularizeModelArgs: rwt_target_name=rwt, pwt_source_name=pwt, nwt_source_name=nwt
I0904 18:26:10.581115  6136 master_component.cc:590] MasterComponent: start regularizing model pwt
I0904 18:26:10.600630   496 processor.cc:662] No data in processing queue, waiting...
I0904 18:26:10.733722  6136 master_component.cc:613] MasterComponent: complete regularizing model pwt
I0904 18:26:10.733722  6136 master_component.cc:991] NormalizeModelArgs: pwt_target_name=pwt, nwt_source_name=nwt, rwt_source_name=rwt
I0904 18:26:10.733722  6136 master_component.cc:617] MasterComponent: start normalizing model nwt
I0904 18:26:10.821790  6136 master_component.cc:639] MasterComponent: complete normalizing model nwt
I0904 18:26:11.251102  6136 master_component.cc:1015] DisposeModel rwt
I0904 18:26:11.258108  6136 c_interface.cc:332] Pass FitOfflineMasterModelArgs, batch_filename_size=2, batch_weight_size=2, num_collection_passes=1 to void (__thiscall artm::core::MasterComponent::*)(class artm::FitOfflineMasterModelArgs const &)
I0904 18:26:11.258108  6136 master_component.cc:942] ProcessBatchesArgs: nwt_target_name=nwt, batch_filename_size=2, batch_size=0, batch_weight_size=2, pwt_source_name=pwt, num_document_passes=10, regularizer=(name:SparsePhi, tau:100000), regularizer=(name:NegSparsePhi, tau:-100000), class=(text:1), class=(author:1), reuse_theta=yes, opt_for_avx=yes, predict_class_id=
I0904 18:26:11.309150   496 processor.cc:669] Processing queue has data, processing started
I0904 18:26:11.311151  6804 processor.cc:669] Processing queue has data, processing started
I0904 18:26:11.336168   496 processor.cc:746] Processor: start processing batch 065644bc-681a-4ff8-bf25-d14331c37b13 into model nwt
I0904 18:26:11.355180  6804 processor.cc:746] Processor: start processing batch 8a1ec9c1-b2c1-4ad9-aba5-448ad9660116 into model nwt
I0904 18:26:11.690428   496 processor.cc:842] Processor: complete processing batch 065644bc-681a-4ff8-bf25-d14331c37b13 into model nwt
I0904 18:26:11.694432   496 cuckoo_watch.h:44] 385ms in ProcessBatch(D:\Coursera\Notebooks\homeworks\MyHW\3-4\lectures_batches\aaaaaa.batch) [including 25ms in LoadMessage; 23ms in InitializeSparseNdw; 330ms in InferThetaAndUpdateNwtSparse; ]
I0904 18:26:11.716445   496 processor.cc:662] No data in processing queue, waiting...
I0904 18:26:12.066823  6804 processor.cc:842] Processor: complete processing batch 8a1ec9c1-b2c1-4ad9-aba5-448ad9660116 into model nwt
I0904 18:26:12.072331  6804 cuckoo_watch.h:44] 761ms in ProcessBatch(D:\Coursera\Notebooks\homeworks\MyHW\3-4\lectures_batches\aaaaab.batch) [including 41ms in LoadMessage; 56ms in InitializeSparseNdw; 654ms in InferThetaAndUpdateNwtSparse; ]
I0904 18:26:12.072834  6136 master_component.cc:980] RegularizeModelArgs: rwt_target_name=rwt, pwt_source_name=pwt, nwt_source_name=nwt
I0904 18:26:12.072834  6136 master_component.cc:590] MasterComponent: start regularizing model pwt
I0904 18:26:12.099853  6804 processor.cc:662] No data in processing queue, waiting...
I0904 18:26:12.234949  6136 master_component.cc:613] MasterComponent: complete regularizing model pwt
I0904 18:26:12.234949  6136 master_component.cc:991] NormalizeModelArgs: pwt_target_name=pwt, nwt_source_name=nwt, rwt_source_name=rwt
I0904 18:26:12.234949  6136 master_component.cc:617] MasterComponent: start normalizing model nwt
I0904 18:26:12.361043  6136 master_component.cc:639] MasterComponent: complete normalizing model nwt
I0904 18:26:12.818392  6136 master_component.cc:1015] DisposeModel rwt
I0904 18:26:12.825393  6136 c_interface.cc:332] Pass FitOfflineMasterModelArgs, batch_filename_size=2, batch_weight_size=2, num_collection_passes=1 to void (__thiscall artm::core::MasterComponent::*)(class artm::FitOfflineMasterModelArgs const &)
I0904 18:26:12.825393  6136 master_component.cc:942] ProcessBatchesArgs: nwt_target_name=nwt, batch_filename_size=2, batch_size=0, batch_weight_size=2, pwt_source_name=pwt, num_document_passes=10, regularizer=(name:SparsePhi, tau:100000), regularizer=(name:NegSparsePhi, tau:-100000), class=(text:1), class=(author:1), reuse_theta=yes, opt_for_avx=yes, predict_class_id=
I0904 18:26:12.877954  1448 processor.cc:669] Processing queue has data, processing started
I0904 18:26:12.877954   496 processor.cc:669] Processing queue has data, processing started
I0904 18:26:12.903460  1448 processor.cc:746] Processor: start processing batch 065644bc-681a-4ff8-bf25-d14331c37b13 into model nwt
I0904 18:26:12.919469   496 processor.cc:746] Processor: start processing batch 8a1ec9c1-b2c1-4ad9-aba5-448ad9660116 into model nwt
I0904 18:26:13.261715  1448 processor.cc:842] Processor: complete processing batch 065644bc-681a-4ff8-bf25-d14331c37b13 into model nwt
I0904 18:26:13.265719  1448 cuckoo_watch.h:44] 387ms in ProcessBatch(D:\Coursera\Notebooks\homeworks\MyHW\3-4\lectures_batches\aaaaaa.batch) [including 23ms in LoadMessage; 24ms in InitializeSparseNdw; 334ms in InferThetaAndUpdateNwtSparse; ]
I0904 18:26:13.287237  1448 processor.cc:662] No data in processing queue, waiting...
I0904 18:26:13.625995   496 processor.cc:842] Processor: complete processing batch 8a1ec9c1-b2c1-4ad9-aba5-448ad9660116 into model nwt
I0904 18:26:13.630997   496 cuckoo_watch.h:44] 753ms in ProcessBatch(D:\Coursera\Notebooks\homeworks\MyHW\3-4\lectures_batches\aaaaab.batch) [including 40ms in LoadMessage; 55ms in InitializeSparseNdw; 650ms in InferThetaAndUpdateNwtSparse; ]
I0904 18:26:13.632015  6136 master_component.cc:980] RegularizeModelArgs: rwt_target_name=rwt, pwt_source_name=pwt, nwt_source_name=nwt
I0904 18:26:13.632015  6136 master_component.cc:590] MasterComponent: start regularizing model pwt
I0904 18:26:13.654016   496 processor.cc:662] No data in processing queue, waiting...
I0904 18:26:13.783612  6136 master_component.cc:613] MasterComponent: complete regularizing model pwt
I0904 18:26:13.783612  6136 master_component.cc:991] NormalizeModelArgs: pwt_target_name=pwt, nwt_source_name=nwt, rwt_source_name=rwt
I0904 18:26:13.783612  6136 master_component.cc:617] MasterComponent: start normalizing model nwt
I0904 18:26:13.869170  6136 master_component.cc:639] MasterComponent: complete normalizing model nwt
I0904 18:26:14.275665  6136 master_component.cc:1015] DisposeModel rwt
I0904 18:26:14.283669  6136 c_interface.cc:332] Pass FitOfflineMasterModelArgs, batch_filename_size=2, batch_weight_size=2, num_collection_passes=1 to void (__thiscall artm::core::MasterComponent::*)(class artm::FitOfflineMasterModelArgs const &)
I0904 18:26:14.283669  6136 master_component.cc:942] ProcessBatchesArgs: nwt_target_name=nwt, batch_filename_size=2, batch_size=0, batch_weight_size=2, pwt_source_name=pwt, num_document_passes=10, regularizer=(name:SparsePhi, tau:100000), regularizer=(name:NegSparsePhi, tau:-100000), class=(text:1), class=(author:1), reuse_theta=yes, opt_for_avx=yes, predict_class_id=
I0904 18:26:14.335707   496 processor.cc:669] Processing queue has data, processing started
I0904 18:26:14.335707  1448 processor.cc:669] Processing queue has data, processing started
I0904 18:26:14.364727   496 processor.cc:746] Processor: start processing batch 065644bc-681a-4ff8-bf25-d14331c37b13 into model nwt
I0904 18:26:14.406774  1448 processor.cc:746] Processor: start processing batch 8a1ec9c1-b2c1-4ad9-aba5-448ad9660116 into model nwt
I0904 18:26:14.835096   496 processor.cc:842] Processor: complete processing batch 065644bc-681a-4ff8-bf25-d14331c37b13 into model nwt
I0904 18:26:14.840101   496 cuckoo_watch.h:44] 504ms in ProcessBatch(D:\Coursera\Notebooks\homeworks\MyHW\3-4\lectures_batches\aaaaaa.batch) [including 27ms in LoadMessage; 41ms in InitializeSparseNdw; 428ms in InferThetaAndUpdateNwtSparse; ]
I0904 18:26:14.859112   496 processor.cc:662] No data in processing queue, waiting...
I0904 18:26:15.213389  1448 processor.cc:842] Processor: complete processing batch 8a1ec9c1-b2c1-4ad9-aba5-448ad9660116 into model nwt
I0904 18:26:15.219393  1448 cuckoo_watch.h:44] 883ms in ProcessBatch(D:\Coursera\Notebooks\homeworks\MyHW\3-4\lectures_batches\aaaaab.batch) [including 69ms in LoadMessage; 86ms in InitializeSparseNdw; 719ms in InferThetaAndUpdateNwtSparse; ]
I0904 18:26:15.220393  6136 master_component.cc:980] RegularizeModelArgs: rwt_target_name=rwt, pwt_source_name=pwt, nwt_source_name=nwt
I0904 18:26:15.220393  6136 master_component.cc:590] MasterComponent: start regularizing model pwt
I0904 18:26:15.243407  1448 processor.cc:662] No data in processing queue, waiting...
I0904 18:26:15.466581  6136 master_component.cc:613] MasterComponent: complete regularizing model pwt
I0904 18:26:15.466581  6136 master_component.cc:991] NormalizeModelArgs: pwt_target_name=pwt, nwt_source_name=nwt, rwt_source_name=rwt
I0904 18:26:15.466581  6136 master_component.cc:617] MasterComponent: start normalizing model nwt
I0904 18:26:15.586179  6136 master_component.cc:639] MasterComponent: complete normalizing model nwt
I0904 18:26:16.050030  6136 master_component.cc:1015] DisposeModel rwt
I0904 18:26:16.061039  6136 c_interface.cc:332] Pass FitOfflineMasterModelArgs, batch_filename_size=2, batch_weight_size=2, num_collection_passes=1 to void (__thiscall artm::core::MasterComponent::*)(class artm::FitOfflineMasterModelArgs const &)
I0904 18:26:16.061039  6136 master_component.cc:942] ProcessBatchesArgs: nwt_target_name=nwt, batch_filename_size=2, batch_size=0, batch_weight_size=2, pwt_source_name=pwt, num_document_passes=10, regularizer=(name:SparsePhi, tau:100000), regularizer=(name:NegSparsePhi, tau:-100000), class=(text:1), class=(author:1), reuse_theta=yes, opt_for_avx=yes, predict_class_id=
I0904 18:26:16.150112  8720 processor.cc:669] Processing queue has data, processing started
I0904 18:26:16.150112  6804 processor.cc:669] Processing queue has data, processing started
I0904 18:26:16.186142  6804 processor.cc:746] Processor: start processing batch 065644bc-681a-4ff8-bf25-d14331c37b13 into model nwt
I0904 18:26:16.212168  8720 processor.cc:746] Processor: start processing batch 8a1ec9c1-b2c1-4ad9-aba5-448ad9660116 into model nwt
I0904 18:26:16.567421  6804 processor.cc:842] Processor: complete processing batch 065644bc-681a-4ff8-bf25-d14331c37b13 into model nwt
I0904 18:26:16.571424  6804 cuckoo_watch.h:44] 421ms in ProcessBatch(D:\Coursera\Notebooks\homeworks\MyHW\3-4\lectures_batches\aaaaaa.batch) [including 34ms in LoadMessage; 36ms in InitializeSparseNdw; 343ms in InferThetaAndUpdateNwtSparse; ]
I0904 18:26:16.591444  6804 processor.cc:662] No data in processing queue, waiting...
I0904 18:26:16.932726  8720 processor.cc:842] Processor: complete processing batch 8a1ec9c1-b2c1-4ad9-aba5-448ad9660116 into model nwt
I0904 18:26:16.937731  8720 cuckoo_watch.h:44] 787ms in ProcessBatch(D:\Coursera\Notebooks\homeworks\MyHW\3-4\lectures_batches\aaaaab.batch) [including 60ms in LoadMessage; 65ms in InitializeSparseNdw; 655ms in InferThetaAndUpdateNwtSparse; ]
I0904 18:26:16.938745  6136 master_component.cc:980] RegularizeModelArgs: rwt_target_name=rwt, pwt_source_name=pwt, nwt_source_name=nwt
I0904 18:26:16.938745  6136 master_component.cc:590] MasterComponent: start regularizing model pwt
I0904 18:26:16.959745  8720 processor.cc:662] No data in processing queue, waiting...
I0904 18:26:17.088347  6136 master_component.cc:613] MasterComponent: complete regularizing model pwt
I0904 18:26:17.088347  6136 master_component.cc:991] NormalizeModelArgs: pwt_target_name=pwt, nwt_source_name=nwt, rwt_source_name=rwt
I0904 18:26:17.088347  6136 master_component.cc:617] MasterComponent: start normalizing model nwt
I0904 18:26:17.172904  6136 master_component.cc:639] MasterComponent: complete normalizing model nwt
I0904 18:26:17.581308  6136 master_component.cc:1015] DisposeModel rwt
I0904 18:26:17.589311  6136 c_interface.cc:332] Pass FitOfflineMasterModelArgs, batch_filename_size=2, batch_weight_size=2, num_collection_passes=1 to void (__thiscall artm::core::MasterComponent::*)(class artm::FitOfflineMasterModelArgs const &)
I0904 18:26:17.589311  6136 master_component.cc:942] ProcessBatchesArgs: nwt_target_name=nwt, batch_filename_size=2, batch_size=0, batch_weight_size=2, pwt_source_name=pwt, num_document_passes=10, regularizer=(name:SparsePhi, tau:100000), regularizer=(name:NegSparsePhi, tau:-100000), class=(text:1), class=(author:1), reuse_theta=yes, opt_for_avx=yes, predict_class_id=
I0904 18:26:17.639026  6804 processor.cc:669] Processing queue has data, processing started
I0904 18:26:17.640027  8720 processor.cc:669] Processing queue has data, processing started
I0904 18:26:17.661044  6804 processor.cc:746] Processor: start processing batch 065644bc-681a-4ff8-bf25-d14331c37b13 into model nwt
I0904 18:26:17.680058  8720 processor.cc:746] Processor: start processing batch 8a1ec9c1-b2c1-4ad9-aba5-448ad9660116 into model nwt
I0904 18:26:18.052839  6804 processor.cc:842] Processor: complete processing batch 065644bc-681a-4ff8-bf25-d14331c37b13 into model nwt
I0904 18:26:18.056843  6804 cuckoo_watch.h:44] 417ms in ProcessBatch(D:\Coursera\Notebooks\homeworks\MyHW\3-4\lectures_batches\aaaaaa.batch) [including 21ms in LoadMessage; 26ms in InitializeSparseNdw; 363ms in InferThetaAndUpdateNwtSparse; ]
I0904 18:26:18.078362  6804 processor.cc:662] No data in processing queue, waiting...
I0904 18:26:18.425119  8720 processor.cc:842] Processor: complete processing batch 8a1ec9c1-b2c1-4ad9-aba5-448ad9660116 into model nwt
I0904 18:26:18.431123  8720 cuckoo_watch.h:44] 791ms in ProcessBatch(D:\Coursera\Notebooks\homeworks\MyHW\3-4\lectures_batches\aaaaab.batch) [including 38ms in LoadMessage; 54ms in InitializeSparseNdw; 689ms in InferThetaAndUpdateNwtSparse; ]
I0904 18:26:18.433145  6136 master_component.cc:980] RegularizeModelArgs: rwt_target_name=rwt, pwt_source_name=pwt, nwt_source_name=nwt
I0904 18:26:18.433145  6136 master_component.cc:590] MasterComponent: start regularizing model pwt
I0904 18:26:18.454138  8720 processor.cc:662] No data in processing queue, waiting...
I0904 18:26:18.586741  6136 master_component.cc:613] MasterComponent: complete regularizing model pwt
I0904 18:26:18.586741  6136 master_component.cc:991] NormalizeModelArgs: pwt_target_name=pwt, nwt_source_name=nwt, rwt_source_name=rwt
I0904 18:26:18.586741  6136 master_component.cc:617] MasterComponent: start normalizing model nwt
I0904 18:26:18.672299  6136 master_component.cc:639] MasterComponent: complete normalizing model nwt
I0904 18:26:19.086468  6136 master_component.cc:1015] DisposeModel rwt
I0904 18:26:19.093974  6136 c_interface.cc:332] Pass FitOfflineMasterModelArgs, batch_filename_size=2, batch_weight_size=2, num_collection_passes=1 to void (__thiscall artm::core::MasterComponent::*)(class artm::FitOfflineMasterModelArgs const &)
I0904 18:26:19.093974  6136 master_component.cc:942] ProcessBatchesArgs: nwt_target_name=nwt, batch_filename_size=2, batch_size=0, batch_weight_size=2, pwt_source_name=pwt, num_document_passes=10, regularizer=(name:SparsePhi, tau:100000), regularizer=(name:NegSparsePhi, tau:-100000), class=(text:1), class=(author:1), reuse_theta=yes, opt_for_avx=yes, predict_class_id=
I0904 18:26:19.145012  8720 processor.cc:669] Processing queue has data, processing started
I0904 18:26:19.145012  6804 processor.cc:669] Processing queue has data, processing started
I0904 18:26:19.168025  6804 processor.cc:746] Processor: start processing batch 065644bc-681a-4ff8-bf25-d14331c37b13 into model nwt
I0904 18:26:19.182041  8720 processor.cc:746] Processor: start processing batch 8a1ec9c1-b2c1-4ad9-aba5-448ad9660116 into model nwt
I0904 18:26:19.524420  6804 processor.cc:842] Processor: complete processing batch 065644bc-681a-4ff8-bf25-d14331c37b13 into model nwt
I0904 18:26:19.528424  6804 cuckoo_watch.h:44] 383ms in ProcessBatch(D:\Coursera\Notebooks\homeworks\MyHW\3-4\lectures_batches\aaaaaa.batch) [including 22ms in LoadMessage; 21ms in InitializeSparseNdw; 334ms in InferThetaAndUpdateNwtSparse; ]
I0904 18:26:19.551440  6804 processor.cc:662] No data in processing queue, waiting...
I0904 18:26:19.888691  8720 processor.cc:842] Processor: complete processing batch 8a1ec9c1-b2c1-4ad9-aba5-448ad9660116 into model nwt
I0904 18:26:19.893699  8720 cuckoo_watch.h:44] 748ms in ProcessBatch(D:\Coursera\Notebooks\homeworks\MyHW\3-4\lectures_batches\aaaaab.batch) [including 35ms in LoadMessage; 51ms in InitializeSparseNdw; 654ms in InferThetaAndUpdateNwtSparse; ]
I0904 18:26:19.895721  6136 master_component.cc:980] RegularizeModelArgs: rwt_target_name=rwt, pwt_source_name=pwt, nwt_source_name=nwt
I0904 18:26:19.895721  6136 master_component.cc:590] MasterComponent: start regularizing model pwt
I0904 18:26:19.915714  8720 processor.cc:662] No data in processing queue, waiting...
I0904 18:26:20.051810  6136 master_component.cc:613] MasterComponent: complete regularizing model pwt
I0904 18:26:20.051810  6136 master_component.cc:991] NormalizeModelArgs: pwt_target_name=pwt, nwt_source_name=nwt, rwt_source_name=rwt
I0904 18:26:20.051810  6136 master_component.cc:617] MasterComponent: start normalizing model nwt
I0904 18:26:20.137877  6136 master_component.cc:639] MasterComponent: complete normalizing model nwt
I0904 18:26:20.546180  6136 master_component.cc:1015] DisposeModel rwt
I0904 18:26:20.554185  6136 c_interface.cc:332] Pass FitOfflineMasterModelArgs, batch_filename_size=2, batch_weight_size=2, num_collection_passes=1 to void (__thiscall artm::core::MasterComponent::*)(class artm::FitOfflineMasterModelArgs const &)
I0904 18:26:20.554185  6136 master_component.cc:942] ProcessBatchesArgs: nwt_target_name=nwt, batch_filename_size=2, batch_size=0, batch_weight_size=2, pwt_source_name=pwt, num_document_passes=10, regularizer=(name:SparsePhi, tau:100000), regularizer=(name:NegSparsePhi, tau:-100000), class=(text:1), class=(author:1), reuse_theta=yes, opt_for_avx=yes, predict_class_id=
I0904 18:26:20.605223  1448 processor.cc:669] Processing queue has data, processing started
I0904 18:26:20.606225   496 processor.cc:669] Processing queue has data, processing started
I0904 18:26:20.633242  1448 processor.cc:746] Processor: start processing batch 065644bc-681a-4ff8-bf25-d14331c37b13 into model nwt
I0904 18:26:20.654256   496 processor.cc:746] Processor: start processing batch 8a1ec9c1-b2c1-4ad9-aba5-448ad9660116 into model nwt
I0904 18:26:20.998508  1448 processor.cc:842] Processor: complete processing batch 065644bc-681a-4ff8-bf25-d14331c37b13 into model nwt
I0904 18:26:21.002511  1448 cuckoo_watch.h:44] 397ms in ProcessBatch(D:\Coursera\Notebooks\homeworks\MyHW\3-4\lectures_batches\aaaaaa.batch) [including 26ms in LoadMessage; 28ms in InitializeSparseNdw; 336ms in InferThetaAndUpdateNwtSparse; ]
I0904 18:26:21.023524  1448 processor.cc:662] No data in processing queue, waiting...
I0904 18:26:21.370784   496 processor.cc:842] Processor: complete processing batch 8a1ec9c1-b2c1-4ad9-aba5-448ad9660116 into model nwt
I0904 18:26:21.375785   496 cuckoo_watch.h:44] 769ms in ProcessBatch(D:\Coursera\Notebooks\homeworks\MyHW\3-4\lectures_batches\aaaaab.batch) [including 46ms in LoadMessage; 52ms in InitializeSparseNdw; 663ms in InferThetaAndUpdateNwtSparse; ]
I0904 18:26:21.377811  6136 master_component.cc:980] RegularizeModelArgs: rwt_target_name=rwt, pwt_source_name=pwt, nwt_source_name=nwt
I0904 18:26:21.377811  6136 master_component.cc:590] MasterComponent: start regularizing model pwt
I0904 18:26:21.398677   496 processor.cc:662] No data in processing queue, waiting...
I0904 18:26:21.529773  6136 master_component.cc:613] MasterComponent: complete regularizing model pwt
I0904 18:26:21.529773  6136 master_component.cc:991] NormalizeModelArgs: pwt_target_name=pwt, nwt_source_name=nwt, rwt_source_name=rwt
I0904 18:26:21.529773  6136 master_component.cc:617] MasterComponent: start normalizing model nwt
I0904 18:26:21.624842  6136 master_component.cc:639] MasterComponent: complete normalizing model nwt
I0904 18:26:22.030997  6136 master_component.cc:1015] DisposeModel rwt
I0904 18:26:22.039001  6136 c_interface.cc:332] Pass FitOfflineMasterModelArgs, batch_filename_size=2, batch_weight_size=2, num_collection_passes=1 to void (__thiscall artm::core::MasterComponent::*)(class artm::FitOfflineMasterModelArgs const &)
I0904 18:26:22.039001  6136 master_component.cc:942] ProcessBatchesArgs: nwt_target_name=nwt, batch_filename_size=2, batch_size=0, batch_weight_size=2, pwt_source_name=pwt, num_document_passes=10, regularizer=(name:SparsePhi, tau:100000), regularizer=(name:NegSparsePhi, tau:-100000), class=(text:1), class=(author:1), reuse_theta=yes, opt_for_avx=yes, predict_class_id=
I0904 18:26:22.093071  6804 processor.cc:669] Processing queue has data, processing started
I0904 18:26:22.093071  8720 processor.cc:669] Processing queue has data, processing started
I0904 18:26:22.113096  6804 processor.cc:746] Processor: start processing batch 065644bc-681a-4ff8-bf25-d14331c37b13 into model nwt
I0904 18:26:22.132107  8720 processor.cc:746] Processor: start processing batch 8a1ec9c1-b2c1-4ad9-aba5-448ad9660116 into model nwt
