I0906 11:30:10.727187  3232 cuckoo_watch.h:44] 499ms in ProcessBatch(D:\Coursera\Notebooks\homeworks\MyHW\3-4\lectures_batches\aaaaab.batch) [including 45ms in LoadMessage; 55ms in InitializeSparseNdw; 388ms in InferThetaAndUpdateNwtSparse; ]
I0906 11:30:10.727687  3140 master_component.cc:980] RegularizeModelArgs: rwt_target_name=rwt, pwt_source_name=pwt, nwt_source_name=nwt
I0906 11:30:10.727687  3140 master_component.cc:590] MasterComponent: start regularizing model pwt
I0906 11:30:10.746201  3232 processor.cc:662] No data in processing queue, waiting...
I0906 11:30:10.881289  3140 master_component.cc:613] MasterComponent: complete regularizing model pwt
I0906 11:30:10.881289  3140 master_component.cc:991] NormalizeModelArgs: pwt_target_name=pwt, nwt_source_name=nwt, rwt_source_name=rwt
I0906 11:30:10.881289  3140 master_component.cc:617] MasterComponent: start normalizing model nwt
I0906 11:30:10.969347  3140 master_component.cc:639] MasterComponent: complete normalizing model nwt
I0906 11:30:11.454169  3140 master_component.cc:1015] DisposeModel rwt
I0906 11:30:11.464676  3140 c_interface.cc:332] Pass FitOfflineMasterModelArgs, batch_filename_size=2, batch_weight_size=2, num_collection_passes=1 to void (__thiscall artm::core::MasterComponent::*)(class artm::FitOfflineMasterModelArgs const &)
I0906 11:30:11.464676  3140 master_component.cc:942] ProcessBatchesArgs: nwt_target_name=nwt, batch_filename_size=2, batch_size=0, batch_weight_size=2, pwt_source_name=pwt, num_document_passes=1, regularizer=(name:SparsePhi, tau:100000), regularizer=(name:NegSparsePhi, tau:-100000), class=(text:1), class=(author:1), reuse_theta=yes, opt_for_avx=yes, predict_class_id=
I0906 11:30:11.516227  6080 processor.cc:669] Processing queue has data, processing started
I0906 11:30:11.516227   808 processor.cc:669] Processing queue has data, processing started
I0906 11:30:11.536725   808 processor.cc:746] Processor: start processing batch 56299932-52ff-4510-aae4-f733d404c409 into model nwt
I0906 11:30:11.554736  6080 processor.cc:746] Processor: start processing batch 948a0451-2262-4237-8078-d64a07380d8b into model nwt
I0906 11:30:11.843427   808 processor.cc:842] Processor: complete processing batch 56299932-52ff-4510-aae4-f733d404c409 into model nwt
I0906 11:30:11.849932   808 cuckoo_watch.h:44] 333ms in ProcessBatch(D:\Coursera\Notebooks\homeworks\MyHW\3-4\lectures_batches\aaaaaa.batch) [including 18ms in LoadMessage; 27ms in InitializeSparseNdw; 277ms in InferThetaAndUpdateNwtSparse; ]
I0906 11:30:11.871445   808 processor.cc:662] No data in processing queue, waiting...
I0906 11:30:12.122613  6080 processor.cc:842] Processor: complete processing batch 948a0451-2262-4237-8078-d64a07380d8b into model nwt
I0906 11:30:12.128617  6080 cuckoo_watch.h:44] 612ms in ProcessBatch(D:\Coursera\Notebooks\homeworks\MyHW\3-4\lectures_batches\aaaaab.batch) [including 37ms in LoadMessage; 63ms in InitializeSparseNdw; 504ms in InferThetaAndUpdateNwtSparse; ]
I0906 11:30:12.129119  3140 master_component.cc:980] RegularizeModelArgs: rwt_target_name=rwt, pwt_source_name=pwt, nwt_source_name=nwt
I0906 11:30:12.129119  3140 master_component.cc:590] MasterComponent: start regularizing model pwt
I0906 11:30:12.151130  6080 processor.cc:662] No data in processing queue, waiting...
I0906 11:30:12.396293  3140 master_component.cc:613] MasterComponent: complete regularizing model pwt
I0906 11:30:12.396293  3140 master_component.cc:991] NormalizeModelArgs: pwt_target_name=pwt, nwt_source_name=nwt, rwt_source_name=rwt
I0906 11:30:12.396293  3140 master_component.cc:617] MasterComponent: start normalizing model nwt
I0906 11:30:12.514871  3140 master_component.cc:639] MasterComponent: complete normalizing model nwt
I0906 11:30:12.930148  3140 master_component.cc:1015] DisposeModel rwt
I0906 11:30:12.938153  3140 c_interface.cc:332] Pass FitOfflineMasterModelArgs, batch_filename_size=2, batch_weight_size=2, num_collection_passes=1 to void (__thiscall artm::core::MasterComponent::*)(class artm::FitOfflineMasterModelArgs const &)
I0906 11:30:12.938153  3140 master_component.cc:942] ProcessBatchesArgs: nwt_target_name=nwt, batch_filename_size=2, batch_size=0, batch_weight_size=2, pwt_source_name=pwt, num_document_passes=1, regularizer=(name:SparsePhi, tau:100000), regularizer=(name:NegSparsePhi, tau:-100000), class=(text:1), class=(author:1), reuse_theta=yes, opt_for_avx=yes, predict_class_id=
I0906 11:30:12.990187  3232 processor.cc:669] Processing queue has data, processing started
I0906 11:30:12.991188  6080 processor.cc:669] Processing queue has data, processing started
I0906 11:30:13.010700  3232 processor.cc:746] Processor: start processing batch 56299932-52ff-4510-aae4-f733d404c409 into model nwt
I0906 11:30:13.027714  6080 processor.cc:746] Processor: start processing batch 948a0451-2262-4237-8078-d64a07380d8b into model nwt
I0906 11:30:13.237351  3232 processor.cc:842] Processor: complete processing batch 56299932-52ff-4510-aae4-f733d404c409 into model nwt
I0906 11:30:13.241353  3232 cuckoo_watch.h:44] 251ms in ProcessBatch(D:\Coursera\Notebooks\homeworks\MyHW\3-4\lectures_batches\aaaaaa.batch) [including 19ms in LoadMessage; 25ms in InitializeSparseNdw; 200ms in InferThetaAndUpdateNwtSparse; ]
I0906 11:30:13.260367  3232 processor.cc:662] No data in processing queue, waiting...
I0906 11:30:13.497023  6080 processor.cc:842] Processor: complete processing batch 948a0451-2262-4237-8078-d64a07380d8b into model nwt
I0906 11:30:13.503027  6080 cuckoo_watch.h:44] 511ms in ProcessBatch(D:\Coursera\Notebooks\homeworks\MyHW\3-4\lectures_batches\aaaaab.batch) [including 34ms in LoadMessage; 48ms in InitializeSparseNdw; 420ms in InferThetaAndUpdateNwtSparse; ]
I0906 11:30:13.503528  3140 master_component.cc:980] RegularizeModelArgs: rwt_target_name=rwt, pwt_source_name=pwt, nwt_source_name=nwt
I0906 11:30:13.503528  3140 master_component.cc:590] MasterComponent: start regularizing model pwt
I0906 11:30:13.522539  6080 processor.cc:662] No data in processing queue, waiting...
I0906 11:30:13.652125  3140 master_component.cc:613] MasterComponent: complete regularizing model pwt
I0906 11:30:13.652125  3140 master_component.cc:991] NormalizeModelArgs: pwt_target_name=pwt, nwt_source_name=nwt, rwt_source_name=rwt
I0906 11:30:13.652125  3140 master_component.cc:617] MasterComponent: start normalizing model nwt
I0906 11:30:13.736681  3140 master_component.cc:639] MasterComponent: complete normalizing model nwt
I0906 11:30:14.144453  3140 master_component.cc:1015] DisposeModel rwt
I0906 11:30:14.154961  3140 c_interface.cc:332] Pass FitOfflineMasterModelArgs, batch_filename_size=2, batch_weight_size=2, num_collection_passes=1 to void (__thiscall artm::core::MasterComponent::*)(class artm::FitOfflineMasterModelArgs const &)
I0906 11:30:14.154961  3140 master_component.cc:942] ProcessBatchesArgs: nwt_target_name=nwt, batch_filename_size=2, batch_size=0, batch_weight_size=2, pwt_source_name=pwt, num_document_passes=1, regularizer=(name:SparsePhi, tau:100000), regularizer=(name:NegSparsePhi, tau:-100000), class=(text:1), class=(author:1), reuse_theta=yes, opt_for_avx=yes, predict_class_id=
I0906 11:30:14.204995  6080 processor.cc:669] Processing queue has data, processing started
I0906 11:30:14.204995  7376 processor.cc:669] Processing queue has data, processing started
I0906 11:30:14.228509  7376 processor.cc:746] Processor: start processing batch 56299932-52ff-4510-aae4-f733d404c409 into model nwt
I0906 11:30:14.243019  6080 processor.cc:746] Processor: start processing batch 948a0451-2262-4237-8078-d64a07380d8b into model nwt
I0906 11:30:14.447154  7376 processor.cc:842] Processor: complete processing batch 56299932-52ff-4510-aae4-f733d404c409 into model nwt
I0906 11:30:14.450656  7376 cuckoo_watch.h:44] 245ms in ProcessBatch(D:\Coursera\Notebooks\homeworks\MyHW\3-4\lectures_batches\aaaaaa.batch) [including 22ms in LoadMessage; 19ms in InitializeSparseNdw; 197ms in InferThetaAndUpdateNwtSparse; ]
I0906 11:30:14.469668  7376 processor.cc:662] No data in processing queue, waiting...
I0906 11:30:14.675304  6080 processor.cc:842] Processor: complete processing batch 948a0451-2262-4237-8078-d64a07380d8b into model nwt
I0906 11:30:14.682309  6080 cuckoo_watch.h:44] 477ms in ProcessBatch(D:\Coursera\Notebooks\homeworks\MyHW\3-4\lectures_batches\aaaaab.batch) [including 36ms in LoadMessage; 54ms in InitializeSparseNdw; 377ms in InferThetaAndUpdateNwtSparse; ]
I0906 11:30:14.683811  3140 master_component.cc:980] RegularizeModelArgs: rwt_target_name=rwt, pwt_source_name=pwt, nwt_source_name=nwt
I0906 11:30:14.683811  3140 master_component.cc:590] MasterComponent: start regularizing model pwt
I0906 11:30:14.703323  6080 processor.cc:662] No data in processing queue, waiting...
I0906 11:30:14.838913  3140 master_component.cc:613] MasterComponent: complete regularizing model pwt
I0906 11:30:14.838913  3140 master_component.cc:991] NormalizeModelArgs: pwt_target_name=pwt, nwt_source_name=nwt, rwt_source_name=rwt
I0906 11:30:14.838913  3140 master_component.cc:617] MasterComponent: start normalizing model nwt
I0906 11:30:14.923470  3140 master_component.cc:639] MasterComponent: complete normalizing model nwt
I0906 11:30:15.326736  3140 master_component.cc:1015] DisposeModel rwt
I0906 11:30:15.334242  3140 c_interface.cc:332] Pass FitOfflineMasterModelArgs, batch_filename_size=2, batch_weight_size=2, num_collection_passes=1 to void (__thiscall artm::core::MasterComponent::*)(class artm::FitOfflineMasterModelArgs const &)
I0906 11:30:15.334242  3140 master_component.cc:942] ProcessBatchesArgs: nwt_target_name=nwt, batch_filename_size=2, batch_size=0, batch_weight_size=2, pwt_source_name=pwt, num_document_passes=1, regularizer=(name:SparsePhi, tau:100000), regularizer=(name:NegSparsePhi, tau:-100000), class=(text:1), class=(author:1), reuse_theta=yes, opt_for_avx=yes, predict_class_id=
I0906 11:30:15.386278  7376 processor.cc:669] Processing queue has data, processing started
I0906 11:30:15.386278  3232 processor.cc:669] Processing queue has data, processing started
I0906 11:30:15.407294  3232 processor.cc:746] Processor: start processing batch 56299932-52ff-4510-aae4-f733d404c409 into model nwt
I0906 11:30:15.430306  7376 processor.cc:746] Processor: start processing batch 948a0451-2262-4237-8078-d64a07380d8b into model nwt
I0906 11:30:15.615427  3232 processor.cc:842] Processor: complete processing batch 56299932-52ff-4510-aae4-f733d404c409 into model nwt
I0906 11:30:15.618932  3232 cuckoo_watch.h:44] 232ms in ProcessBatch(D:\Coursera\Notebooks\homeworks\MyHW\3-4\lectures_batches\aaaaaa.batch) [including 19ms in LoadMessage; 28ms in InitializeSparseNdw; 178ms in InferThetaAndUpdateNwtSparse; ]
I0906 11:30:15.638943  3232 processor.cc:662] No data in processing queue, waiting...
I0906 11:30:15.844080  7376 processor.cc:842] Processor: complete processing batch 948a0451-2262-4237-8078-d64a07380d8b into model nwt
I0906 11:30:15.849082  7376 cuckoo_watch.h:44] 462ms in ProcessBatch(D:\Coursera\Notebooks\homeworks\MyHW\3-4\lectures_batches\aaaaab.batch) [including 42ms in LoadMessage; 46ms in InitializeSparseNdw; 367ms in InferThetaAndUpdateNwtSparse; ]
I0906 11:30:15.849586  3140 master_component.cc:980] RegularizeModelArgs: rwt_target_name=rwt, pwt_source_name=pwt, nwt_source_name=nwt
I0906 11:30:15.849586  3140 master_component.cc:590] MasterComponent: start regularizing model pwt
I0906 11:30:15.869096  7376 processor.cc:662] No data in processing queue, waiting...
I0906 11:30:15.999682  3140 master_component.cc:613] MasterComponent: complete regularizing model pwt
I0906 11:30:15.999682  3140 master_component.cc:991] NormalizeModelArgs: pwt_target_name=pwt, nwt_source_name=nwt, rwt_source_name=rwt
I0906 11:30:15.999682  3140 master_component.cc:617] MasterComponent: start normalizing model nwt
I0906 11:30:16.084738  3140 master_component.cc:639] MasterComponent: complete normalizing model nwt
I0906 11:30:16.487506  3140 master_component.cc:1015] DisposeModel rwt
I0906 11:30:16.495512  3140 c_interface.cc:332] Pass FitOfflineMasterModelArgs, batch_filename_size=2, batch_weight_size=2, num_collection_passes=1 to void (__thiscall artm::core::MasterComponent::*)(class artm::FitOfflineMasterModelArgs const &)
I0906 11:30:16.495512  3140 master_component.cc:942] ProcessBatchesArgs: nwt_target_name=nwt, batch_filename_size=2, batch_size=0, batch_weight_size=2, pwt_source_name=pwt, num_document_passes=1, regularizer=(name:SparsePhi, tau:100000), regularizer=(name:NegSparsePhi, tau:-100000), class=(text:1), class=(author:1), reuse_theta=yes, opt_for_avx=yes, predict_class_id=
I0906 11:30:16.544546   808 processor.cc:669] Processing queue has data, processing started
I0906 11:30:16.544546  6080 processor.cc:669] Processing queue has data, processing started
I0906 11:30:16.565057  6080 processor.cc:746] Processor: start processing batch 56299932-52ff-4510-aae4-f733d404c409 into model nwt
I0906 11:30:16.583070   808 processor.cc:746] Processor: start processing batch 948a0451-2262-4237-8078-d64a07380d8b into model nwt
I0906 11:30:16.798713  6080 processor.cc:842] Processor: complete processing batch 56299932-52ff-4510-aae4-f733d404c409 into model nwt
I0906 11:30:16.803715  6080 cuckoo_watch.h:44] 259ms in ProcessBatch(D:\Coursera\Notebooks\homeworks\MyHW\3-4\lectures_batches\aaaaaa.batch) [including 19ms in LoadMessage; 23ms in InitializeSparseNdw; 208ms in InferThetaAndUpdateNwtSparse; ]
I0906 11:30:16.822727  6080 processor.cc:662] No data in processing queue, waiting...
I0906 11:30:17.022861   808 processor.cc:842] Processor: complete processing batch 948a0451-2262-4237-8078-d64a07380d8b into model nwt
I0906 11:30:17.028363   808 cuckoo_watch.h:44] 483ms in ProcessBatch(D:\Coursera\Notebooks\homeworks\MyHW\3-4\lectures_batches\aaaaab.batch) [including 36ms in LoadMessage; 53ms in InitializeSparseNdw; 386ms in InferThetaAndUpdateNwtSparse; ]
I0906 11:30:17.028865  3140 master_component.cc:980] RegularizeModelArgs: rwt_target_name=rwt, pwt_source_name=pwt, nwt_source_name=nwt
I0906 11:30:17.028865  3140 master_component.cc:590] MasterComponent: start regularizing model pwt
I0906 11:30:17.047878   808 processor.cc:662] No data in processing queue, waiting...
I0906 11:30:17.178464  3140 master_component.cc:613] MasterComponent: complete regularizing model pwt
I0906 11:30:17.178464  3140 master_component.cc:991] NormalizeModelArgs: pwt_target_name=pwt, nwt_source_name=nwt, rwt_source_name=rwt
I0906 11:30:17.178464  3140 master_component.cc:617] MasterComponent: start normalizing model nwt
I0906 11:30:17.263520  3140 master_component.cc:639] MasterComponent: complete normalizing model nwt
I0906 11:30:17.665803  3140 master_component.cc:1015] DisposeModel rwt
I0906 11:30:17.673810  3140 c_interface.cc:332] Pass FitOfflineMasterModelArgs, batch_filename_size=2, batch_weight_size=2, num_collection_passes=1 to void (__thiscall artm::core::MasterComponent::*)(class artm::FitOfflineMasterModelArgs const &)
I0906 11:30:17.673810  3140 master_component.cc:942] ProcessBatchesArgs: nwt_target_name=nwt, batch_filename_size=2, batch_size=0, batch_weight_size=2, pwt_source_name=pwt, num_document_passes=1, regularizer=(name:SparsePhi, tau:100000), regularizer=(name:NegSparsePhi, tau:-100000), class=(text:1), class=(author:1), reuse_theta=yes, opt_for_avx=yes, predict_class_id=
I0906 11:30:17.725853  6080 processor.cc:669] Processing queue has data, processing started
I0906 11:30:17.725853  3232 processor.cc:669] Processing queue has data, processing started
I0906 11:30:17.758873  3232 processor.cc:746] Processor: start processing batch 56299932-52ff-4510-aae4-f733d404c409 into model nwt
I0906 11:30:17.775885  6080 processor.cc:746] Processor: start processing batch 948a0451-2262-4237-8078-d64a07380d8b into model nwt
I0906 11:30:17.981048  3232 processor.cc:842] Processor: complete processing batch 56299932-52ff-4510-aae4-f733d404c409 into model nwt
I0906 11:30:17.985051  3232 cuckoo_watch.h:44] 259ms in ProcessBatch(D:\Coursera\Notebooks\homeworks\MyHW\3-4\lectures_batches\aaaaaa.batch) [including 30ms in LoadMessage; 26ms in InitializeSparseNdw; 196ms in InferThetaAndUpdateNwtSparse; ]
I0906 11:30:18.005065  3232 processor.cc:662] No data in processing queue, waiting...
I0906 11:30:18.201705  6080 processor.cc:842] Processor: complete processing batch 948a0451-2262-4237-8078-d64a07380d8b into model nwt
I0906 11:30:18.207209  6080 cuckoo_watch.h:44] 481ms in ProcessBatch(D:\Coursera\Notebooks\homeworks\MyHW\3-4\lectures_batches\aaaaab.batch) [including 47ms in LoadMessage; 49ms in InitializeSparseNdw; 375ms in InferThetaAndUpdateNwtSparse; ]
I0906 11:30:18.207726  3140 master_component.cc:980] RegularizeModelArgs: rwt_target_name=rwt, pwt_source_name=pwt, nwt_source_name=nwt
I0906 11:30:18.207726  3140 master_component.cc:590] MasterComponent: start regularizing model pwt
I0906 11:30:18.226722  6080 processor.cc:662] No data in processing queue, waiting...
I0906 11:30:18.358361  3140 master_component.cc:613] MasterComponent: complete regularizing model pwt
I0906 11:30:18.358361  3140 master_component.cc:991] NormalizeModelArgs: pwt_target_name=pwt, nwt_source_name=nwt, rwt_source_name=rwt
I0906 11:30:18.358361  3140 master_component.cc:617] MasterComponent: start normalizing model nwt
I0906 11:30:18.442425  3140 master_component.cc:639] MasterComponent: complete normalizing model nwt
I0906 11:30:18.846720  3140 master_component.cc:1015] DisposeModel rwt
I0906 11:30:18.854727  3140 c_interface.cc:332] Pass FitOfflineMasterModelArgs, batch_filename_size=2, batch_weight_size=2, num_collection_passes=1 to void (__thiscall artm::core::MasterComponent::*)(class artm::FitOfflineMasterModelArgs const &)
I0906 11:30:18.854727  3140 master_component.cc:942] ProcessBatchesArgs: nwt_target_name=nwt, batch_filename_size=2, batch_size=0, batch_weight_size=2, pwt_source_name=pwt, num_document_passes=1, regularizer=(name:SparsePhi, tau:100000), regularizer=(name:NegSparsePhi, tau:-100000), class=(text:1), class=(author:1), reuse_theta=yes, opt_for_avx=yes, predict_class_id=
I0906 11:30:18.904769   808 processor.cc:669] Processing queue has data, processing started
I0906 11:30:18.904769  6080 processor.cc:669] Processing queue has data, processing started
I0906 11:30:18.924782   808 processor.cc:746] Processor: start processing batch 56299932-52ff-4510-aae4-f733d404c409 into model nwt
I0906 11:30:18.940793  6080 processor.cc:746] Processor: start processing batch 948a0451-2262-4237-8078-d64a07380d8b into model nwt
I0906 11:30:19.140946   808 processor.cc:842] Processor: complete processing batch 56299932-52ff-4510-aae4-f733d404c409 into model nwt
I0906 11:30:19.144948   808 cuckoo_watch.h:44] 240ms in ProcessBatch(D:\Coursera\Notebooks\homeworks\MyHW\3-4\lectures_batches\aaaaaa.batch) [including 18ms in LoadMessage; 24ms in InitializeSparseNdw; 191ms in InferThetaAndUpdateNwtSparse; ]
I0906 11:30:19.163965   808 processor.cc:662] No data in processing queue, waiting...
I0906 11:30:19.363622  6080 processor.cc:842] Processor: complete processing batch 948a0451-2262-4237-8078-d64a07380d8b into model nwt
I0906 11:30:19.369627  6080 cuckoo_watch.h:44] 464ms in ProcessBatch(D:\Coursera\Notebooks\homeworks\MyHW\3-4\lectures_batches\aaaaab.batch) [including 34ms in LoadMessage; 44ms in InitializeSparseNdw; 377ms in InferThetaAndUpdateNwtSparse; ]
I0906 11:30:19.371129  3140 master_component.cc:980] RegularizeModelArgs: rwt_target_name=rwt, pwt_source_name=pwt, nwt_source_name=nwt
I0906 11:30:19.371129  3140 master_component.cc:590] MasterComponent: start regularizing model pwt
I0906 11:30:19.389143  6080 processor.cc:662] No data in processing queue, waiting...
I0906 11:30:19.521236  3140 master_component.cc:613] MasterComponent: complete regularizing model pwt
I0906 11:30:19.521236  3140 master_component.cc:991] NormalizeModelArgs: pwt_target_name=pwt, nwt_source_name=nwt, rwt_source_name=rwt
I0906 11:30:19.521236  3140 master_component.cc:617] MasterComponent: start normalizing model nwt
I0906 11:30:19.605300  3140 master_component.cc:639] MasterComponent: complete normalizing model nwt
I0906 11:30:20.005590  3140 master_component.cc:1015] DisposeModel rwt
I0906 11:30:20.013595  3140 c_interface.cc:332] Pass FitOfflineMasterModelArgs, batch_filename_size=2, batch_weight_size=2, num_collection_passes=1 to void (__thiscall artm::core::MasterComponent::*)(class artm::FitOfflineMasterModelArgs const &)
I0906 11:30:20.013595  3140 master_component.cc:942] ProcessBatchesArgs: nwt_target_name=nwt, batch_filename_size=2, batch_size=0, batch_weight_size=2, pwt_source_name=pwt, num_document_passes=1, regularizer=(name:SparsePhi, tau:100000), regularizer=(name:NegSparsePhi, tau:-100000), class=(text:1), class=(author:1), reuse_theta=yes, opt_for_avx=yes, predict_class_id=
I0906 11:30:20.064633  3232 processor.cc:669] Processing queue has data, processing started
I0906 11:30:20.064633  7376 processor.cc:669] Processing queue has data, processing started
I0906 11:30:20.095659  3232 processor.cc:746] Processor: start processing batch 56299932-52ff-4510-aae4-f733d404c409 into model nwt
I0906 11:30:20.113673  7376 processor.cc:746] Processor: start processing batch 948a0451-2262-4237-8078-d64a07380d8b into model nwt
I0906 11:30:20.326833  3232 processor.cc:842] Processor: complete processing batch 56299932-52ff-4510-aae4-f733d404c409 into model nwt
I0906 11:30:20.330837  3232 cuckoo_watch.h:44] 266ms in ProcessBatch(D:\Coursera\Notebooks\homeworks\MyHW\3-4\lectures_batches\aaaaaa.batch) [including 28ms in LoadMessage; 23ms in InitializeSparseNdw; 207ms in InferThetaAndUpdateNwtSparse; ]
I0906 11:30:20.349848  3232 processor.cc:662] No data in processing queue, waiting...
I0906 11:30:20.548993  7376 processor.cc:842] Processor: complete processing batch 948a0451-2262-4237-8078-d64a07380d8b into model nwt
I0906 11:30:20.555997  7376 cuckoo_watch.h:44] 491ms in ProcessBatch(D:\Coursera\Notebooks\homeworks\MyHW\3-4\lectures_batches\aaaaab.batch) [including 48ms in LoadMessage; 54ms in InitializeSparseNdw; 379ms in InferThetaAndUpdateNwtSparse; ]
I0906 11:30:20.557000  3140 master_component.cc:980] RegularizeModelArgs: rwt_target_name=rwt, pwt_source_name=pwt, nwt_source_name=nwt
I0906 11:30:20.557000  3140 master_component.cc:590] MasterComponent: start regularizing model pwt
I0906 11:30:20.577515  7376 processor.cc:662] No data in processing queue, waiting...
I0906 11:30:20.719272  3140 master_component.cc:613] MasterComponent: complete regularizing model pwt
I0906 11:30:20.719272  3140 master_component.cc:991] NormalizeModelArgs: pwt_target_name=pwt, nwt_source_name=nwt, rwt_source_name=rwt
I0906 11:30:20.719272  3140 master_component.cc:617] MasterComponent: start normalizing model nwt
I0906 11:30:20.816345  3140 master_component.cc:639] MasterComponent: complete normalizing model nwt
I0906 11:30:21.215639  3140 master_component.cc:1015] DisposeModel rwt
I0906 11:30:21.222645  3140 c_interface.cc:332] Pass FitOfflineMasterModelArgs, batch_filename_size=2, batch_weight_size=2, num_collection_passes=1 to void (__thiscall artm::core::MasterComponent::*)(class artm::FitOfflineMasterModelArgs const &)
I0906 11:30:21.222645  3140 master_component.cc:942] ProcessBatchesArgs: nwt_target_name=nwt, batch_filename_size=2, batch_size=0, batch_weight_size=2, pwt_source_name=pwt, num_document_passes=1, regularizer=(name:SparsePhi, tau:100000), regularizer=(name:NegSparsePhi, tau:-100000), class=(text:1), class=(author:1), reuse_theta=yes, opt_for_avx=yes, predict_class_id=
I0906 11:30:21.274214   808 processor.cc:669] Processing queue has data, processing started
I0906 11:30:21.274214  7376 processor.cc:669] Processing queue has data, processing started
I0906 11:30:21.296701  7376 processor.cc:746] Processor: start processing batch 56299932-52ff-4510-aae4-f733d404c409 into model nwt
I0906 11:30:21.313712   808 processor.cc:746] Processor: start processing batch 948a0451-2262-4237-8078-d64a07380d8b into model nwt
I0906 11:30:21.536877  7376 processor.cc:842] Processor: complete processing batch 56299932-52ff-4510-aae4-f733d404c409 into model nwt
I0906 11:30:21.539880  7376 cuckoo_watch.h:44] 265ms in ProcessBatch(D:\Coursera\Notebooks\homeworks\MyHW\3-4\lectures_batches\aaaaaa.batch) [including 20ms in LoadMessage; 25ms in InitializeSparseNdw; 215ms in InferThetaAndUpdateNwtSparse; ]
I0906 11:30:21.558892  7376 processor.cc:662] No data in processing queue, waiting...
I0906 11:30:21.767563   808 processor.cc:842] Processor: complete processing batch 948a0451-2262-4237-8078-d64a07380d8b into model nwt
I0906 11:30:21.773567   808 cuckoo_watch.h:44] 499ms in ProcessBatch(D:\Coursera\Notebooks\homeworks\MyHW\3-4\lectures_batches\aaaaab.batch) [including 37ms in LoadMessage; 52ms in InitializeSparseNdw; 401ms in InferThetaAndUpdateNwtSparse; ]
I0906 11:30:21.775068  3140 master_component.cc:980] RegularizeModelArgs: rwt_target_name=rwt, pwt_source_name=pwt, nwt_source_name=nwt
I0906 11:30:21.775068  3140 master_component.cc:590] MasterComponent: start regularizing model pwt
I0906 11:30:21.794082   808 processor.cc:662] No data in processing queue, waiting...
I0906 11:30:21.923174  3140 master_component.cc:613] MasterComponent: complete regularizing model pwt
I0906 11:30:21.924175  3140 master_component.cc:991] NormalizeModelArgs: pwt_target_name=pwt, nwt_source_name=nwt, rwt_source_name=rwt
I0906 11:30:21.924175  3140 master_component.cc:617] MasterComponent: start normalizing model nwt
I0906 11:30:22.007237  3140 master_component.cc:639] MasterComponent: complete normalizing model nwt
I0906 11:30:22.407529  3140 master_component.cc:1015] DisposeModel rwt
I0906 11:30:22.414535  3140 c_interface.cc:332] Pass FitOfflineMasterModelArgs, batch_filename_size=2, batch_weight_size=2, num_collection_passes=1 to void (__thiscall artm::core::MasterComponent::*)(class artm::FitOfflineMasterModelArgs const &)
I0906 11:30:22.414535  3140 master_component.cc:942] ProcessBatchesArgs: nwt_target_name=nwt, batch_filename_size=2, batch_size=0, batch_weight_size=2, pwt_source_name=pwt, num_document_passes=1, regularizer=(name:SparsePhi, tau:100000), regularizer=(name:NegSparsePhi, tau:-100000), class=(text:1), class=(author:1), reuse_theta=yes, opt_for_avx=yes, predict_class_id=
I0906 11:30:22.463567  6080 processor.cc:669] Processing queue has data, processing started
I0906 11:30:22.465567   808 processor.cc:669] Processing queue has data, processing started
I0906 11:30:22.485589  6080 processor.cc:746] Processor: start processing batch 56299932-52ff-4510-aae4-f733d404c409 into model nwt
I0906 11:30:22.502599   808 processor.cc:746] Processor: start processing batch 948a0451-2262-4237-8078-d64a07380d8b into model nwt
I0906 11:30:22.701745  6080 processor.cc:842] Processor: complete processing batch 56299932-52ff-4510-aae4-f733d404c409 into model nwt
I0906 11:30:22.704746  6080 cuckoo_watch.h:44] 241ms in ProcessBatch(D:\Coursera\Notebooks\homeworks\MyHW\3-4\lectures_batches\aaaaaa.batch) [including 21ms in LoadMessage; 21ms in InitializeSparseNdw; 193ms in InferThetaAndUpdateNwtSparse; ]
I0906 11:30:22.723759  6080 processor.cc:662] No data in processing queue, waiting...
I0906 11:30:22.925911   808 processor.cc:842] Processor: complete processing batch 948a0451-2262-4237-8078-d64a07380d8b into model nwt
I0906 11:30:22.931915   808 cuckoo_watch.h:44] 466ms in ProcessBatch(D:\Coursera\Notebooks\homeworks\MyHW\3-4\lectures_batches\aaaaab.batch) [including 35ms in LoadMessage; 52ms in InitializeSparseNdw; 370ms in InferThetaAndUpdateNwtSparse; ]
I0906 11:30:22.932919  3140 master_component.cc:980] RegularizeModelArgs: rwt_target_name=rwt, pwt_source_name=pwt, nwt_source_name=nwt
I0906 11:30:22.932919  3140 master_component.cc:590] MasterComponent: start regularizing model pwt
I0906 11:30:22.952929   808 processor.cc:662] No data in processing queue, waiting...
I0906 11:30:23.082029  3140 master_component.cc:613] MasterComponent: complete regularizing model pwt
I0906 11:30:23.082029  3140 master_component.cc:991] NormalizeModelArgs: pwt_target_name=pwt, nwt_source_name=nwt, rwt_source_name=rwt
I0906 11:30:23.082029  3140 master_component.cc:617] MasterComponent: start normalizing model nwt
I0906 11:30:23.166087  3140 master_component.cc:639] MasterComponent: complete normalizing model nwt
I0906 11:30:23.616431  3140 master_component.cc:1015] DisposeModel rwt
I0906 11:30:23.627439  3140 c_interface.cc:332] Pass FitOfflineMasterModelArgs, batch_filename_size=2, batch_weight_size=2, num_collection_passes=1 to void (__thiscall artm::core::MasterComponent::*)(class artm::FitOfflineMasterModelArgs const &)
I0906 11:30:23.627439  3140 master_component.cc:942] ProcessBatchesArgs: nwt_target_name=nwt, batch_filename_size=2, batch_size=0, batch_weight_size=2, pwt_source_name=pwt, num_document_passes=1, regularizer=(name:SparsePhi, tau:100000), regularizer=(name:NegSparsePhi, tau:-100000), class=(text:1), class=(author:1), reuse_theta=yes, opt_for_avx=yes, predict_class_id=
I0906 11:30:23.681982  3232 processor.cc:669] Processing queue has data, processing started
I0906 11:30:23.681982   808 processor.cc:669] Processing queue has data, processing started
I0906 11:30:23.703503  3232 processor.cc:746] Processor: start processing batch 56299932-52ff-4510-aae4-f733d404c409 into model nwt
I0906 11:30:23.717507   808 processor.cc:746] Processor: start processing batch 948a0451-2262-4237-8078-d64a07380d8b into model nwt
I0906 11:30:23.916656  3232 processor.cc:842] Processor: complete processing batch 56299932-52ff-4510-aae4-f733d404c409 into model nwt
I0906 11:30:23.919658  3232 cuckoo_watch.h:44] 237ms in ProcessBatch(D:\Coursera\Notebooks\homeworks\MyHW\3-4\lectures_batches\aaaaaa.batch) [including 20ms in LoadMessage; 20ms in InitializeSparseNdw; 193ms in InferThetaAndUpdateNwtSparse; ]
I0906 11:30:23.941674  3232 processor.cc:662] No data in processing queue, waiting...
I0906 11:30:24.141826   808 processor.cc:842] Processor: complete processing batch 948a0451-2262-4237-8078-d64a07380d8b into model nwt
I0906 11:30:24.147830   808 cuckoo_watch.h:44] 465ms in ProcessBatch(D:\Coursera\Notebooks\homeworks\MyHW\3-4\lectures_batches\aaaaab.batch) [including 34ms in LoadMessage; 50ms in InitializeSparseNdw; 373ms in InferThetaAndUpdateNwtSparse; ]
I0906 11:30:24.149833  3140 master_component.cc:980] RegularizeModelArgs: rwt_target_name=rwt, pwt_source_name=pwt, nwt_source_name=nwt
I0906 11:30:24.149833  3140 master_component.cc:590] MasterComponent: start regularizing model pwt
I0906 11:30:24.168846   808 processor.cc:662] No data in processing queue, waiting...
I0906 11:30:24.314954  3140 master_component.cc:613] MasterComponent: complete regularizing model pwt
I0906 11:30:24.314954  3140 master_component.cc:991] NormalizeModelArgs: pwt_target_name=pwt, nwt_source_name=nwt, rwt_source_name=rwt
I0906 11:30:24.314954  3140 master_component.cc:617] MasterComponent: start normalizing model nwt
I0906 11:30:24.407021  3140 master_component.cc:639] MasterComponent: complete normalizing model nwt
I0906 11:30:24.944455  3140 master_component.cc:1015] DisposeModel rwt
I0906 11:30:25.071583  3140 c_interface.cc:180] ArtmCopyRequestedMessage is copying 546458 bytes...
I0906 11:30:25.661033  3140 c_interface.cc:180] ArtmCopyRequestedMessage is copying 546458 bytes...
I0906 11:30:26.087352  3140 c_interface.cc:180] ArtmCopyRequestedMessage is copying 546458 bytes...
I0906 11:30:26.512655  3140 c_interface.cc:180] ArtmCopyRequestedMessage is copying 546458 bytes...
I0906 11:30:26.941965  3140 c_interface.cc:180] ArtmCopyRequestedMessage is copying 546458 bytes...
I0906 11:30:27.366266  3140 c_interface.cc:180] ArtmCopyRequestedMessage is copying 546458 bytes...
I0906 11:30:27.796586  3140 c_interface.cc:180] ArtmCopyRequestedMessage is copying 546458 bytes...
I0906 11:30:28.222894  3140 c_interface.cc:180] ArtmCopyRequestedMessage is copying 546458 bytes...
I0906 11:30:28.658203  3140 c_interface.cc:180] ArtmCopyRequestedMessage is copying 546458 bytes...
I0906 11:30:29.087669  3140 c_interface.cc:180] ArtmCopyRequestedMessage is copying 546458 bytes...
I0906 11:30:29.507977  3140 c_interface.cc:180] ArtmCopyRequestedMessage is copying 546458 bytes...
I0906 11:30:29.941285  3140 c_interface.cc:180] ArtmCopyRequestedMessage is copying 546458 bytes...
I0906 11:30:30.468684  3140 c_interface.cc:180] ArtmCopyRequestedMessage is copying 546458 bytes...
I0906 11:30:30.939039  3140 c_interface.cc:180] ArtmCopyRequestedMessage is copying 546458 bytes...
I0906 11:30:31.454143  3140 c_interface.cc:180] ArtmCopyRequestedMessage is copying 546458 bytes...
I0906 11:30:31.917102  3140 c_interface.cc:180] ArtmCopyRequestedMessage is copying 546458 bytes...
I0906 11:30:32.357419  3140 c_interface.cc:180] ArtmCopyRequestedMessage is copying 546458 bytes...
I0906 11:30:32.880843  3140 c_interface.cc:180] ArtmCopyRequestedMessage is copying 546458 bytes...
I0906 11:30:33.302363  3140 c_interface.cc:180] ArtmCopyRequestedMessage is copying 546458 bytes...
I0906 11:30:33.724664  3140 c_interface.cc:180] ArtmCopyRequestedMessage is copying 546458 bytes...
I0906 11:30:34.152981  3140 c_interface.cc:180] ArtmCopyRequestedMessage is copying 546458 bytes...
I0906 11:30:34.590911  3140 c_interface.cc:180] ArtmCopyRequestedMessage is copying 546458 bytes...
I0906 11:30:35.013720  3140 c_interface.cc:180] ArtmCopyRequestedMessage is copying 546458 bytes...
I0906 11:30:35.452033  3140 c_interface.cc:180] ArtmCopyRequestedMessage is copying 546458 bytes...
I0906 11:30:35.946394  3140 c_interface.cc:180] ArtmCopyRequestedMessage is copying 546458 bytes...
I0906 11:30:36.443768  3140 c_interface.cc:180] ArtmCopyRequestedMessage is copying 546458 bytes...
I0906 11:30:36.923135  3140 c_interface.cc:180] ArtmCopyRequestedMessage is copying 546458 bytes...
I0906 11:30:37.419513  3140 c_interface.cc:180] ArtmCopyRequestedMessage is copying 546458 bytes...
I0906 11:30:37.933457  3140 c_interface.cc:180] ArtmCopyRequestedMessage is copying 546458 bytes...
I0906 11:30:38.375280  3140 c_interface.cc:180] ArtmCopyRequestedMessage is copying 546458 bytes...
I0906 11:30:47.961393  3140 c_interface.cc:180] ArtmCopyRequestedMessage is copying 68914 bytes...
W0906 11:30:48.098991  3140 check_messages.h:833] Inconsistent fields size in ThetaMatrix: 1728 vs 0 vs 1728 vs 0;
I0906 11:30:48.099992  3140 c_interface.cc:180] ArtmCopyRequestedMessage is copying 62002 bytes...
I0906 11:30:48.118008  3140 c_interface.cc:185] ArtmCopyRequestedObject is copying 207360 bytes...
I0906 11:30:48.153035  3140 phi_matrix_operations.cc:82] RetrieveExternalTopicModel() with 30 topics, 26866 tokens
I0906 11:30:48.187060  3140 c_interface.cc:180] ArtmCopyRequestedMessage is copying 825334 bytes...
I0906 11:30:49.292858  3140 phi_matrix_operations.cc:82] RetrieveExternalTopicModel() with 30 topics, 539 tokens
I0906 11:30:49.293859  3140 c_interface.cc:180] ArtmCopyRequestedMessage is copying 21126 bytes...
I0906 11:30:49.299862  3140 c_interface.cc:185] ArtmCopyRequestedObject is copying 64680 bytes...
I0906 12:48:13.611825  3140 c_interface.cc:180] ArtmCopyRequestedMessage is copying 546458 bytes...
I0906 12:48:35.072433  3140 c_interface.cc:180] ArtmCopyRequestedMessage is copying 546458 bytes...
I0906 12:49:06.435197  3140 c_interface.cc:180] ArtmCopyRequestedMessage is copying 546458 bytes...
I0906 12:52:49.271387  3140 c_interface.cc:180] ArtmCopyRequestedMessage is copying 546458 bytes...
I0906 12:53:06.152194  3140 c_interface.cc:180] ArtmCopyRequestedMessage is copying 546458 bytes...
I0906 13:13:53.759305  3140 c_interface.cc:180] ArtmCopyRequestedMessage is copying 546458 bytes...
I0906 13:15:14.913879  3140 c_interface.cc:180] ArtmCopyRequestedMessage is copying 546458 bytes...
I0906 13:15:18.966331  3140 c_interface.cc:180] ArtmCopyRequestedMessage is copying 546458 bytes...
I0906 13:15:36.699270  3140 c_interface.cc:180] ArtmCopyRequestedMessage is copying 546458 bytes...
I0906 13:15:55.926692  3140 c_interface.cc:180] ArtmCopyRequestedMessage is copying 546458 bytes...
I0906 13:16:32.161146  3140 c_interface.cc:180] ArtmCopyRequestedMessage is copying 546458 bytes...
I0906 13:16:41.456362  3140 c_interface.cc:180] ArtmCopyRequestedMessage is copying 546458 bytes...
I0906 13:17:04.038688  3140 c_interface.cc:180] ArtmCopyRequestedMessage is copying 546458 bytes...
I0906 13:17:11.681387  3140 c_interface.cc:180] ArtmCopyRequestedMessage is copying 546458 bytes...
I0906 13:17:21.888370  3140 c_interface.cc:180] ArtmCopyRequestedMessage is copying 546458 bytes...
I0906 13:18:03.035135  3140 c_interface.cc:180] ArtmCopyRequestedMessage is copying 546458 bytes...
I0906 13:18:14.056424  3140 c_interface.cc:180] ArtmCopyRequestedMessage is copying 546458 bytes...
I0906 13:18:18.255244  3140 c_interface.cc:180] ArtmCopyRequestedMessage is copying 546458 bytes...
I0906 13:18:35.064384  3140 c_interface.cc:180] ArtmCopyRequestedMessage is copying 546458 bytes...
I0906 13:19:43.136303  3140 c_interface.cc:180] ArtmCopyRequestedMessage is copying 546458 bytes...
I0906 13:21:48.810475  3140 c_interface.cc:180] ArtmCopyRequestedMessage is copying 546458 bytes...
I0906 13:22:47.687407  3140 c_interface.cc:180] ArtmCopyRequestedMessage is copying 546458 bytes...
I0906 13:22:52.154628  3140 c_interface.cc:180] ArtmCopyRequestedMessage is copying 546458 bytes...
I0906 13:23:12.708803  3140 c_interface.cc:180] ArtmCopyRequestedMessage is copying 546458 bytes...
I0906 13:23:13.182144  3140 c_interface.cc:180] ArtmCopyRequestedMessage is copying 546458 bytes...
I0906 13:23:13.613960  3140 c_interface.cc:180] ArtmCopyRequestedMessage is copying 546458 bytes...
I0906 13:23:14.068284  3140 c_interface.cc:180] ArtmCopyRequestedMessage is copying 546458 bytes...
I0906 13:23:14.516496  3140 c_interface.cc:180] ArtmCopyRequestedMessage is copying 546458 bytes...
I0906 13:23:14.954813  3140 c_interface.cc:180] ArtmCopyRequestedMessage is copying 546458 bytes...
I0906 13:23:15.396143  3140 c_interface.cc:180] ArtmCopyRequestedMessage is copying 546458 bytes...
I0906 13:23:15.851470  3140 c_interface.cc:180] ArtmCopyRequestedMessage is copying 546458 bytes...
I0906 13:23:16.299465  3140 c_interface.cc:180] ArtmCopyRequestedMessage is copying 546458 bytes...
I0906 13:23:16.751282  3140 c_interface.cc:180] ArtmCopyRequestedMessage is copying 546458 bytes...
I0906 13:23:17.257660  3140 c_interface.cc:180] ArtmCopyRequestedMessage is copying 546458 bytes...
I0906 13:23:17.698990  3140 c_interface.cc:180] ArtmCopyRequestedMessage is copying 546458 bytes...
I0906 13:23:18.146312  3140 c_interface.cc:180] ArtmCopyRequestedMessage is copying 546458 bytes...
I0906 13:23:18.700490  3140 c_interface.cc:180] ArtmCopyRequestedMessage is copying 546458 bytes...
I0906 13:23:19.247126  3140 c_interface.cc:180] ArtmCopyRequestedMessage is copying 546458 bytes...
I0906 13:23:19.790534  3140 c_interface.cc:180] ArtmCopyRequestedMessage is copying 546458 bytes...
I0906 13:23:20.407991  3140 c_interface.cc:180] ArtmCopyRequestedMessage is copying 546458 bytes...
I0906 13:23:20.849308  3140 c_interface.cc:180] ArtmCopyRequestedMessage is copying 546458 bytes...
I0906 13:23:21.381208  3140 c_interface.cc:180] ArtmCopyRequestedMessage is copying 546458 bytes...
I0906 13:23:21.989168  3140 c_interface.cc:180] ArtmCopyRequestedMessage is copying 546458 bytes...
I0906 13:23:22.498721  3140 c_interface.cc:180] ArtmCopyRequestedMessage is copying 546458 bytes...
I0906 13:23:23.142192  3140 c_interface.cc:180] ArtmCopyRequestedMessage is copying 546458 bytes...
I0906 13:23:23.883746  3140 c_interface.cc:180] ArtmCopyRequestedMessage is copying 546458 bytes...
I0906 13:23:24.500188  3140 c_interface.cc:180] ArtmCopyRequestedMessage is copying 546458 bytes...
I0906 13:23:25.040604  3140 c_interface.cc:180] ArtmCopyRequestedMessage is copying 546458 bytes...
I0906 13:23:25.608060  3140 c_interface.cc:180] ArtmCopyRequestedMessage is copying 546458 bytes...
I0906 13:23:26.054378  3140 c_interface.cc:180] ArtmCopyRequestedMessage is copying 546458 bytes...
I0906 13:23:26.636811  3140 c_interface.cc:180] ArtmCopyRequestedMessage is copying 546458 bytes...
I0906 13:23:27.179764  3140 c_interface.cc:180] ArtmCopyRequestedMessage is copying 546458 bytes...
I0906 13:23:27.709846  3140 c_interface.cc:180] ArtmCopyRequestedMessage is copying 546458 bytes...
I0906 13:28:36.753947  3140 c_interface.cc:221] Creating MasterModel (id=6)...
W0906 13:28:37.951855  3140 helpers.cc:208] File already exists: lectures_batches\aaaaaa.batch
W0906 13:28:40.484297  3140 helpers.cc:208] File already exists: lectures_batches\aaaaab.batch
I0906 13:28:40.559347  3140 c_interface.cc:318] Pass b504caab-d388-4517-85c0-6c916ebcfa1d to void (__thiscall artm::core::MasterComponent::*)(class std::basic_string<char,struct std::char_traits<char>,class std::allocator<char> > const &)
I0906 13:28:40.559847  3140 c_interface.cc:332] Pass GatherDictionaryArgs: dictionary_target_name=b504caab-d388-4517-85c0-6c916ebcfa1d, data_path=lectures_batches, symmetric_cooc_values=0 to void (__thiscall artm::core::MasterComponent::*)(class artm::GatherDictionaryArgs const &)
I0906 13:28:40.560348  3140 dictionary.cc:185] Found 2 batches in 'lectures_batches' folder
I0906 13:28:40.754987  3140 dictionary.cc:241] Find 26866 unique tokens in 1728 items
I0906 13:28:40.845055  3140 c_interface.cc:318] Pass c540f212-c207-4878-9e89-a61ce1860ab8 to void (__thiscall artm::core::MasterComponent::*)(class std::basic_string<char,struct std::char_traits<char>,class std::allocator<char> > const &)
I0906 13:28:40.864070  3140 c_interface.cc:283] Disposing MasterComponent (id=3)...
I0906 13:28:40.865070  3140 c_interface.cc:221] Creating MasterModel (id=7)...
I0906 13:28:40.865070  3140 c_interface.cc:318] Pass f8c1b624-45a3-45a7-b0f9-8a3901a080ad to void (__thiscall artm::core::MasterComponent::*)(class std::basic_string<char,struct std::char_traits<char>,class std::allocator<char> > const &)
I0906 13:28:40.866071  3140 c_interface.cc:332] Pass GatherDictionaryArgs: dictionary_target_name=f8c1b624-45a3-45a7-b0f9-8a3901a080ad, data_path=lectures_batches, symmetric_cooc_values=0 to void (__thiscall artm::core::MasterComponent::*)(class artm::GatherDictionaryArgs const &)
I0906 13:28:40.866071  3140 dictionary.cc:185] Found 2 batches in 'lectures_batches' folder
I0906 13:28:41.066709  3140 dictionary.cc:241] Find 26866 unique tokens in 1728 items
I0906 13:28:41.152266  3140 c_interface.cc:318] Pass b504caab-d388-4517-85c0-6c916ebcfa1d to void (__thiscall artm::core::MasterComponent::*)(class std::basic_string<char,struct std::char_traits<char>,class std::allocator<char> > const &)
I0906 13:28:41.156769  3140 c_interface.cc:283] Disposing MasterComponent (id=6)...
I0906 13:28:42.761391  3140 instance.cc:358] MasterModelConfig.processors_count is automatically set to 4
I0906 13:28:42.761391  3140 c_interface.cc:221] Creating MasterModel (id=8)...
I0906 13:28:42.762392  7376 processor.cc:654] Processor thread stopped
I0906 13:28:42.762392  7376 processor.cc:655] Total number of processed batches: 18
I0906 13:28:42.763391  9700 processor.cc:646] Processor thread started
I0906 13:28:42.763891 11076 processor.cc:646] Processor thread started
I0906 13:28:42.763891 10204 processor.cc:646] Processor thread started
I0906 13:28:42.763891  5412 processor.cc:646] Processor thread started
I0906 13:28:42.764894  6080 processor.cc:654] Processor thread stopped
I0906 13:28:42.764894  6080 processor.cc:655] Total number of processed batches: 20
I0906 13:28:42.765895   808 processor.cc:654] Processor thread stopped
I0906 13:28:42.765895   808 processor.cc:655] Total number of processed batches: 25
I0906 13:28:42.766896  3232 processor.cc:654] Processor thread stopped
I0906 13:28:42.766896  3232 processor.cc:655] Total number of processed batches: 27
I0906 13:28:42.784409 10204 processor.cc:662] No data in processing queue, waiting...
I0906 13:28:42.784409  5412 processor.cc:662] No data in processing queue, waiting...
I0906 13:28:42.784409 11076 processor.cc:662] No data in processing queue, waiting...
I0906 13:28:42.784409  9700 processor.cc:662] No data in processing queue, waiting...
I0906 13:28:42.841447  3140 c_interface.cc:283] Disposing MasterComponent (id=4)...
I0906 13:28:45.417095  3140 c_interface.cc:221] Creating MasterModel (id=9)...
I0906 13:28:45.417095  3140 c_interface.cc:318] Pass dictionary to void (__thiscall artm::core::MasterComponent::*)(class std::basic_string<char,struct std::char_traits<char>,class std::allocator<char> > const &)
I0906 13:28:45.434105  3140 c_interface.cc:283] Disposing MasterComponent (id=5)...
I0906 13:28:45.435106  3140 c_interface.cc:318] Pass dictionary to void (__thiscall artm::core::MasterComponent::*)(class std::basic_string<char,struct std::char_traits<char>,class std::allocator<char> > const &)
I0906 13:28:45.435106  3140 c_interface.cc:332] Pass GatherDictionaryArgs: dictionary_target_name=dictionary, data_path=lectures_batches, symmetric_cooc_values=0 to void (__thiscall artm::core::MasterComponent::*)(class artm::GatherDictionaryArgs const &)
I0906 13:28:45.436107  3140 dictionary.cc:185] Found 2 batches in 'lectures_batches' folder
I0906 13:28:45.678787  3140 dictionary.cc:241] Find 26866 unique tokens in 1728 items
I0906 13:28:45.773856  3140 c_interface.cc:318] Pass pwt to void (__thiscall artm::core::MasterComponent::*)(class std::basic_string<char,struct std::char_traits<char>,class std::allocator<char> > const &)
I0906 13:28:45.773856  3140 c_interface.cc:318] Pass nwt to void (__thiscall artm::core::MasterComponent::*)(class std::basic_string<char,struct std::char_traits<char>,class std::allocator<char> > const &)
I0906 13:28:45.774358  3140 c_interface.cc:332] Pass InitializeModelArgs: model_name=pwt, dictionary_name=dictionary, topic_name_size=30 to void (__thiscall artm::core::MasterComponent::*)(class artm::InitializeModelArgs const &)
I0906 13:28:45.774358  3140 master_component.cc:338] InitializeModel() with 30 topics and 26866 tokens
I0906 13:28:46.003525  3140 c_interface.cc:332] Pass InitializeModelArgs: model_name=nwt, dictionary_name=dictionary, topic_name_size=30 to void (__thiscall artm::core::MasterComponent::*)(class artm::InitializeModelArgs const &)
I0906 13:28:46.003525  3140 master_component.cc:338] InitializeModel() with 30 topics and 26866 tokens
I0906 13:28:46.235693  3140 phi_matrix_operations.cc:82] RetrieveExternalTopicModel() with 30 topics, 26866 tokens
I0906 13:28:46.275733  3140 c_interface.cc:180] ArtmCopyRequestedMessage is copying 825334 bytes...
I0906 13:28:47.602708  3140 c_interface.cc:332] Pass MasterModelConfig: topic_name_size=30, class=(text:1), class=(author:1), score_config_size=1, num_processors=0, pwt_name=pwt, nwt_name=nwt, num_document_passes=1, reuse_theta=yes, cache_theta=yes, opt_for_avx=yes, disk_cache_path to void (__thiscall artm::core::MasterComponent::*)(class artm::MasterModelConfig const &)
I0906 13:28:47.602708  3140 instance.cc:358] MasterModelConfig.processors_count is automatically set to 4
I0906 13:28:47.603708  3140 c_interface.cc:332] Pass MasterModelConfig: topic_name_size=30, class=(text:1), class=(author:1), score_config_size=2, num_processors=0, pwt_name=pwt, nwt_name=nwt, num_document_passes=1, reuse_theta=yes, cache_theta=yes, opt_for_avx=yes, disk_cache_path to void (__thiscall artm::core::MasterComponent::*)(class artm::MasterModelConfig const &)
I0906 13:28:47.603708  3140 instance.cc:358] MasterModelConfig.processors_count is automatically set to 4
I0906 13:28:50.504108  3140 c_interface.cc:332] Pass MasterModelConfig: topic_name_size=30, class=(text:1), class=(author:1), score_config_size=2, num_processors=0, pwt_name=pwt, nwt_name=nwt, num_document_passes=1, regularizer=(SparsePhi:100000), reuse_theta=yes, cache_theta=yes, opt_for_avx=yes, disk_cache_path to void (__thiscall artm::core::MasterComponent::*)(class artm::MasterModelConfig const &)
I0906 13:28:50.504108  3140 instance.cc:358] MasterModelConfig.processors_count is automatically set to 4
I0906 13:28:50.504108  3140 instance.cc:213] Regularizer 'SparsePhi' was cold-reconfigured
I0906 13:28:52.872484  3140 c_interface.cc:332] Pass FitOfflineMasterModelArgs, batch_filename_size=2, batch_weight_size=2, num_collection_passes=1 to void (__thiscall artm::core::MasterComponent::*)(class artm::FitOfflineMasterModelArgs const &)
I0906 13:28:52.872484  3140 master_component.cc:942] ProcessBatchesArgs: nwt_target_name=nwt, batch_filename_size=2, batch_size=0, batch_weight_size=2, pwt_source_name=pwt, num_document_passes=1, regularizer=(name:SparsePhi, tau:100000), class=(text:1), class=(author:1), reuse_theta=yes, opt_for_avx=yes, predict_class_id=
I0906 13:28:52.934536  9700 processor.cc:669] Processing queue has data, processing started
I0906 13:28:52.934536 11076 processor.cc:669] Processing queue has data, processing started
I0906 13:28:52.967555 11076 processor.cc:746] Processor: start processing batch 0f84aa87-b6cc-475f-8c4a-b2315e83cc04 into model nwt
I0906 13:28:52.994588  9700 processor.cc:746] Processor: start processing batch e77167e6-d514-45b2-9f76-1c9c7bb1fc04 into model nwt
I0906 13:28:53.222754 11076 processor.cc:842] Processor: complete processing batch 0f84aa87-b6cc-475f-8c4a-b2315e83cc04 into model nwt
I0906 13:28:53.227754 11076 cuckoo_watch.h:44] 293ms in ProcessBatch(D:\Coursera\Notebooks\homeworks\MyHW\3-4\lectures_batches\aaaaaa.batch) [including 31ms in LoadMessage; 44ms in InitializeSparseNdw; 210ms in InferThetaAndUpdateNwtSparse; ]
I0906 13:28:53.247767 11076 processor.cc:662] No data in processing queue, waiting...
I0906 13:28:53.449928  9700 processor.cc:842] Processor: complete processing batch e77167e6-d514-45b2-9f76-1c9c7bb1fc04 into model nwt
