I0906 13:28:53.455932  9700 cuckoo_watch.h:44] 521ms in ProcessBatch(D:\Coursera\Notebooks\homeworks\MyHW\3-4\lectures_batches\aaaaab.batch) [including 57ms in LoadMessage; 58ms in InitializeSparseNdw; 397ms in InferThetaAndUpdateNwtSparse; ]
I0906 13:28:53.456931  3140 master_component.cc:980] RegularizeModelArgs: rwt_target_name=rwt, pwt_source_name=pwt, nwt_source_name=nwt
I0906 13:28:53.456931  3140 master_component.cc:590] MasterComponent: start regularizing model pwt
I0906 13:28:53.480449  9700 processor.cc:662] No data in processing queue, waiting...
I0906 13:28:53.584048  3140 master_component.cc:613] MasterComponent: complete regularizing model pwt
I0906 13:28:53.584048  3140 master_component.cc:991] NormalizeModelArgs: pwt_target_name=pwt, nwt_source_name=nwt, rwt_source_name=rwt
I0906 13:28:53.584048  3140 master_component.cc:617] MasterComponent: start normalizing model nwt
I0906 13:28:53.704140  3140 master_component.cc:639] MasterComponent: complete normalizing model nwt
I0906 13:28:54.239542  3140 master_component.cc:1015] DisposeModel rwt
I0906 13:28:54.250550  3140 c_interface.cc:332] Pass FitOfflineMasterModelArgs, batch_filename_size=2, batch_weight_size=2, num_collection_passes=1 to void (__thiscall artm::core::MasterComponent::*)(class artm::FitOfflineMasterModelArgs const &)
I0906 13:28:54.250550  3140 master_component.cc:942] ProcessBatchesArgs: nwt_target_name=nwt, batch_filename_size=2, batch_size=0, batch_weight_size=2, pwt_source_name=pwt, num_document_passes=1, regularizer=(name:SparsePhi, tau:100000), class=(text:1), class=(author:1), reuse_theta=yes, opt_for_avx=yes, predict_class_id=
I0906 13:28:54.301607  5412 processor.cc:669] Processing queue has data, processing started
I0906 13:28:54.301607 10204 processor.cc:669] Processing queue has data, processing started
I0906 13:28:54.325613  5412 processor.cc:746] Processor: start processing batch 0f84aa87-b6cc-475f-8c4a-b2315e83cc04 into model nwt
I0906 13:28:54.339617 10204 processor.cc:746] Processor: start processing batch e77167e6-d514-45b2-9f76-1c9c7bb1fc04 into model nwt
I0906 13:28:54.580803  5412 processor.cc:842] Processor: complete processing batch 0f84aa87-b6cc-475f-8c4a-b2315e83cc04 into model nwt
I0906 13:28:54.586307  5412 cuckoo_watch.h:44] 284ms in ProcessBatch(D:\Coursera\Notebooks\homeworks\MyHW\3-4\lectures_batches\aaaaaa.batch) [including 21ms in LoadMessage; 20ms in InitializeSparseNdw; 234ms in InferThetaAndUpdateNwtSparse; ]
I0906 13:28:54.609825  5412 processor.cc:662] No data in processing queue, waiting...
I0906 13:28:54.809998 10204 processor.cc:842] Processor: complete processing batch e77167e6-d514-45b2-9f76-1c9c7bb1fc04 into model nwt
I0906 13:28:54.815003 10204 cuckoo_watch.h:44] 513ms in ProcessBatch(D:\Coursera\Notebooks\homeworks\MyHW\3-4\lectures_batches\aaaaab.batch) [including 36ms in LoadMessage; 56ms in InitializeSparseNdw; 413ms in InferThetaAndUpdateNwtSparse; ]
I0906 13:28:54.817018  3140 master_component.cc:980] RegularizeModelArgs: rwt_target_name=rwt, pwt_source_name=pwt, nwt_source_name=nwt
I0906 13:28:54.817018  3140 master_component.cc:590] MasterComponent: start regularizing model pwt
I0906 13:28:54.836017 10204 processor.cc:662] No data in processing queue, waiting...
I0906 13:28:54.936092  3140 master_component.cc:613] MasterComponent: complete regularizing model pwt
I0906 13:28:54.936092  3140 master_component.cc:991] NormalizeModelArgs: pwt_target_name=pwt, nwt_source_name=nwt, rwt_source_name=rwt
I0906 13:28:54.936092  3140 master_component.cc:617] MasterComponent: start normalizing model nwt
I0906 13:28:55.019157  3140 master_component.cc:639] MasterComponent: complete normalizing model nwt
I0906 13:28:55.460489  3140 master_component.cc:1015] DisposeModel rwt
I0906 13:28:55.468492  3140 c_interface.cc:332] Pass FitOfflineMasterModelArgs, batch_filename_size=2, batch_weight_size=2, num_collection_passes=1 to void (__thiscall artm::core::MasterComponent::*)(class artm::FitOfflineMasterModelArgs const &)
I0906 13:28:55.468492  3140 master_component.cc:942] ProcessBatchesArgs: nwt_target_name=nwt, batch_filename_size=2, batch_size=0, batch_weight_size=2, pwt_source_name=pwt, num_document_passes=1, regularizer=(name:SparsePhi, tau:100000), class=(text:1), class=(author:1), reuse_theta=yes, opt_for_avx=yes, predict_class_id=
I0906 13:28:55.519125  5412 processor.cc:669] Processing queue has data, processing started
I0906 13:28:55.519125  9700 processor.cc:669] Processing queue has data, processing started
I0906 13:28:55.539127  5412 processor.cc:746] Processor: start processing batch 0f84aa87-b6cc-475f-8c4a-b2315e83cc04 into model nwt
I0906 13:28:55.554136  9700 processor.cc:746] Processor: start processing batch e77167e6-d514-45b2-9f76-1c9c7bb1fc04 into model nwt
I0906 13:28:55.795806  5412 processor.cc:842] Processor: complete processing batch 0f84aa87-b6cc-475f-8c4a-b2315e83cc04 into model nwt
I0906 13:28:55.799309  5412 cuckoo_watch.h:44] 280ms in ProcessBatch(D:\Coursera\Notebooks\homeworks\MyHW\3-4\lectures_batches\aaaaaa.batch) [including 17ms in LoadMessage; 21ms in InitializeSparseNdw; 234ms in InferThetaAndUpdateNwtSparse; ]
I0906 13:28:55.819322  5412 processor.cc:662] No data in processing queue, waiting...
I0906 13:28:56.021970  9700 processor.cc:842] Processor: complete processing batch e77167e6-d514-45b2-9f76-1c9c7bb1fc04 into model nwt
I0906 13:28:56.026973  9700 cuckoo_watch.h:44] 507ms in ProcessBatch(D:\Coursera\Notebooks\homeworks\MyHW\3-4\lectures_batches\aaaaab.batch) [including 34ms in LoadMessage; 55ms in InitializeSparseNdw; 411ms in InferThetaAndUpdateNwtSparse; ]
I0906 13:28:56.028987  3140 master_component.cc:980] RegularizeModelArgs: rwt_target_name=rwt, pwt_source_name=pwt, nwt_source_name=nwt
I0906 13:28:56.028987  3140 master_component.cc:590] MasterComponent: start regularizing model pwt
I0906 13:28:56.046985  9700 processor.cc:662] No data in processing queue, waiting...
I0906 13:28:56.147061  3140 master_component.cc:613] MasterComponent: complete regularizing model pwt
I0906 13:28:56.147061  3140 master_component.cc:991] NormalizeModelArgs: pwt_target_name=pwt, nwt_source_name=nwt, rwt_source_name=rwt
I0906 13:28:56.147061  3140 master_component.cc:617] MasterComponent: start normalizing model nwt
I0906 13:28:56.231721  3140 master_component.cc:639] MasterComponent: complete normalizing model nwt
I0906 13:28:56.683248  3140 master_component.cc:1015] DisposeModel rwt
I0906 13:28:56.691254  3140 c_interface.cc:332] Pass FitOfflineMasterModelArgs, batch_filename_size=2, batch_weight_size=2, num_collection_passes=1 to void (__thiscall artm::core::MasterComponent::*)(class artm::FitOfflineMasterModelArgs const &)
I0906 13:28:56.691254  3140 master_component.cc:942] ProcessBatchesArgs: nwt_target_name=nwt, batch_filename_size=2, batch_size=0, batch_weight_size=2, pwt_source_name=pwt, num_document_passes=1, regularizer=(name:SparsePhi, tau:100000), class=(text:1), class=(author:1), reuse_theta=yes, opt_for_avx=yes, predict_class_id=
I0906 13:28:56.745288 10204 processor.cc:669] Processing queue has data, processing started
I0906 13:28:56.745288 11076 processor.cc:669] Processing queue has data, processing started
I0906 13:28:56.774817 10204 processor.cc:746] Processor: start processing batch 0f84aa87-b6cc-475f-8c4a-b2315e83cc04 into model nwt
I0906 13:28:56.792829 11076 processor.cc:746] Processor: start processing batch e77167e6-d514-45b2-9f76-1c9c7bb1fc04 into model nwt
I0906 13:28:57.024991 10204 processor.cc:842] Processor: complete processing batch 0f84aa87-b6cc-475f-8c4a-b2315e83cc04 into model nwt
I0906 13:28:57.028499 10204 cuckoo_watch.h:44] 283ms in ProcessBatch(D:\Coursera\Notebooks\homeworks\MyHW\3-4\lectures_batches\aaaaaa.batch) [including 27ms in LoadMessage; 29ms in InitializeSparseNdw; 220ms in InferThetaAndUpdateNwtSparse; ]
I0906 13:28:57.048013 10204 processor.cc:662] No data in processing queue, waiting...
I0906 13:28:57.255165 11076 processor.cc:842] Processor: complete processing batch e77167e6-d514-45b2-9f76-1c9c7bb1fc04 into model nwt
I0906 13:28:57.260169 11076 cuckoo_watch.h:44] 514ms in ProcessBatch(D:\Coursera\Notebooks\homeworks\MyHW\3-4\lectures_batches\aaaaab.batch) [including 46ms in LoadMessage; 59ms in InitializeSparseNdw; 402ms in InferThetaAndUpdateNwtSparse; ]
I0906 13:28:57.261191  3140 master_component.cc:980] RegularizeModelArgs: rwt_target_name=rwt, pwt_source_name=pwt, nwt_source_name=nwt
I0906 13:28:57.261191  3140 master_component.cc:590] MasterComponent: start regularizing model pwt
I0906 13:28:57.280184 11076 processor.cc:662] No data in processing queue, waiting...
I0906 13:28:57.379261  3140 master_component.cc:613] MasterComponent: complete regularizing model pwt
I0906 13:28:57.379261  3140 master_component.cc:991] NormalizeModelArgs: pwt_target_name=pwt, nwt_source_name=nwt, rwt_source_name=rwt
I0906 13:28:57.379261  3140 master_component.cc:617] MasterComponent: start normalizing model nwt
I0906 13:28:57.463325  3140 master_component.cc:639] MasterComponent: complete normalizing model nwt
I0906 13:28:57.943691  3140 master_component.cc:1015] DisposeModel rwt
I0906 13:28:57.950697  3140 c_interface.cc:332] Pass FitOfflineMasterModelArgs, batch_filename_size=2, batch_weight_size=2, num_collection_passes=1 to void (__thiscall artm::core::MasterComponent::*)(class artm::FitOfflineMasterModelArgs const &)
I0906 13:28:57.950697  3140 master_component.cc:942] ProcessBatchesArgs: nwt_target_name=nwt, batch_filename_size=2, batch_size=0, batch_weight_size=2, pwt_source_name=pwt, num_document_passes=1, regularizer=(name:SparsePhi, tau:100000), class=(text:1), class=(author:1), reuse_theta=yes, opt_for_avx=yes, predict_class_id=
I0906 13:28:58.000838  5412 processor.cc:669] Processing queue has data, processing started
I0906 13:28:58.000838  9700 processor.cc:669] Processing queue has data, processing started
I0906 13:28:58.029253  5412 processor.cc:746] Processor: start processing batch 0f84aa87-b6cc-475f-8c4a-b2315e83cc04 into model nwt
I0906 13:28:58.040258  9700 processor.cc:746] Processor: start processing batch e77167e6-d514-45b2-9f76-1c9c7bb1fc04 into model nwt
I0906 13:28:58.254925  5412 processor.cc:842] Processor: complete processing batch 0f84aa87-b6cc-475f-8c4a-b2315e83cc04 into model nwt
I0906 13:28:58.258926  5412 cuckoo_watch.h:44] 258ms in ProcessBatch(D:\Coursera\Notebooks\homeworks\MyHW\3-4\lectures_batches\aaaaaa.batch) [including 25ms in LoadMessage; 19ms in InitializeSparseNdw; 205ms in InferThetaAndUpdateNwtSparse; ]
I0906 13:28:58.277940  5412 processor.cc:662] No data in processing queue, waiting...
I0906 13:28:58.521145  9700 processor.cc:842] Processor: complete processing batch e77167e6-d514-45b2-9f76-1c9c7bb1fc04 into model nwt
I0906 13:28:58.529161  9700 cuckoo_watch.h:44] 528ms in ProcessBatch(D:\Coursera\Notebooks\homeworks\MyHW\3-4\lectures_batches\aaaaab.batch) [including 37ms in LoadMessage; 56ms in InitializeSparseNdw; 423ms in InferThetaAndUpdateNwtSparse; ]
I0906 13:28:58.530164  3140 master_component.cc:980] RegularizeModelArgs: rwt_target_name=rwt, pwt_source_name=pwt, nwt_source_name=nwt
I0906 13:28:58.530164  3140 master_component.cc:590] MasterComponent: start regularizing model pwt
I0906 13:28:58.551178  9700 processor.cc:662] No data in processing queue, waiting...
I0906 13:28:58.713304  3140 master_component.cc:613] MasterComponent: complete regularizing model pwt
I0906 13:28:58.713304  3140 master_component.cc:991] NormalizeModelArgs: pwt_target_name=pwt, nwt_source_name=nwt, rwt_source_name=rwt
I0906 13:28:58.713304  3140 master_component.cc:617] MasterComponent: start normalizing model nwt
I0906 13:28:58.821384  3140 master_component.cc:639] MasterComponent: complete normalizing model nwt
I0906 13:28:59.329962  3140 master_component.cc:1015] DisposeModel rwt
I0906 13:28:59.342970  3140 c_interface.cc:332] Pass FitOfflineMasterModelArgs, batch_filename_size=2, batch_weight_size=2, num_collection_passes=1 to void (__thiscall artm::core::MasterComponent::*)(class artm::FitOfflineMasterModelArgs const &)
I0906 13:28:59.342970  3140 master_component.cc:942] ProcessBatchesArgs: nwt_target_name=nwt, batch_filename_size=2, batch_size=0, batch_weight_size=2, pwt_source_name=pwt, num_document_passes=1, regularizer=(name:SparsePhi, tau:100000), class=(text:1), class=(author:1), reuse_theta=yes, opt_for_avx=yes, predict_class_id=
I0906 13:28:59.418028 10204 processor.cc:669] Processing queue has data, processing started
I0906 13:28:59.418028  9700 processor.cc:669] Processing queue has data, processing started
I0906 13:28:59.461072 10204 processor.cc:746] Processor: start processing batch 0f84aa87-b6cc-475f-8c4a-b2315e83cc04 into model nwt
I0906 13:28:59.477084  9700 processor.cc:746] Processor: start processing batch e77167e6-d514-45b2-9f76-1c9c7bb1fc04 into model nwt
I0906 13:28:59.694257 10204 processor.cc:842] Processor: complete processing batch 0f84aa87-b6cc-475f-8c4a-b2315e83cc04 into model nwt
I0906 13:28:59.698258 10204 cuckoo_watch.h:44] 280ms in ProcessBatch(D:\Coursera\Notebooks\homeworks\MyHW\3-4\lectures_batches\aaaaaa.batch) [including 41ms in LoadMessage; 26ms in InitializeSparseNdw; 206ms in InferThetaAndUpdateNwtSparse; ]
I0906 13:28:59.721272 10204 processor.cc:662] No data in processing queue, waiting...
I0906 13:29:00.024503  9700 processor.cc:842] Processor: complete processing batch e77167e6-d514-45b2-9f76-1c9c7bb1fc04 into model nwt
I0906 13:29:00.030014  9700 cuckoo_watch.h:44] 611ms in ProcessBatch(D:\Coursera\Notebooks\homeworks\MyHW\3-4\lectures_batches\aaaaab.batch) [including 58ms in LoadMessage; 78ms in InitializeSparseNdw; 468ms in InferThetaAndUpdateNwtSparse; ]
I0906 13:29:00.031515  3140 master_component.cc:980] RegularizeModelArgs: rwt_target_name=rwt, pwt_source_name=pwt, nwt_source_name=nwt
I0906 13:29:00.031515  3140 master_component.cc:590] MasterComponent: start regularizing model pwt
I0906 13:29:00.050529  9700 processor.cc:662] No data in processing queue, waiting...
I0906 13:29:00.154610  3140 master_component.cc:613] MasterComponent: complete regularizing model pwt
I0906 13:29:00.154610  3140 master_component.cc:991] NormalizeModelArgs: pwt_target_name=pwt, nwt_source_name=nwt, rwt_source_name=rwt
I0906 13:29:00.154610  3140 master_component.cc:617] MasterComponent: start normalizing model nwt
I0906 13:29:00.240167  3140 master_component.cc:639] MasterComponent: complete normalizing model nwt
I0906 13:29:00.780237  3140 master_component.cc:1015] DisposeModel rwt
I0906 13:29:00.788244  3140 c_interface.cc:332] Pass FitOfflineMasterModelArgs, batch_filename_size=2, batch_weight_size=2, num_collection_passes=1 to void (__thiscall artm::core::MasterComponent::*)(class artm::FitOfflineMasterModelArgs const &)
I0906 13:29:00.788244  3140 master_component.cc:942] ProcessBatchesArgs: nwt_target_name=nwt, batch_filename_size=2, batch_size=0, batch_weight_size=2, pwt_source_name=pwt, num_document_passes=1, regularizer=(name:SparsePhi, tau:100000), class=(text:1), class=(author:1), reuse_theta=yes, opt_for_avx=yes, predict_class_id=
I0906 13:29:00.839287  9700 processor.cc:669] Processing queue has data, processing started
I0906 13:29:00.839287 10204 processor.cc:669] Processing queue has data, processing started
I0906 13:29:00.864307  9700 processor.cc:746] Processor: start processing batch 0f84aa87-b6cc-475f-8c4a-b2315e83cc04 into model nwt
I0906 13:29:00.878319 10204 processor.cc:746] Processor: start processing batch e77167e6-d514-45b2-9f76-1c9c7bb1fc04 into model nwt
I0906 13:29:01.098491  9700 processor.cc:842] Processor: complete processing batch 0f84aa87-b6cc-475f-8c4a-b2315e83cc04 into model nwt
I0906 13:29:01.102495  9700 cuckoo_watch.h:44] 263ms in ProcessBatch(D:\Coursera\Notebooks\homeworks\MyHW\3-4\lectures_batches\aaaaaa.batch) [including 24ms in LoadMessage; 20ms in InitializeSparseNdw; 213ms in InferThetaAndUpdateNwtSparse; ]
I0906 13:29:01.122508  9700 processor.cc:662] No data in processing queue, waiting...
I0906 13:29:01.320669 10204 processor.cc:842] Processor: complete processing batch e77167e6-d514-45b2-9f76-1c9c7bb1fc04 into model nwt
I0906 13:29:01.325675 10204 cuckoo_watch.h:44] 486ms in ProcessBatch(D:\Coursera\Notebooks\homeworks\MyHW\3-4\lectures_batches\aaaaab.batch) [including 38ms in LoadMessage; 50ms in InitializeSparseNdw; 392ms in InferThetaAndUpdateNwtSparse; ]
I0906 13:29:01.326728  3140 master_component.cc:980] RegularizeModelArgs: rwt_target_name=rwt, pwt_source_name=pwt, nwt_source_name=nwt
I0906 13:29:01.326728  3140 master_component.cc:590] MasterComponent: start regularizing model pwt
I0906 13:29:01.349429 10204 processor.cc:662] No data in processing queue, waiting...
I0906 13:29:01.452004  3140 master_component.cc:613] MasterComponent: complete regularizing model pwt
I0906 13:29:01.452004  3140 master_component.cc:991] NormalizeModelArgs: pwt_target_name=pwt, nwt_source_name=nwt, rwt_source_name=rwt
I0906 13:29:01.452004  3140 master_component.cc:617] MasterComponent: start normalizing model nwt
I0906 13:29:01.540066  3140 master_component.cc:639] MasterComponent: complete normalizing model nwt
I0906 13:29:02.027427  3140 master_component.cc:1015] DisposeModel rwt
I0906 13:29:02.034937  3140 c_interface.cc:332] Pass FitOfflineMasterModelArgs, batch_filename_size=2, batch_weight_size=2, num_collection_passes=1 to void (__thiscall artm::core::MasterComponent::*)(class artm::FitOfflineMasterModelArgs const &)
I0906 13:29:02.035440  3140 master_component.cc:942] ProcessBatchesArgs: nwt_target_name=nwt, batch_filename_size=2, batch_size=0, batch_weight_size=2, pwt_source_name=pwt, num_document_passes=1, regularizer=(name:SparsePhi, tau:100000), class=(text:1), class=(author:1), reuse_theta=yes, opt_for_avx=yes, predict_class_id=
I0906 13:29:02.083477 10204 processor.cc:669] Processing queue has data, processing started
I0906 13:29:02.085476  5412 processor.cc:669] Processing queue has data, processing started
I0906 13:29:02.102488 10204 processor.cc:746] Processor: start processing batch 0f84aa87-b6cc-475f-8c4a-b2315e83cc04 into model nwt
I0906 13:29:02.119508  5412 processor.cc:746] Processor: start processing batch e77167e6-d514-45b2-9f76-1c9c7bb1fc04 into model nwt
I0906 13:29:02.321647 10204 processor.cc:842] Processor: complete processing batch 0f84aa87-b6cc-475f-8c4a-b2315e83cc04 into model nwt
I0906 13:29:02.326652 10204 cuckoo_watch.h:44] 243ms in ProcessBatch(D:\Coursera\Notebooks\homeworks\MyHW\3-4\lectures_batches\aaaaaa.batch) [including 18ms in LoadMessage; 20ms in InitializeSparseNdw; 198ms in InferThetaAndUpdateNwtSparse; ]
I0906 13:29:02.346166 10204 processor.cc:662] No data in processing queue, waiting...
I0906 13:29:02.557318  5412 processor.cc:842] Processor: complete processing batch e77167e6-d514-45b2-9f76-1c9c7bb1fc04 into model nwt
I0906 13:29:02.563633  5412 cuckoo_watch.h:44] 477ms in ProcessBatch(D:\Coursera\Notebooks\homeworks\MyHW\3-4\lectures_batches\aaaaab.batch) [including 32ms in LoadMessage; 57ms in InitializeSparseNdw; 380ms in InferThetaAndUpdateNwtSparse; ]
I0906 13:29:02.564656  3140 master_component.cc:980] RegularizeModelArgs: rwt_target_name=rwt, pwt_source_name=pwt, nwt_source_name=nwt
I0906 13:29:02.564656  3140 master_component.cc:590] MasterComponent: start regularizing model pwt
I0906 13:29:02.583649  5412 processor.cc:662] No data in processing queue, waiting...
I0906 13:29:02.682724  3140 master_component.cc:613] MasterComponent: complete regularizing model pwt
I0906 13:29:02.683723  3140 master_component.cc:991] NormalizeModelArgs: pwt_target_name=pwt, nwt_source_name=nwt, rwt_source_name=rwt
I0906 13:29:02.683723  3140 master_component.cc:617] MasterComponent: start normalizing model nwt
I0906 13:29:02.764749  3140 master_component.cc:639] MasterComponent: complete normalizing model nwt
I0906 13:29:03.250119  3140 master_component.cc:1015] DisposeModel rwt
I0906 13:29:03.258126  3140 c_interface.cc:332] Pass FitOfflineMasterModelArgs, batch_filename_size=2, batch_weight_size=2, num_collection_passes=1 to void (__thiscall artm::core::MasterComponent::*)(class artm::FitOfflineMasterModelArgs const &)
I0906 13:29:03.258126  3140 master_component.cc:942] ProcessBatchesArgs: nwt_target_name=nwt, batch_filename_size=2, batch_size=0, batch_weight_size=2, pwt_source_name=pwt, num_document_passes=1, regularizer=(name:SparsePhi, tau:100000), class=(text:1), class=(author:1), reuse_theta=yes, opt_for_avx=yes, predict_class_id=
I0906 13:29:03.308173 10204 processor.cc:669] Processing queue has data, processing started
I0906 13:29:03.308173  9700 processor.cc:669] Processing queue has data, processing started
I0906 13:29:03.335181 10204 processor.cc:746] Processor: start processing batch 0f84aa87-b6cc-475f-8c4a-b2315e83cc04 into model nwt
I0906 13:29:03.351696  9700 processor.cc:746] Processor: start processing batch e77167e6-d514-45b2-9f76-1c9c7bb1fc04 into model nwt
I0906 13:29:03.577360 10204 processor.cc:842] Processor: complete processing batch 0f84aa87-b6cc-475f-8c4a-b2315e83cc04 into model nwt
I0906 13:29:03.582366 10204 cuckoo_watch.h:44] 274ms in ProcessBatch(D:\Coursera\Notebooks\homeworks\MyHW\3-4\lectures_batches\aaaaaa.batch) [including 25ms in LoadMessage; 25ms in InitializeSparseNdw; 216ms in InferThetaAndUpdateNwtSparse; ]
I0906 13:29:03.601379 10204 processor.cc:662] No data in processing queue, waiting...
I0906 13:29:03.802762  9700 processor.cc:842] Processor: complete processing batch e77167e6-d514-45b2-9f76-1c9c7bb1fc04 into model nwt
I0906 13:29:03.808766  9700 cuckoo_watch.h:44] 500ms in ProcessBatch(D:\Coursera\Notebooks\homeworks\MyHW\3-4\lectures_batches\aaaaab.batch) [including 41ms in LoadMessage; 55ms in InitializeSparseNdw; 395ms in InferThetaAndUpdateNwtSparse; ]
I0906 13:29:03.809789  3140 master_component.cc:980] RegularizeModelArgs: rwt_target_name=rwt, pwt_source_name=pwt, nwt_source_name=nwt
I0906 13:29:03.809789  3140 master_component.cc:590] MasterComponent: start regularizing model pwt
I0906 13:29:03.835786  9700 processor.cc:662] No data in processing queue, waiting...
I0906 13:29:03.939864  3140 master_component.cc:613] MasterComponent: complete regularizing model pwt
I0906 13:29:03.939864  3140 master_component.cc:991] NormalizeModelArgs: pwt_target_name=pwt, nwt_source_name=nwt, rwt_source_name=rwt
I0906 13:29:03.939864  3140 master_component.cc:617] MasterComponent: start normalizing model nwt
I0906 13:29:04.058959  3140 master_component.cc:639] MasterComponent: complete normalizing model nwt
I0906 13:29:04.592384  3140 master_component.cc:1015] DisposeModel rwt
I0906 13:29:04.600388  3140 c_interface.cc:332] Pass FitOfflineMasterModelArgs, batch_filename_size=2, batch_weight_size=2, num_collection_passes=1 to void (__thiscall artm::core::MasterComponent::*)(class artm::FitOfflineMasterModelArgs const &)
I0906 13:29:04.600388  3140 master_component.cc:942] ProcessBatchesArgs: nwt_target_name=nwt, batch_filename_size=2, batch_size=0, batch_weight_size=2, pwt_source_name=pwt, num_document_passes=1, regularizer=(name:SparsePhi, tau:100000), class=(text:1), class=(author:1), reuse_theta=yes, opt_for_avx=yes, predict_class_id=
I0906 13:29:04.649943  5412 processor.cc:669] Processing queue has data, processing started
I0906 13:29:04.649943 11076 processor.cc:669] Processing queue has data, processing started
I0906 13:29:04.671452  5412 processor.cc:746] Processor: start processing batch 0f84aa87-b6cc-475f-8c4a-b2315e83cc04 into model nwt
I0906 13:29:04.687461 11076 processor.cc:746] Processor: start processing batch e77167e6-d514-45b2-9f76-1c9c7bb1fc04 into model nwt
I0906 13:29:04.926477  5412 processor.cc:842] Processor: complete processing batch 0f84aa87-b6cc-475f-8c4a-b2315e83cc04 into model nwt
I0906 13:29:04.930480  5412 cuckoo_watch.h:44] 280ms in ProcessBatch(D:\Coursera\Notebooks\homeworks\MyHW\3-4\lectures_batches\aaaaaa.batch) [including 18ms in LoadMessage; 25ms in InitializeSparseNdw; 229ms in InferThetaAndUpdateNwtSparse; ]
I0906 13:29:04.949501  5412 processor.cc:662] No data in processing queue, waiting...
I0906 13:29:05.147657 11076 processor.cc:842] Processor: complete processing batch e77167e6-d514-45b2-9f76-1c9c7bb1fc04 into model nwt
I0906 13:29:05.152663 11076 cuckoo_watch.h:44] 502ms in ProcessBatch(D:\Coursera\Notebooks\homeworks\MyHW\3-4\lectures_batches\aaaaab.batch) [including 34ms in LoadMessage; 58ms in InitializeSparseNdw; 401ms in InferThetaAndUpdateNwtSparse; ]
I0906 13:29:05.153203  3140 master_component.cc:980] RegularizeModelArgs: rwt_target_name=rwt, pwt_source_name=pwt, nwt_source_name=nwt
I0906 13:29:05.153203  3140 master_component.cc:590] MasterComponent: start regularizing model pwt
I0906 13:29:05.172680 11076 processor.cc:662] No data in processing queue, waiting...
I0906 13:29:05.277760  3140 master_component.cc:613] MasterComponent: complete regularizing model pwt
I0906 13:29:05.277760  3140 master_component.cc:991] NormalizeModelArgs: pwt_target_name=pwt, nwt_source_name=nwt, rwt_source_name=rwt
I0906 13:29:05.277760  3140 master_component.cc:617] MasterComponent: start normalizing model nwt
I0906 13:29:05.364825  3140 master_component.cc:639] MasterComponent: complete normalizing model nwt
I0906 13:29:05.884222  3140 master_component.cc:1015] DisposeModel rwt
I0906 13:29:05.892227  3140 c_interface.cc:332] Pass FitOfflineMasterModelArgs, batch_filename_size=2, batch_weight_size=2, num_collection_passes=1 to void (__thiscall artm::core::MasterComponent::*)(class artm::FitOfflineMasterModelArgs const &)
I0906 13:29:05.892227  3140 master_component.cc:942] ProcessBatchesArgs: nwt_target_name=nwt, batch_filename_size=2, batch_size=0, batch_weight_size=2, pwt_source_name=pwt, num_document_passes=1, regularizer=(name:SparsePhi, tau:100000), class=(text:1), class=(author:1), reuse_theta=yes, opt_for_avx=yes, predict_class_id=
I0906 13:29:05.946264  5412 processor.cc:669] Processing queue has data, processing started
I0906 13:29:05.946264 10204 processor.cc:669] Processing queue has data, processing started
I0906 13:29:05.971284  5412 processor.cc:746] Processor: start processing batch 0f84aa87-b6cc-475f-8c4a-b2315e83cc04 into model nwt
I0906 13:29:05.988299 10204 processor.cc:746] Processor: start processing batch e77167e6-d514-45b2-9f76-1c9c7bb1fc04 into model nwt
I0906 13:29:06.193456  5412 processor.cc:842] Processor: complete processing batch 0f84aa87-b6cc-475f-8c4a-b2315e83cc04 into model nwt
I0906 13:29:06.198458  5412 cuckoo_watch.h:44] 252ms in ProcessBatch(D:\Coursera\Notebooks\homeworks\MyHW\3-4\lectures_batches\aaaaaa.batch) [including 23ms in LoadMessage; 23ms in InitializeSparseNdw; 198ms in InferThetaAndUpdateNwtSparse; ]
I0906 13:29:06.218472  5412 processor.cc:662] No data in processing queue, waiting...
I0906 13:29:06.425621 10204 processor.cc:842] Processor: complete processing batch e77167e6-d514-45b2-9f76-1c9c7bb1fc04 into model nwt
I0906 13:29:06.430625 10204 cuckoo_watch.h:44] 484ms in ProcessBatch(D:\Coursera\Notebooks\homeworks\MyHW\3-4\lectures_batches\aaaaab.batch) [including 40ms in LoadMessage; 52ms in InitializeSparseNdw; 384ms in InferThetaAndUpdateNwtSparse; ]
I0906 13:29:06.431639  3140 master_component.cc:980] RegularizeModelArgs: rwt_target_name=rwt, pwt_source_name=pwt, nwt_source_name=nwt
I0906 13:29:06.431639  3140 master_component.cc:590] MasterComponent: start regularizing model pwt
I0906 13:29:06.450646 10204 processor.cc:662] No data in processing queue, waiting...
I0906 13:29:06.552223  3140 master_component.cc:613] MasterComponent: complete regularizing model pwt
I0906 13:29:06.552223  3140 master_component.cc:991] NormalizeModelArgs: pwt_target_name=pwt, nwt_source_name=nwt, rwt_source_name=rwt
I0906 13:29:06.552223  3140 master_component.cc:617] MasterComponent: start normalizing model nwt
I0906 13:29:06.646792  3140 master_component.cc:639] MasterComponent: complete normalizing model nwt
I0906 13:29:07.148674  3140 master_component.cc:1015] DisposeModel rwt
I0906 13:29:07.156177  3140 c_interface.cc:332] Pass FitOfflineMasterModelArgs, batch_filename_size=2, batch_weight_size=2, num_collection_passes=1 to void (__thiscall artm::core::MasterComponent::*)(class artm::FitOfflineMasterModelArgs const &)
I0906 13:29:07.156177  3140 master_component.cc:942] ProcessBatchesArgs: nwt_target_name=nwt, batch_filename_size=2, batch_size=0, batch_weight_size=2, pwt_source_name=pwt, num_document_passes=1, regularizer=(name:SparsePhi, tau:100000), class=(text:1), class=(author:1), reuse_theta=yes, opt_for_avx=yes, predict_class_id=
I0906 13:29:07.211220 11076 processor.cc:669] Processing queue has data, processing started
I0906 13:29:07.211220  5412 processor.cc:669] Processing queue has data, processing started
I0906 13:29:07.245240 11076 processor.cc:746] Processor: start processing batch 0f84aa87-b6cc-475f-8c4a-b2315e83cc04 into model nwt
I0906 13:29:07.266264  5412 processor.cc:746] Processor: start processing batch e77167e6-d514-45b2-9f76-1c9c7bb1fc04 into model nwt
I0906 13:29:07.512444 11076 processor.cc:842] Processor: complete processing batch 0f84aa87-b6cc-475f-8c4a-b2315e83cc04 into model nwt
I0906 13:29:07.516446 11076 cuckoo_watch.h:44] 305ms in ProcessBatch(D:\Coursera\Notebooks\homeworks\MyHW\3-4\lectures_batches\aaaaaa.batch) [including 32ms in LoadMessage; 29ms in InitializeSparseNdw; 237ms in InferThetaAndUpdateNwtSparse; ]
I0906 13:29:07.535461 11076 processor.cc:662] No data in processing queue, waiting...
I0906 13:29:07.749135  5412 processor.cc:842] Processor: complete processing batch e77167e6-d514-45b2-9f76-1c9c7bb1fc04 into model nwt
I0906 13:29:07.755640  5412 cuckoo_watch.h:44] 544ms in ProcessBatch(D:\Coursera\Notebooks\homeworks\MyHW\3-4\lectures_batches\aaaaab.batch) [including 54ms in LoadMessage; 71ms in InitializeSparseNdw; 411ms in InferThetaAndUpdateNwtSparse; ]
I0906 13:29:07.756139  3140 master_component.cc:980] RegularizeModelArgs: rwt_target_name=rwt, pwt_source_name=pwt, nwt_source_name=nwt
I0906 13:29:07.756139  3140 master_component.cc:590] MasterComponent: start regularizing model pwt
I0906 13:29:07.775655  5412 processor.cc:662] No data in processing queue, waiting...
I0906 13:29:07.875733  3140 master_component.cc:613] MasterComponent: complete regularizing model pwt
I0906 13:29:07.875733  3140 master_component.cc:991] NormalizeModelArgs: pwt_target_name=pwt, nwt_source_name=nwt, rwt_source_name=rwt
I0906 13:29:07.875733  3140 master_component.cc:617] MasterComponent: start normalizing model nwt
I0906 13:29:07.964802  3140 master_component.cc:639] MasterComponent: complete normalizing model nwt
I0906 13:29:08.433146  3140 master_component.cc:1015] DisposeModel rwt
I0906 13:29:08.440153  3140 c_interface.cc:332] Pass FitOfflineMasterModelArgs, batch_filename_size=2, batch_weight_size=2, num_collection_passes=1 to void (__thiscall artm::core::MasterComponent::*)(class artm::FitOfflineMasterModelArgs const &)
I0906 13:29:08.440153  3140 master_component.cc:942] ProcessBatchesArgs: nwt_target_name=nwt, batch_filename_size=2, batch_size=0, batch_weight_size=2, pwt_source_name=pwt, num_document_passes=1, regularizer=(name:SparsePhi, tau:100000), class=(text:1), class=(author:1), reuse_theta=yes, opt_for_avx=yes, predict_class_id=
I0906 13:29:08.490195 10204 processor.cc:669] Processing queue has data, processing started
I0906 13:29:08.490195  5412 processor.cc:669] Processing queue has data, processing started
I0906 13:29:08.511209 10204 processor.cc:746] Processor: start processing batch 0f84aa87-b6cc-475f-8c4a-b2315e83cc04 into model nwt
I0906 13:29:08.527223  5412 processor.cc:746] Processor: start processing batch e77167e6-d514-45b2-9f76-1c9c7bb1fc04 into model nwt
I0906 13:29:08.720366 10204 processor.cc:842] Processor: complete processing batch 0f84aa87-b6cc-475f-8c4a-b2315e83cc04 into model nwt
I0906 13:29:08.724369 10204 cuckoo_watch.h:44] 234ms in ProcessBatch(D:\Coursera\Notebooks\homeworks\MyHW\3-4\lectures_batches\aaaaaa.batch) [including 19ms in LoadMessage; 22ms in InitializeSparseNdw; 186ms in InferThetaAndUpdateNwtSparse; ]
I0906 13:29:08.743381 10204 processor.cc:662] No data in processing queue, waiting...
I0906 13:29:08.947553  5412 processor.cc:842] Processor: complete processing batch e77167e6-d514-45b2-9f76-1c9c7bb1fc04 into model nwt
I0906 13:29:08.953059  5412 cuckoo_watch.h:44] 462ms in ProcessBatch(D:\Coursera\Notebooks\homeworks\MyHW\3-4\lectures_batches\aaaaab.batch) [including 36ms in LoadMessage; 46ms in InitializeSparseNdw; 373ms in InferThetaAndUpdateNwtSparse; ]
I0906 13:29:08.954573  3140 master_component.cc:980] RegularizeModelArgs: rwt_target_name=rwt, pwt_source_name=pwt, nwt_source_name=nwt
I0906 13:29:08.954573  3140 master_component.cc:590] MasterComponent: start regularizing model pwt
I0906 13:29:08.973575  5412 processor.cc:662] No data in processing queue, waiting...
I0906 13:29:09.075654  3140 master_component.cc:613] MasterComponent: complete regularizing model pwt
I0906 13:29:09.075654  3140 master_component.cc:991] NormalizeModelArgs: pwt_target_name=pwt, nwt_source_name=nwt, rwt_source_name=rwt
I0906 13:29:09.075654  3140 master_component.cc:617] MasterComponent: start normalizing model nwt
I0906 13:29:09.160218  3140 master_component.cc:639] MasterComponent: complete normalizing model nwt
I0906 13:29:09.683116  3140 master_component.cc:1015] DisposeModel rwt
I0906 13:29:09.691119  3140 c_interface.cc:332] Pass FitOfflineMasterModelArgs, batch_filename_size=2, batch_weight_size=2, num_collection_passes=1 to void (__thiscall artm::core::MasterComponent::*)(class artm::FitOfflineMasterModelArgs const &)
I0906 13:29:09.691119  3140 master_component.cc:942] ProcessBatchesArgs: nwt_target_name=nwt, batch_filename_size=2, batch_size=0, batch_weight_size=2, pwt_source_name=pwt, num_document_passes=1, regularizer=(name:SparsePhi, tau:100000), class=(text:1), class=(author:1), reuse_theta=yes, opt_for_avx=yes, predict_class_id=
I0906 13:29:09.745177  5412 processor.cc:669] Processing queue has data, processing started
I0906 13:29:09.745177 10204 processor.cc:669] Processing queue has data, processing started
I0906 13:29:09.769181 10204 processor.cc:746] Processor: start processing batch 0f84aa87-b6cc-475f-8c4a-b2315e83cc04 into model nwt
I0906 13:29:09.785194  5412 processor.cc:746] Processor: start processing batch e77167e6-d514-45b2-9f76-1c9c7bb1fc04 into model nwt
I0906 13:29:09.995349 10204 processor.cc:842] Processor: complete processing batch 0f84aa87-b6cc-475f-8c4a-b2315e83cc04 into model nwt
I0906 13:29:09.999353 10204 cuckoo_watch.h:44] 254ms in ProcessBatch(D:\Coursera\Notebooks\homeworks\MyHW\3-4\lectures_batches\aaaaaa.batch) [including 22ms in LoadMessage; 24ms in InitializeSparseNdw; 201ms in InferThetaAndUpdateNwtSparse; ]
I0906 13:29:10.020368 10204 processor.cc:662] No data in processing queue, waiting...
I0906 13:29:10.224529  5412 processor.cc:842] Processor: complete processing batch e77167e6-d514-45b2-9f76-1c9c7bb1fc04 into model nwt
I0906 13:29:10.230533  5412 cuckoo_watch.h:44] 485ms in ProcessBatch(D:\Coursera\Notebooks\homeworks\MyHW\3-4\lectures_batches\aaaaab.batch) [including 38ms in LoadMessage; 56ms in InitializeSparseNdw; 383ms in InferThetaAndUpdateNwtSparse; ]
I0906 13:29:10.232542  3140 master_component.cc:980] RegularizeModelArgs: rwt_target_name=rwt, pwt_source_name=pwt, nwt_source_name=nwt
I0906 13:29:10.232542  3140 master_component.cc:590] MasterComponent: start regularizing model pwt
I0906 13:29:10.256055  5412 processor.cc:662] No data in processing queue, waiting...
I0906 13:29:10.359133  3140 master_component.cc:613] MasterComponent: complete regularizing model pwt
I0906 13:29:10.359133  3140 master_component.cc:991] NormalizeModelArgs: pwt_target_name=pwt, nwt_source_name=nwt, rwt_source_name=rwt
I0906 13:29:10.359133  3140 master_component.cc:617] MasterComponent: start normalizing model nwt
I0906 13:29:10.449206  3140 master_component.cc:639] MasterComponent: complete normalizing model nwt
I0906 13:29:10.901033  3140 master_component.cc:1015] DisposeModel rwt
I0906 13:29:10.909039  3140 c_interface.cc:332] Pass FitOfflineMasterModelArgs, batch_filename_size=2, batch_weight_size=2, num_collection_passes=1 to void (__thiscall artm::core::MasterComponent::*)(class artm::FitOfflineMasterModelArgs const &)
I0906 13:29:10.909039  3140 master_component.cc:942] ProcessBatchesArgs: nwt_target_name=nwt, batch_filename_size=2, batch_size=0, batch_weight_size=2, pwt_source_name=pwt, num_document_passes=1, regularizer=(name:SparsePhi, tau:100000), class=(text:1), class=(author:1), reuse_theta=yes, opt_for_avx=yes, predict_class_id=
I0906 13:29:10.967087  5412 processor.cc:669] Processing queue has data, processing started
I0906 13:29:10.968087 10204 processor.cc:669] Processing queue has data, processing started
I0906 13:29:10.992105  5412 processor.cc:746] Processor: start processing batch 0f84aa87-b6cc-475f-8c4a-b2315e83cc04 into model nwt
I0906 13:29:11.009116 10204 processor.cc:746] Processor: start processing batch e77167e6-d514-45b2-9f76-1c9c7bb1fc04 into model nwt
I0906 13:29:11.211266  5412 processor.cc:842] Processor: complete processing batch 0f84aa87-b6cc-475f-8c4a-b2315e83cc04 into model nwt
I0906 13:29:11.214269  5412 cuckoo_watch.h:44] 247ms in ProcessBatch(D:\Coursera\Notebooks\homeworks\MyHW\3-4\lectures_batches\aaaaaa.batch) [including 23ms in LoadMessage; 21ms in InitializeSparseNdw; 197ms in InferThetaAndUpdateNwtSparse; ]
I0906 13:29:11.234282  5412 processor.cc:662] No data in processing queue, waiting...
I0906 13:29:11.459463 10204 processor.cc:842] Processor: complete processing batch e77167e6-d514-45b2-9f76-1c9c7bb1fc04 into model nwt
I0906 13:29:11.464469 10204 cuckoo_watch.h:44] 496ms in ProcessBatch(D:\Coursera\Notebooks\homeworks\MyHW\3-4\lectures_batches\aaaaab.batch) [including 39ms in LoadMessage; 52ms in InitializeSparseNdw; 397ms in InferThetaAndUpdateNwtSparse; ]
I0906 13:29:11.465486  3140 master_component.cc:980] RegularizeModelArgs: rwt_target_name=rwt, pwt_source_name=pwt, nwt_source_name=nwt
I0906 13:29:11.465486  3140 master_component.cc:590] MasterComponent: start regularizing model pwt
I0906 13:29:11.484484 10204 processor.cc:662] No data in processing queue, waiting...
I0906 13:29:11.586563  3140 master_component.cc:613] MasterComponent: complete regularizing model pwt
I0906 13:29:11.586563  3140 master_component.cc:991] NormalizeModelArgs: pwt_target_name=pwt, nwt_source_name=nwt, rwt_source_name=rwt
I0906 13:29:11.586563  3140 master_component.cc:617] MasterComponent: start normalizing model nwt
I0906 13:29:11.680634  3140 master_component.cc:639] MasterComponent: complete normalizing model nwt
I0906 13:29:12.144976  3140 master_component.cc:1015] DisposeModel rwt
I0906 13:29:12.152987  3140 c_interface.cc:332] Pass FitOfflineMasterModelArgs, batch_filename_size=2, batch_weight_size=2, num_collection_passes=1 to void (__thiscall artm::core::MasterComponent::*)(class artm::FitOfflineMasterModelArgs const &)
I0906 13:29:12.152987  3140 master_component.cc:942] ProcessBatchesArgs: nwt_target_name=nwt, batch_filename_size=2, batch_size=0, batch_weight_size=2, pwt_source_name=pwt, num_document_passes=1, regularizer=(name:SparsePhi, tau:100000), class=(text:1), class=(author:1), reuse_theta=yes, opt_for_avx=yes, predict_class_id=
I0906 13:29:12.202039 11076 processor.cc:669] Processing queue has data, processing started
I0906 13:29:12.202039 10204 processor.cc:669] Processing queue has data, processing started
I0906 13:29:12.226043 11076 processor.cc:746] Processor: start processing batch 0f84aa87-b6cc-475f-8c4a-b2315e83cc04 into model nwt
I0906 13:29:12.243052 10204 processor.cc:746] Processor: start processing batch e77167e6-d514-45b2-9f76-1c9c7bb1fc04 into model nwt
I0906 13:29:12.463721 11076 processor.cc:842] Processor: complete processing batch 0f84aa87-b6cc-475f-8c4a-b2315e83cc04 into model nwt
I0906 13:29:12.468864 11076 cuckoo_watch.h:44] 266ms in ProcessBatch(D:\Coursera\Notebooks\homeworks\MyHW\3-4\lectures_batches\aaaaaa.batch) [including 21ms in LoadMessage; 23ms in InitializeSparseNdw; 213ms in InferThetaAndUpdateNwtSparse; ]
I0906 13:29:12.489879 11076 processor.cc:662] No data in processing queue, waiting...
I0906 13:29:12.689579 10204 processor.cc:842] Processor: complete processing batch e77167e6-d514-45b2-9f76-1c9c7bb1fc04 into model nwt
I0906 13:29:12.694583 10204 cuckoo_watch.h:44] 492ms in ProcessBatch(D:\Coursera\Notebooks\homeworks\MyHW\3-4\lectures_batches\aaaaab.batch) [including 38ms in LoadMessage; 55ms in InitializeSparseNdw; 390ms in InferThetaAndUpdateNwtSparse; ]
I0906 13:29:12.696585  3140 master_component.cc:980] RegularizeModelArgs: rwt_target_name=rwt, pwt_source_name=pwt, nwt_source_name=nwt
I0906 13:29:12.696585  3140 master_component.cc:590] MasterComponent: start regularizing model pwt
I0906 13:29:12.714596 10204 processor.cc:662] No data in processing queue, waiting...
I0906 13:29:12.829681  3140 master_component.cc:613] MasterComponent: complete regularizing model pwt
I0906 13:29:12.829681  3140 master_component.cc:991] NormalizeModelArgs: pwt_target_name=pwt, nwt_source_name=nwt, rwt_source_name=rwt
I0906 13:29:12.829681  3140 master_component.cc:617] MasterComponent: start normalizing model nwt
I0906 13:29:12.935758  3140 master_component.cc:639] MasterComponent: complete normalizing model nwt
I0906 13:29:13.394093  3140 master_component.cc:1015] DisposeModel rwt
I0906 13:29:13.402101  3140 c_interface.cc:332] Pass FitOfflineMasterModelArgs, batch_filename_size=2, batch_weight_size=2, num_collection_passes=1 to void (__thiscall artm::core::MasterComponent::*)(class artm::FitOfflineMasterModelArgs const &)
I0906 13:29:13.402101  3140 master_component.cc:942] ProcessBatchesArgs: nwt_target_name=nwt, batch_filename_size=2, batch_size=0, batch_weight_size=2, pwt_source_name=pwt, num_document_passes=1, regularizer=(name:SparsePhi, tau:100000), class=(text:1), class=(author:1), reuse_theta=yes, opt_for_avx=yes, predict_class_id=
I0906 13:29:13.451656  5412 processor.cc:669] Processing queue has data, processing started
I0906 13:29:13.451656  9700 processor.cc:669] Processing queue has data, processing started
I0906 13:29:13.476160  5412 processor.cc:746] Processor: start processing batch 0f84aa87-b6cc-475f-8c4a-b2315e83cc04 into model nwt
I0906 13:29:13.492172  9700 processor.cc:746] Processor: start processing batch e77167e6-d514-45b2-9f76-1c9c7bb1fc04 into model nwt
I0906 13:29:13.726343  5412 processor.cc:842] Processor: complete processing batch 0f84aa87-b6cc-475f-8c4a-b2315e83cc04 into model nwt
I0906 13:29:13.740353  5412 cuckoo_watch.h:44] 287ms in ProcessBatch(D:\Coursera\Notebooks\homeworks\MyHW\3-4\lectures_batches\aaaaaa.batch) [including 23ms in LoadMessage; 21ms in InitializeSparseNdw; 228ms in InferThetaAndUpdateNwtSparse; ]
I0906 13:29:13.761870  5412 processor.cc:662] No data in processing queue, waiting...
I0906 13:29:14.065608  9700 processor.cc:842] Processor: complete processing batch e77167e6-d514-45b2-9f76-1c9c7bb1fc04 into model nwt
I0906 13:29:14.073621  9700 cuckoo_watch.h:44] 621ms in ProcessBatch(D:\Coursera\Notebooks\homeworks\MyHW\3-4\lectures_batches\aaaaab.batch) [including 38ms in LoadMessage; 52ms in InitializeSparseNdw; 520ms in InferThetaAndUpdateNwtSparse; ]
I0906 13:29:14.075623  3140 master_component.cc:980] RegularizeModelArgs: rwt_target_name=rwt, pwt_source_name=pwt, nwt_source_name=nwt
I0906 13:29:14.075623  3140 master_component.cc:590] MasterComponent: start regularizing model pwt
I0906 13:29:14.093636  9700 processor.cc:662] No data in processing queue, waiting...
I0906 13:29:14.206718  3140 master_component.cc:613] MasterComponent: complete regularizing model pwt
I0906 13:29:14.206718  3140 master_component.cc:991] NormalizeModelArgs: pwt_target_name=pwt, nwt_source_name=nwt, rwt_source_name=rwt
I0906 13:29:14.206718  3140 master_component.cc:617] MasterComponent: start normalizing model nwt
I0906 13:29:14.298789  3140 master_component.cc:639] MasterComponent: complete normalizing model nwt
I0906 13:29:14.737115  3140 master_component.cc:1015] DisposeModel rwt
I0906 13:29:14.744119  3140 c_interface.cc:332] Pass FitOfflineMasterModelArgs, batch_filename_size=2, batch_weight_size=2, num_collection_passes=1 to void (__thiscall artm::core::MasterComponent::*)(class artm::FitOfflineMasterModelArgs const &)
I0906 13:29:14.744119  3140 master_component.cc:942] ProcessBatchesArgs: nwt_target_name=nwt, batch_filename_size=2, batch_size=0, batch_weight_size=2, pwt_source_name=pwt, num_document_passes=1, regularizer=(name:SparsePhi, tau:100000), class=(text:1), class=(author:1), reuse_theta=yes, opt_for_avx=yes, predict_class_id=
I0906 13:29:14.796165 10204 processor.cc:669] Processing queue has data, processing started
I0906 13:29:14.797165 11076 processor.cc:669] Processing queue has data, processing started
I0906 13:29:14.817179 10204 processor.cc:746] Processor: start processing batch 0f84aa87-b6cc-475f-8c4a-b2315e83cc04 into model nwt
I0906 13:29:14.832190 11076 processor.cc:746] Processor: start processing batch e77167e6-d514-45b2-9f76-1c9c7bb1fc04 into model nwt
I0906 13:29:15.041362 10204 processor.cc:842] Processor: complete processing batch 0f84aa87-b6cc-475f-8c4a-b2315e83cc04 into model nwt
I0906 13:29:15.046365 10204 cuckoo_watch.h:44] 250ms in ProcessBatch(D:\Coursera\Notebooks\homeworks\MyHW\3-4\lectures_batches\aaaaaa.batch) [including 20ms in LoadMessage; 20ms in InitializeSparseNdw; 203ms in InferThetaAndUpdateNwtSparse; ]
I0906 13:29:15.065382 10204 processor.cc:662] No data in processing queue, waiting...
I0906 13:29:15.271533 11076 processor.cc:842] Processor: complete processing batch e77167e6-d514-45b2-9f76-1c9c7bb1fc04 into model nwt
I0906 13:29:15.276535 11076 cuckoo_watch.h:44] 479ms in ProcessBatch(D:\Coursera\Notebooks\homeworks\MyHW\3-4\lectures_batches\aaaaab.batch) [including 34ms in LoadMessage; 49ms in InitializeSparseNdw; 390ms in InferThetaAndUpdateNwtSparse; ]
I0906 13:29:15.278549  3140 master_component.cc:980] RegularizeModelArgs: rwt_target_name=rwt, pwt_source_name=pwt, nwt_source_name=nwt
I0906 13:29:15.278549  3140 master_component.cc:590] MasterComponent: start regularizing model pwt
I0906 13:29:15.296550 11076 processor.cc:662] No data in processing queue, waiting...
I0906 13:29:15.400625  3140 master_component.cc:613] MasterComponent: complete regularizing model pwt
I0906 13:29:15.400625  3140 master_component.cc:991] NormalizeModelArgs: pwt_target_name=pwt, nwt_source_name=nwt, rwt_source_name=rwt
I0906 13:29:15.400625  3140 master_component.cc:617] MasterComponent: start normalizing model nwt
I0906 13:29:15.497701  3140 master_component.cc:639] MasterComponent: complete normalizing model nwt
I0906 13:29:15.930021  3140 master_component.cc:1015] DisposeModel rwt
I0906 13:29:15.938535  3140 c_interface.cc:332] Pass FitOfflineMasterModelArgs, batch_filename_size=2, batch_weight_size=2, num_collection_passes=1 to void (__thiscall artm::core::MasterComponent::*)(class artm::FitOfflineMasterModelArgs const &)
I0906 13:29:15.938535  3140 master_component.cc:942] ProcessBatchesArgs: nwt_target_name=nwt, batch_filename_size=2, batch_size=0, batch_weight_size=2, pwt_source_name=pwt, num_document_passes=1, regularizer=(name:SparsePhi, tau:100000), class=(text:1), class=(author:1), reuse_theta=yes, opt_for_avx=yes, predict_class_id=
I0906 13:29:15.987783 11076 processor.cc:669] Processing queue has data, processing started
I0906 13:29:15.988785  9700 processor.cc:669] Processing queue has data, processing started
I0906 13:29:16.009796 11076 processor.cc:746] Processor: start processing batch 0f84aa87-b6cc-475f-8c4a-b2315e83cc04 into model nwt
I0906 13:29:16.028810  9700 processor.cc:746] Processor: start processing batch e77167e6-d514-45b2-9f76-1c9c7bb1fc04 into model nwt
I0906 13:29:16.230469 11076 processor.cc:842] Processor: complete processing batch 0f84aa87-b6cc-475f-8c4a-b2315e83cc04 into model nwt
I0906 13:29:16.235486 11076 cuckoo_watch.h:44] 247ms in ProcessBatch(D:\Coursera\Notebooks\homeworks\MyHW\3-4\lectures_batches\aaaaaa.batch) [including 20ms in LoadMessage; 21ms in InitializeSparseNdw; 199ms in InferThetaAndUpdateNwtSparse; ]
I0906 13:29:16.255499 11076 processor.cc:662] No data in processing queue, waiting...
I0906 13:29:16.459656  9700 processor.cc:842] Processor: complete processing batch e77167e6-d514-45b2-9f76-1c9c7bb1fc04 into model nwt
I0906 13:29:16.464663  9700 cuckoo_watch.h:44] 475ms in ProcessBatch(D:\Coursera\Notebooks\homeworks\MyHW\3-4\lectures_batches\aaaaab.batch) [including 38ms in LoadMessage; 50ms in InitializeSparseNdw; 380ms in InferThetaAndUpdateNwtSparse; ]
I0906 13:29:16.465677  3140 master_component.cc:980] RegularizeModelArgs: rwt_target_name=rwt, pwt_source_name=pwt, nwt_source_name=nwt
I0906 13:29:16.465677  3140 master_component.cc:590] MasterComponent: start regularizing model pwt
I0906 13:29:16.485677  9700 processor.cc:662] No data in processing queue, waiting...
I0906 13:29:16.590751  3140 master_component.cc:613] MasterComponent: complete regularizing model pwt
I0906 13:29:16.590751  3140 master_component.cc:991] NormalizeModelArgs: pwt_target_name=pwt, nwt_source_name=nwt, rwt_source_name=rwt
I0906 13:29:16.591753  3140 master_component.cc:617] MasterComponent: start normalizing model nwt
I0906 13:29:16.686820  3140 master_component.cc:639] MasterComponent: complete normalizing model nwt
I0906 13:29:17.120129  3140 master_component.cc:1015] DisposeModel rwt
I0906 13:29:17.128135  3140 c_interface.cc:332] Pass FitOfflineMasterModelArgs, batch_filename_size=2, batch_weight_size=2, num_collection_passes=1 to void (__thiscall artm::core::MasterComponent::*)(class artm::FitOfflineMasterModelArgs const &)
