I0904 14:15:05.403671  6136 c_interface.cc:180] ArtmCopyRequestedMessage is copying 509004 bytes...
I0904 14:15:05.820277  6136 c_interface.cc:180] ArtmCopyRequestedMessage is copying 509004 bytes...
I0904 14:15:06.246476  6136 c_interface.cc:180] ArtmCopyRequestedMessage is copying 509004 bytes...
I0904 14:15:06.674523  6136 c_interface.cc:180] ArtmCopyRequestedMessage is copying 509004 bytes...
I0904 14:15:07.122009  6136 c_interface.cc:180] ArtmCopyRequestedMessage is copying 509004 bytes...
I0904 14:15:07.553057  6136 c_interface.cc:180] ArtmCopyRequestedMessage is copying 509004 bytes...
I0904 14:15:07.954123  6136 c_interface.cc:180] ArtmCopyRequestedMessage is copying 509004 bytes...
I0904 14:15:08.382066  6136 c_interface.cc:180] ArtmCopyRequestedMessage is copying 509004 bytes...
I0904 14:15:08.814885  6136 c_interface.cc:180] ArtmCopyRequestedMessage is copying 509004 bytes...
I0904 14:15:09.287770  6136 c_interface.cc:180] ArtmCopyRequestedMessage is copying 509004 bytes...
I0904 14:15:09.793948  6136 c_interface.cc:180] ArtmCopyRequestedMessage is copying 509004 bytes...
I0904 14:15:10.206912  6136 c_interface.cc:180] ArtmCopyRequestedMessage is copying 509004 bytes...
I0904 14:15:10.675559  6136 c_interface.cc:180] ArtmCopyRequestedMessage is copying 509004 bytes...
I0904 14:15:11.111241  6136 c_interface.cc:180] ArtmCopyRequestedMessage is copying 509004 bytes...
I0904 14:15:11.541489  6136 c_interface.cc:180] ArtmCopyRequestedMessage is copying 509004 bytes...
I0904 14:15:12.013675  6136 c_interface.cc:180] ArtmCopyRequestedMessage is copying 509004 bytes...
I0904 14:15:12.465716  6136 c_interface.cc:180] ArtmCopyRequestedMessage is copying 509004 bytes...
I0904 14:15:12.897302  6136 c_interface.cc:180] ArtmCopyRequestedMessage is copying 509004 bytes...
I0904 14:15:13.314199  6136 c_interface.cc:180] ArtmCopyRequestedMessage is copying 509004 bytes...
I0904 14:15:13.747179  6136 c_interface.cc:180] ArtmCopyRequestedMessage is copying 509004 bytes...
I0904 14:15:14.184146  6136 c_interface.cc:180] ArtmCopyRequestedMessage is copying 509004 bytes...
I0904 14:15:14.644471  6136 c_interface.cc:180] ArtmCopyRequestedMessage is copying 509004 bytes...
I0904 14:15:15.313974  6136 c_interface.cc:180] ArtmCopyRequestedMessage is copying 509004 bytes...
I0904 14:15:16.021631  6136 c_interface.cc:180] ArtmCopyRequestedMessage is copying 509004 bytes...
I0904 14:15:16.600059  6136 c_interface.cc:180] ArtmCopyRequestedMessage is copying 509004 bytes...
I0904 14:15:17.027076  6136 c_interface.cc:180] ArtmCopyRequestedMessage is copying 509004 bytes...
I0904 14:15:17.453449  6136 c_interface.cc:180] ArtmCopyRequestedMessage is copying 509004 bytes...
I0904 14:15:17.885360  6136 c_interface.cc:180] ArtmCopyRequestedMessage is copying 509004 bytes...
I0904 14:15:18.322476  6136 c_interface.cc:180] ArtmCopyRequestedMessage is copying 509004 bytes...
I0904 14:15:18.841269  6136 c_interface.cc:180] ArtmCopyRequestedMessage is copying 509004 bytes...
I0904 14:15:19.461726  6136 c_interface.cc:180] ArtmCopyRequestedMessage is copying 509004 bytes...
I0904 14:15:20.030998  6136 c_interface.cc:180] ArtmCopyRequestedMessage is copying 509004 bytes...
I0904 14:15:20.650297  6136 c_interface.cc:180] ArtmCopyRequestedMessage is copying 509004 bytes...
I0904 14:15:21.126616  6136 c_interface.cc:180] ArtmCopyRequestedMessage is copying 509004 bytes...
I0904 14:15:21.625509  6136 c_interface.cc:180] ArtmCopyRequestedMessage is copying 509004 bytes...
I0904 14:15:22.041592  6136 c_interface.cc:180] ArtmCopyRequestedMessage is copying 509004 bytes...
I0904 14:15:22.441815  6136 c_interface.cc:180] ArtmCopyRequestedMessage is copying 509004 bytes...
I0904 14:15:22.928234  6136 c_interface.cc:180] ArtmCopyRequestedMessage is copying 509004 bytes...
I0904 14:15:23.358283  6136 c_interface.cc:180] ArtmCopyRequestedMessage is copying 509004 bytes...
I0904 14:15:23.775486  6136 c_interface.cc:180] ArtmCopyRequestedMessage is copying 509004 bytes...
I0904 14:15:24.193856  6136 c_interface.cc:180] ArtmCopyRequestedMessage is copying 509004 bytes...
I0904 14:15:24.611845  6136 c_interface.cc:180] ArtmCopyRequestedMessage is copying 509004 bytes...
I0904 14:15:25.059958  6136 c_interface.cc:180] ArtmCopyRequestedMessage is copying 509004 bytes...
I0904 14:15:25.528154  6136 c_interface.cc:180] ArtmCopyRequestedMessage is copying 509004 bytes...
I0904 14:15:26.069046  6136 c_interface.cc:180] ArtmCopyRequestedMessage is copying 509004 bytes...
I0904 14:15:26.480664  6136 c_interface.cc:180] ArtmCopyRequestedMessage is copying 509004 bytes...
I0904 14:15:26.935889  6136 c_interface.cc:180] ArtmCopyRequestedMessage is copying 509004 bytes...
I0904 14:19:03.984774  6136 c_interface.cc:180] ArtmCopyRequestedMessage is copying 906557 bytes...
I0904 14:19:04.440006  6136 c_interface.cc:180] ArtmCopyRequestedMessage is copying 906557 bytes...
I0904 14:19:04.872136  6136 c_interface.cc:180] ArtmCopyRequestedMessage is copying 906557 bytes...
I0904 14:19:05.316759  6136 c_interface.cc:180] ArtmCopyRequestedMessage is copying 906557 bytes...
I0904 14:19:05.741284  6136 c_interface.cc:180] ArtmCopyRequestedMessage is copying 906557 bytes...
I0904 14:19:06.173702  6136 c_interface.cc:180] ArtmCopyRequestedMessage is copying 906557 bytes...
I0904 14:19:06.589877  6136 c_interface.cc:180] ArtmCopyRequestedMessage is copying 906557 bytes...
I0904 14:19:07.021984  6136 c_interface.cc:180] ArtmCopyRequestedMessage is copying 906557 bytes...
I0904 14:19:07.455377  6136 c_interface.cc:180] ArtmCopyRequestedMessage is copying 906557 bytes...
I0904 14:19:07.878617  6136 c_interface.cc:180] ArtmCopyRequestedMessage is copying 906557 bytes...
I0904 14:19:08.307221  6136 c_interface.cc:180] ArtmCopyRequestedMessage is copying 906557 bytes...
I0904 14:19:08.728106  6136 c_interface.cc:180] ArtmCopyRequestedMessage is copying 906557 bytes...
I0904 14:19:09.208788  6136 c_interface.cc:180] ArtmCopyRequestedMessage is copying 906557 bytes...
I0904 14:19:09.625036  6136 c_interface.cc:180] ArtmCopyRequestedMessage is copying 906557 bytes...
I0904 14:19:10.047500  6136 c_interface.cc:180] ArtmCopyRequestedMessage is copying 906557 bytes...
I0904 14:19:10.464087  6136 c_interface.cc:180] ArtmCopyRequestedMessage is copying 906557 bytes...
I0904 14:19:10.896255  6136 c_interface.cc:180] ArtmCopyRequestedMessage is copying 906557 bytes...
I0904 14:19:11.328460  6136 c_interface.cc:180] ArtmCopyRequestedMessage is copying 906557 bytes...
I0904 14:19:11.789403  6136 c_interface.cc:180] ArtmCopyRequestedMessage is copying 906557 bytes...
I0904 14:19:12.283223  6136 c_interface.cc:180] ArtmCopyRequestedMessage is copying 906557 bytes...
I0904 14:19:12.699529  6136 c_interface.cc:180] ArtmCopyRequestedMessage is copying 906557 bytes...
I0904 14:19:13.131240  6136 c_interface.cc:180] ArtmCopyRequestedMessage is copying 906557 bytes...
I0904 14:19:13.568647  6136 c_interface.cc:180] ArtmCopyRequestedMessage is copying 906557 bytes...
I0904 14:19:13.985489  6136 c_interface.cc:180] ArtmCopyRequestedMessage is copying 906557 bytes...
I0904 14:19:14.417610  6136 c_interface.cc:180] ArtmCopyRequestedMessage is copying 906557 bytes...
I0904 14:19:14.833513  6136 c_interface.cc:180] ArtmCopyRequestedMessage is copying 906557 bytes...
I0904 14:19:15.274055  6136 c_interface.cc:180] ArtmCopyRequestedMessage is copying 906557 bytes...
I0904 14:19:15.688488  6136 c_interface.cc:180] ArtmCopyRequestedMessage is copying 906557 bytes...
I0904 14:19:16.120563  6136 c_interface.cc:180] ArtmCopyRequestedMessage is copying 906557 bytes...
I0904 14:19:16.536725  6136 c_interface.cc:180] ArtmCopyRequestedMessage is copying 906557 bytes...
I0904 14:24:32.032418  6136 c_interface.cc:332] Pass FitOfflineMasterModelArgs, batch_filename_size=2, batch_weight_size=2, num_collection_passes=1 to void (__thiscall artm::core::MasterComponent::*)(class artm::FitOfflineMasterModelArgs const &)
I0904 14:24:32.032919  6136 master_component.cc:942] ProcessBatchesArgs: nwt_target_name=nwt, batch_filename_size=2, batch_size=0, batch_weight_size=2, pwt_source_name=pwt, num_document_passes=10, regularizer=(name:SparsePhi, tau:100000), regularizer=(name:NegSparsePhi, tau:-100000), class=(text:1), class=(author:1), reuse_theta=no, opt_for_avx=yes, predict_class_id=
I0904 14:24:32.102469 12092 processor.cc:669] Processing queue has data, processing started
I0904 14:24:32.102469 11552 processor.cc:669] Processing queue has data, processing started
I0904 14:24:32.131492 11552 processor.cc:746] Processor: start processing batch 065644bc-681a-4ff8-bf25-d14331c37b13 into model nwt
I0904 14:24:32.164520 12092 processor.cc:746] Processor: start processing batch 8a1ec9c1-b2c1-4ad9-aba5-448ad9660116 into model nwt
I0904 14:24:32.506495 11552 processor.cc:842] Processor: complete processing batch 065644bc-681a-4ff8-bf25-d14331c37b13 into model nwt
I0904 14:24:32.522122 11552 cuckoo_watch.h:44] 419ms in ProcessBatch(D:\Coursera\Notebooks\homeworks\MyHW\3-4\lectures_batches\aaaaaa.batch) [including 27ms in LoadMessage; 31ms in InitializeSparseNdw; 343ms in InferThetaAndUpdateNwtSparse; ]
I0904 14:24:32.838558 11552 processor.cc:662] No data in processing queue, waiting...
I0904 14:24:32.923211 12092 processor.cc:842] Processor: complete processing batch 8a1ec9c1-b2c1-4ad9-aba5-448ad9660116 into model nwt
I0904 14:24:32.923211 12092 cuckoo_watch.h:44] 820ms in ProcessBatch(D:\Coursera\Notebooks\homeworks\MyHW\3-4\lectures_batches\aaaaab.batch) [including 60ms in LoadMessage; 36ms in InitializeSparseNdw; 722ms in InferThetaAndUpdateNwtSparse; ]
I0904 14:24:32.938858  6136 master_component.cc:980] RegularizeModelArgs: rwt_target_name=rwt, pwt_source_name=pwt, nwt_source_name=nwt
I0904 14:24:32.938858  6136 master_component.cc:590] MasterComponent: start regularizing model pwt
I0904 14:24:33.061280  6136 master_component.cc:613] MasterComponent: complete regularizing model pwt
I0904 14:24:33.061280  6136 master_component.cc:991] NormalizeModelArgs: pwt_target_name=pwt, nwt_source_name=nwt, rwt_source_name=rwt
I0904 14:24:33.061280  6136 master_component.cc:617] MasterComponent: start normalizing model nwt
I0904 14:24:33.145927  6136 master_component.cc:639] MasterComponent: complete normalizing model nwt
I0904 14:24:33.192806 12092 processor.cc:662] No data in processing queue, waiting...
I0904 14:24:33.562247  6136 master_component.cc:1015] DisposeModel rwt
I0904 14:24:33.562247  6136 c_interface.cc:332] Pass FitOfflineMasterModelArgs, batch_filename_size=2, batch_weight_size=2, num_collection_passes=1 to void (__thiscall artm::core::MasterComponent::*)(class artm::FitOfflineMasterModelArgs const &)
I0904 14:24:33.562247  6136 master_component.cc:942] ProcessBatchesArgs: nwt_target_name=nwt, batch_filename_size=2, batch_size=0, batch_weight_size=2, pwt_source_name=pwt, num_document_passes=10, regularizer=(name:SparsePhi, tau:100000), regularizer=(name:NegSparsePhi, tau:-100000), class=(text:1), class=(author:1), reuse_theta=no, opt_for_avx=yes, predict_class_id=
I0904 14:24:33.624760  3476 processor.cc:669] Processing queue has data, processing started
I0904 14:24:33.624760 12092 processor.cc:669] Processing queue has data, processing started
I0904 14:24:33.646386  3476 processor.cc:746] Processor: start processing batch 065644bc-681a-4ff8-bf25-d14331c37b13 into model nwt
I0904 14:24:33.646886 12092 processor.cc:746] Processor: start processing batch 8a1ec9c1-b2c1-4ad9-aba5-448ad9660116 into model nwt
I0904 14:24:34.050351  3476 processor.cc:842] Processor: complete processing batch 065644bc-681a-4ff8-bf25-d14331c37b13 into model nwt
I0904 14:24:34.054355  3476 cuckoo_watch.h:44] 429ms in ProcessBatch(D:\Coursera\Notebooks\homeworks\MyHW\3-4\lectures_batches\aaaaaa.batch) [including 19ms in LoadMessage; 16ms in InitializeSparseNdw; 387ms in InferThetaAndUpdateNwtSparse; ]
I0904 14:24:34.131914  3476 processor.cc:662] No data in processing queue, waiting...
I0904 14:24:34.452708 12092 processor.cc:842] Processor: complete processing batch 8a1ec9c1-b2c1-4ad9-aba5-448ad9660116 into model nwt
I0904 14:24:34.468336 12092 cuckoo_watch.h:44] 843ms in ProcessBatch(D:\Coursera\Notebooks\homeworks\MyHW\3-4\lectures_batches\aaaaab.batch) [including 22ms in LoadMessage; 77ms in InitializeSparseNdw; 728ms in InferThetaAndUpdateNwtSparse; ]
I0904 14:24:34.483973  6136 master_component.cc:980] RegularizeModelArgs: rwt_target_name=rwt, pwt_source_name=pwt, nwt_source_name=nwt
I0904 14:24:34.483973  6136 master_component.cc:590] MasterComponent: start regularizing model pwt
I0904 14:24:34.597431 12092 processor.cc:662] No data in processing queue, waiting...
I0904 14:24:34.613440  6136 master_component.cc:613] MasterComponent: complete regularizing model pwt
I0904 14:24:34.613440  6136 master_component.cc:991] NormalizeModelArgs: pwt_target_name=pwt, nwt_source_name=nwt, rwt_source_name=rwt
I0904 14:24:34.613440  6136 master_component.cc:617] MasterComponent: start normalizing model nwt
I0904 14:24:34.705581  6136 master_component.cc:639] MasterComponent: complete normalizing model nwt
I0904 14:24:35.148381  6136 master_component.cc:1015] DisposeModel rwt
I0904 14:24:35.163396  6136 c_interface.cc:332] Pass FitOfflineMasterModelArgs, batch_filename_size=2, batch_weight_size=2, num_collection_passes=1 to void (__thiscall artm::core::MasterComponent::*)(class artm::FitOfflineMasterModelArgs const &)
I0904 14:24:35.163396  6136 master_component.cc:942] ProcessBatchesArgs: nwt_target_name=nwt, batch_filename_size=2, batch_size=0, batch_weight_size=2, pwt_source_name=pwt, num_document_passes=10, regularizer=(name:SparsePhi, tau:100000), regularizer=(name:NegSparsePhi, tau:-100000), class=(text:1), class=(author:1), reuse_theta=no, opt_for_avx=yes, predict_class_id=
I0904 14:24:35.250463  2608 processor.cc:669] Processing queue has data, processing started
I0904 14:24:35.250463 11552 processor.cc:669] Processing queue has data, processing started
I0904 14:24:35.282485  2608 processor.cc:746] Processor: start processing batch 065644bc-681a-4ff8-bf25-d14331c37b13 into model nwt
I0904 14:24:35.305502 11552 processor.cc:746] Processor: start processing batch 8a1ec9c1-b2c1-4ad9-aba5-448ad9660116 into model nwt
I0904 14:24:35.695796  2608 processor.cc:842] Processor: complete processing batch 065644bc-681a-4ff8-bf25-d14331c37b13 into model nwt
I0904 14:24:35.699798  2608 cuckoo_watch.h:44] 449ms in ProcessBatch(D:\Coursera\Notebooks\homeworks\MyHW\3-4\lectures_batches\aaaaaa.batch) [including 29ms in LoadMessage; 29ms in InitializeSparseNdw; 384ms in InferThetaAndUpdateNwtSparse; ]
I0904 14:24:35.720811  2608 processor.cc:662] No data in processing queue, waiting...
I0904 14:24:36.112329 11552 processor.cc:842] Processor: complete processing batch 8a1ec9c1-b2c1-4ad9-aba5-448ad9660116 into model nwt
I0904 14:24:36.118335 11552 cuckoo_watch.h:44] 867ms in ProcessBatch(D:\Coursera\Notebooks\homeworks\MyHW\3-4\lectures_batches\aaaaab.batch) [including 53ms in LoadMessage; 57ms in InitializeSparseNdw; 749ms in InferThetaAndUpdateNwtSparse; ]
I0904 14:24:36.119335  6136 master_component.cc:980] RegularizeModelArgs: rwt_target_name=rwt, pwt_source_name=pwt, nwt_source_name=nwt
I0904 14:24:36.119335  6136 master_component.cc:590] MasterComponent: start regularizing model pwt
I0904 14:24:36.139353 11552 processor.cc:662] No data in processing queue, waiting...
I0904 14:24:36.263720  6136 master_component.cc:613] MasterComponent: complete regularizing model pwt
I0904 14:24:36.263720  6136 master_component.cc:991] NormalizeModelArgs: pwt_target_name=pwt, nwt_source_name=nwt, rwt_source_name=rwt
I0904 14:24:36.263720  6136 master_component.cc:617] MasterComponent: start normalizing model nwt
I0904 14:24:36.348860  6136 master_component.cc:639] MasterComponent: complete normalizing model nwt
I0904 14:24:36.762596  6136 master_component.cc:1015] DisposeModel rwt
I0904 14:24:36.773605  6136 c_interface.cc:332] Pass FitOfflineMasterModelArgs, batch_filename_size=2, batch_weight_size=2, num_collection_passes=1 to void (__thiscall artm::core::MasterComponent::*)(class artm::FitOfflineMasterModelArgs const &)
I0904 14:24:36.773605  6136 master_component.cc:942] ProcessBatchesArgs: nwt_target_name=nwt, batch_filename_size=2, batch_size=0, batch_weight_size=2, pwt_source_name=pwt, num_document_passes=10, regularizer=(name:SparsePhi, tau:100000), regularizer=(name:NegSparsePhi, tau:-100000), class=(text:1), class=(author:1), reuse_theta=no, opt_for_avx=yes, predict_class_id=
I0904 14:24:36.828974  3476 processor.cc:669] Processing queue has data, processing started
I0904 14:24:36.828974  2608 processor.cc:669] Processing queue has data, processing started
I0904 14:24:36.849586  3476 processor.cc:746] Processor: start processing batch 065644bc-681a-4ff8-bf25-d14331c37b13 into model nwt
I0904 14:24:36.865212  2608 processor.cc:746] Processor: start processing batch 8a1ec9c1-b2c1-4ad9-aba5-448ad9660116 into model nwt
I0904 14:24:37.250427  3476 processor.cc:842] Processor: complete processing batch 065644bc-681a-4ff8-bf25-d14331c37b13 into model nwt
I0904 14:24:37.254427  3476 cuckoo_watch.h:44] 425ms in ProcessBatch(D:\Coursera\Notebooks\homeworks\MyHW\3-4\lectures_batches\aaaaaa.batch) [including 19ms in LoadMessage; 15ms in InitializeSparseNdw; 385ms in InferThetaAndUpdateNwtSparse; ]
I0904 14:24:37.273439  3476 processor.cc:662] No data in processing queue, waiting...
I0904 14:24:37.655776  2608 processor.cc:842] Processor: complete processing batch 8a1ec9c1-b2c1-4ad9-aba5-448ad9660116 into model nwt
I0904 14:24:37.655776  2608 cuckoo_watch.h:44] 826ms in ProcessBatch(D:\Coursera\Notebooks\homeworks\MyHW\3-4\lectures_batches\aaaaab.batch) [including 36ms in LoadMessage; 62ms in InitializeSparseNdw; 728ms in InferThetaAndUpdateNwtSparse; ]
I0904 14:24:37.671403  6136 master_component.cc:980] RegularizeModelArgs: rwt_target_name=rwt, pwt_source_name=pwt, nwt_source_name=nwt
I0904 14:24:37.671403  6136 master_component.cc:590] MasterComponent: start regularizing model pwt
I0904 14:24:37.787307  6136 master_component.cc:613] MasterComponent: complete regularizing model pwt
I0904 14:24:37.787307  6136 master_component.cc:991] NormalizeModelArgs: pwt_target_name=pwt, nwt_source_name=nwt, rwt_source_name=rwt
I0904 14:24:37.787307  6136 master_component.cc:617] MasterComponent: start normalizing model nwt
I0904 14:24:37.811498  2608 processor.cc:662] No data in processing queue, waiting...
I0904 14:24:37.893553  6136 master_component.cc:639] MasterComponent: complete normalizing model nwt
I0904 14:24:38.287479  6136 master_component.cc:1015] DisposeModel rwt
I0904 14:24:38.287479  6136 c_interface.cc:332] Pass FitOfflineMasterModelArgs, batch_filename_size=2, batch_weight_size=2, num_collection_passes=1 to void (__thiscall artm::core::MasterComponent::*)(class artm::FitOfflineMasterModelArgs const &)
I0904 14:24:38.303102  6136 master_component.cc:942] ProcessBatchesArgs: nwt_target_name=nwt, batch_filename_size=2, batch_size=0, batch_weight_size=2, pwt_source_name=pwt, num_document_passes=10, regularizer=(name:SparsePhi, tau:100000), regularizer=(name:NegSparsePhi, tau:-100000), class=(text:1), class=(author:1), reuse_theta=no, opt_for_avx=yes, predict_class_id=
I0904 14:24:38.353426  3476 processor.cc:669] Processing queue has data, processing started
I0904 14:24:38.353426 11552 processor.cc:669] Processing queue has data, processing started
I0904 14:24:38.378444  3476 processor.cc:746] Processor: start processing batch 065644bc-681a-4ff8-bf25-d14331c37b13 into model nwt
I0904 14:24:38.395452 11552 processor.cc:746] Processor: start processing batch 8a1ec9c1-b2c1-4ad9-aba5-448ad9660116 into model nwt
I0904 14:24:38.756616  3476 processor.cc:842] Processor: complete processing batch 065644bc-681a-4ff8-bf25-d14331c37b13 into model nwt
I0904 14:24:38.756616  3476 cuckoo_watch.h:44] 403ms in ProcessBatch(D:\Coursera\Notebooks\homeworks\MyHW\3-4\lectures_batches\aaaaaa.batch) [including 23ms in LoadMessage; 24ms in InitializeSparseNdw; 354ms in InferThetaAndUpdateNwtSparse; ]
I0904 14:24:38.849265  3476 processor.cc:662] No data in processing queue, waiting...
I0904 14:24:39.141667 11552 processor.cc:842] Processor: complete processing batch 8a1ec9c1-b2c1-4ad9-aba5-448ad9660116 into model nwt
I0904 14:24:39.157297 11552 cuckoo_watch.h:44] 803ms in ProcessBatch(D:\Coursera\Notebooks\homeworks\MyHW\3-4\lectures_batches\aaaaab.batch) [including 40ms in LoadMessage; 44ms in InitializeSparseNdw; 701ms in InferThetaAndUpdateNwtSparse; ]
I0904 14:24:39.172933  6136 master_component.cc:980] RegularizeModelArgs: rwt_target_name=rwt, pwt_source_name=pwt, nwt_source_name=nwt
I0904 14:24:39.172933  6136 master_component.cc:590] MasterComponent: start regularizing model pwt
I0904 14:24:39.271761 11552 processor.cc:662] No data in processing queue, waiting...
I0904 14:24:39.289557  6136 master_component.cc:613] MasterComponent: complete regularizing model pwt
I0904 14:24:39.289557  6136 master_component.cc:991] NormalizeModelArgs: pwt_target_name=pwt, nwt_source_name=nwt, rwt_source_name=rwt
I0904 14:24:39.289557  6136 master_component.cc:617] MasterComponent: start normalizing model nwt
I0904 14:24:39.373204  6136 master_component.cc:639] MasterComponent: complete normalizing model nwt
I0904 14:24:39.789130  6136 master_component.cc:1015] DisposeModel rwt
I0904 14:24:39.789130  6136 c_interface.cc:332] Pass FitOfflineMasterModelArgs, batch_filename_size=2, batch_weight_size=2, num_collection_passes=1 to void (__thiscall artm::core::MasterComponent::*)(class artm::FitOfflineMasterModelArgs const &)
I0904 14:24:39.789130  6136 master_component.cc:942] ProcessBatchesArgs: nwt_target_name=nwt, batch_filename_size=2, batch_size=0, batch_weight_size=2, pwt_source_name=pwt, num_document_passes=10, regularizer=(name:SparsePhi, tau:100000), regularizer=(name:NegSparsePhi, tau:-100000), class=(text:1), class=(author:1), reuse_theta=no, opt_for_avx=yes, predict_class_id=
I0904 14:24:39.858167  3476 processor.cc:669] Processing queue has data, processing started
I0904 14:24:39.858167  2608 processor.cc:669] Processing queue has data, processing started
I0904 14:24:39.889398  2608 processor.cc:746] Processor: start processing batch 065644bc-681a-4ff8-bf25-d14331c37b13 into model nwt
I0904 14:24:39.889398  3476 processor.cc:746] Processor: start processing batch 8a1ec9c1-b2c1-4ad9-aba5-448ad9660116 into model nwt
I0904 14:24:40.273855  2608 processor.cc:842] Processor: complete processing batch 065644bc-681a-4ff8-bf25-d14331c37b13 into model nwt
I0904 14:24:40.289486  2608 cuckoo_watch.h:44] 431ms in ProcessBatch(D:\Coursera\Notebooks\homeworks\MyHW\3-4\lectures_batches\aaaaaa.batch) [including 31ms in LoadMessage; 15ms in InitializeSparseNdw; 368ms in InferThetaAndUpdateNwtSparse; ]
I0904 14:24:40.470475  2608 processor.cc:662] No data in processing queue, waiting...
I0904 14:24:40.675096  3476 processor.cc:842] Processor: complete processing batch 8a1ec9c1-b2c1-4ad9-aba5-448ad9660116 into model nwt
I0904 14:24:40.675096  3476 cuckoo_watch.h:44] 816ms in ProcessBatch(D:\Coursera\Notebooks\homeworks\MyHW\3-4\lectures_batches\aaaaab.batch) [including 31ms in LoadMessage; 60ms in InitializeSparseNdw; 724ms in InferThetaAndUpdateNwtSparse; ]
I0904 14:24:40.690734  6136 master_component.cc:980] RegularizeModelArgs: rwt_target_name=rwt, pwt_source_name=pwt, nwt_source_name=nwt
I0904 14:24:40.690734  6136 master_component.cc:590] MasterComponent: start regularizing model pwt
I0904 14:24:40.806619  6136 master_component.cc:613] MasterComponent: complete regularizing model pwt
I0904 14:24:40.806619  6136 master_component.cc:991] NormalizeModelArgs: pwt_target_name=pwt, nwt_source_name=nwt, rwt_source_name=rwt
I0904 14:24:40.806619  6136 master_component.cc:617] MasterComponent: start normalizing model nwt
I0904 14:24:40.891268  6136 master_component.cc:639] MasterComponent: complete normalizing model nwt
I0904 14:24:40.991544  3476 processor.cc:662] No data in processing queue, waiting...
I0904 14:24:41.291832  6136 master_component.cc:1015] DisposeModel rwt
I0904 14:24:41.307461  6136 c_interface.cc:332] Pass FitOfflineMasterModelArgs, batch_filename_size=2, batch_weight_size=2, num_collection_passes=1 to void (__thiscall artm::core::MasterComponent::*)(class artm::FitOfflineMasterModelArgs const &)
I0904 14:24:41.307461  6136 master_component.cc:942] ProcessBatchesArgs: nwt_target_name=nwt, batch_filename_size=2, batch_size=0, batch_weight_size=2, pwt_source_name=pwt, num_document_passes=10, regularizer=(name:SparsePhi, tau:100000), regularizer=(name:NegSparsePhi, tau:-100000), class=(text:1), class=(author:1), reuse_theta=no, opt_for_avx=yes, predict_class_id=
I0904 14:24:41.360872  3476 processor.cc:669] Processing queue has data, processing started
I0904 14:24:41.360872 11552 processor.cc:669] Processing queue has data, processing started
I0904 14:24:41.376482 11552 processor.cc:746] Processor: start processing batch 065644bc-681a-4ff8-bf25-d14331c37b13 into model nwt
I0904 14:24:41.407734  3476 processor.cc:746] Processor: start processing batch 8a1ec9c1-b2c1-4ad9-aba5-448ad9660116 into model nwt
I0904 14:24:41.745999 11552 processor.cc:842] Processor: complete processing batch 065644bc-681a-4ff8-bf25-d14331c37b13 into model nwt
I0904 14:24:41.745999 11552 cuckoo_watch.h:44] 385ms in ProcessBatch(D:\Coursera\Notebooks\homeworks\MyHW\3-4\lectures_batches\aaaaaa.batch) [including 15ms in LoadMessage; 31ms in InitializeSparseNdw; 338ms in InferThetaAndUpdateNwtSparse; ]
I0904 14:24:42.041304 11552 processor.cc:662] No data in processing queue, waiting...
I0904 14:24:42.162283  3476 processor.cc:842] Processor: complete processing batch 8a1ec9c1-b2c1-4ad9-aba5-448ad9660116 into model nwt
I0904 14:24:42.162283  3476 cuckoo_watch.h:44] 801ms in ProcessBatch(D:\Coursera\Notebooks\homeworks\MyHW\3-4\lectures_batches\aaaaab.batch) [including 46ms in LoadMessage; 37ms in InitializeSparseNdw; 716ms in InferThetaAndUpdateNwtSparse; ]
I0904 14:24:42.177930  6136 master_component.cc:980] RegularizeModelArgs: rwt_target_name=rwt, pwt_source_name=pwt, nwt_source_name=nwt
I0904 14:24:42.177930  6136 master_component.cc:590] MasterComponent: start regularizing model pwt
I0904 14:24:42.309432  6136 master_component.cc:613] MasterComponent: complete regularizing model pwt
I0904 14:24:42.309432  6136 master_component.cc:991] NormalizeModelArgs: pwt_target_name=pwt, nwt_source_name=nwt, rwt_source_name=rwt
I0904 14:24:42.309432  6136 master_component.cc:617] MasterComponent: start normalizing model nwt
I0904 14:24:42.394089  6136 master_component.cc:639] MasterComponent: complete normalizing model nwt
I0904 14:24:42.478732  3476 processor.cc:662] No data in processing queue, waiting...
I0904 14:24:42.794718  6136 master_component.cc:1015] DisposeModel rwt
I0904 14:24:42.794718  6136 c_interface.cc:332] Pass FitOfflineMasterModelArgs, batch_filename_size=2, batch_weight_size=2, num_collection_passes=1 to void (__thiscall artm::core::MasterComponent::*)(class artm::FitOfflineMasterModelArgs const &)
I0904 14:24:42.794718  6136 master_component.cc:942] ProcessBatchesArgs: nwt_target_name=nwt, batch_filename_size=2, batch_size=0, batch_weight_size=2, pwt_source_name=pwt, num_document_passes=10, regularizer=(name:SparsePhi, tau:100000), regularizer=(name:NegSparsePhi, tau:-100000), class=(text:1), class=(author:1), reuse_theta=no, opt_for_avx=yes, predict_class_id=
I0904 14:24:42.863765 11552 processor.cc:669] Processing queue has data, processing started
I0904 14:24:42.863765 12092 processor.cc:669] Processing queue has data, processing started
I0904 14:24:42.879369 12092 processor.cc:746] Processor: start processing batch 065644bc-681a-4ff8-bf25-d14331c37b13 into model nwt
I0904 14:24:42.894994 11552 processor.cc:746] Processor: start processing batch 8a1ec9c1-b2c1-4ad9-aba5-448ad9660116 into model nwt
I0904 14:24:43.248975 12092 processor.cc:842] Processor: complete processing batch 065644bc-681a-4ff8-bf25-d14331c37b13 into model nwt
I0904 14:24:43.248975 12092 cuckoo_watch.h:44] 385ms in ProcessBatch(D:\Coursera\Notebooks\homeworks\MyHW\3-4\lectures_batches\aaaaaa.batch) [including 15ms in LoadMessage; 15ms in InitializeSparseNdw; 353ms in InferThetaAndUpdateNwtSparse; ]
I0904 14:24:43.565428 12092 processor.cc:662] No data in processing queue, waiting...
I0904 14:24:43.664036 11552 processor.cc:842] Processor: complete processing batch 8a1ec9c1-b2c1-4ad9-aba5-448ad9660116 into model nwt
I0904 14:24:43.670042 11552 cuckoo_watch.h:44] 806ms in ProcessBatch(D:\Coursera\Notebooks\homeworks\MyHW\3-4\lectures_batches\aaaaab.batch) [including 31ms in LoadMessage; 53ms in InitializeSparseNdw; 715ms in InferThetaAndUpdateNwtSparse; ]
I0904 14:24:43.671057  6136 master_component.cc:980] RegularizeModelArgs: rwt_target_name=rwt, pwt_source_name=pwt, nwt_source_name=nwt
I0904 14:24:43.671057  6136 master_component.cc:590] MasterComponent: start regularizing model pwt
I0904 14:24:43.691054 11552 processor.cc:662] No data in processing queue, waiting...
I0904 14:24:43.796917  6136 master_component.cc:613] MasterComponent: complete regularizing model pwt
I0904 14:24:43.796917  6136 master_component.cc:991] NormalizeModelArgs: pwt_target_name=pwt, nwt_source_name=nwt, rwt_source_name=rwt
I0904 14:24:43.796917  6136 master_component.cc:617] MasterComponent: start normalizing model nwt
I0904 14:24:43.881566  6136 master_component.cc:639] MasterComponent: complete normalizing model nwt
I0904 14:24:44.281059  6136 master_component.cc:1015] DisposeModel rwt
I0904 14:24:44.296681  6136 c_interface.cc:332] Pass FitOfflineMasterModelArgs, batch_filename_size=2, batch_weight_size=2, num_collection_passes=1 to void (__thiscall artm::core::MasterComponent::*)(class artm::FitOfflineMasterModelArgs const &)
I0904 14:24:44.296681  6136 master_component.cc:942] ProcessBatchesArgs: nwt_target_name=nwt, batch_filename_size=2, batch_size=0, batch_weight_size=2, pwt_source_name=pwt, num_document_passes=10, regularizer=(name:SparsePhi, tau:100000), regularizer=(name:NegSparsePhi, tau:-100000), class=(text:1), class=(author:1), reuse_theta=no, opt_for_avx=yes, predict_class_id=
I0904 14:24:44.367199 12092 processor.cc:669] Processing queue has data, processing started
I0904 14:24:44.367199  2608 processor.cc:669] Processing queue has data, processing started
I0904 14:24:44.398455 12092 processor.cc:746] Processor: start processing batch 065644bc-681a-4ff8-bf25-d14331c37b13 into model nwt
I0904 14:24:44.414082  2608 processor.cc:746] Processor: start processing batch 8a1ec9c1-b2c1-4ad9-aba5-448ad9660116 into model nwt
I0904 14:24:44.769718 12092 processor.cc:842] Processor: complete processing batch 065644bc-681a-4ff8-bf25-d14331c37b13 into model nwt
I0904 14:24:44.769718 12092 cuckoo_watch.h:44] 402ms in ProcessBatch(D:\Coursera\Notebooks\homeworks\MyHW\3-4\lectures_batches\aaaaaa.batch) [including 31ms in LoadMessage; 15ms in InitializeSparseNdw; 355ms in InferThetaAndUpdateNwtSparse; ]
I0904 14:24:45.095141 12092 processor.cc:662] No data in processing queue, waiting...
I0904 14:24:45.164163  2608 processor.cc:842] Processor: complete processing batch 8a1ec9c1-b2c1-4ad9-aba5-448ad9660116 into model nwt
I0904 14:24:45.179785  2608 cuckoo_watch.h:44] 796ms in ProcessBatch(D:\Coursera\Notebooks\homeworks\MyHW\3-4\lectures_batches\aaaaab.batch) [including 46ms in LoadMessage; 54ms in InitializeSparseNdw; 694ms in InferThetaAndUpdateNwtSparse; ]
I0904 14:24:45.179785  6136 master_component.cc:980] RegularizeModelArgs: rwt_target_name=rwt, pwt_source_name=pwt, nwt_source_name=nwt
I0904 14:24:45.179785  6136 master_component.cc:590] MasterComponent: start regularizing model pwt
I0904 14:24:45.214674  2608 processor.cc:662] No data in processing queue, waiting...
I0904 14:24:45.296447  6136 master_component.cc:613] MasterComponent: complete regularizing model pwt
I0904 14:24:45.296447  6136 master_component.cc:991] NormalizeModelArgs: pwt_target_name=pwt, nwt_source_name=nwt, rwt_source_name=rwt
I0904 14:24:45.296447  6136 master_component.cc:617] MasterComponent: start normalizing model nwt
I0904 14:24:45.395718  6136 master_component.cc:639] MasterComponent: complete normalizing model nwt
I0904 14:24:45.806699  6136 master_component.cc:1015] DisposeModel rwt
I0904 14:24:45.806699  6136 c_interface.cc:332] Pass FitOfflineMasterModelArgs, batch_filename_size=2, batch_weight_size=2, num_collection_passes=1 to void (__thiscall artm::core::MasterComponent::*)(class artm::FitOfflineMasterModelArgs const &)
I0904 14:24:45.806699  6136 master_component.cc:942] ProcessBatchesArgs: nwt_target_name=nwt, batch_filename_size=2, batch_size=0, batch_weight_size=2, pwt_source_name=pwt, num_document_passes=10, regularizer=(name:SparsePhi, tau:100000), regularizer=(name:NegSparsePhi, tau:-100000), class=(text:1), class=(author:1), reuse_theta=no, opt_for_avx=yes, predict_class_id=
I0904 14:24:45.880730  2608 processor.cc:669] Processing queue has data, processing started
I0904 14:24:45.880730 12092 processor.cc:669] Processing queue has data, processing started
I0904 14:24:45.896344 12092 processor.cc:746] Processor: start processing batch 065644bc-681a-4ff8-bf25-d14331c37b13 into model nwt
I0904 14:24:45.911972  2608 processor.cc:746] Processor: start processing batch 8a1ec9c1-b2c1-4ad9-aba5-448ad9660116 into model nwt
I0904 14:24:46.270820 12092 processor.cc:842] Processor: complete processing batch 065644bc-681a-4ff8-bf25-d14331c37b13 into model nwt
I0904 14:24:46.274822 12092 cuckoo_watch.h:44] 394ms in ProcessBatch(D:\Coursera\Notebooks\homeworks\MyHW\3-4\lectures_batches\aaaaaa.batch) [including 15ms in LoadMessage; 34ms in InitializeSparseNdw; 339ms in InferThetaAndUpdateNwtSparse; ]
I0904 14:24:46.295838 12092 processor.cc:662] No data in processing queue, waiting...
I0904 14:24:46.666931  2608 processor.cc:842] Processor: complete processing batch 8a1ec9c1-b2c1-4ad9-aba5-448ad9660116 into model nwt
I0904 14:24:46.666931  2608 cuckoo_watch.h:44] 786ms in ProcessBatch(D:\Coursera\Notebooks\homeworks\MyHW\3-4\lectures_batches\aaaaab.batch) [including 31ms in LoadMessage; 53ms in InitializeSparseNdw; 701ms in InferThetaAndUpdateNwtSparse; ]
I0904 14:24:46.682584  6136 master_component.cc:980] RegularizeModelArgs: rwt_target_name=rwt, pwt_source_name=pwt, nwt_source_name=nwt
I0904 14:24:46.682584  6136 master_component.cc:590] MasterComponent: start regularizing model pwt
I0904 14:24:46.809762  6136 master_component.cc:613] MasterComponent: complete regularizing model pwt
I0904 14:24:46.809762  6136 master_component.cc:991] NormalizeModelArgs: pwt_target_name=pwt, nwt_source_name=nwt, rwt_source_name=rwt
I0904 14:24:46.809762  6136 master_component.cc:617] MasterComponent: start normalizing model nwt
I0904 14:24:46.810763  2608 processor.cc:662] No data in processing queue, waiting...
I0904 14:24:46.892524  6136 master_component.cc:639] MasterComponent: complete normalizing model nwt
I0904 14:24:47.393245  6136 master_component.cc:1015] DisposeModel rwt
I0904 14:24:47.396306  6136 c_interface.cc:332] Pass FitOfflineMasterModelArgs, batch_filename_size=2, batch_weight_size=2, num_collection_passes=1 to void (__thiscall artm::core::MasterComponent::*)(class artm::FitOfflineMasterModelArgs const &)
I0904 14:24:47.396306  6136 master_component.cc:942] ProcessBatchesArgs: nwt_target_name=nwt, batch_filename_size=2, batch_size=0, batch_weight_size=2, pwt_source_name=pwt, num_document_passes=10, regularizer=(name:SparsePhi, tau:100000), regularizer=(name:NegSparsePhi, tau:-100000), class=(text:1), class=(author:1), reuse_theta=no, opt_for_avx=yes, predict_class_id=
I0904 14:24:47.451722 11552 processor.cc:669] Processing queue has data, processing started
I0904 14:24:47.451722  2608 processor.cc:669] Processing queue has data, processing started
I0904 14:24:47.467331  2608 processor.cc:746] Processor: start processing batch 065644bc-681a-4ff8-bf25-d14331c37b13 into model nwt
I0904 14:24:47.482957 11552 processor.cc:746] Processor: start processing batch 8a1ec9c1-b2c1-4ad9-aba5-448ad9660116 into model nwt
I0904 14:24:47.815016  2608 processor.cc:842] Processor: complete processing batch 065644bc-681a-4ff8-bf25-d14331c37b13 into model nwt
I0904 14:24:47.833652  2608 cuckoo_watch.h:44] 381ms in ProcessBatch(D:\Coursera\Notebooks\homeworks\MyHW\3-4\lectures_batches\aaaaaa.batch) [including 15ms in LoadMessage; 15ms in InitializeSparseNdw; 332ms in InferThetaAndUpdateNwtSparse; ]
I0904 14:24:47.904422  2608 processor.cc:662] No data in processing queue, waiting...
I0904 14:24:48.235136 11552 processor.cc:842] Processor: complete processing batch 8a1ec9c1-b2c1-4ad9-aba5-448ad9660116 into model nwt
I0904 14:24:48.237637 11552 cuckoo_watch.h:44] 785ms in ProcessBatch(D:\Coursera\Notebooks\homeworks\MyHW\3-4\lectures_batches\aaaaab.batch) [including 31ms in LoadMessage; 48ms in InitializeSparseNdw; 702ms in InferThetaAndUpdateNwtSparse; ]
I0904 14:24:48.253401  6136 master_component.cc:980] RegularizeModelArgs: rwt_target_name=rwt, pwt_source_name=pwt, nwt_source_name=nwt
I0904 14:24:48.253401  6136 master_component.cc:590] MasterComponent: start regularizing model pwt
I0904 14:24:48.302530 11552 processor.cc:662] No data in processing queue, waiting...
I0904 14:24:48.369630  6136 master_component.cc:613] MasterComponent: complete regularizing model pwt
I0904 14:24:48.369630  6136 master_component.cc:991] NormalizeModelArgs: pwt_target_name=pwt, nwt_source_name=nwt, rwt_source_name=rwt
I0904 14:24:48.369630  6136 master_component.cc:617] MasterComponent: start normalizing model nwt
I0904 14:24:48.465271  6136 master_component.cc:639] MasterComponent: complete normalizing model nwt
I0904 14:24:48.855240  6136 master_component.cc:1015] DisposeModel rwt
I0904 14:24:48.870869  6136 c_interface.cc:332] Pass FitOfflineMasterModelArgs, batch_filename_size=2, batch_weight_size=2, num_collection_passes=1 to void (__thiscall artm::core::MasterComponent::*)(class artm::FitOfflineMasterModelArgs const &)
I0904 14:24:48.870869  6136 master_component.cc:942] ProcessBatchesArgs: nwt_target_name=nwt, batch_filename_size=2, batch_size=0, batch_weight_size=2, pwt_source_name=pwt, num_document_passes=10, regularizer=(name:SparsePhi, tau:100000), regularizer=(name:NegSparsePhi, tau:-100000), class=(text:1), class=(author:1), reuse_theta=no, opt_for_avx=yes, predict_class_id=
I0904 14:24:48.938268  3476 processor.cc:669] Processing queue has data, processing started
I0904 14:24:48.938268 11552 processor.cc:669] Processing queue has data, processing started
I0904 14:24:48.962803  3476 processor.cc:746] Processor: start processing batch 065644bc-681a-4ff8-bf25-d14331c37b13 into model nwt
I0904 14:24:48.976809 11552 processor.cc:746] Processor: start processing batch 8a1ec9c1-b2c1-4ad9-aba5-448ad9660116 into model nwt
I0904 14:24:49.336715  3476 processor.cc:842] Processor: complete processing batch 065644bc-681a-4ff8-bf25-d14331c37b13 into model nwt
I0904 14:24:49.340222  3476 cuckoo_watch.h:44] 401ms in ProcessBatch(D:\Coursera\Notebooks\homeworks\MyHW\3-4\lectures_batches\aaaaaa.batch) [including 23ms in LoadMessage; 20ms in InitializeSparseNdw; 353ms in InferThetaAndUpdateNwtSparse; ]
I0904 14:24:49.483541  3476 processor.cc:662] No data in processing queue, waiting...
I0904 14:24:49.718786 11552 processor.cc:842] Processor: complete processing batch 8a1ec9c1-b2c1-4ad9-aba5-448ad9660116 into model nwt
I0904 14:24:49.739418 11552 cuckoo_watch.h:44] 801ms in ProcessBatch(D:\Coursera\Notebooks\homeworks\MyHW\3-4\lectures_batches\aaaaab.batch) [including 37ms in LoadMessage; 37ms in InitializeSparseNdw; 704ms in InferThetaAndUpdateNwtSparse; ]
I0904 14:24:49.756232  6136 master_component.cc:980] RegularizeModelArgs: rwt_target_name=rwt, pwt_source_name=pwt, nwt_source_name=nwt
I0904 14:24:49.756232  6136 master_component.cc:590] MasterComponent: start regularizing model pwt
I0904 14:24:49.872607  6136 master_component.cc:613] MasterComponent: complete regularizing model pwt
I0904 14:24:49.872607  6136 master_component.cc:991] NormalizeModelArgs: pwt_target_name=pwt, nwt_source_name=nwt, rwt_source_name=rwt
I0904 14:24:49.872607  6136 master_component.cc:617] MasterComponent: start normalizing model nwt
I0904 14:24:49.957262  6136 master_component.cc:639] MasterComponent: complete normalizing model nwt
I0904 14:24:50.008563 11552 processor.cc:662] No data in processing queue, waiting...
I0904 14:24:50.373528  6136 master_component.cc:1015] DisposeModel rwt
I0904 14:24:50.373528  6136 c_interface.cc:332] Pass FitOfflineMasterModelArgs, batch_filename_size=2, batch_weight_size=2, num_collection_passes=1 to void (__thiscall artm::core::MasterComponent::*)(class artm::FitOfflineMasterModelArgs const &)
I0904 14:24:50.373528  6136 master_component.cc:942] ProcessBatchesArgs: nwt_target_name=nwt, batch_filename_size=2, batch_size=0, batch_weight_size=2, pwt_source_name=pwt, num_document_passes=10, regularizer=(name:SparsePhi, tau:100000), regularizer=(name:NegSparsePhi, tau:-100000), class=(text:1), class=(author:1), reuse_theta=no, opt_for_avx=yes, predict_class_id=
I0904 14:24:50.436048 12092 processor.cc:669] Processing queue has data, processing started
I0904 14:24:50.436048  2608 processor.cc:669] Processing queue has data, processing started
I0904 14:24:50.442561 12092 processor.cc:746] Processor: start processing batch 065644bc-681a-4ff8-bf25-d14331c37b13 into model nwt
I0904 14:24:50.473817  2608 processor.cc:746] Processor: start processing batch 8a1ec9c1-b2c1-4ad9-aba5-448ad9660116 into model nwt
I0904 14:24:50.841258 12092 processor.cc:842] Processor: complete processing batch 065644bc-681a-4ff8-bf25-d14331c37b13 into model nwt
I0904 14:24:50.844759 12092 cuckoo_watch.h:44] 408ms in ProcessBatch(D:\Coursera\Notebooks\homeworks\MyHW\3-4\lectures_batches\aaaaaa.batch) [including 6ms in LoadMessage; 31ms in InitializeSparseNdw; 367ms in InferThetaAndUpdateNwtSparse; ]
I0904 14:24:50.979347 12092 processor.cc:662] No data in processing queue, waiting...
I0904 14:24:51.314996  2608 processor.cc:842] Processor: complete processing batch 8a1ec9c1-b2c1-4ad9-aba5-448ad9660116 into model nwt
I0904 14:24:51.314996  2608 cuckoo_watch.h:44] 878ms in ProcessBatch(D:\Coursera\Notebooks\homeworks\MyHW\3-4\lectures_batches\aaaaab.batch) [including 37ms in LoadMessage; 46ms in InitializeSparseNdw; 794ms in InferThetaAndUpdateNwtSparse; ]
I0904 14:24:51.330623  6136 master_component.cc:980] RegularizeModelArgs: rwt_target_name=rwt, pwt_source_name=pwt, nwt_source_name=nwt
I0904 14:24:51.330623  6136 master_component.cc:590] MasterComponent: start regularizing model pwt
I0904 14:24:51.446521  6136 master_component.cc:613] MasterComponent: complete regularizing model pwt
I0904 14:24:51.446521  6136 master_component.cc:991] NormalizeModelArgs: pwt_target_name=pwt, nwt_source_name=nwt, rwt_source_name=rwt
I0904 14:24:51.446521  6136 master_component.cc:617] MasterComponent: start normalizing model nwt
I0904 14:24:51.531162  6136 master_component.cc:639] MasterComponent: complete normalizing model nwt
I0904 14:24:51.602672  2608 processor.cc:662] No data in processing queue, waiting...
I0904 14:24:51.931963  6136 master_component.cc:1015] DisposeModel rwt
I0904 14:24:51.947592  6136 c_interface.cc:332] Pass FitOfflineMasterModelArgs, batch_filename_size=2, batch_weight_size=2, num_collection_passes=1 to void (__thiscall artm::core::MasterComponent::*)(class artm::FitOfflineMasterModelArgs const &)
I0904 14:24:51.947592  6136 master_component.cc:942] ProcessBatchesArgs: nwt_target_name=nwt, batch_filename_size=2, batch_size=0, batch_weight_size=2, pwt_source_name=pwt, num_document_passes=10, regularizer=(name:SparsePhi, tau:100000), regularizer=(name:NegSparsePhi, tau:-100000), class=(text:1), class=(author:1), reuse_theta=no, opt_for_avx=yes, predict_class_id=
I0904 14:24:52.000989  3476 processor.cc:669] Processing queue has data, processing started
I0904 14:24:52.000989 11552 processor.cc:669] Processing queue has data, processing started
I0904 14:24:52.016613  3476 processor.cc:746] Processor: start processing batch 065644bc-681a-4ff8-bf25-d14331c37b13 into model nwt
I0904 14:24:52.032243 11552 processor.cc:746] Processor: start processing batch 8a1ec9c1-b2c1-4ad9-aba5-448ad9660116 into model nwt
I0904 14:24:52.401046  3476 processor.cc:842] Processor: complete processing batch 065644bc-681a-4ff8-bf25-d14331c37b13 into model nwt
I0904 14:24:52.401046  3476 cuckoo_watch.h:44] 400ms in ProcessBatch(D:\Coursera\Notebooks\homeworks\MyHW\3-4\lectures_batches\aaaaaa.batch) [including 15ms in LoadMessage; 15ms in InitializeSparseNdw; 368ms in InferThetaAndUpdateNwtSparse; ]
I0904 14:24:52.456281  3476 processor.cc:662] No data in processing queue, waiting...
I0904 14:24:52.827569 11552 processor.cc:842] Processor: complete processing batch 8a1ec9c1-b2c1-4ad9-aba5-448ad9660116 into model nwt
I0904 14:24:52.833575 11552 cuckoo_watch.h:44] 832ms in ProcessBatch(D:\Coursera\Notebooks\homeworks\MyHW\3-4\lectures_batches\aaaaab.batch) [including 31ms in LoadMessage; 47ms in InitializeSparseNdw; 747ms in InferThetaAndUpdateNwtSparse; ]
I0904 14:24:52.833575  6136 master_component.cc:980] RegularizeModelArgs: rwt_target_name=rwt, pwt_source_name=pwt, nwt_source_name=nwt
I0904 14:24:52.833575  6136 master_component.cc:590] MasterComponent: start regularizing model pwt
I0904 14:24:52.861590 11552 processor.cc:662] No data in processing queue, waiting...
I0904 14:24:52.967674  6136 master_component.cc:613] MasterComponent: complete regularizing model pwt
I0904 14:24:52.967674  6136 master_component.cc:991] NormalizeModelArgs: pwt_target_name=pwt, nwt_source_name=nwt, rwt_source_name=rwt
I0904 14:24:52.967674  6136 master_component.cc:617] MasterComponent: start normalizing model nwt
I0904 14:24:53.056738  6136 master_component.cc:639] MasterComponent: complete normalizing model nwt
I0904 14:24:53.460594  6136 master_component.cc:1015] DisposeModel rwt
I0904 14:24:53.477236  6136 c_interface.cc:332] Pass FitOfflineMasterModelArgs, batch_filename_size=2, batch_weight_size=2, num_collection_passes=1 to void (__thiscall artm::core::MasterComponent::*)(class artm::FitOfflineMasterModelArgs const &)
I0904 14:24:53.477236  6136 master_component.cc:942] ProcessBatchesArgs: nwt_target_name=nwt, batch_filename_size=2, batch_size=0, batch_weight_size=2, pwt_source_name=pwt, num_document_passes=10, regularizer=(name:SparsePhi, tau:100000), regularizer=(name:NegSparsePhi, tau:-100000), class=(text:1), class=(author:1), reuse_theta=no, opt_for_avx=yes, predict_class_id=
I0904 14:24:53.532645 11552 processor.cc:669] Processing queue has data, processing started
I0904 14:24:53.532645  3476 processor.cc:669] Processing queue has data, processing started
I0904 14:24:53.548249 11552 processor.cc:746] Processor: start processing batch 065644bc-681a-4ff8-bf25-d14331c37b13 into model nwt
I0904 14:24:53.563876  3476 processor.cc:746] Processor: start processing batch 8a1ec9c1-b2c1-4ad9-aba5-448ad9660116 into model nwt
I0904 14:24:53.986497 11552 processor.cc:842] Processor: complete processing batch 065644bc-681a-4ff8-bf25-d14331c37b13 into model nwt
I0904 14:24:53.991505 11552 cuckoo_watch.h:44] 458ms in ProcessBatch(D:\Coursera\Notebooks\homeworks\MyHW\3-4\lectures_batches\aaaaaa.batch) [including 15ms in LoadMessage; 15ms in InitializeSparseNdw; 422ms in InferThetaAndUpdateNwtSparse; ]
I0904 14:24:54.133700 11552 processor.cc:662] No data in processing queue, waiting...
I0904 14:24:54.407575  3476 processor.cc:842] Processor: complete processing batch 8a1ec9c1-b2c1-4ad9-aba5-448ad9660116 into model nwt
I0904 14:24:54.423202  3476 cuckoo_watch.h:44] 890ms in ProcessBatch(D:\Coursera\Notebooks\homeworks\MyHW\3-4\lectures_batches\aaaaab.batch) [including 31ms in LoadMessage; 37ms in InitializeSparseNdw; 805ms in InferThetaAndUpdateNwtSparse; ]
I0904 14:24:54.438846  6136 master_component.cc:980] RegularizeModelArgs: rwt_target_name=rwt, pwt_source_name=pwt, nwt_source_name=nwt
I0904 14:24:54.438846  6136 master_component.cc:590] MasterComponent: start regularizing model pwt
I0904 14:24:54.554728  6136 master_component.cc:613] MasterComponent: complete regularizing model pwt
I0904 14:24:54.554728  6136 master_component.cc:991] NormalizeModelArgs: pwt_target_name=pwt, nwt_source_name=nwt, rwt_source_name=rwt
I0904 14:24:54.554728  6136 master_component.cc:617] MasterComponent: start normalizing model nwt
I0904 14:24:54.639380  6136 master_component.cc:639] MasterComponent: complete normalizing model nwt
I0904 14:24:54.696588  3476 processor.cc:662] No data in processing queue, waiting...
I0904 14:24:55.039808  6136 master_component.cc:1015] DisposeModel rwt
I0904 14:24:55.055435  6136 c_interface.cc:332] Pass FitOfflineMasterModelArgs, batch_filename_size=2, batch_weight_size=2, num_collection_passes=1 to void (__thiscall artm::core::MasterComponent::*)(class artm::FitOfflineMasterModelArgs const &)
I0904 14:24:55.055435  6136 master_component.cc:942] ProcessBatchesArgs: nwt_target_name=nwt, batch_filename_size=2, batch_size=0, batch_weight_size=2, pwt_source_name=pwt, num_document_passes=10, regularizer=(name:SparsePhi, tau:100000), regularizer=(name:NegSparsePhi, tau:-100000), class=(text:1), class=(author:1), reuse_theta=no, opt_for_avx=yes, predict_class_id=
I0904 14:24:55.124472 11552 processor.cc:669] Processing queue has data, processing started
I0904 14:24:55.124472  2608 processor.cc:669] Processing queue has data, processing started
I0904 14:24:55.140077 11552 processor.cc:746] Processor: start processing batch 065644bc-681a-4ff8-bf25-d14331c37b13 into model nwt
I0904 14:24:55.155705  2608 processor.cc:746] Processor: start processing batch 8a1ec9c1-b2c1-4ad9-aba5-448ad9660116 into model nwt
I0904 14:24:55.509555 11552 processor.cc:842] Processor: complete processing batch 065644bc-681a-4ff8-bf25-d14331c37b13 into model nwt
