I0904 19:27:18.916532  4384 processor.cc:842] Processor: complete processing batch b3c8157b-a729-4fd3-a0fb-2755872b7edc into model nwt
I0904 19:27:18.932159  4384 cuckoo_watch.h:44] 513ms in ProcessBatch(D:\Coursera\Notebooks\homeworks\MyHW\3-4\lectures_batches\aaaaab.batch) [including 44ms in LoadMessage; 56ms in InitializeSparseNdw; 395ms in InferThetaAndUpdateNwtSparse; ]
I0904 19:27:18.947787  4776 master_component.cc:980] RegularizeModelArgs: rwt_target_name=rwt, pwt_source_name=pwt, nwt_source_name=nwt
I0904 19:27:18.947787  4776 master_component.cc:590] MasterComponent: start regularizing model pwt
I0904 19:27:19.063693  4776 master_component.cc:613] MasterComponent: complete regularizing model pwt
I0904 19:27:19.063693  4776 master_component.cc:991] NormalizeModelArgs: pwt_target_name=pwt, nwt_source_name=nwt, rwt_source_name=rwt
I0904 19:27:19.063693  4776 master_component.cc:617] MasterComponent: start normalizing model nwt
I0904 19:27:19.139863  4384 processor.cc:662] No data in processing queue, waiting...
I0904 19:27:19.151871  4776 master_component.cc:639] MasterComponent: complete normalizing model nwt
I0904 19:27:19.580058  4776 master_component.cc:1015] DisposeModel rwt
I0904 19:27:19.595685  4776 c_interface.cc:332] Pass FitOfflineMasterModelArgs, batch_filename_size=2, batch_weight_size=2, num_collection_passes=1 to void (__thiscall artm::core::MasterComponent::*)(class artm::FitOfflineMasterModelArgs const &)
I0904 19:27:19.595685  4776 master_component.cc:942] ProcessBatchesArgs: nwt_target_name=nwt, batch_filename_size=2, batch_size=0, batch_weight_size=2, pwt_source_name=pwt, num_document_passes=1, regularizer=(name:SparsePhi, tau:100000), class=(text:1), class=(author:1), reuse_theta=yes, opt_for_avx=yes, predict_class_id=
I0904 19:27:19.649080  9148 processor.cc:669] Processing queue has data, processing started
I0904 19:27:19.649080  4384 processor.cc:669] Processing queue has data, processing started
I0904 19:27:19.664701  9148 processor.cc:746] Processor: start processing batch 26a91afb-2e6d-4a21-81fe-cf68f1acbb13 into model nwt
I0904 19:27:19.680328  4384 processor.cc:746] Processor: start processing batch b3c8157b-a729-4fd3-a0fb-2755872b7edc into model nwt
I0904 19:27:19.908879  9148 processor.cc:842] Processor: complete processing batch 26a91afb-2e6d-4a21-81fe-cf68f1acbb13 into model nwt
I0904 19:27:19.913381  9148 cuckoo_watch.h:44] 263ms in ProcessBatch(D:\Coursera\Notebooks\homeworks\MyHW\3-4\lectures_batches\aaaaaa.batch) [including 15ms in LoadMessage; 31ms in InitializeSparseNdw; 212ms in InferThetaAndUpdateNwtSparse; ]
I0904 19:27:20.119946  9148 processor.cc:662] No data in processing queue, waiting...
I0904 19:27:20.131953  4384 processor.cc:842] Processor: complete processing batch b3c8157b-a729-4fd3-a0fb-2755872b7edc into model nwt
I0904 19:27:20.133118  4384 cuckoo_watch.h:44] 484ms in ProcessBatch(D:\Coursera\Notebooks\homeworks\MyHW\3-4\lectures_batches\aaaaab.batch) [including 31ms in LoadMessage; 53ms in InitializeSparseNdw; 398ms in InferThetaAndUpdateNwtSparse; ]
I0904 19:27:20.148763  4776 master_component.cc:980] RegularizeModelArgs: rwt_target_name=rwt, pwt_source_name=pwt, nwt_source_name=nwt
I0904 19:27:20.148763  4776 master_component.cc:590] MasterComponent: start regularizing model pwt
I0904 19:27:20.266149  4776 master_component.cc:613] MasterComponent: complete regularizing model pwt
I0904 19:27:20.266149  4776 master_component.cc:991] NormalizeModelArgs: pwt_target_name=pwt, nwt_source_name=nwt, rwt_source_name=rwt
I0904 19:27:20.266149  4776 master_component.cc:617] MasterComponent: start normalizing model nwt
I0904 19:27:20.335165  4776 master_component.cc:639] MasterComponent: complete normalizing model nwt
I0904 19:27:20.415298  4384 processor.cc:662] No data in processing queue, waiting...
I0904 19:27:20.783046  4776 master_component.cc:1015] DisposeModel rwt
I0904 19:27:20.783046  4776 c_interface.cc:332] Pass FitOfflineMasterModelArgs, batch_filename_size=2, batch_weight_size=2, num_collection_passes=1 to void (__thiscall artm::core::MasterComponent::*)(class artm::FitOfflineMasterModelArgs const &)
I0904 19:27:20.783046  4776 master_component.cc:942] ProcessBatchesArgs: nwt_target_name=nwt, batch_filename_size=2, batch_size=0, batch_weight_size=2, pwt_source_name=pwt, num_document_passes=1, regularizer=(name:SparsePhi, tau:100000), class=(text:1), class=(author:1), reuse_theta=yes, opt_for_avx=yes, predict_class_id=
I0904 19:27:20.852079  9148 processor.cc:669] Processing queue has data, processing started
I0904 19:27:20.852079  5092 processor.cc:669] Processing queue has data, processing started
I0904 19:27:20.867697  9148 processor.cc:746] Processor: start processing batch 26a91afb-2e6d-4a21-81fe-cf68f1acbb13 into model nwt
I0904 19:27:20.883321  5092 processor.cc:746] Processor: start processing batch b3c8157b-a729-4fd3-a0fb-2755872b7edc into model nwt
I0904 19:27:21.099143  9148 processor.cc:842] Processor: complete processing batch 26a91afb-2e6d-4a21-81fe-cf68f1acbb13 into model nwt
I0904 19:27:21.099143  9148 cuckoo_watch.h:44] 247ms in ProcessBatch(D:\Coursera\Notebooks\homeworks\MyHW\3-4\lectures_batches\aaaaaa.batch) [including 15ms in LoadMessage; 15ms in InitializeSparseNdw; 215ms in InferThetaAndUpdateNwtSparse; ]
I0904 19:27:21.154048  9148 processor.cc:662] No data in processing queue, waiting...
I0904 19:27:21.321372  5092 processor.cc:842] Processor: complete processing batch b3c8157b-a729-4fd3-a0fb-2755872b7edc into model nwt
I0904 19:27:21.321372  5092 cuckoo_watch.h:44] 469ms in ProcessBatch(D:\Coursera\Notebooks\homeworks\MyHW\3-4\lectures_batches\aaaaab.batch) [including 31ms in LoadMessage; 53ms in InitializeSparseNdw; 384ms in InferThetaAndUpdateNwtSparse; ]
I0904 19:27:21.337018  4776 master_component.cc:980] RegularizeModelArgs: rwt_target_name=rwt, pwt_source_name=pwt, nwt_source_name=nwt
I0904 19:27:21.337018  4776 master_component.cc:590] MasterComponent: start regularizing model pwt
I0904 19:27:21.452898  4776 master_component.cc:613] MasterComponent: complete regularizing model pwt
I0904 19:27:21.452898  4776 master_component.cc:991] NormalizeModelArgs: pwt_target_name=pwt, nwt_source_name=nwt, rwt_source_name=rwt
I0904 19:27:21.452898  4776 master_component.cc:617] MasterComponent: start normalizing model nwt
I0904 19:27:21.497556  5092 processor.cc:662] No data in processing queue, waiting...
I0904 19:27:21.537214  4776 master_component.cc:639] MasterComponent: complete normalizing model nwt
I0904 19:27:21.969149  4776 master_component.cc:1015] DisposeModel rwt
I0904 19:27:21.969149  4776 c_interface.cc:332] Pass FitOfflineMasterModelArgs, batch_filename_size=2, batch_weight_size=2, num_collection_passes=1 to void (__thiscall artm::core::MasterComponent::*)(class artm::FitOfflineMasterModelArgs const &)
I0904 19:27:21.969149  4776 master_component.cc:942] ProcessBatchesArgs: nwt_target_name=nwt, batch_filename_size=2, batch_size=0, batch_weight_size=2, pwt_source_name=pwt, num_document_passes=1, regularizer=(name:SparsePhi, tau:100000), class=(text:1), class=(author:1), reuse_theta=yes, opt_for_avx=yes, predict_class_id=
I0904 19:27:22.033100  4384 processor.cc:669] Processing queue has data, processing started
I0904 19:27:22.033100 12096 processor.cc:669] Processing queue has data, processing started
I0904 19:27:22.065999 12096 processor.cc:746] Processor: start processing batch 26a91afb-2e6d-4a21-81fe-cf68f1acbb13 into model nwt
I0904 19:27:22.081629  4384 processor.cc:746] Processor: start processing batch b3c8157b-a729-4fd3-a0fb-2755872b7edc into model nwt
I0904 19:27:22.285173 12096 processor.cc:842] Processor: complete processing batch 26a91afb-2e6d-4a21-81fe-cf68f1acbb13 into model nwt
I0904 19:27:22.285173 12096 cuckoo_watch.h:44] 252ms in ProcessBatch(D:\Coursera\Notebooks\homeworks\MyHW\3-4\lectures_batches\aaaaaa.batch) [including 17ms in LoadMessage; 15ms in InitializeSparseNdw; 187ms in InferThetaAndUpdateNwtSparse; ]
I0904 19:27:22.501374  4384 processor.cc:842] Processor: complete processing batch b3c8157b-a729-4fd3-a0fb-2755872b7edc into model nwt
I0904 19:27:22.519510  4384 cuckoo_watch.h:44] 486ms in ProcessBatch(D:\Coursera\Notebooks\homeworks\MyHW\3-4\lectures_batches\aaaaab.batch) [including 48ms in LoadMessage; 56ms in InitializeSparseNdw; 363ms in InferThetaAndUpdateNwtSparse; ]
I0904 19:27:22.538841  4776 master_component.cc:980] RegularizeModelArgs: rwt_target_name=rwt, pwt_source_name=pwt, nwt_source_name=nwt
I0904 19:27:22.538841  4776 master_component.cc:590] MasterComponent: start regularizing model pwt
I0904 19:27:22.546425 12096 processor.cc:662] No data in processing queue, waiting...
I0904 19:27:22.560436  4384 processor.cc:662] No data in processing queue, waiting...
I0904 19:27:22.655136  4776 master_component.cc:613] MasterComponent: complete regularizing model pwt
I0904 19:27:22.655136  4776 master_component.cc:991] NormalizeModelArgs: pwt_target_name=pwt, nwt_source_name=nwt, rwt_source_name=rwt
I0904 19:27:22.655136  4776 master_component.cc:617] MasterComponent: start normalizing model nwt
I0904 19:27:22.739787  4776 master_component.cc:639] MasterComponent: complete normalizing model nwt
I0904 19:27:23.170701  4776 master_component.cc:1015] DisposeModel rwt
I0904 19:27:23.172900  4776 c_interface.cc:332] Pass FitOfflineMasterModelArgs, batch_filename_size=2, batch_weight_size=2, num_collection_passes=1 to void (__thiscall artm::core::MasterComponent::*)(class artm::FitOfflineMasterModelArgs const &)
I0904 19:27:23.172900  4776 master_component.cc:942] ProcessBatchesArgs: nwt_target_name=nwt, batch_filename_size=2, batch_size=0, batch_weight_size=2, pwt_source_name=pwt, num_document_passes=1, regularizer=(name:SparsePhi, tau:100000), class=(text:1), class=(author:1), reuse_theta=yes, opt_for_avx=yes, predict_class_id=
I0904 19:27:23.240432  4384 processor.cc:669] Processing queue has data, processing started
I0904 19:27:23.240432  5092 processor.cc:669] Processing queue has data, processing started
I0904 19:27:23.265429  4384 processor.cc:746] Processor: start processing batch 26a91afb-2e6d-4a21-81fe-cf68f1acbb13 into model nwt
I0904 19:27:23.269753  5092 processor.cc:746] Processor: start processing batch b3c8157b-a729-4fd3-a0fb-2755872b7edc into model nwt
I0904 19:27:23.503060  4384 processor.cc:842] Processor: complete processing batch 26a91afb-2e6d-4a21-81fe-cf68f1acbb13 into model nwt
I0904 19:27:23.503060  4384 cuckoo_watch.h:44] 262ms in ProcessBatch(D:\Coursera\Notebooks\homeworks\MyHW\3-4\lectures_batches\aaaaaa.batch) [including 22ms in LoadMessage; 19ms in InitializeSparseNdw; 217ms in InferThetaAndUpdateNwtSparse; ]
I0904 19:27:23.605521  4384 processor.cc:662] No data in processing queue, waiting...
I0904 19:27:23.725323  5092 processor.cc:842] Processor: complete processing batch b3c8157b-a729-4fd3-a0fb-2755872b7edc into model nwt
I0904 19:27:23.725323  5092 cuckoo_watch.h:44] 484ms in ProcessBatch(D:\Coursera\Notebooks\homeworks\MyHW\3-4\lectures_batches\aaaaab.batch) [including 29ms in LoadMessage; 70ms in InitializeSparseNdw; 385ms in InferThetaAndUpdateNwtSparse; ]
I0904 19:27:23.740972  4776 master_component.cc:980] RegularizeModelArgs: rwt_target_name=rwt, pwt_source_name=pwt, nwt_source_name=nwt
I0904 19:27:23.740972  4776 master_component.cc:590] MasterComponent: start regularizing model pwt
I0904 19:27:23.856844  4776 master_component.cc:613] MasterComponent: complete regularizing model pwt
I0904 19:27:23.856844  4776 master_component.cc:991] NormalizeModelArgs: pwt_target_name=pwt, nwt_source_name=nwt, rwt_source_name=rwt
I0904 19:27:23.856844  4776 master_component.cc:617] MasterComponent: start normalizing model nwt
I0904 19:27:23.912019  5092 processor.cc:662] No data in processing queue, waiting...
I0904 19:27:23.941162  4776 master_component.cc:639] MasterComponent: complete normalizing model nwt
I0904 19:27:24.373358  4776 master_component.cc:1015] DisposeModel rwt
I0904 19:27:24.373358  4776 c_interface.cc:332] Pass FitOfflineMasterModelArgs, batch_filename_size=2, batch_weight_size=2, num_collection_passes=1 to void (__thiscall artm::core::MasterComponent::*)(class artm::FitOfflineMasterModelArgs const &)
I0904 19:27:24.373358  4776 master_component.cc:942] ProcessBatchesArgs: nwt_target_name=nwt, batch_filename_size=2, batch_size=0, batch_weight_size=2, pwt_source_name=pwt, num_document_passes=1, regularizer=(name:SparsePhi, tau:100000), class=(text:1), class=(author:1), reuse_theta=yes, opt_for_avx=yes, predict_class_id=
I0904 19:27:24.442389 12096 processor.cc:669] Processing queue has data, processing started
I0904 19:27:24.442389  5092 processor.cc:669] Processing queue has data, processing started
I0904 19:27:24.458003 12096 processor.cc:746] Processor: start processing batch 26a91afb-2e6d-4a21-81fe-cf68f1acbb13 into model nwt
I0904 19:27:24.473628  5092 processor.cc:746] Processor: start processing batch b3c8157b-a729-4fd3-a0fb-2755872b7edc into model nwt
I0904 19:27:24.697010 12096 processor.cc:842] Processor: complete processing batch 26a91afb-2e6d-4a21-81fe-cf68f1acbb13 into model nwt
I0904 19:27:24.703014 12096 cuckoo_watch.h:44] 260ms in ProcessBatch(D:\Coursera\Notebooks\homeworks\MyHW\3-4\lectures_batches\aaaaaa.batch) [including 15ms in LoadMessage; 31ms in InitializeSparseNdw; 207ms in InferThetaAndUpdateNwtSparse; ]
I0904 19:27:24.921422 12096 processor.cc:662] No data in processing queue, waiting...
I0904 19:27:24.921422  5092 processor.cc:842] Processor: complete processing batch b3c8157b-a729-4fd3-a0fb-2755872b7edc into model nwt
I0904 19:27:24.926434  5092 cuckoo_watch.h:44] 484ms in ProcessBatch(D:\Coursera\Notebooks\homeworks\MyHW\3-4\lectures_batches\aaaaab.batch) [including 31ms in LoadMessage; 53ms in InitializeSparseNdw; 394ms in InferThetaAndUpdateNwtSparse; ]
I0904 19:27:24.943593  4776 master_component.cc:980] RegularizeModelArgs: rwt_target_name=rwt, pwt_source_name=pwt, nwt_source_name=nwt
I0904 19:27:24.943593  4776 master_component.cc:590] MasterComponent: start regularizing model pwt
I0904 19:27:24.978463  5092 processor.cc:662] No data in processing queue, waiting...
I0904 19:27:25.059173  4776 master_component.cc:613] MasterComponent: complete regularizing model pwt
I0904 19:27:25.059173  4776 master_component.cc:991] NormalizeModelArgs: pwt_target_name=pwt, nwt_source_name=nwt, rwt_source_name=rwt
I0904 19:27:25.059173  4776 master_component.cc:617] MasterComponent: start normalizing model nwt
I0904 19:27:25.128191  4776 master_component.cc:639] MasterComponent: complete normalizing model nwt
I0904 19:27:25.575788  4776 master_component.cc:1015] DisposeModel rwt
I0904 19:27:25.575788  4776 c_interface.cc:332] Pass FitOfflineMasterModelArgs, batch_filename_size=2, batch_weight_size=2, num_collection_passes=1 to void (__thiscall artm::core::MasterComponent::*)(class artm::FitOfflineMasterModelArgs const &)
I0904 19:27:25.575788  4776 master_component.cc:942] ProcessBatchesArgs: nwt_target_name=nwt, batch_filename_size=2, batch_size=0, batch_weight_size=2, pwt_source_name=pwt, num_document_passes=1, regularizer=(name:SparsePhi, tau:100000), class=(text:1), class=(author:1), reuse_theta=yes, opt_for_avx=yes, predict_class_id=
I0904 19:27:25.644811  5092 processor.cc:669] Processing queue has data, processing started
I0904 19:27:25.644811  9148 processor.cc:669] Processing queue has data, processing started
I0904 19:27:25.660437  5092 processor.cc:746] Processor: start processing batch 26a91afb-2e6d-4a21-81fe-cf68f1acbb13 into model nwt
I0904 19:27:25.676065  9148 processor.cc:746] Processor: start processing batch b3c8157b-a729-4fd3-a0fb-2755872b7edc into model nwt
I0904 19:27:25.891957  5092 processor.cc:842] Processor: complete processing batch 26a91afb-2e6d-4a21-81fe-cf68f1acbb13 into model nwt
I0904 19:27:25.907582  5092 cuckoo_watch.h:44] 262ms in ProcessBatch(D:\Coursera\Notebooks\homeworks\MyHW\3-4\lectures_batches\aaaaaa.batch) [including 15ms in LoadMessage; 31ms in InitializeSparseNdw; 200ms in InferThetaAndUpdateNwtSparse; ]
I0904 19:27:26.123773  9148 processor.cc:842] Processor: complete processing batch b3c8157b-a729-4fd3-a0fb-2755872b7edc into model nwt
I0904 19:27:26.128784  9148 cuckoo_watch.h:44] 483ms in ProcessBatch(D:\Coursera\Notebooks\homeworks\MyHW\3-4\lectures_batches\aaaaab.batch) [including 31ms in LoadMessage; 65ms in InitializeSparseNdw; 382ms in InferThetaAndUpdateNwtSparse; ]
I0904 19:27:26.145618  4776 master_component.cc:980] RegularizeModelArgs: rwt_target_name=rwt, pwt_source_name=pwt, nwt_source_name=nwt
I0904 19:27:26.145618  4776 master_component.cc:590] MasterComponent: start regularizing model pwt
I0904 19:27:26.223728  5092 processor.cc:662] No data in processing queue, waiting...
I0904 19:27:26.261348  9148 processor.cc:662] No data in processing queue, waiting...
I0904 19:27:26.265349  4776 master_component.cc:613] MasterComponent: complete regularizing model pwt
I0904 19:27:26.265349  4776 master_component.cc:991] NormalizeModelArgs: pwt_target_name=pwt, nwt_source_name=nwt, rwt_source_name=rwt
I0904 19:27:26.265349  4776 master_component.cc:617] MasterComponent: start normalizing model nwt
I0904 19:27:26.345851  4776 master_component.cc:639] MasterComponent: complete normalizing model nwt
I0904 19:27:26.778240  4776 master_component.cc:1015] DisposeModel rwt
I0904 19:27:26.788246  4776 c_interface.cc:332] Pass FitOfflineMasterModelArgs, batch_filename_size=2, batch_weight_size=2, num_collection_passes=1 to void (__thiscall artm::core::MasterComponent::*)(class artm::FitOfflineMasterModelArgs const &)
I0904 19:27:26.788246  4776 master_component.cc:942] ProcessBatchesArgs: nwt_target_name=nwt, batch_filename_size=2, batch_size=0, batch_weight_size=2, pwt_source_name=pwt, num_document_passes=1, regularizer=(name:SparsePhi, tau:100000), class=(text:1), class=(author:1), reuse_theta=yes, opt_for_avx=yes, predict_class_id=
I0904 19:27:26.846570  4384 processor.cc:669] Processing queue has data, processing started
I0904 19:27:26.846570  9148 processor.cc:669] Processing queue has data, processing started
I0904 19:27:26.862195  4384 processor.cc:746] Processor: start processing batch 26a91afb-2e6d-4a21-81fe-cf68f1acbb13 into model nwt
I0904 19:27:26.893450  9148 processor.cc:746] Processor: start processing batch b3c8157b-a729-4fd3-a0fb-2755872b7edc into model nwt
I0904 19:27:27.109319  4384 processor.cc:842] Processor: complete processing batch 26a91afb-2e6d-4a21-81fe-cf68f1acbb13 into model nwt
I0904 19:27:27.109319  4384 cuckoo_watch.h:44] 262ms in ProcessBatch(D:\Coursera\Notebooks\homeworks\MyHW\3-4\lectures_batches\aaaaaa.batch) [including 15ms in LoadMessage; 31ms in InitializeSparseNdw; 215ms in InferThetaAndUpdateNwtSparse; ]
I0904 19:27:27.320199  4384 processor.cc:662] No data in processing queue, waiting...
I0904 19:27:27.339718  9148 processor.cc:842] Processor: complete processing batch b3c8157b-a729-4fd3-a0fb-2755872b7edc into model nwt
I0904 19:27:27.345721  9148 cuckoo_watch.h:44] 499ms in ProcessBatch(D:\Coursera\Notebooks\homeworks\MyHW\3-4\lectures_batches\aaaaab.batch) [including 46ms in LoadMessage; 37ms in InitializeSparseNdw; 408ms in InferThetaAndUpdateNwtSparse; ]
I0904 19:27:27.346743  4776 master_component.cc:980] RegularizeModelArgs: rwt_target_name=rwt, pwt_source_name=pwt, nwt_source_name=nwt
I0904 19:27:27.346743  4776 master_component.cc:590] MasterComponent: start regularizing model pwt
I0904 19:27:27.462841  4776 master_component.cc:613] MasterComponent: complete regularizing model pwt
I0904 19:27:27.462841  4776 master_component.cc:991] NormalizeModelArgs: pwt_target_name=pwt, nwt_source_name=nwt, rwt_source_name=rwt
I0904 19:27:27.462841  4776 master_component.cc:617] MasterComponent: start normalizing model nwt
I0904 19:27:27.531355  4776 master_component.cc:639] MasterComponent: complete normalizing model nwt
I0904 19:27:27.625424  9148 processor.cc:662] No data in processing queue, waiting...
I0904 19:27:27.979435  4776 master_component.cc:1015] DisposeModel rwt
I0904 19:27:27.979435  4776 c_interface.cc:332] Pass FitOfflineMasterModelArgs, batch_filename_size=2, batch_weight_size=2, num_collection_passes=1 to void (__thiscall artm::core::MasterComponent::*)(class artm::FitOfflineMasterModelArgs const &)
I0904 19:27:27.979435  4776 master_component.cc:942] ProcessBatchesArgs: nwt_target_name=nwt, batch_filename_size=2, batch_size=0, batch_weight_size=2, pwt_source_name=pwt, num_document_passes=1, regularizer=(name:SparsePhi, tau:100000), class=(text:1), class=(author:1), reuse_theta=yes, opt_for_avx=yes, predict_class_id=
I0904 19:27:28.048454  9148 processor.cc:669] Processing queue has data, processing started
I0904 19:27:28.048454  4384 processor.cc:669] Processing queue has data, processing started
I0904 19:27:28.064080  4384 processor.cc:746] Processor: start processing batch 26a91afb-2e6d-4a21-81fe-cf68f1acbb13 into model nwt
I0904 19:27:28.095332  9148 processor.cc:746] Processor: start processing batch b3c8157b-a729-4fd3-a0fb-2755872b7edc into model nwt
I0904 19:27:28.311241  4384 processor.cc:842] Processor: complete processing batch 26a91afb-2e6d-4a21-81fe-cf68f1acbb13 into model nwt
I0904 19:27:28.311241  4384 cuckoo_watch.h:44] 262ms in ProcessBatch(D:\Coursera\Notebooks\homeworks\MyHW\3-4\lectures_batches\aaaaaa.batch) [including 15ms in LoadMessage; 31ms in InitializeSparseNdw; 215ms in InferThetaAndUpdateNwtSparse; ]
I0904 19:27:28.383990  4384 processor.cc:662] No data in processing queue, waiting...
I0904 19:27:28.533496  9148 processor.cc:842] Processor: complete processing batch b3c8157b-a729-4fd3-a0fb-2755872b7edc into model nwt
I0904 19:27:28.533496  9148 cuckoo_watch.h:44] 485ms in ProcessBatch(D:\Coursera\Notebooks\homeworks\MyHW\3-4\lectures_batches\aaaaab.batch) [including 46ms in LoadMessage; 54ms in InitializeSparseNdw; 382ms in InferThetaAndUpdateNwtSparse; ]
I0904 19:27:28.549147  4776 master_component.cc:980] RegularizeModelArgs: rwt_target_name=rwt, pwt_source_name=pwt, nwt_source_name=nwt
I0904 19:27:28.549147  4776 master_component.cc:590] MasterComponent: start regularizing model pwt
I0904 19:27:28.665021  4776 master_component.cc:613] MasterComponent: complete regularizing model pwt
I0904 19:27:28.665021  4776 master_component.cc:991] NormalizeModelArgs: pwt_target_name=pwt, nwt_source_name=nwt, rwt_source_name=rwt
I0904 19:27:28.665021  4776 master_component.cc:617] MasterComponent: start normalizing model nwt
I0904 19:27:28.734045  4776 master_component.cc:639] MasterComponent: complete normalizing model nwt
I0904 19:27:28.849949  9148 processor.cc:662] No data in processing queue, waiting...
I0904 19:27:29.166184  4776 master_component.cc:1015] DisposeModel rwt
I0904 19:27:29.181808  4776 c_interface.cc:332] Pass FitOfflineMasterModelArgs, batch_filename_size=2, batch_weight_size=2, num_collection_passes=1 to void (__thiscall artm::core::MasterComponent::*)(class artm::FitOfflineMasterModelArgs const &)
I0904 19:27:29.181808  4776 master_component.cc:942] ProcessBatchesArgs: nwt_target_name=nwt, batch_filename_size=2, batch_size=0, batch_weight_size=2, pwt_source_name=pwt, num_document_passes=1, regularizer=(name:SparsePhi, tau:100000), class=(text:1), class=(author:1), reuse_theta=yes, opt_for_avx=yes, predict_class_id=
I0904 19:27:29.250857  9148 processor.cc:669] Processing queue has data, processing started
I0904 19:27:29.250857 12096 processor.cc:669] Processing queue has data, processing started
I0904 19:27:29.266458  9148 processor.cc:746] Processor: start processing batch 26a91afb-2e6d-4a21-81fe-cf68f1acbb13 into model nwt
I0904 19:27:29.282083 12096 processor.cc:746] Processor: start processing batch b3c8157b-a729-4fd3-a0fb-2755872b7edc into model nwt
I0904 19:27:29.501579  9148 processor.cc:842] Processor: complete processing batch 26a91afb-2e6d-4a21-81fe-cf68f1acbb13 into model nwt
I0904 19:27:29.501579  9148 cuckoo_watch.h:44] 250ms in ProcessBatch(D:\Coursera\Notebooks\homeworks\MyHW\3-4\lectures_batches\aaaaaa.batch) [including 15ms in LoadMessage; 15ms in InitializeSparseNdw; 203ms in InferThetaAndUpdateNwtSparse; ]
I0904 19:27:29.713762 12096 processor.cc:842] Processor: complete processing batch b3c8157b-a729-4fd3-a0fb-2755872b7edc into model nwt
I0904 19:27:29.733397 12096 cuckoo_watch.h:44] 482ms in ProcessBatch(D:\Coursera\Notebooks\homeworks\MyHW\3-4\lectures_batches\aaaaab.batch) [including 31ms in LoadMessage; 53ms in InitializeSparseNdw; 378ms in InferThetaAndUpdateNwtSparse; ]
I0904 19:27:29.751554  4776 master_component.cc:980] RegularizeModelArgs: rwt_target_name=rwt, pwt_source_name=pwt, nwt_source_name=nwt
I0904 19:27:29.751554  4776 master_component.cc:590] MasterComponent: start regularizing model pwt
I0904 19:27:29.814045  9148 processor.cc:662] No data in processing queue, waiting...
I0904 19:27:29.867446  4776 master_component.cc:613] MasterComponent: complete regularizing model pwt
I0904 19:27:29.867446  4776 master_component.cc:991] NormalizeModelArgs: pwt_target_name=pwt, nwt_source_name=nwt, rwt_source_name=rwt
I0904 19:27:29.867446  4776 master_component.cc:617] MasterComponent: start normalizing model nwt
I0904 19:27:29.952600  4776 master_component.cc:639] MasterComponent: complete normalizing model nwt
I0904 19:27:29.960605 12096 processor.cc:662] No data in processing queue, waiting...
I0904 19:27:30.383968  4776 master_component.cc:1015] DisposeModel rwt
I0904 19:27:30.383968  4776 c_interface.cc:332] Pass FitOfflineMasterModelArgs, batch_filename_size=2, batch_weight_size=2, num_collection_passes=1 to void (__thiscall artm::core::MasterComponent::*)(class artm::FitOfflineMasterModelArgs const &)
I0904 19:27:30.383968  4776 master_component.cc:942] ProcessBatchesArgs: nwt_target_name=nwt, batch_filename_size=2, batch_size=0, batch_weight_size=2, pwt_source_name=pwt, num_document_passes=1, regularizer=(name:SparsePhi, tau:100000), class=(text:1), class=(author:1), reuse_theta=yes, opt_for_avx=yes, predict_class_id=
I0904 19:27:30.453016  4384 processor.cc:669] Processing queue has data, processing started
I0904 19:27:30.453016  5092 processor.cc:669] Processing queue has data, processing started
I0904 19:27:30.468616  4384 processor.cc:746] Processor: start processing batch 26a91afb-2e6d-4a21-81fe-cf68f1acbb13 into model nwt
I0904 19:27:30.493702  5092 processor.cc:746] Processor: start processing batch b3c8157b-a729-4fd3-a0fb-2755872b7edc into model nwt
I0904 19:27:30.700017  4384 processor.cc:842] Processor: complete processing batch 26a91afb-2e6d-4a21-81fe-cf68f1acbb13 into model nwt
I0904 19:27:30.700017  4384 cuckoo_watch.h:44] 247ms in ProcessBatch(D:\Coursera\Notebooks\homeworks\MyHW\3-4\lectures_batches\aaaaaa.batch) [including 15ms in LoadMessage; 31ms in InitializeSparseNdw; 199ms in InferThetaAndUpdateNwtSparse; ]
I0904 19:27:30.916203  5092 processor.cc:842] Processor: complete processing batch b3c8157b-a729-4fd3-a0fb-2755872b7edc into model nwt
I0904 19:27:30.932341  5092 cuckoo_watch.h:44] 479ms in ProcessBatch(D:\Coursera\Notebooks\homeworks\MyHW\3-4\lectures_batches\aaaaab.batch) [including 37ms in LoadMessage; 43ms in InitializeSparseNdw; 378ms in InferThetaAndUpdateNwtSparse; ]
I0904 19:27:30.953665  4776 master_component.cc:980] RegularizeModelArgs: rwt_target_name=rwt, pwt_source_name=pwt, nwt_source_name=nwt
I0904 19:27:30.953665  4776 master_component.cc:590] MasterComponent: start regularizing model pwt
I0904 19:27:31.016161  4384 processor.cc:662] No data in processing queue, waiting...
I0904 19:27:31.033120  5092 processor.cc:662] No data in processing queue, waiting...
I0904 19:27:31.141507  4776 master_component.cc:613] MasterComponent: complete regularizing model pwt
I0904 19:27:31.141507  4776 master_component.cc:991] NormalizeModelArgs: pwt_target_name=pwt, nwt_source_name=nwt, rwt_source_name=rwt
I0904 19:27:31.141507  4776 master_component.cc:617] MasterComponent: start normalizing model nwt
I0904 19:27:31.215140  4776 master_component.cc:639] MasterComponent: complete normalizing model nwt
I0904 19:27:31.654983  4776 master_component.cc:1015] DisposeModel rwt
I0904 19:27:31.654983  4776 c_interface.cc:332] Pass FitOfflineMasterModelArgs, batch_filename_size=2, batch_weight_size=2, num_collection_passes=1 to void (__thiscall artm::core::MasterComponent::*)(class artm::FitOfflineMasterModelArgs const &)
I0904 19:27:31.654983  4776 master_component.cc:942] ProcessBatchesArgs: nwt_target_name=nwt, batch_filename_size=2, batch_size=0, batch_weight_size=2, pwt_source_name=pwt, num_document_passes=1, regularizer=(name:SparsePhi, tau:100000), class=(text:1), class=(author:1), reuse_theta=yes, opt_for_avx=yes, predict_class_id=
I0904 19:27:31.733129  9148 processor.cc:669] Processing queue has data, processing started
I0904 19:27:31.733129  5092 processor.cc:669] Processing queue has data, processing started
I0904 19:27:31.739646  5092 processor.cc:746] Processor: start processing batch 26a91afb-2e6d-4a21-81fe-cf68f1acbb13 into model nwt
I0904 19:27:31.755273  9148 processor.cc:746] Processor: start processing batch b3c8157b-a729-4fd3-a0fb-2755872b7edc into model nwt
I0904 19:27:31.971447  5092 processor.cc:842] Processor: complete processing batch 26a91afb-2e6d-4a21-81fe-cf68f1acbb13 into model nwt
I0904 19:27:31.987076  5092 cuckoo_watch.h:44] 253ms in ProcessBatch(D:\Coursera\Notebooks\homeworks\MyHW\3-4\lectures_batches\aaaaaa.batch) [including 6ms in LoadMessage; 31ms in InitializeSparseNdw; 200ms in InferThetaAndUpdateNwtSparse; ]
I0904 19:27:32.087543  5092 processor.cc:662] No data in processing queue, waiting...
I0904 19:27:32.203830  9148 processor.cc:842] Processor: complete processing batch b3c8157b-a729-4fd3-a0fb-2755872b7edc into model nwt
I0904 19:27:32.203830  9148 cuckoo_watch.h:44] 470ms in ProcessBatch(D:\Coursera\Notebooks\homeworks\MyHW\3-4\lectures_batches\aaaaab.batch) [including 22ms in LoadMessage; 62ms in InitializeSparseNdw; 386ms in InferThetaAndUpdateNwtSparse; ]
I0904 19:27:32.219466  4776 master_component.cc:980] RegularizeModelArgs: rwt_target_name=rwt, pwt_source_name=pwt, nwt_source_name=nwt
I0904 19:27:32.219466  4776 master_component.cc:590] MasterComponent: start regularizing model pwt
I0904 19:27:32.340868  4776 master_component.cc:613] MasterComponent: complete regularizing model pwt
I0904 19:27:32.340868  4776 master_component.cc:991] NormalizeModelArgs: pwt_target_name=pwt, nwt_source_name=nwt, rwt_source_name=rwt
I0904 19:27:32.340868  4776 master_component.cc:617] MasterComponent: start normalizing model nwt
I0904 19:27:32.419008  4776 master_component.cc:639] MasterComponent: complete normalizing model nwt
I0904 19:27:32.519279  9148 processor.cc:662] No data in processing queue, waiting...
I0904 19:27:32.857177  4776 master_component.cc:1015] DisposeModel rwt
I0904 19:27:32.872802  4776 c_interface.cc:332] Pass FitOfflineMasterModelArgs, batch_filename_size=2, batch_weight_size=2, num_collection_passes=1 to void (__thiscall artm::core::MasterComponent::*)(class artm::FitOfflineMasterModelArgs const &)
I0904 19:27:32.872802  4776 master_component.cc:942] ProcessBatchesArgs: nwt_target_name=nwt, batch_filename_size=2, batch_size=0, batch_weight_size=2, pwt_source_name=pwt, num_document_passes=1, regularizer=(name:SparsePhi, tau:100000), class=(text:1), class=(author:1), reuse_theta=yes, opt_for_avx=yes, predict_class_id=
I0904 19:27:32.935303  5092 processor.cc:669] Processing queue has data, processing started
I0904 19:27:32.935303  4384 processor.cc:669] Processing queue has data, processing started
I0904 19:27:32.957446  5092 processor.cc:746] Processor: start processing batch 26a91afb-2e6d-4a21-81fe-cf68f1acbb13 into model nwt
I0904 19:27:32.973076  4384 processor.cc:746] Processor: start processing batch b3c8157b-a729-4fd3-a0fb-2755872b7edc into model nwt
I0904 19:27:33.196292  5092 processor.cc:842] Processor: complete processing batch 26a91afb-2e6d-4a21-81fe-cf68f1acbb13 into model nwt
I0904 19:27:33.196292  5092 cuckoo_watch.h:44] 260ms in ProcessBatch(D:\Coursera\Notebooks\homeworks\MyHW\3-4\lectures_batches\aaaaaa.batch) [including 22ms in LoadMessage; 15ms in InitializeSparseNdw; 223ms in InferThetaAndUpdateNwtSparse; ]
I0904 19:27:33.420490  4384 processor.cc:842] Processor: complete processing batch b3c8157b-a729-4fd3-a0fb-2755872b7edc into model nwt
I0904 19:27:33.420490  4384 cuckoo_watch.h:44] 485ms in ProcessBatch(D:\Coursera\Notebooks\homeworks\MyHW\3-4\lectures_batches\aaaaab.batch) [including 37ms in LoadMessage; 46ms in InitializeSparseNdw; 400ms in InferThetaAndUpdateNwtSparse; ]
I0904 19:27:33.436132  4776 master_component.cc:980] RegularizeModelArgs: rwt_target_name=rwt, pwt_source_name=pwt, nwt_source_name=nwt
I0904 19:27:33.436132  4776 master_component.cc:590] MasterComponent: start regularizing model pwt
I0904 19:27:33.520784  5092 processor.cc:662] No data in processing queue, waiting...
I0904 19:27:33.542927  4776 master_component.cc:613] MasterComponent: complete regularizing model pwt
I0904 19:27:33.542927  4776 master_component.cc:991] NormalizeModelArgs: pwt_target_name=pwt, nwt_source_name=nwt, rwt_source_name=rwt
I0904 19:27:33.542927  4776 master_component.cc:617] MasterComponent: start normalizing model nwt
I0904 19:27:33.643195  4776 master_component.cc:639] MasterComponent: complete normalizing model nwt
I0904 19:27:33.665472  4384 processor.cc:662] No data in processing queue, waiting...
I0904 19:27:34.075404  4776 master_component.cc:1015] DisposeModel rwt
I0904 19:27:34.075404  4776 c_interface.cc:332] Pass FitOfflineMasterModelArgs, batch_filename_size=2, batch_weight_size=2, num_collection_passes=1 to void (__thiscall artm::core::MasterComponent::*)(class artm::FitOfflineMasterModelArgs const &)
I0904 19:27:34.075404  4776 master_component.cc:942] ProcessBatchesArgs: nwt_target_name=nwt, batch_filename_size=2, batch_size=0, batch_weight_size=2, pwt_source_name=pwt, num_document_passes=1, regularizer=(name:SparsePhi, tau:100000), class=(text:1), class=(author:1), reuse_theta=yes, opt_for_avx=yes, predict_class_id=
I0904 19:27:34.137919  5092 processor.cc:669] Processing queue has data, processing started
I0904 19:27:34.137919  9148 processor.cc:669] Processing queue has data, processing started
I0904 19:27:34.164849  5092 processor.cc:746] Processor: start processing batch 26a91afb-2e6d-4a21-81fe-cf68f1acbb13 into model nwt
I0904 19:27:34.183861  9148 processor.cc:746] Processor: start processing batch b3c8157b-a729-4fd3-a0fb-2755872b7edc into model nwt
I0904 19:27:34.391896  5092 processor.cc:842] Processor: complete processing batch 26a91afb-2e6d-4a21-81fe-cf68f1acbb13 into model nwt
I0904 19:27:34.407523  5092 cuckoo_watch.h:44] 269ms in ProcessBatch(D:\Coursera\Notebooks\homeworks\MyHW\3-4\lectures_batches\aaaaaa.batch) [including 24ms in LoadMessage; 27ms in InitializeSparseNdw; 198ms in InferThetaAndUpdateNwtSparse; ]
I0904 19:27:34.623507  9148 processor.cc:842] Processor: complete processing batch b3c8157b-a729-4fd3-a0fb-2755872b7edc into model nwt
I0904 19:27:34.623507  9148 cuckoo_watch.h:44] 485ms in ProcessBatch(D:\Coursera\Notebooks\homeworks\MyHW\3-4\lectures_batches\aaaaab.batch) [including 43ms in LoadMessage; 60ms in InitializeSparseNdw; 378ms in InferThetaAndUpdateNwtSparse; ]
I0904 19:27:34.639133  4776 master_component.cc:980] RegularizeModelArgs: rwt_target_name=rwt, pwt_source_name=pwt, nwt_source_name=nwt
I0904 19:27:34.639133  4776 master_component.cc:590] MasterComponent: start regularizing model pwt
I0904 19:27:34.723779  5092 processor.cc:662] No data in processing queue, waiting...
I0904 19:27:34.737175  9148 processor.cc:662] No data in processing queue, waiting...
I0904 19:27:34.752825  4776 master_component.cc:613] MasterComponent: complete regularizing model pwt
I0904 19:27:34.752825  4776 master_component.cc:991] NormalizeModelArgs: pwt_target_name=pwt, nwt_source_name=nwt, rwt_source_name=rwt
I0904 19:27:34.752825  4776 master_component.cc:617] MasterComponent: start normalizing model nwt
I0904 19:27:34.845979  4776 master_component.cc:639] MasterComponent: complete normalizing model nwt
I0904 19:27:35.284179  4776 master_component.cc:1015] DisposeModel rwt
I0904 19:27:35.288239  4776 c_interface.cc:332] Pass FitOfflineMasterModelArgs, batch_filename_size=2, batch_weight_size=2, num_collection_passes=1 to void (__thiscall artm::core::MasterComponent::*)(class artm::FitOfflineMasterModelArgs const &)
I0904 19:27:35.288239  4776 master_component.cc:942] ProcessBatchesArgs: nwt_target_name=nwt, batch_filename_size=2, batch_size=0, batch_weight_size=2, pwt_source_name=pwt, num_document_passes=1, regularizer=(name:SparsePhi, tau:100000), class=(text:1), class=(author:1), reuse_theta=yes, opt_for_avx=yes, predict_class_id=
I0904 19:27:35.362763 12096 processor.cc:669] Processing queue has data, processing started
I0904 19:27:35.362763  5092 processor.cc:669] Processing queue has data, processing started
I0904 19:27:35.378388 12096 processor.cc:746] Processor: start processing batch 26a91afb-2e6d-4a21-81fe-cf68f1acbb13 into model nwt
I0904 19:27:35.394014  5092 processor.cc:746] Processor: start processing batch b3c8157b-a729-4fd3-a0fb-2755872b7edc into model nwt
I0904 19:27:35.604708 12096 processor.cc:842] Processor: complete processing batch 26a91afb-2e6d-4a21-81fe-cf68f1acbb13 into model nwt
I0904 19:27:35.609711 12096 cuckoo_watch.h:44] 246ms in ProcessBatch(D:\Coursera\Notebooks\homeworks\MyHW\3-4\lectures_batches\aaaaaa.batch) [including 15ms in LoadMessage; 31ms in InitializeSparseNdw; 195ms in InferThetaAndUpdateNwtSparse; ]
I0904 19:27:35.800710 12096 processor.cc:662] No data in processing queue, waiting...
I0904 19:27:35.823765  5092 processor.cc:842] Processor: complete processing batch b3c8157b-a729-4fd3-a0fb-2755872b7edc into model nwt
I0904 19:27:35.839393  5092 cuckoo_watch.h:44] 476ms in ProcessBatch(D:\Coursera\Notebooks\homeworks\MyHW\3-4\lectures_batches\aaaaab.batch) [including 31ms in LoadMessage; 53ms in InitializeSparseNdw; 376ms in InferThetaAndUpdateNwtSparse; ]
I0904 19:27:35.855031  4776 master_component.cc:980] RegularizeModelArgs: rwt_target_name=rwt, pwt_source_name=pwt, nwt_source_name=nwt
I0904 19:27:35.855031  4776 master_component.cc:590] MasterComponent: start regularizing model pwt
I0904 19:27:35.973945  4776 master_component.cc:613] MasterComponent: complete regularizing model pwt
I0904 19:27:35.973945  4776 master_component.cc:991] NormalizeModelArgs: pwt_target_name=pwt, nwt_source_name=nwt, rwt_source_name=rwt
I0904 19:27:35.973945  4776 master_component.cc:617] MasterComponent: start normalizing model nwt
I0904 19:27:36.058583  4776 master_component.cc:639] MasterComponent: complete normalizing model nwt
I0904 19:27:36.152348  5092 processor.cc:662] No data in processing queue, waiting...
I0904 19:27:36.490242  4776 master_component.cc:1015] DisposeModel rwt
I0904 19:27:36.505867  4776 c_interface.cc:332] Pass FitOfflineMasterModelArgs, batch_filename_size=2, batch_weight_size=2, num_collection_passes=1 to void (__thiscall artm::core::MasterComponent::*)(class artm::FitOfflineMasterModelArgs const &)
I0904 19:27:36.505867  4776 master_component.cc:942] ProcessBatchesArgs: nwt_target_name=nwt, batch_filename_size=2, batch_size=0, batch_weight_size=2, pwt_source_name=pwt, num_document_passes=1, regularizer=(name:SparsePhi, tau:100000), class=(text:1), class=(author:1), reuse_theta=yes, opt_for_avx=yes, predict_class_id=
I0904 19:27:36.574586  9148 processor.cc:669] Processing queue has data, processing started
I0904 19:27:36.574586  5092 processor.cc:669] Processing queue has data, processing started
I0904 19:27:36.605844  9148 processor.cc:746] Processor: start processing batch 26a91afb-2e6d-4a21-81fe-cf68f1acbb13 into model nwt
I0904 19:27:36.621465  5092 processor.cc:746] Processor: start processing batch b3c8157b-a729-4fd3-a0fb-2755872b7edc into model nwt
I0904 19:27:36.864347  9148 processor.cc:842] Processor: complete processing batch 26a91afb-2e6d-4a21-81fe-cf68f1acbb13 into model nwt
I0904 19:27:36.869352  9148 cuckoo_watch.h:44] 294ms in ProcessBatch(D:\Coursera\Notebooks\homeworks\MyHW\3-4\lectures_batches\aaaaaa.batch) [including 31ms in LoadMessage; 15ms in InitializeSparseNdw; 242ms in InferThetaAndUpdateNwtSparse; ]
I0904 19:27:36.889364  9148 processor.cc:662] No data in processing queue, waiting...
I0904 19:27:37.090534  5092 processor.cc:842] Processor: complete processing batch b3c8157b-a729-4fd3-a0fb-2755872b7edc into model nwt
I0904 19:27:37.090534  5092 cuckoo_watch.h:44] 515ms in ProcessBatch(D:\Coursera\Notebooks\homeworks\MyHW\3-4\lectures_batches\aaaaab.batch) [including 46ms in LoadMessage; 53ms in InitializeSparseNdw; 415ms in InferThetaAndUpdateNwtSparse; ]
I0904 19:27:37.106160  4776 master_component.cc:980] RegularizeModelArgs: rwt_target_name=rwt, pwt_source_name=pwt, nwt_source_name=nwt
I0904 19:27:37.106160  4776 master_component.cc:590] MasterComponent: start regularizing model pwt
I0904 19:27:37.222563  4776 master_component.cc:613] MasterComponent: complete regularizing model pwt
I0904 19:27:37.222563  4776 master_component.cc:991] NormalizeModelArgs: pwt_target_name=pwt, nwt_source_name=nwt, rwt_source_name=rwt
I0904 19:27:37.222563  4776 master_component.cc:617] MasterComponent: start normalizing model nwt
I0904 19:27:37.307215  4776 master_component.cc:639] MasterComponent: complete normalizing model nwt
I0904 19:27:37.378619  5092 processor.cc:662] No data in processing queue, waiting...
I0904 19:27:37.739078  4776 master_component.cc:1015] DisposeModel rwt
I0904 19:27:37.759210  4776 c_interface.cc:332] Pass FitOfflineMasterModelArgs, batch_filename_size=2, batch_weight_size=2, num_collection_passes=1 to void (__thiscall artm::core::MasterComponent::*)(class artm::FitOfflineMasterModelArgs const &)
I0904 19:27:37.759210  4776 master_component.cc:942] ProcessBatchesArgs: nwt_target_name=nwt, batch_filename_size=2, batch_size=0, batch_weight_size=2, pwt_source_name=pwt, num_document_passes=1, regularizer=(name:SparsePhi, tau:100000), class=(text:1), class=(author:1), reuse_theta=yes, opt_for_avx=yes, predict_class_id=
I0904 19:27:37.808115 12096 processor.cc:669] Processing queue has data, processing started
I0904 19:27:37.808115  4384 processor.cc:669] Processing queue has data, processing started
I0904 19:27:37.823721 12096 processor.cc:746] Processor: start processing batch 26a91afb-2e6d-4a21-81fe-cf68f1acbb13 into model nwt
I0904 19:27:37.839345  4384 processor.cc:746] Processor: start processing batch b3c8157b-a729-4fd3-a0fb-2755872b7edc into model nwt
I0904 19:27:38.061846 12096 processor.cc:842] Processor: complete processing batch 26a91afb-2e6d-4a21-81fe-cf68f1acbb13 into model nwt
I0904 19:27:38.061846 12096 cuckoo_watch.h:44] 253ms in ProcessBatch(D:\Coursera\Notebooks\homeworks\MyHW\3-4\lectures_batches\aaaaaa.batch) [including 15ms in LoadMessage; 35ms in InitializeSparseNdw; 201ms in InferThetaAndUpdateNwtSparse; ]
I0904 19:27:38.170774 12096 processor.cc:662] No data in processing queue, waiting...
I0904 19:27:38.293342  4384 processor.cc:842] Processor: complete processing batch b3c8157b-a729-4fd3-a0fb-2755872b7edc into model nwt
I0904 19:27:38.293342  4384 cuckoo_watch.h:44] 485ms in ProcessBatch(D:\Coursera\Notebooks\homeworks\MyHW\3-4\lectures_batches\aaaaab.batch) [including 31ms in LoadMessage; 66ms in InitializeSparseNdw; 387ms in InferThetaAndUpdateNwtSparse; ]
I0904 19:27:38.308977  4776 master_component.cc:980] RegularizeModelArgs: rwt_target_name=rwt, pwt_source_name=pwt, nwt_source_name=nwt
I0904 19:27:38.308977  4776 master_component.cc:590] MasterComponent: start regularizing model pwt
I0904 19:27:38.418117  4384 processor.cc:662] No data in processing queue, waiting...
I0904 19:27:38.431124  4776 master_component.cc:613] MasterComponent: complete regularizing model pwt
I0904 19:27:38.431124  4776 master_component.cc:991] NormalizeModelArgs: pwt_target_name=pwt, nwt_source_name=nwt, rwt_source_name=rwt
I0904 19:27:38.431124  4776 master_component.cc:617] MasterComponent: start normalizing model nwt
I0904 19:27:38.510594  4776 master_component.cc:639] MasterComponent: complete normalizing model nwt
I0904 19:27:38.941437  4776 master_component.cc:1015] DisposeModel rwt
I0904 19:27:38.958583  4776 c_interface.cc:332] Pass FitOfflineMasterModelArgs, batch_filename_size=2, batch_weight_size=2, num_collection_passes=1 to void (__thiscall artm::core::MasterComponent::*)(class artm::FitOfflineMasterModelArgs const &)
I0904 19:27:38.958583  4776 master_component.cc:942] ProcessBatchesArgs: nwt_target_name=nwt, batch_filename_size=2, batch_size=0, batch_weight_size=2, pwt_source_name=pwt, num_document_passes=1, regularizer=(name:SparsePhi, tau:100000), class=(text:1), class=(author:1), reuse_theta=yes, opt_for_avx=yes, predict_class_id=
I0904 19:27:39.014318  9148 processor.cc:669] Processing queue has data, processing started
I0904 19:27:39.014318  5092 processor.cc:669] Processing queue has data, processing started
I0904 19:27:39.029924  9148 processor.cc:746] Processor: start processing batch 26a91afb-2e6d-4a21-81fe-cf68f1acbb13 into model nwt
I0904 19:27:39.045547  5092 processor.cc:746] Processor: start processing batch b3c8157b-a729-4fd3-a0fb-2755872b7edc into model nwt
I0904 19:27:39.279862  9148 processor.cc:842] Processor: complete processing batch 26a91afb-2e6d-4a21-81fe-cf68f1acbb13 into model nwt
I0904 19:27:39.279862  9148 cuckoo_watch.h:44] 265ms in ProcessBatch(D:\Coursera\Notebooks\homeworks\MyHW\3-4\lectures_batches\aaaaaa.batch) [including 15ms in LoadMessage; 33ms in InitializeSparseNdw; 216ms in InferThetaAndUpdateNwtSparse; ]
I0904 19:27:39.487694  9148 processor.cc:662] No data in processing queue, waiting...
I0904 19:27:39.503052  5092 processor.cc:842] Processor: complete processing batch b3c8157b-a729-4fd3-a0fb-2755872b7edc into model nwt
I0904 19:27:39.509057  5092 cuckoo_watch.h:44] 494ms in ProcessBatch(D:\Coursera\Notebooks\homeworks\MyHW\3-4\lectures_batches\aaaaab.batch) [including 31ms in LoadMessage; 65ms in InitializeSparseNdw; 392ms in InferThetaAndUpdateNwtSparse; ]
I0904 19:27:39.511075  4776 master_component.cc:980] RegularizeModelArgs: rwt_target_name=rwt, pwt_source_name=pwt, nwt_source_name=nwt
I0904 19:27:39.511075  4776 master_component.cc:590] MasterComponent: start regularizing model pwt
I0904 19:27:39.627535  4776 master_component.cc:613] MasterComponent: complete regularizing model pwt
I0904 19:27:39.627535  4776 master_component.cc:991] NormalizeModelArgs: pwt_target_name=pwt, nwt_source_name=nwt, rwt_source_name=rwt
I0904 19:27:39.627535  4776 master_component.cc:617] MasterComponent: start normalizing model nwt
I0904 19:27:39.712180  4776 master_component.cc:639] MasterComponent: complete normalizing model nwt
I0904 19:27:39.727804  5092 processor.cc:662] No data in processing queue, waiting...
I0904 19:27:40.144171  4776 master_component.cc:1015] DisposeModel rwt
I0904 19:27:40.144171  4776 c_interface.cc:332] Pass FitOfflineMasterModelArgs, batch_filename_size=2, batch_weight_size=2, num_collection_passes=1 to void (__thiscall artm::core::MasterComponent::*)(class artm::FitOfflineMasterModelArgs const &)
I0904 19:27:40.144171  4776 master_component.cc:942] ProcessBatchesArgs: nwt_target_name=nwt, batch_filename_size=2, batch_size=0, batch_weight_size=2, pwt_source_name=pwt, num_document_passes=1, regularizer=(name:SparsePhi, tau:100000), class=(text:1), class=(author:1), reuse_theta=yes, opt_for_avx=yes, predict_class_id=
I0904 19:27:40.208102  9148 processor.cc:669] Processing queue has data, processing started
I0904 19:27:40.211104  5092 processor.cc:669] Processing queue has data, processing started
I0904 19:27:40.229929  9148 processor.cc:746] Processor: start processing batch 26a91afb-2e6d-4a21-81fe-cf68f1acbb13 into model nwt
I0904 19:27:40.259265  5092 processor.cc:746] Processor: start processing batch b3c8157b-a729-4fd3-a0fb-2755872b7edc into model nwt
I0904 19:27:40.498411  9148 processor.cc:842] Processor: complete processing batch 26a91afb-2e6d-4a21-81fe-cf68f1acbb13 into model nwt
I0904 19:27:40.504416  9148 cuckoo_watch.h:44] 294ms in ProcessBatch(D:\Coursera\Notebooks\homeworks\MyHW\3-4\lectures_batches\aaaaaa.batch) [including 19ms in LoadMessage; 37ms in InitializeSparseNdw; 229ms in InferThetaAndUpdateNwtSparse; ]
I0904 19:27:40.528431  9148 processor.cc:662] No data in processing queue, waiting...
I0904 19:27:40.734727  5092 processor.cc:842] Processor: complete processing batch b3c8157b-a729-4fd3-a0fb-2755872b7edc into model nwt
I0904 19:27:40.734727  5092 cuckoo_watch.h:44] 523ms in ProcessBatch(D:\Coursera\Notebooks\homeworks\MyHW\3-4\lectures_batches\aaaaab.batch) [including 46ms in LoadMessage; 55ms in InitializeSparseNdw; 419ms in InferThetaAndUpdateNwtSparse; ]
I0904 19:27:40.750362  4776 master_component.cc:980] RegularizeModelArgs: rwt_target_name=rwt, pwt_source_name=pwt, nwt_source_name=nwt
I0904 19:27:40.750362  4776 master_component.cc:590] MasterComponent: start regularizing model pwt
I0904 19:27:40.866240  4776 master_component.cc:613] MasterComponent: complete regularizing model pwt
I0904 19:27:40.866240  4776 master_component.cc:991] NormalizeModelArgs: pwt_target_name=pwt, nwt_source_name=nwt, rwt_source_name=rwt
I0904 19:27:40.866240  4776 master_component.cc:617] MasterComponent: start normalizing model nwt
I0904 19:27:40.966511  4776 master_component.cc:639] MasterComponent: complete normalizing model nwt
I0904 19:27:41.044646  5092 processor.cc:662] No data in processing queue, waiting...
I0904 19:27:41.407892  4776 master_component.cc:1015] DisposeModel rwt
I0904 19:27:41.414897  4776 c_interface.cc:332] Pass FitOfflineMasterModelArgs, batch_filename_size=2, batch_weight_size=2, num_collection_passes=1 to void (__thiscall artm::core::MasterComponent::*)(class artm::FitOfflineMasterModelArgs const &)
