Log file created at: 2017/09/07 18:36:03
Running on machine: DESKTOP-TJINT0L
Log line format: [IWEF]mmdd hh:mm:ss.uuuuuu threadid file:line] msg
I0907 18:36:03.315021 10364 c_interface.cc:74] Logging enabled to .
I0907 18:36:03.405660 10364 c_interface.cc:221] Creating MasterModel (id=1)...
W0907 18:36:04.629786 10364 helpers.cc:208] File already exists: lectures_batches\aaaaaa.batch
W0907 18:36:07.895009 10364 helpers.cc:208] File already exists: lectures_batches\aaaaab.batch
I0907 18:36:08.030107 10364 c_interface.cc:318] Pass 611f232a-fa59-4371-8a8e-bf090b959b93 to void (__thiscall artm::core::MasterComponent::*)(class std::basic_string<char,struct std::char_traits<char>,class std::allocator<char> > const &)
I0907 18:36:08.080147 10364 c_interface.cc:332] Pass GatherDictionaryArgs: dictionary_target_name=611f232a-fa59-4371-8a8e-bf090b959b93, data_path=lectures_batches, symmetric_cooc_values=0 to void (__thiscall artm::core::MasterComponent::*)(class artm::GatherDictionaryArgs const &)
I0907 18:36:08.105164 10364 dictionary.cc:185] Found 2 batches in 'lectures_batches' folder
I0907 18:36:08.498272 10364 dictionary.cc:241] Find 26866 unique tokens in 1728 items
I0907 18:36:08.622905 10364 c_interface.cc:221] Creating MasterModel (id=2)...
I0907 18:36:08.623905 10364 c_interface.cc:318] Pass 1fc07a9c-84c5-4b62-9933-a76b170c349c to void (__thiscall artm::core::MasterComponent::*)(class std::basic_string<char,struct std::char_traits<char>,class std::allocator<char> > const &)
I0907 18:36:08.623905 10364 c_interface.cc:332] Pass GatherDictionaryArgs: dictionary_target_name=1fc07a9c-84c5-4b62-9933-a76b170c349c, data_path=lectures_batches, symmetric_cooc_values=0 to void (__thiscall artm::core::MasterComponent::*)(class artm::GatherDictionaryArgs const &)
I0907 18:36:08.623905 10364 dictionary.cc:185] Found 2 batches in 'lectures_batches' folder
I0907 18:36:08.893293 10364 dictionary.cc:241] Find 26866 unique tokens in 1728 items
I0907 18:36:08.980864 10364 c_interface.cc:318] Pass 611f232a-fa59-4371-8a8e-bf090b959b93 to void (__thiscall artm::core::MasterComponent::*)(class std::basic_string<char,struct std::char_traits<char>,class std::allocator<char> > const &)
I0907 18:36:09.003157 10364 c_interface.cc:283] Disposing MasterComponent (id=1)...
I0907 18:36:09.018523 10364 instance.cc:358] MasterModelConfig.processors_count is automatically set to 4
I0907 18:36:09.043061 10364 c_interface.cc:221] Creating MasterModel (id=3)...
I0907 18:36:09.119993  2888 processor.cc:646] Processor thread started
I0907 18:36:09.119993  9176 processor.cc:646] Processor thread started
I0907 18:36:09.119993  1084 processor.cc:646] Processor thread started
I0907 18:36:09.119993  4672 processor.cc:646] Processor thread started
I0907 18:36:09.119993 10364 c_interface.cc:221] Creating MasterModel (id=4)...
I0907 18:36:09.120996 10364 c_interface.cc:318] Pass dictionary to void (__thiscall artm::core::MasterComponent::*)(class std::basic_string<char,struct std::char_traits<char>,class std::allocator<char> > const &)
I0907 18:36:09.120996 10364 c_interface.cc:332] Pass GatherDictionaryArgs: dictionary_target_name=dictionary, data_path=lectures_batches, symmetric_cooc_values=0 to void (__thiscall artm::core::MasterComponent::*)(class artm::GatherDictionaryArgs const &)
I0907 18:36:09.120996 10364 dictionary.cc:185] Found 2 batches in 'lectures_batches' folder
I0907 18:36:09.142009  4672 processor.cc:662] No data in processing queue, waiting...
I0907 18:36:09.142009  9176 processor.cc:662] No data in processing queue, waiting...
I0907 18:36:09.142009  1084 processor.cc:662] No data in processing queue, waiting...
I0907 18:36:09.142009  2888 processor.cc:662] No data in processing queue, waiting...
I0907 18:36:09.350662 10364 dictionary.cc:241] Find 26866 unique tokens in 1728 items
I0907 18:36:09.485270 10364 c_interface.cc:318] Pass pwt to void (__thiscall artm::core::MasterComponent::*)(class std::basic_string<char,struct std::char_traits<char>,class std::allocator<char> > const &)
I0907 18:36:09.486271 10364 c_interface.cc:318] Pass nwt to void (__thiscall artm::core::MasterComponent::*)(class std::basic_string<char,struct std::char_traits<char>,class std::allocator<char> > const &)
I0907 18:36:09.486271 10364 c_interface.cc:332] Pass InitializeModelArgs: model_name=pwt, dictionary_name=dictionary, topic_name_size=30 to void (__thiscall artm::core::MasterComponent::*)(class artm::InitializeModelArgs const &)
I0907 18:36:09.487272 10364 master_component.cc:338] InitializeModel() with 30 topics and 26866 tokens
I0907 18:36:09.744464 10364 c_interface.cc:332] Pass InitializeModelArgs: model_name=nwt, dictionary_name=dictionary, topic_name_size=30 to void (__thiscall artm::core::MasterComponent::*)(class artm::InitializeModelArgs const &)
I0907 18:36:09.744464 10364 master_component.cc:338] InitializeModel() with 30 topics and 26866 tokens
I0907 18:36:09.969630 10364 phi_matrix_operations.cc:82] RetrieveExternalTopicModel() with 30 topics, 26866 tokens
I0907 18:36:10.008657 10364 c_interface.cc:180] ArtmCopyRequestedMessage is copying 825334 bytes...
I0907 18:36:11.517814 10364 c_interface.cc:332] Pass MasterModelConfig: topic_name_size=30, class=(text:1), class=(author:1), score_config_size=1, num_processors=0, pwt_name=pwt, nwt_name=nwt, num_document_passes=1, reuse_theta=yes, cache_theta=yes, opt_for_avx=yes, disk_cache_path to void (__thiscall artm::core::MasterComponent::*)(class artm::MasterModelConfig const &)
I0907 18:36:11.517814 10364 instance.cc:358] MasterModelConfig.processors_count is automatically set to 4
I0907 18:36:11.520817 10364 c_interface.cc:332] Pass MasterModelConfig: topic_name_size=30, class=(text:1), class=(author:1), score_config_size=2, num_processors=0, pwt_name=pwt, nwt_name=nwt, num_document_passes=1, reuse_theta=yes, cache_theta=yes, opt_for_avx=yes, disk_cache_path to void (__thiscall artm::core::MasterComponent::*)(class artm::MasterModelConfig const &)
I0907 18:36:11.520817 10364 instance.cc:358] MasterModelConfig.processors_count is automatically set to 4
I0907 18:36:11.621891 10364 c_interface.cc:332] Pass MasterModelConfig: topic_name_size=30, class=(text:1), class=(author:1), score_config_size=2, num_processors=0, pwt_name=pwt, nwt_name=nwt, num_document_passes=1, regularizer=(SparsePhi:100000), reuse_theta=yes, cache_theta=yes, opt_for_avx=yes, disk_cache_path to void (__thiscall artm::core::MasterComponent::*)(class artm::MasterModelConfig const &)
I0907 18:36:11.621891 10364 instance.cc:358] MasterModelConfig.processors_count is automatically set to 4
I0907 18:36:11.622891 10364 instance.cc:213] Regularizer 'SparsePhi' was cold-reconfigured
I0907 18:36:11.839056 10364 c_interface.cc:332] Pass FitOfflineMasterModelArgs, batch_filename_size=2, batch_weight_size=2, num_collection_passes=1 to void (__thiscall artm::core::MasterComponent::*)(class artm::FitOfflineMasterModelArgs const &)
I0907 18:36:11.864078 10364 master_component.cc:942] ProcessBatchesArgs: nwt_target_name=nwt, batch_filename_size=2, batch_size=0, batch_weight_size=2, pwt_source_name=pwt, num_document_passes=1, regularizer=(name:SparsePhi, tau:100000), class=(text:1), class=(author:1), reuse_theta=yes, opt_for_avx=yes, predict_class_id=
I0907 18:36:11.941130 10364 master_component.cc:478] Batches count (=2) is smaller than num processors (=4), which may cause suboptimal performance.
I0907 18:36:11.943138  2888 processor.cc:669] Processing queue has data, processing started
I0907 18:36:11.943138  1084 processor.cc:669] Processing queue has data, processing started
I0907 18:36:11.968158  2888 processor.cc:746] Processor: start processing batch 071eb526-432a-47c3-b517-aa155b5c3cdb into model nwt
I0907 18:36:11.988171  1084 processor.cc:746] Processor: start processing batch 675e1af2-71ca-414a-be34-ca3fde15a426 into model nwt
I0907 18:36:12.249871  2888 processor.cc:842] Processor: complete processing batch 071eb526-432a-47c3-b517-aa155b5c3cdb into model nwt
I0907 18:36:12.255373  2888 cuckoo_watch.h:44] 312ms in ProcessBatch(D:\Coursera\Notebooks\homeworks\MyHW\3-4\lectures_batches\aaaaaa.batch) [including 23ms in LoadMessage; 25ms in InitializeSparseNdw; 256ms in InferThetaAndUpdateNwtSparse; ]
I0907 18:36:12.282397  2888 processor.cc:662] No data in processing queue, waiting...
I0907 18:36:12.558609  1084 processor.cc:842] Processor: complete processing batch 675e1af2-71ca-414a-be34-ca3fde15a426 into model nwt
I0907 18:36:12.572624  1084 cuckoo_watch.h:44] 629ms in ProcessBatch(D:\Coursera\Notebooks\homeworks\MyHW\3-4\lectures_batches\aaaaab.batch) [including 44ms in LoadMessage; 56ms in InitializeSparseNdw; 513ms in InferThetaAndUpdateNwtSparse; ]
I0907 18:36:12.573624 10364 master_component.cc:980] RegularizeModelArgs: rwt_target_name=rwt, pwt_source_name=pwt, nwt_source_name=nwt
I0907 18:36:12.573624 10364 master_component.cc:590] MasterComponent: start regularizing model pwt
I0907 18:36:12.595638  1084 processor.cc:662] No data in processing queue, waiting...
I0907 18:36:12.755756 10364 master_component.cc:613] MasterComponent: complete regularizing model pwt
I0907 18:36:12.755756 10364 master_component.cc:991] NormalizeModelArgs: pwt_target_name=pwt, nwt_source_name=nwt, rwt_source_name=rwt
I0907 18:36:12.755756 10364 master_component.cc:617] MasterComponent: start normalizing model nwt
I0907 18:36:12.861846 10364 master_component.cc:639] MasterComponent: complete normalizing model nwt
I0907 18:36:13.417273 10364 master_component.cc:1015] DisposeModel rwt
I0907 18:36:13.426280 10364 c_interface.cc:332] Pass FitOfflineMasterModelArgs, batch_filename_size=2, batch_weight_size=2, num_collection_passes=1 to void (__thiscall artm::core::MasterComponent::*)(class artm::FitOfflineMasterModelArgs const &)
I0907 18:36:13.426280 10364 master_component.cc:942] ProcessBatchesArgs: nwt_target_name=nwt, batch_filename_size=2, batch_size=0, batch_weight_size=2, pwt_source_name=pwt, num_document_passes=1, regularizer=(name:SparsePhi, tau:100000), class=(text:1), class=(author:1), reuse_theta=yes, opt_for_avx=yes, predict_class_id=
I0907 18:36:13.479326  1084 processor.cc:669] Processing queue has data, processing started
I0907 18:36:13.479326  2888 processor.cc:669] Processing queue has data, processing started
I0907 18:36:13.501340  1084 processor.cc:746] Processor: start processing batch 071eb526-432a-47c3-b517-aa155b5c3cdb into model nwt
I0907 18:36:13.519351  2888 processor.cc:746] Processor: start processing batch 675e1af2-71ca-414a-be34-ca3fde15a426 into model nwt
I0907 18:36:13.753530  1084 processor.cc:842] Processor: complete processing batch 071eb526-432a-47c3-b517-aa155b5c3cdb into model nwt
I0907 18:36:13.757531  1084 cuckoo_watch.h:44] 278ms in ProcessBatch(D:\Coursera\Notebooks\homeworks\MyHW\3-4\lectures_batches\aaaaaa.batch) [including 20ms in LoadMessage; 26ms in InitializeSparseNdw; 224ms in InferThetaAndUpdateNwtSparse; ]
I0907 18:36:13.786556  1084 processor.cc:662] No data in processing queue, waiting...
I0907 18:36:14.050781  2888 processor.cc:842] Processor: complete processing batch 675e1af2-71ca-414a-be34-ca3fde15a426 into model nwt
I0907 18:36:14.058784  2888 cuckoo_watch.h:44] 578ms in ProcessBatch(D:\Coursera\Notebooks\homeworks\MyHW\3-4\lectures_batches\aaaaab.batch) [including 39ms in LoadMessage; 57ms in InitializeSparseNdw; 474ms in InferThetaAndUpdateNwtSparse; ]
I0907 18:36:14.059286 10364 master_component.cc:980] RegularizeModelArgs: rwt_target_name=rwt, pwt_source_name=pwt, nwt_source_name=nwt
I0907 18:36:14.059286 10364 master_component.cc:590] MasterComponent: start regularizing model pwt
I0907 18:36:14.077798  2888 processor.cc:662] No data in processing queue, waiting...
I0907 18:36:14.182874 10364 master_component.cc:613] MasterComponent: complete regularizing model pwt
I0907 18:36:14.182874 10364 master_component.cc:991] NormalizeModelArgs: pwt_target_name=pwt, nwt_source_name=nwt, rwt_source_name=rwt
I0907 18:36:14.182874 10364 master_component.cc:617] MasterComponent: start normalizing model nwt
I0907 18:36:14.268936 10364 master_component.cc:639] MasterComponent: complete normalizing model nwt
I0907 18:36:14.704252 10364 master_component.cc:1015] DisposeModel rwt
I0907 18:36:14.714257 10364 c_interface.cc:332] Pass FitOfflineMasterModelArgs, batch_filename_size=2, batch_weight_size=2, num_collection_passes=1 to void (__thiscall artm::core::MasterComponent::*)(class artm::FitOfflineMasterModelArgs const &)
I0907 18:36:14.714257 10364 master_component.cc:942] ProcessBatchesArgs: nwt_target_name=nwt, batch_filename_size=2, batch_size=0, batch_weight_size=2, pwt_source_name=pwt, num_document_passes=1, regularizer=(name:SparsePhi, tau:100000), class=(text:1), class=(author:1), reuse_theta=yes, opt_for_avx=yes, predict_class_id=
I0907 18:36:14.766302  2888 processor.cc:669] Processing queue has data, processing started
I0907 18:36:14.766302  9176 processor.cc:669] Processing queue has data, processing started
I0907 18:36:14.787317  9176 processor.cc:746] Processor: start processing batch 071eb526-432a-47c3-b517-aa155b5c3cdb into model nwt
I0907 18:36:14.807327  2888 processor.cc:746] Processor: start processing batch 675e1af2-71ca-414a-be34-ca3fde15a426 into model nwt
I0907 18:36:15.046010  9176 processor.cc:842] Processor: complete processing batch 071eb526-432a-47c3-b517-aa155b5c3cdb into model nwt
I0907 18:36:15.052012  9176 cuckoo_watch.h:44] 285ms in ProcessBatch(D:\Coursera\Notebooks\homeworks\MyHW\3-4\lectures_batches\aaaaaa.batch) [including 19ms in LoadMessage; 25ms in InitializeSparseNdw; 232ms in InferThetaAndUpdateNwtSparse; ]
I0907 18:36:15.078534  9176 processor.cc:662] No data in processing queue, waiting...
I0907 18:36:15.335728  2888 processor.cc:842] Processor: complete processing batch 675e1af2-71ca-414a-be34-ca3fde15a426 into model nwt
I0907 18:36:15.343734  2888 cuckoo_watch.h:44] 577ms in ProcessBatch(D:\Coursera\Notebooks\homeworks\MyHW\3-4\lectures_batches\aaaaab.batch) [including 38ms in LoadMessage; 49ms in InitializeSparseNdw; 478ms in InferThetaAndUpdateNwtSparse; ]
I0907 18:36:15.345238 10364 master_component.cc:980] RegularizeModelArgs: rwt_target_name=rwt, pwt_source_name=pwt, nwt_source_name=nwt
I0907 18:36:15.345238 10364 master_component.cc:590] MasterComponent: start regularizing model pwt
I0907 18:36:15.362753  2888 processor.cc:662] No data in processing queue, waiting...
I0907 18:36:15.471834 10364 master_component.cc:613] MasterComponent: complete regularizing model pwt
I0907 18:36:15.471834 10364 master_component.cc:991] NormalizeModelArgs: pwt_target_name=pwt, nwt_source_name=nwt, rwt_source_name=rwt
I0907 18:36:15.471834 10364 master_component.cc:617] MasterComponent: start normalizing model nwt
I0907 18:36:15.557394 10364 master_component.cc:639] MasterComponent: complete normalizing model nwt
I0907 18:36:15.994222 10364 master_component.cc:1015] DisposeModel rwt
I0907 18:36:16.004228 10364 c_interface.cc:332] Pass FitOfflineMasterModelArgs, batch_filename_size=2, batch_weight_size=2, num_collection_passes=1 to void (__thiscall artm::core::MasterComponent::*)(class artm::FitOfflineMasterModelArgs const &)
I0907 18:36:16.004228 10364 master_component.cc:942] ProcessBatchesArgs: nwt_target_name=nwt, batch_filename_size=2, batch_size=0, batch_weight_size=2, pwt_source_name=pwt, num_document_passes=1, regularizer=(name:SparsePhi, tau:100000), class=(text:1), class=(author:1), reuse_theta=yes, opt_for_avx=yes, predict_class_id=
I0907 18:36:16.056766  2888 processor.cc:669] Processing queue has data, processing started
I0907 18:36:16.056766  9176 processor.cc:669] Processing queue has data, processing started
I0907 18:36:16.081285  9176 processor.cc:746] Processor: start processing batch 071eb526-432a-47c3-b517-aa155b5c3cdb into model nwt
I0907 18:36:16.102299  2888 processor.cc:746] Processor: start processing batch 675e1af2-71ca-414a-be34-ca3fde15a426 into model nwt
I0907 18:36:16.326463  9176 processor.cc:842] Processor: complete processing batch 071eb526-432a-47c3-b517-aa155b5c3cdb into model nwt
I0907 18:36:16.330466  9176 cuckoo_watch.h:44] 273ms in ProcessBatch(D:\Coursera\Notebooks\homeworks\MyHW\3-4\lectures_batches\aaaaaa.batch) [including 23ms in LoadMessage; 26ms in InitializeSparseNdw; 218ms in InferThetaAndUpdateNwtSparse; ]
I0907 18:36:16.349483  9176 processor.cc:662] No data in processing queue, waiting...
I0907 18:36:16.554257  2888 processor.cc:842] Processor: complete processing batch 675e1af2-71ca-414a-be34-ca3fde15a426 into model nwt
I0907 18:36:16.561760  2888 cuckoo_watch.h:44] 504ms in ProcessBatch(D:\Coursera\Notebooks\homeworks\MyHW\3-4\lectures_batches\aaaaab.batch) [including 43ms in LoadMessage; 53ms in InitializeSparseNdw; 397ms in InferThetaAndUpdateNwtSparse; ]
I0907 18:36:16.563768 10364 master_component.cc:980] RegularizeModelArgs: rwt_target_name=rwt, pwt_source_name=pwt, nwt_source_name=nwt
I0907 18:36:16.563768 10364 master_component.cc:590] MasterComponent: start regularizing model pwt
I0907 18:36:16.584779  2888 processor.cc:662] No data in processing queue, waiting...
I0907 18:36:16.687855 10364 master_component.cc:613] MasterComponent: complete regularizing model pwt
I0907 18:36:16.687855 10364 master_component.cc:991] NormalizeModelArgs: pwt_target_name=pwt, nwt_source_name=nwt, rwt_source_name=rwt
I0907 18:36:16.687855 10364 master_component.cc:617] MasterComponent: start normalizing model nwt
I0907 18:36:16.779922 10364 master_component.cc:639] MasterComponent: complete normalizing model nwt
I0907 18:36:17.226238 10364 master_component.cc:1015] DisposeModel rwt
I0907 18:36:17.235245 10364 c_interface.cc:332] Pass FitOfflineMasterModelArgs, batch_filename_size=2, batch_weight_size=2, num_collection_passes=1 to void (__thiscall artm::core::MasterComponent::*)(class artm::FitOfflineMasterModelArgs const &)
I0907 18:36:17.235245 10364 master_component.cc:942] ProcessBatchesArgs: nwt_target_name=nwt, batch_filename_size=2, batch_size=0, batch_weight_size=2, pwt_source_name=pwt, num_document_passes=1, regularizer=(name:SparsePhi, tau:100000), class=(text:1), class=(author:1), reuse_theta=yes, opt_for_avx=yes, predict_class_id=
I0907 18:36:17.285284  4672 processor.cc:669] Processing queue has data, processing started
I0907 18:36:17.285284  2888 processor.cc:669] Processing queue has data, processing started
I0907 18:36:17.311303  2888 processor.cc:746] Processor: start processing batch 071eb526-432a-47c3-b517-aa155b5c3cdb into model nwt
I0907 18:36:17.330315  4672 processor.cc:746] Processor: start processing batch 675e1af2-71ca-414a-be34-ca3fde15a426 into model nwt
I0907 18:36:17.566498  2888 processor.cc:842] Processor: complete processing batch 071eb526-432a-47c3-b517-aa155b5c3cdb into model nwt
I0907 18:36:17.571502  2888 cuckoo_watch.h:44] 286ms in ProcessBatch(D:\Coursera\Notebooks\homeworks\MyHW\3-4\lectures_batches\aaaaaa.batch) [including 25ms in LoadMessage; 25ms in InitializeSparseNdw; 229ms in InferThetaAndUpdateNwtSparse; ]
I0907 18:36:17.592515  2888 processor.cc:662] No data in processing queue, waiting...
I0907 18:36:17.828691  4672 processor.cc:842] Processor: complete processing batch 675e1af2-71ca-414a-be34-ca3fde15a426 into model nwt
I0907 18:36:17.837695  4672 cuckoo_watch.h:44] 552ms in ProcessBatch(D:\Coursera\Notebooks\homeworks\MyHW\3-4\lectures_batches\aaaaab.batch) [including 43ms in LoadMessage; 57ms in InitializeSparseNdw; 441ms in InferThetaAndUpdateNwtSparse; ]
I0907 18:36:17.839697 10364 master_component.cc:980] RegularizeModelArgs: rwt_target_name=rwt, pwt_source_name=pwt, nwt_source_name=nwt
I0907 18:36:17.839697 10364 master_component.cc:590] MasterComponent: start regularizing model pwt
I0907 18:36:17.859715  4672 processor.cc:662] No data in processing queue, waiting...
I0907 18:36:17.986811 10364 master_component.cc:613] MasterComponent: complete regularizing model pwt
I0907 18:36:17.987812 10364 master_component.cc:991] NormalizeModelArgs: pwt_target_name=pwt, nwt_source_name=nwt, rwt_source_name=rwt
I0907 18:36:17.987812 10364 master_component.cc:617] MasterComponent: start normalizing model nwt
I0907 18:36:18.086886 10364 master_component.cc:639] MasterComponent: complete normalizing model nwt
I0907 18:36:18.557729 10364 master_component.cc:1015] DisposeModel rwt
I0907 18:36:18.566237 10364 c_interface.cc:332] Pass FitOfflineMasterModelArgs, batch_filename_size=2, batch_weight_size=2, num_collection_passes=1 to void (__thiscall artm::core::MasterComponent::*)(class artm::FitOfflineMasterModelArgs const &)
I0907 18:36:18.566237 10364 master_component.cc:942] ProcessBatchesArgs: nwt_target_name=nwt, batch_filename_size=2, batch_size=0, batch_weight_size=2, pwt_source_name=pwt, num_document_passes=1, regularizer=(name:SparsePhi, tau:100000), class=(text:1), class=(author:1), reuse_theta=yes, opt_for_avx=yes, predict_class_id=
I0907 18:36:18.618274  2888 processor.cc:669] Processing queue has data, processing started
I0907 18:36:18.620273  9176 processor.cc:669] Processing queue has data, processing started
I0907 18:36:18.642297  2888 processor.cc:746] Processor: start processing batch 071eb526-432a-47c3-b517-aa155b5c3cdb into model nwt
I0907 18:36:18.667313  9176 processor.cc:746] Processor: start processing batch 675e1af2-71ca-414a-be34-ca3fde15a426 into model nwt
I0907 18:36:18.872462  2888 processor.cc:842] Processor: complete processing batch 071eb526-432a-47c3-b517-aa155b5c3cdb into model nwt
I0907 18:36:18.876464  2888 cuckoo_watch.h:44] 257ms in ProcessBatch(D:\Coursera\Notebooks\homeworks\MyHW\3-4\lectures_batches\aaaaaa.batch) [including 22ms in LoadMessage; 28ms in InitializeSparseNdw; 201ms in InferThetaAndUpdateNwtSparse; ]
I0907 18:36:18.897476  2888 processor.cc:662] No data in processing queue, waiting...
I0907 18:36:19.100630  9176 processor.cc:842] Processor: complete processing batch 675e1af2-71ca-414a-be34-ca3fde15a426 into model nwt
I0907 18:36:19.108638  9176 cuckoo_watch.h:44] 488ms in ProcessBatch(D:\Coursera\Notebooks\homeworks\MyHW\3-4\lectures_batches\aaaaab.batch) [including 45ms in LoadMessage; 51ms in InitializeSparseNdw; 382ms in InferThetaAndUpdateNwtSparse; ]
I0907 18:36:19.110657 10364 master_component.cc:980] RegularizeModelArgs: rwt_target_name=rwt, pwt_source_name=pwt, nwt_source_name=nwt
I0907 18:36:19.110657 10364 master_component.cc:590] MasterComponent: start regularizing model pwt
I0907 18:36:19.128648  9176 processor.cc:662] No data in processing queue, waiting...
I0907 18:36:19.257246 10364 master_component.cc:613] MasterComponent: complete regularizing model pwt
I0907 18:36:19.257246 10364 master_component.cc:991] NormalizeModelArgs: pwt_target_name=pwt, nwt_source_name=nwt, rwt_source_name=rwt
I0907 18:36:19.257246 10364 master_component.cc:617] MasterComponent: start normalizing model nwt
I0907 18:36:19.371835 10364 master_component.cc:639] MasterComponent: complete normalizing model nwt
I0907 18:36:19.951277 10364 master_component.cc:1015] DisposeModel rwt
I0907 18:36:19.959785 10364 c_interface.cc:332] Pass FitOfflineMasterModelArgs, batch_filename_size=2, batch_weight_size=2, num_collection_passes=1 to void (__thiscall artm::core::MasterComponent::*)(class artm::FitOfflineMasterModelArgs const &)
I0907 18:36:19.959785 10364 master_component.cc:942] ProcessBatchesArgs: nwt_target_name=nwt, batch_filename_size=2, batch_size=0, batch_weight_size=2, pwt_source_name=pwt, num_document_passes=1, regularizer=(name:SparsePhi, tau:100000), class=(text:1), class=(author:1), reuse_theta=yes, opt_for_avx=yes, predict_class_id=
I0907 18:36:20.009323  2888 processor.cc:669] Processing queue has data, processing started
I0907 18:36:20.009323  1084 processor.cc:669] Processing queue has data, processing started
I0907 18:36:20.035341  1084 processor.cc:746] Processor: start processing batch 071eb526-432a-47c3-b517-aa155b5c3cdb into model nwt
I0907 18:36:20.054353  2888 processor.cc:746] Processor: start processing batch 675e1af2-71ca-414a-be34-ca3fde15a426 into model nwt
I0907 18:36:20.307540  1084 processor.cc:842] Processor: complete processing batch 071eb526-432a-47c3-b517-aa155b5c3cdb into model nwt
I0907 18:36:20.312544  1084 cuckoo_watch.h:44] 303ms in ProcessBatch(D:\Coursera\Notebooks\homeworks\MyHW\3-4\lectures_batches\aaaaaa.batch) [including 25ms in LoadMessage; 29ms in InitializeSparseNdw; 242ms in InferThetaAndUpdateNwtSparse; ]
I0907 18:36:20.334558  1084 processor.cc:662] No data in processing queue, waiting...
I0907 18:36:20.566767  2888 processor.cc:842] Processor: complete processing batch 675e1af2-71ca-414a-be34-ca3fde15a426 into model nwt
I0907 18:36:20.575773  2888 cuckoo_watch.h:44] 566ms in ProcessBatch(D:\Coursera\Notebooks\homeworks\MyHW\3-4\lectures_batches\aaaaab.batch) [including 43ms in LoadMessage; 58ms in InitializeSparseNdw; 453ms in InferThetaAndUpdateNwtSparse; ]
I0907 18:36:20.577775 10364 master_component.cc:980] RegularizeModelArgs: rwt_target_name=rwt, pwt_source_name=pwt, nwt_source_name=nwt
I0907 18:36:20.577775 10364 master_component.cc:590] MasterComponent: start regularizing model pwt
I0907 18:36:20.598788  2888 processor.cc:662] No data in processing queue, waiting...
I0907 18:36:20.713874 10364 master_component.cc:613] MasterComponent: complete regularizing model pwt
I0907 18:36:20.713874 10364 master_component.cc:991] NormalizeModelArgs: pwt_target_name=pwt, nwt_source_name=nwt, rwt_source_name=rwt
I0907 18:36:20.713874 10364 master_component.cc:617] MasterComponent: start normalizing model nwt
I0907 18:36:20.842969 10364 master_component.cc:639] MasterComponent: complete normalizing model nwt
I0907 18:36:21.299329 10364 master_component.cc:1015] DisposeModel rwt
I0907 18:36:21.307333 10364 c_interface.cc:332] Pass FitOfflineMasterModelArgs, batch_filename_size=2, batch_weight_size=2, num_collection_passes=1 to void (__thiscall artm::core::MasterComponent::*)(class artm::FitOfflineMasterModelArgs const &)
I0907 18:36:21.307333 10364 master_component.cc:942] ProcessBatchesArgs: nwt_target_name=nwt, batch_filename_size=2, batch_size=0, batch_weight_size=2, pwt_source_name=pwt, num_document_passes=1, regularizer=(name:SparsePhi, tau:100000), class=(text:1), class=(author:1), reuse_theta=yes, opt_for_avx=yes, predict_class_id=
I0907 18:36:21.366111  4672 processor.cc:669] Processing queue has data, processing started
I0907 18:36:21.366111  9176 processor.cc:669] Processing queue has data, processing started
I0907 18:36:21.396129  4672 processor.cc:746] Processor: start processing batch 071eb526-432a-47c3-b517-aa155b5c3cdb into model nwt
I0907 18:36:21.422147  9176 processor.cc:746] Processor: start processing batch 675e1af2-71ca-414a-be34-ca3fde15a426 into model nwt
I0907 18:36:21.707868  4672 processor.cc:842] Processor: complete processing batch 071eb526-432a-47c3-b517-aa155b5c3cdb into model nwt
I0907 18:36:21.711870  4672 cuckoo_watch.h:44] 345ms in ProcessBatch(D:\Coursera\Notebooks\homeworks\MyHW\3-4\lectures_batches\aaaaaa.batch) [including 28ms in LoadMessage; 32ms in InitializeSparseNdw; 278ms in InferThetaAndUpdateNwtSparse; ]
I0907 18:36:21.736888  4672 processor.cc:662] No data in processing queue, waiting...
I0907 18:36:21.953058  9176 processor.cc:842] Processor: complete processing batch 675e1af2-71ca-414a-be34-ca3fde15a426 into model nwt
I0907 18:36:21.962062  9176 cuckoo_watch.h:44] 595ms in ProcessBatch(D:\Coursera\Notebooks\homeworks\MyHW\3-4\lectures_batches\aaaaab.batch) [including 54ms in LoadMessage; 71ms in InitializeSparseNdw; 459ms in InferThetaAndUpdateNwtSparse; ]
I0907 18:36:21.963564 10364 master_component.cc:980] RegularizeModelArgs: rwt_target_name=rwt, pwt_source_name=pwt, nwt_source_name=nwt
I0907 18:36:21.963564 10364 master_component.cc:590] MasterComponent: start regularizing model pwt
I0907 18:36:21.983079  9176 processor.cc:662] No data in processing queue, waiting...
I0907 18:36:22.084151 10364 master_component.cc:613] MasterComponent: complete regularizing model pwt
I0907 18:36:22.084151 10364 master_component.cc:991] NormalizeModelArgs: pwt_target_name=pwt, nwt_source_name=nwt, rwt_source_name=rwt
I0907 18:36:22.084151 10364 master_component.cc:617] MasterComponent: start normalizing model nwt
I0907 18:36:22.177006 10364 master_component.cc:639] MasterComponent: complete normalizing model nwt
I0907 18:36:22.617321 10364 master_component.cc:1015] DisposeModel rwt
I0907 18:36:22.626328 10364 c_interface.cc:332] Pass FitOfflineMasterModelArgs, batch_filename_size=2, batch_weight_size=2, num_collection_passes=1 to void (__thiscall artm::core::MasterComponent::*)(class artm::FitOfflineMasterModelArgs const &)
I0907 18:36:22.626328 10364 master_component.cc:942] ProcessBatchesArgs: nwt_target_name=nwt, batch_filename_size=2, batch_size=0, batch_weight_size=2, pwt_source_name=pwt, num_document_passes=1, regularizer=(name:SparsePhi, tau:100000), class=(text:1), class=(author:1), reuse_theta=yes, opt_for_avx=yes, predict_class_id=
I0907 18:36:22.676370  4672 processor.cc:669] Processing queue has data, processing started
I0907 18:36:22.676370  2888 processor.cc:669] Processing queue has data, processing started
I0907 18:36:22.699384  4672 processor.cc:746] Processor: start processing batch 071eb526-432a-47c3-b517-aa155b5c3cdb into model nwt
I0907 18:36:22.719398  2888 processor.cc:746] Processor: start processing batch 675e1af2-71ca-414a-be34-ca3fde15a426 into model nwt
I0907 18:36:22.912544  4672 processor.cc:842] Processor: complete processing batch 071eb526-432a-47c3-b517-aa155b5c3cdb into model nwt
I0907 18:36:22.916546  4672 cuckoo_watch.h:44] 240ms in ProcessBatch(D:\Coursera\Notebooks\homeworks\MyHW\3-4\lectures_batches\aaaaaa.batch) [including 22ms in LoadMessage; 26ms in InitializeSparseNdw; 186ms in InferThetaAndUpdateNwtSparse; ]
I0907 18:36:22.935559  4672 processor.cc:662] No data in processing queue, waiting...
I0907 18:36:23.208767  2888 processor.cc:842] Processor: complete processing batch 675e1af2-71ca-414a-be34-ca3fde15a426 into model nwt
I0907 18:36:23.227782  2888 cuckoo_watch.h:44] 551ms in ProcessBatch(D:\Coursera\Notebooks\homeworks\MyHW\3-4\lectures_batches\aaaaab.batch) [including 41ms in LoadMessage; 48ms in InitializeSparseNdw; 440ms in InferThetaAndUpdateNwtSparse; ]
I0907 18:36:23.229790 10364 master_component.cc:980] RegularizeModelArgs: rwt_target_name=rwt, pwt_source_name=pwt, nwt_source_name=nwt
I0907 18:36:23.229790 10364 master_component.cc:590] MasterComponent: start regularizing model pwt
I0907 18:36:23.249794  2888 processor.cc:662] No data in processing queue, waiting...
I0907 18:36:23.377895 10364 master_component.cc:613] MasterComponent: complete regularizing model pwt
I0907 18:36:23.377895 10364 master_component.cc:991] NormalizeModelArgs: pwt_target_name=pwt, nwt_source_name=nwt, rwt_source_name=rwt
I0907 18:36:23.377895 10364 master_component.cc:617] MasterComponent: start normalizing model nwt
I0907 18:36:23.462955 10364 master_component.cc:639] MasterComponent: complete normalizing model nwt
I0907 18:36:23.905285 10364 master_component.cc:1015] DisposeModel rwt
I0907 18:36:23.914294 10364 c_interface.cc:332] Pass FitOfflineMasterModelArgs, batch_filename_size=2, batch_weight_size=2, num_collection_passes=1 to void (__thiscall artm::core::MasterComponent::*)(class artm::FitOfflineMasterModelArgs const &)
I0907 18:36:23.914294 10364 master_component.cc:942] ProcessBatchesArgs: nwt_target_name=nwt, batch_filename_size=2, batch_size=0, batch_weight_size=2, pwt_source_name=pwt, num_document_passes=1, regularizer=(name:SparsePhi, tau:100000), class=(text:1), class=(author:1), reuse_theta=yes, opt_for_avx=yes, predict_class_id=
I0907 18:36:23.965332  2888 processor.cc:669] Processing queue has data, processing started
I0907 18:36:23.965332  9176 processor.cc:669] Processing queue has data, processing started
I0907 18:36:23.993355  2888 processor.cc:746] Processor: start processing batch 071eb526-432a-47c3-b517-aa155b5c3cdb into model nwt
I0907 18:36:24.008368  9176 processor.cc:746] Processor: start processing batch 675e1af2-71ca-414a-be34-ca3fde15a426 into model nwt
I0907 18:36:24.211521  2888 processor.cc:842] Processor: complete processing batch 071eb526-432a-47c3-b517-aa155b5c3cdb into model nwt
I0907 18:36:24.215523  2888 cuckoo_watch.h:44] 250ms in ProcessBatch(D:\Coursera\Notebooks\homeworks\MyHW\3-4\lectures_batches\aaaaaa.batch) [including 26ms in LoadMessage; 20ms in InitializeSparseNdw; 197ms in InferThetaAndUpdateNwtSparse; ]
I0907 18:36:24.242542  2888 processor.cc:662] No data in processing queue, waiting...
I0907 18:36:24.456209  9176 processor.cc:842] Processor: complete processing batch 675e1af2-71ca-414a-be34-ca3fde15a426 into model nwt
I0907 18:36:24.473728  9176 cuckoo_watch.h:44] 508ms in ProcessBatch(D:\Coursera\Notebooks\homeworks\MyHW\3-4\lectures_batches\aaaaab.batch) [including 41ms in LoadMessage; 50ms in InitializeSparseNdw; 397ms in InferThetaAndUpdateNwtSparse; ]
I0907 18:36:24.475729 10364 master_component.cc:980] RegularizeModelArgs: rwt_target_name=rwt, pwt_source_name=pwt, nwt_source_name=nwt
I0907 18:36:24.475729 10364 master_component.cc:590] MasterComponent: start regularizing model pwt
I0907 18:36:24.498742  9176 processor.cc:662] No data in processing queue, waiting...
I0907 18:36:24.665881 10364 master_component.cc:613] MasterComponent: complete regularizing model pwt
I0907 18:36:24.665881 10364 master_component.cc:991] NormalizeModelArgs: pwt_target_name=pwt, nwt_source_name=nwt, rwt_source_name=rwt
I0907 18:36:24.665881 10364 master_component.cc:617] MasterComponent: start normalizing model nwt
I0907 18:36:24.784981 10364 master_component.cc:639] MasterComponent: complete normalizing model nwt
I0907 18:36:25.229301 10364 master_component.cc:1015] DisposeModel rwt
I0907 18:36:25.240309 10364 c_interface.cc:332] Pass FitOfflineMasterModelArgs, batch_filename_size=2, batch_weight_size=2, num_collection_passes=1 to void (__thiscall artm::core::MasterComponent::*)(class artm::FitOfflineMasterModelArgs const &)
I0907 18:36:25.240309 10364 master_component.cc:942] ProcessBatchesArgs: nwt_target_name=nwt, batch_filename_size=2, batch_size=0, batch_weight_size=2, pwt_source_name=pwt, num_document_passes=1, regularizer=(name:SparsePhi, tau:100000), class=(text:1), class=(author:1), reuse_theta=yes, opt_for_avx=yes, predict_class_id=
I0907 18:36:25.291352  9176 processor.cc:669] Processing queue has data, processing started
I0907 18:36:25.293351  1084 processor.cc:669] Processing queue has data, processing started
I0907 18:36:25.317368  9176 processor.cc:746] Processor: start processing batch 071eb526-432a-47c3-b517-aa155b5c3cdb into model nwt
I0907 18:36:25.342386  1084 processor.cc:746] Processor: start processing batch 675e1af2-71ca-414a-be34-ca3fde15a426 into model nwt
I0907 18:36:25.604589  9176 processor.cc:842] Processor: complete processing batch 071eb526-432a-47c3-b517-aa155b5c3cdb into model nwt
I0907 18:36:25.615598  9176 cuckoo_watch.h:44] 324ms in ProcessBatch(D:\Coursera\Notebooks\homeworks\MyHW\3-4\lectures_batches\aaaaaa.batch) [including 25ms in LoadMessage; 29ms in InitializeSparseNdw; 257ms in InferThetaAndUpdateNwtSparse; ]
I0907 18:36:25.638612  9176 processor.cc:662] No data in processing queue, waiting...
I0907 18:36:25.899828  1084 processor.cc:842] Processor: complete processing batch 675e1af2-71ca-414a-be34-ca3fde15a426 into model nwt
I0907 18:36:25.912838  1084 cuckoo_watch.h:44] 619ms in ProcessBatch(D:\Coursera\Notebooks\homeworks\MyHW\3-4\lectures_batches\aaaaab.batch) [including 47ms in LoadMessage; 50ms in InitializeSparseNdw; 506ms in InferThetaAndUpdateNwtSparse; ]
I0907 18:36:25.914840 10364 master_component.cc:980] RegularizeModelArgs: rwt_target_name=rwt, pwt_source_name=pwt, nwt_source_name=nwt
I0907 18:36:25.914840 10364 master_component.cc:590] MasterComponent: start regularizing model pwt
I0907 18:36:25.935853  1084 processor.cc:662] No data in processing queue, waiting...
I0907 18:36:26.065455 10364 master_component.cc:613] MasterComponent: complete regularizing model pwt
I0907 18:36:26.065455 10364 master_component.cc:991] NormalizeModelArgs: pwt_target_name=pwt, nwt_source_name=nwt, rwt_source_name=rwt
I0907 18:36:26.065954 10364 master_component.cc:617] MasterComponent: start normalizing model nwt
I0907 18:36:26.147009 10364 master_component.cc:639] MasterComponent: complete normalizing model nwt
I0907 18:36:26.580338 10364 master_component.cc:1015] DisposeModel rwt
I0907 18:36:26.589341 10364 c_interface.cc:332] Pass FitOfflineMasterModelArgs, batch_filename_size=2, batch_weight_size=2, num_collection_passes=1 to void (__thiscall artm::core::MasterComponent::*)(class artm::FitOfflineMasterModelArgs const &)
I0907 18:36:26.589341 10364 master_component.cc:942] ProcessBatchesArgs: nwt_target_name=nwt, batch_filename_size=2, batch_size=0, batch_weight_size=2, pwt_source_name=pwt, num_document_passes=1, regularizer=(name:SparsePhi, tau:100000), class=(text:1), class=(author:1), reuse_theta=yes, opt_for_avx=yes, predict_class_id=
I0907 18:36:26.640377  1084 processor.cc:669] Processing queue has data, processing started
I0907 18:36:26.641378  2888 processor.cc:669] Processing queue has data, processing started
I0907 18:36:26.662397  1084 processor.cc:746] Processor: start processing batch 071eb526-432a-47c3-b517-aa155b5c3cdb into model nwt
I0907 18:36:26.684415  2888 processor.cc:746] Processor: start processing batch 675e1af2-71ca-414a-be34-ca3fde15a426 into model nwt
I0907 18:36:26.899575  1084 processor.cc:842] Processor: complete processing batch 071eb526-432a-47c3-b517-aa155b5c3cdb into model nwt
I0907 18:36:26.903578  1084 cuckoo_watch.h:44] 263ms in ProcessBatch(D:\Coursera\Notebooks\homeworks\MyHW\3-4\lectures_batches\aaaaaa.batch) [including 20ms in LoadMessage; 27ms in InitializeSparseNdw; 209ms in InferThetaAndUpdateNwtSparse; ]
I0907 18:36:26.922590  1084 processor.cc:662] No data in processing queue, waiting...
I0907 18:36:27.133752  2888 processor.cc:842] Processor: complete processing batch 675e1af2-71ca-414a-be34-ca3fde15a426 into model nwt
I0907 18:36:27.141758  2888 cuckoo_watch.h:44] 500ms in ProcessBatch(D:\Coursera\Notebooks\homeworks\MyHW\3-4\lectures_batches\aaaaab.batch) [including 41ms in LoadMessage; 53ms in InitializeSparseNdw; 395ms in InferThetaAndUpdateNwtSparse; ]
I0907 18:36:27.142782 10364 master_component.cc:980] RegularizeModelArgs: rwt_target_name=rwt, pwt_source_name=pwt, nwt_source_name=nwt
I0907 18:36:27.142782 10364 master_component.cc:590] MasterComponent: start regularizing model pwt
I0907 18:36:27.161774  2888 processor.cc:662] No data in processing queue, waiting...
I0907 18:36:27.276863 10364 master_component.cc:613] MasterComponent: complete regularizing model pwt
I0907 18:36:27.276863 10364 master_component.cc:991] NormalizeModelArgs: pwt_target_name=pwt, nwt_source_name=nwt, rwt_source_name=rwt
I0907 18:36:27.276863 10364 master_component.cc:617] MasterComponent: start normalizing model nwt
I0907 18:36:27.362424 10364 master_component.cc:639] MasterComponent: complete normalizing model nwt
I0907 18:36:27.800243 10364 master_component.cc:1015] DisposeModel rwt
I0907 18:36:27.810250 10364 c_interface.cc:332] Pass FitOfflineMasterModelArgs, batch_filename_size=2, batch_weight_size=2, num_collection_passes=1 to void (__thiscall artm::core::MasterComponent::*)(class artm::FitOfflineMasterModelArgs const &)
I0907 18:36:27.810250 10364 master_component.cc:942] ProcessBatchesArgs: nwt_target_name=nwt, batch_filename_size=2, batch_size=0, batch_weight_size=2, pwt_source_name=pwt, num_document_passes=1, regularizer=(name:SparsePhi, tau:100000), class=(text:1), class=(author:1), reuse_theta=yes, opt_for_avx=yes, predict_class_id=
I0907 18:36:27.860786  4672 processor.cc:669] Processing queue has data, processing started
I0907 18:36:27.861789  9176 processor.cc:669] Processing queue has data, processing started
I0907 18:36:27.883309  4672 processor.cc:746] Processor: start processing batch 071eb526-432a-47c3-b517-aa155b5c3cdb into model nwt
I0907 18:36:27.901319  9176 processor.cc:746] Processor: start processing batch 675e1af2-71ca-414a-be34-ca3fde15a426 into model nwt
I0907 18:36:28.102465  4672 processor.cc:842] Processor: complete processing batch 071eb526-432a-47c3-b517-aa155b5c3cdb into model nwt
I0907 18:36:28.106467  4672 cuckoo_watch.h:44] 245ms in ProcessBatch(D:\Coursera\Notebooks\homeworks\MyHW\3-4\lectures_batches\aaaaaa.batch) [including 20ms in LoadMessage; 22ms in InitializeSparseNdw; 197ms in InferThetaAndUpdateNwtSparse; ]
I0907 18:36:28.125480  4672 processor.cc:662] No data in processing queue, waiting...
I0907 18:36:28.332633  9176 processor.cc:842] Processor: complete processing batch 675e1af2-71ca-414a-be34-ca3fde15a426 into model nwt
I0907 18:36:28.340639  9176 cuckoo_watch.h:44] 478ms in ProcessBatch(D:\Coursera\Notebooks\homeworks\MyHW\3-4\lectures_batches\aaaaab.batch) [including 37ms in LoadMessage; 50ms in InitializeSparseNdw; 380ms in InferThetaAndUpdateNwtSparse; ]
I0907 18:36:28.341665 10364 master_component.cc:980] RegularizeModelArgs: rwt_target_name=rwt, pwt_source_name=pwt, nwt_source_name=nwt
I0907 18:36:28.341665 10364 master_component.cc:590] MasterComponent: start regularizing model pwt
I0907 18:36:28.360661  9176 processor.cc:662] No data in processing queue, waiting...
I0907 18:36:28.462239 10364 master_component.cc:613] MasterComponent: complete regularizing model pwt
I0907 18:36:28.462239 10364 master_component.cc:991] NormalizeModelArgs: pwt_target_name=pwt, nwt_source_name=nwt, rwt_source_name=rwt
I0907 18:36:28.462239 10364 master_component.cc:617] MasterComponent: start normalizing model nwt
I0907 18:36:28.548799 10364 master_component.cc:639] MasterComponent: complete normalizing model nwt
I0907 18:36:28.983274 10364 master_component.cc:1015] DisposeModel rwt
I0907 18:36:28.991278 10364 c_interface.cc:332] Pass FitOfflineMasterModelArgs, batch_filename_size=2, batch_weight_size=2, num_collection_passes=1 to void (__thiscall artm::core::MasterComponent::*)(class artm::FitOfflineMasterModelArgs const &)
I0907 18:36:28.991278 10364 master_component.cc:942] ProcessBatchesArgs: nwt_target_name=nwt, batch_filename_size=2, batch_size=0, batch_weight_size=2, pwt_source_name=pwt, num_document_passes=1, regularizer=(name:SparsePhi, tau:100000), class=(text:1), class=(author:1), reuse_theta=yes, opt_for_avx=yes, predict_class_id=
I0907 18:36:29.043314  2888 processor.cc:669] Processing queue has data, processing started
I0907 18:36:29.043314  9176 processor.cc:669] Processing queue has data, processing started
I0907 18:36:29.066334  9176 processor.cc:746] Processor: start processing batch 071eb526-432a-47c3-b517-aa155b5c3cdb into model nwt
I0907 18:36:29.083349  2888 processor.cc:746] Processor: start processing batch 675e1af2-71ca-414a-be34-ca3fde15a426 into model nwt
I0907 18:36:29.295500  9176 processor.cc:842] Processor: complete processing batch 071eb526-432a-47c3-b517-aa155b5c3cdb into model nwt
I0907 18:36:29.299504  9176 cuckoo_watch.h:44] 256ms in ProcessBatch(D:\Coursera\Notebooks\homeworks\MyHW\3-4\lectures_batches\aaaaaa.batch) [including 20ms in LoadMessage; 21ms in InitializeSparseNdw; 207ms in InferThetaAndUpdateNwtSparse; ]
I0907 18:36:29.318516  9176 processor.cc:662] No data in processing queue, waiting...
I0907 18:36:29.588744  2888 processor.cc:842] Processor: complete processing batch 675e1af2-71ca-414a-be34-ca3fde15a426 into model nwt
I0907 18:36:29.601757  2888 cuckoo_watch.h:44] 557ms in ProcessBatch(D:\Coursera\Notebooks\homeworks\MyHW\3-4\lectures_batches\aaaaab.batch) [including 38ms in LoadMessage; 49ms in InitializeSparseNdw; 456ms in InferThetaAndUpdateNwtSparse; ]
I0907 18:36:29.601757 10364 master_component.cc:980] RegularizeModelArgs: rwt_target_name=rwt, pwt_source_name=pwt, nwt_source_name=nwt
I0907 18:36:29.601757 10364 master_component.cc:590] MasterComponent: start regularizing model pwt
I0907 18:36:29.623766  2888 processor.cc:662] No data in processing queue, waiting...
I0907 18:36:29.759376 10364 master_component.cc:613] MasterComponent: complete regularizing model pwt
I0907 18:36:29.759376 10364 master_component.cc:991] NormalizeModelArgs: pwt_target_name=pwt, nwt_source_name=nwt, rwt_source_name=rwt
I0907 18:36:29.759376 10364 master_component.cc:617] MasterComponent: start normalizing model nwt
I0907 18:36:29.848938 10364 master_component.cc:639] MasterComponent: complete normalizing model nwt
I0907 18:36:30.284256 10364 master_component.cc:1015] DisposeModel rwt
I0907 18:36:30.294265 10364 c_interface.cc:332] Pass FitOfflineMasterModelArgs, batch_filename_size=2, batch_weight_size=2, num_collection_passes=1 to void (__thiscall artm::core::MasterComponent::*)(class artm::FitOfflineMasterModelArgs const &)
I0907 18:36:30.294265 10364 master_component.cc:942] ProcessBatchesArgs: nwt_target_name=nwt, batch_filename_size=2, batch_size=0, batch_weight_size=2, pwt_source_name=pwt, num_document_passes=1, regularizer=(name:SparsePhi, tau:100000), class=(text:1), class=(author:1), reuse_theta=yes, opt_for_avx=yes, predict_class_id=
I0907 18:36:30.345302  4672 processor.cc:669] Processing queue has data, processing started
I0907 18:36:30.345302  9176 processor.cc:669] Processing queue has data, processing started
I0907 18:36:30.365818  4672 processor.cc:746] Processor: start processing batch 071eb526-432a-47c3-b517-aa155b5c3cdb into model nwt
I0907 18:36:30.380331  9176 processor.cc:746] Processor: start processing batch 675e1af2-71ca-414a-be34-ca3fde15a426 into model nwt
I0907 18:36:30.590479  4672 processor.cc:842] Processor: complete processing batch 071eb526-432a-47c3-b517-aa155b5c3cdb into model nwt
I0907 18:36:30.593482  4672 cuckoo_watch.h:44] 248ms in ProcessBatch(D:\Coursera\Notebooks\homeworks\MyHW\3-4\lectures_batches\aaaaaa.batch) [including 19ms in LoadMessage; 21ms in InitializeSparseNdw; 202ms in InferThetaAndUpdateNwtSparse; ]
I0907 18:36:30.612493  4672 processor.cc:662] No data in processing queue, waiting...
I0907 18:36:30.819645  9176 processor.cc:842] Processor: complete processing batch 675e1af2-71ca-414a-be34-ca3fde15a426 into model nwt
I0907 18:36:30.827651  9176 cuckoo_watch.h:44] 482ms in ProcessBatch(D:\Coursera\Notebooks\homeworks\MyHW\3-4\lectures_batches\aaaaab.batch) [including 33ms in LoadMessage; 57ms in InitializeSparseNdw; 381ms in InferThetaAndUpdateNwtSparse; ]
I0907 18:36:30.829654 10364 master_component.cc:980] RegularizeModelArgs: rwt_target_name=rwt, pwt_source_name=pwt, nwt_source_name=nwt
I0907 18:36:30.829654 10364 master_component.cc:590] MasterComponent: start regularizing model pwt
I0907 18:36:30.847664  9176 processor.cc:662] No data in processing queue, waiting...
I0907 18:36:30.951738 10364 master_component.cc:613] MasterComponent: complete regularizing model pwt
I0907 18:36:30.951738 10364 master_component.cc:991] NormalizeModelArgs: pwt_target_name=pwt, nwt_source_name=nwt, rwt_source_name=rwt
I0907 18:36:30.951738 10364 master_component.cc:617] MasterComponent: start normalizing model nwt
I0907 18:36:31.042807 10364 master_component.cc:639] MasterComponent: complete normalizing model nwt
I0907 18:36:31.476125 10364 master_component.cc:1015] DisposeModel rwt
I0907 18:36:31.484131 10364 c_interface.cc:332] Pass FitOfflineMasterModelArgs, batch_filename_size=2, batch_weight_size=2, num_collection_passes=1 to void (__thiscall artm::core::MasterComponent::*)(class artm::FitOfflineMasterModelArgs const &)
I0907 18:36:31.484131 10364 master_component.cc:942] ProcessBatchesArgs: nwt_target_name=nwt, batch_filename_size=2, batch_size=0, batch_weight_size=2, pwt_source_name=pwt, num_document_passes=1, regularizer=(name:SparsePhi, tau:100000), class=(text:1), class=(author:1), reuse_theta=yes, opt_for_avx=yes, predict_class_id=
I0907 18:36:31.534168  2888 processor.cc:669] Processing queue has data, processing started
I0907 18:36:31.534168  9176 processor.cc:669] Processing queue has data, processing started
I0907 18:36:31.558183  9176 processor.cc:746] Processor: start processing batch 071eb526-432a-47c3-b517-aa155b5c3cdb into model nwt
I0907 18:36:31.573194  2888 processor.cc:746] Processor: start processing batch 675e1af2-71ca-414a-be34-ca3fde15a426 into model nwt
I0907 18:36:31.776346  9176 processor.cc:842] Processor: complete processing batch 071eb526-432a-47c3-b517-aa155b5c3cdb into model nwt
I0907 18:36:31.781352  9176 cuckoo_watch.h:44] 247ms in ProcessBatch(D:\Coursera\Notebooks\homeworks\MyHW\3-4\lectures_batches\aaaaaa.batch) [including 22ms in LoadMessage; 23ms in InitializeSparseNdw; 193ms in InferThetaAndUpdateNwtSparse; ]
I0907 18:36:31.801362  9176 processor.cc:662] No data in processing queue, waiting...
I0907 18:36:32.000509  2888 processor.cc:842] Processor: complete processing batch 675e1af2-71ca-414a-be34-ca3fde15a426 into model nwt
I0907 18:36:32.007514  2888 cuckoo_watch.h:44] 473ms in ProcessBatch(D:\Coursera\Notebooks\homeworks\MyHW\3-4\lectures_batches\aaaaab.batch) [including 38ms in LoadMessage; 50ms in InitializeSparseNdw; 377ms in InferThetaAndUpdateNwtSparse; ]
I0907 18:36:32.008517 10364 master_component.cc:980] RegularizeModelArgs: rwt_target_name=rwt, pwt_source_name=pwt, nwt_source_name=nwt
I0907 18:36:32.008517 10364 master_component.cc:590] MasterComponent: start regularizing model pwt
I0907 18:36:32.028529  2888 processor.cc:662] No data in processing queue, waiting...
I0907 18:36:32.132607 10364 master_component.cc:613] MasterComponent: complete regularizing model pwt
I0907 18:36:32.132607 10364 master_component.cc:991] NormalizeModelArgs: pwt_target_name=pwt, nwt_source_name=nwt, rwt_source_name=rwt
I0907 18:36:32.132607 10364 master_component.cc:617] MasterComponent: start normalizing model nwt
I0907 18:36:32.229679 10364 master_component.cc:639] MasterComponent: complete normalizing model nwt
I0907 18:36:32.666003 10364 master_component.cc:1015] DisposeModel rwt
