I0906 19:44:21.911631  6308 processor.cc:669] Processing queue has data, processing started
I0906 19:44:21.911631 10016 processor.cc:669] Processing queue has data, processing started
I0906 19:44:21.933626 10016 processor.cc:746] Processor: start processing batch a7a16936-73e2-45c1-9427-e4bd061258f9 into model nwt
I0906 19:44:21.960647  6308 processor.cc:746] Processor: start processing batch 8efdc08c-fc1c-4505-a284-679e4c9958d7 into model nwt
I0906 19:44:22.170800 10016 processor.cc:842] Processor: complete processing batch a7a16936-73e2-45c1-9427-e4bd061258f9 into model nwt
I0906 19:44:22.174803 10016 cuckoo_watch.h:44] 263ms in ProcessBatch(D:\Coursera\Notebooks\homeworks\MyHW\3-4\lectures_batches\aaaaaa.batch) [including 20ms in LoadMessage; 28ms in InitializeSparseNdw; 208ms in InferThetaAndUpdateNwtSparse; ]
I0906 19:44:22.193815 10016 processor.cc:662] No data in processing queue, waiting...
I0906 19:44:22.407974  6308 processor.cc:842] Processor: complete processing batch 8efdc08c-fc1c-4505-a284-679e4c9958d7 into model nwt
I0906 19:44:22.414978  6308 cuckoo_watch.h:44] 503ms in ProcessBatch(D:\Coursera\Notebooks\homeworks\MyHW\3-4\lectures_batches\aaaaab.batch) [including 47ms in LoadMessage; 53ms in InitializeSparseNdw; 393ms in InferThetaAndUpdateNwtSparse; ]
I0906 19:44:22.416981 11624 master_component.cc:980] RegularizeModelArgs: rwt_target_name=rwt, pwt_source_name=pwt, nwt_source_name=nwt
I0906 19:44:22.416981 11624 master_component.cc:590] MasterComponent: start regularizing model pwt
I0906 19:44:22.435995  6308 processor.cc:662] No data in processing queue, waiting...
I0906 19:44:22.568094 11624 master_component.cc:613] MasterComponent: complete regularizing model pwt
I0906 19:44:22.568094 11624 master_component.cc:991] NormalizeModelArgs: pwt_target_name=pwt, nwt_source_name=nwt, rwt_source_name=rwt
I0906 19:44:22.568094 11624 master_component.cc:617] MasterComponent: start normalizing model nwt
I0906 19:44:22.655154 11624 master_component.cc:639] MasterComponent: complete normalizing model nwt
I0906 19:44:23.057447 11624 master_component.cc:1015] DisposeModel rwt
I0906 19:44:23.066454 11624 c_interface.cc:332] Pass FitOfflineMasterModelArgs, batch_filename_size=2, batch_weight_size=2, num_collection_passes=1 to void (__thiscall artm::core::MasterComponent::*)(class artm::FitOfflineMasterModelArgs const &)
I0906 19:44:23.066454 11624 master_component.cc:942] ProcessBatchesArgs: nwt_target_name=nwt, batch_filename_size=2, batch_size=0, batch_weight_size=2, pwt_source_name=pwt, num_document_passes=1, regularizer=(name:SparsePhi, tau:100000), regularizer=(name:NegSparsePhi, tau:-100000), class=(text:1), class=(author:1), reuse_theta=yes, opt_for_avx=yes, predict_class_id=
I0906 19:44:23.117491  5520 processor.cc:669] Processing queue has data, processing started
I0906 19:44:23.117491  9288 processor.cc:669] Processing queue has data, processing started
I0906 19:44:23.138510  5520 processor.cc:746] Processor: start processing batch a7a16936-73e2-45c1-9427-e4bd061258f9 into model nwt
I0906 19:44:23.158524  9288 processor.cc:746] Processor: start processing batch 8efdc08c-fc1c-4505-a284-679e4c9958d7 into model nwt
I0906 19:44:23.376683  5520 processor.cc:842] Processor: complete processing batch a7a16936-73e2-45c1-9427-e4bd061258f9 into model nwt
I0906 19:44:23.381686  5520 cuckoo_watch.h:44] 264ms in ProcessBatch(D:\Coursera\Notebooks\homeworks\MyHW\3-4\lectures_batches\aaaaaa.batch) [including 19ms in LoadMessage; 29ms in InitializeSparseNdw; 208ms in InferThetaAndUpdateNwtSparse; ]
I0906 19:44:23.400701  5520 processor.cc:662] No data in processing queue, waiting...
I0906 19:44:23.606858  9288 processor.cc:842] Processor: complete processing batch 8efdc08c-fc1c-4505-a284-679e4c9958d7 into model nwt
I0906 19:44:23.612861  9288 cuckoo_watch.h:44] 495ms in ProcessBatch(D:\Coursera\Notebooks\homeworks\MyHW\3-4\lectures_batches\aaaaab.batch) [including 38ms in LoadMessage; 53ms in InitializeSparseNdw; 395ms in InferThetaAndUpdateNwtSparse; ]
I0906 19:44:23.613864 11624 master_component.cc:980] RegularizeModelArgs: rwt_target_name=rwt, pwt_source_name=pwt, nwt_source_name=nwt
I0906 19:44:23.613864 11624 master_component.cc:590] MasterComponent: start regularizing model pwt
I0906 19:44:23.635380  9288 processor.cc:662] No data in processing queue, waiting...
I0906 19:44:23.763977 11624 master_component.cc:613] MasterComponent: complete regularizing model pwt
I0906 19:44:23.763977 11624 master_component.cc:991] NormalizeModelArgs: pwt_target_name=pwt, nwt_source_name=nwt, rwt_source_name=rwt
I0906 19:44:23.763977 11624 master_component.cc:617] MasterComponent: start normalizing model nwt
I0906 19:44:23.849040 11624 master_component.cc:639] MasterComponent: complete normalizing model nwt
I0906 19:44:24.250334 11624 master_component.cc:1015] DisposeModel rwt
I0906 19:44:24.260340 11624 c_interface.cc:332] Pass FitOfflineMasterModelArgs, batch_filename_size=2, batch_weight_size=2, num_collection_passes=1 to void (__thiscall artm::core::MasterComponent::*)(class artm::FitOfflineMasterModelArgs const &)
I0906 19:44:24.260340 11624 master_component.cc:942] ProcessBatchesArgs: nwt_target_name=nwt, batch_filename_size=2, batch_size=0, batch_weight_size=2, pwt_source_name=pwt, num_document_passes=1, regularizer=(name:SparsePhi, tau:100000), regularizer=(name:NegSparsePhi, tau:-100000), class=(text:1), class=(author:1), reuse_theta=yes, opt_for_avx=yes, predict_class_id=
I0906 19:44:24.311378  9288 processor.cc:669] Processing queue has data, processing started
I0906 19:44:24.311378 10016 processor.cc:669] Processing queue has data, processing started
I0906 19:44:24.333395  9288 processor.cc:746] Processor: start processing batch a7a16936-73e2-45c1-9427-e4bd061258f9 into model nwt
I0906 19:44:24.347409 10016 processor.cc:746] Processor: start processing batch 8efdc08c-fc1c-4505-a284-679e4c9958d7 into model nwt
I0906 19:44:24.562058  9288 processor.cc:842] Processor: complete processing batch a7a16936-73e2-45c1-9427-e4bd061258f9 into model nwt
I0906 19:44:24.567061  9288 cuckoo_watch.h:44] 254ms in ProcessBatch(D:\Coursera\Notebooks\homeworks\MyHW\3-4\lectures_batches\aaaaaa.batch) [including 19ms in LoadMessage; 20ms in InitializeSparseNdw; 206ms in InferThetaAndUpdateNwtSparse; ]
I0906 19:44:24.586575  9288 processor.cc:662] No data in processing queue, waiting...
I0906 19:44:24.791713 10016 processor.cc:842] Processor: complete processing batch 8efdc08c-fc1c-4505-a284-679e4c9958d7 into model nwt
I0906 19:44:24.796717 10016 cuckoo_watch.h:44] 484ms in ProcessBatch(D:\Coursera\Notebooks\homeworks\MyHW\3-4\lectures_batches\aaaaab.batch) [including 34ms in LoadMessage; 55ms in InitializeSparseNdw; 389ms in InferThetaAndUpdateNwtSparse; ]
I0906 19:44:24.797720 11624 master_component.cc:980] RegularizeModelArgs: rwt_target_name=rwt, pwt_source_name=pwt, nwt_source_name=nwt
I0906 19:44:24.797720 11624 master_component.cc:590] MasterComponent: start regularizing model pwt
I0906 19:44:24.817731 10016 processor.cc:662] No data in processing queue, waiting...
I0906 19:44:24.947824 11624 master_component.cc:613] MasterComponent: complete regularizing model pwt
I0906 19:44:24.947824 11624 master_component.cc:991] NormalizeModelArgs: pwt_target_name=pwt, nwt_source_name=nwt, rwt_source_name=rwt
I0906 19:44:24.947824 11624 master_component.cc:617] MasterComponent: start normalizing model nwt
I0906 19:44:25.031886 11624 master_component.cc:639] MasterComponent: complete normalizing model nwt
I0906 19:44:25.433184 11624 master_component.cc:1015] DisposeModel rwt
I0906 19:44:25.441189 11624 c_interface.cc:332] Pass FitOfflineMasterModelArgs, batch_filename_size=2, batch_weight_size=2, num_collection_passes=1 to void (__thiscall artm::core::MasterComponent::*)(class artm::FitOfflineMasterModelArgs const &)
I0906 19:44:25.441189 11624 master_component.cc:942] ProcessBatchesArgs: nwt_target_name=nwt, batch_filename_size=2, batch_size=0, batch_weight_size=2, pwt_source_name=pwt, num_document_passes=1, regularizer=(name:SparsePhi, tau:100000), regularizer=(name:NegSparsePhi, tau:-100000), class=(text:1), class=(author:1), reuse_theta=yes, opt_for_avx=yes, predict_class_id=
I0906 19:44:25.492228 10016 processor.cc:669] Processing queue has data, processing started
I0906 19:44:25.494230  9288 processor.cc:669] Processing queue has data, processing started
I0906 19:44:25.517246 10016 processor.cc:746] Processor: start processing batch a7a16936-73e2-45c1-9427-e4bd061258f9 into model nwt
I0906 19:44:25.535259  9288 processor.cc:746] Processor: start processing batch 8efdc08c-fc1c-4505-a284-679e4c9958d7 into model nwt
I0906 19:44:25.764427 10016 processor.cc:842] Processor: complete processing batch a7a16936-73e2-45c1-9427-e4bd061258f9 into model nwt
I0906 19:44:25.769434 10016 cuckoo_watch.h:44] 277ms in ProcessBatch(D:\Coursera\Notebooks\homeworks\MyHW\3-4\lectures_batches\aaaaaa.batch) [including 23ms in LoadMessage; 25ms in InitializeSparseNdw; 222ms in InferThetaAndUpdateNwtSparse; ]
I0906 19:44:25.788447 10016 processor.cc:662] No data in processing queue, waiting...
I0906 19:44:25.990604  9288 processor.cc:842] Processor: complete processing batch 8efdc08c-fc1c-4505-a284-679e4c9958d7 into model nwt
I0906 19:44:25.996608  9288 cuckoo_watch.h:44] 502ms in ProcessBatch(D:\Coursera\Notebooks\homeworks\MyHW\3-4\lectures_batches\aaaaab.batch) [including 40ms in LoadMessage; 51ms in InitializeSparseNdw; 403ms in InferThetaAndUpdateNwtSparse; ]
I0906 19:44:25.998611 11624 master_component.cc:980] RegularizeModelArgs: rwt_target_name=rwt, pwt_source_name=pwt, nwt_source_name=nwt
I0906 19:44:25.998611 11624 master_component.cc:590] MasterComponent: start regularizing model pwt
I0906 19:44:26.017622  9288 processor.cc:662] No data in processing queue, waiting...
I0906 19:44:26.152225 11624 master_component.cc:613] MasterComponent: complete regularizing model pwt
I0906 19:44:26.152225 11624 master_component.cc:991] NormalizeModelArgs: pwt_target_name=pwt, nwt_source_name=nwt, rwt_source_name=rwt
I0906 19:44:26.152225 11624 master_component.cc:617] MasterComponent: start normalizing model nwt
I0906 19:44:26.239785 11624 master_component.cc:639] MasterComponent: complete normalizing model nwt
I0906 19:44:26.661098 11624 master_component.cc:1015] DisposeModel rwt
I0906 19:44:26.669106 11624 c_interface.cc:332] Pass FitOfflineMasterModelArgs, batch_filename_size=2, batch_weight_size=2, num_collection_passes=1 to void (__thiscall artm::core::MasterComponent::*)(class artm::FitOfflineMasterModelArgs const &)
I0906 19:44:26.669106 11624 master_component.cc:942] ProcessBatchesArgs: nwt_target_name=nwt, batch_filename_size=2, batch_size=0, batch_weight_size=2, pwt_source_name=pwt, num_document_passes=1, regularizer=(name:SparsePhi, tau:100000), regularizer=(name:NegSparsePhi, tau:-100000), class=(text:1), class=(author:1), reuse_theta=yes, opt_for_avx=yes, predict_class_id=
I0906 19:44:26.719138  5520 processor.cc:669] Processing queue has data, processing started
I0906 19:44:26.721138  9288 processor.cc:669] Processing queue has data, processing started
I0906 19:44:26.742156  5520 processor.cc:746] Processor: start processing batch a7a16936-73e2-45c1-9427-e4bd061258f9 into model nwt
I0906 19:44:26.761673  9288 processor.cc:746] Processor: start processing batch 8efdc08c-fc1c-4505-a284-679e4c9958d7 into model nwt
I0906 19:44:27.000353  5520 processor.cc:842] Processor: complete processing batch a7a16936-73e2-45c1-9427-e4bd061258f9 into model nwt
I0906 19:44:27.005857  5520 cuckoo_watch.h:44] 286ms in ProcessBatch(D:\Coursera\Notebooks\homeworks\MyHW\3-4\lectures_batches\aaaaaa.batch) [including 22ms in LoadMessage; 24ms in InitializeSparseNdw; 232ms in InferThetaAndUpdateNwtSparse; ]
I0906 19:44:27.025373  5520 processor.cc:662] No data in processing queue, waiting...
I0906 19:44:27.233518  9288 processor.cc:842] Processor: complete processing batch 8efdc08c-fc1c-4505-a284-679e4c9958d7 into model nwt
I0906 19:44:27.239022  9288 cuckoo_watch.h:44] 517ms in ProcessBatch(D:\Coursera\Notebooks\homeworks\MyHW\3-4\lectures_batches\aaaaab.batch) [including 38ms in LoadMessage; 65ms in InitializeSparseNdw; 406ms in InferThetaAndUpdateNwtSparse; ]
I0906 19:44:27.239526 11624 master_component.cc:980] RegularizeModelArgs: rwt_target_name=rwt, pwt_source_name=pwt, nwt_source_name=nwt
I0906 19:44:27.239526 11624 master_component.cc:590] MasterComponent: start regularizing model pwt
I0906 19:44:27.259539  9288 processor.cc:662] No data in processing queue, waiting...
I0906 19:44:27.390631 11624 master_component.cc:613] MasterComponent: complete regularizing model pwt
I0906 19:44:27.390631 11624 master_component.cc:991] NormalizeModelArgs: pwt_target_name=pwt, nwt_source_name=nwt, rwt_source_name=rwt
I0906 19:44:27.390631 11624 master_component.cc:617] MasterComponent: start normalizing model nwt
I0906 19:44:27.478695 11624 master_component.cc:639] MasterComponent: complete normalizing model nwt
I0906 19:44:27.881979 11624 master_component.cc:1015] DisposeModel rwt
I0906 19:44:27.889483 11624 c_interface.cc:332] Pass FitOfflineMasterModelArgs, batch_filename_size=2, batch_weight_size=2, num_collection_passes=1 to void (__thiscall artm::core::MasterComponent::*)(class artm::FitOfflineMasterModelArgs const &)
I0906 19:44:27.889483 11624 master_component.cc:942] ProcessBatchesArgs: nwt_target_name=nwt, batch_filename_size=2, batch_size=0, batch_weight_size=2, pwt_source_name=pwt, num_document_passes=1, regularizer=(name:SparsePhi, tau:100000), regularizer=(name:NegSparsePhi, tau:-100000), class=(text:1), class=(author:1), reuse_theta=yes, opt_for_avx=yes, predict_class_id=
I0906 19:44:27.944519  5520 processor.cc:669] Processing queue has data, processing started
I0906 19:44:27.945521 10016 processor.cc:669] Processing queue has data, processing started
I0906 19:44:27.972538  5520 processor.cc:746] Processor: start processing batch a7a16936-73e2-45c1-9427-e4bd061258f9 into model nwt
I0906 19:44:27.992552 10016 processor.cc:746] Processor: start processing batch 8efdc08c-fc1c-4505-a284-679e4c9958d7 into model nwt
I0906 19:44:28.208695  5520 processor.cc:842] Processor: complete processing batch a7a16936-73e2-45c1-9427-e4bd061258f9 into model nwt
I0906 19:44:28.212697  5520 cuckoo_watch.h:44] 268ms in ProcessBatch(D:\Coursera\Notebooks\homeworks\MyHW\3-4\lectures_batches\aaaaaa.batch) [including 26ms in LoadMessage; 23ms in InitializeSparseNdw; 211ms in InferThetaAndUpdateNwtSparse; ]
I0906 19:44:28.231710  5520 processor.cc:662] No data in processing queue, waiting...
I0906 19:44:28.434347 10016 processor.cc:842] Processor: complete processing batch 8efdc08c-fc1c-4505-a284-679e4c9958d7 into model nwt
I0906 19:44:28.443356 10016 cuckoo_watch.h:44] 497ms in ProcessBatch(D:\Coursera\Notebooks\homeworks\MyHW\3-4\lectures_batches\aaaaab.batch) [including 45ms in LoadMessage; 45ms in InitializeSparseNdw; 395ms in InferThetaAndUpdateNwtSparse; ]
I0906 19:44:28.445376 11624 master_component.cc:980] RegularizeModelArgs: rwt_target_name=rwt, pwt_source_name=pwt, nwt_source_name=nwt
I0906 19:44:28.445376 11624 master_component.cc:590] MasterComponent: start regularizing model pwt
I0906 19:44:28.463368 10016 processor.cc:662] No data in processing queue, waiting...
I0906 19:44:28.601472 11624 master_component.cc:613] MasterComponent: complete regularizing model pwt
I0906 19:44:28.601472 11624 master_component.cc:991] NormalizeModelArgs: pwt_target_name=pwt, nwt_source_name=nwt, rwt_source_name=rwt
I0906 19:44:28.601472 11624 master_component.cc:617] MasterComponent: start normalizing model nwt
I0906 19:44:28.686533 11624 master_component.cc:639] MasterComponent: complete normalizing model nwt
I0906 19:44:29.084820 11624 master_component.cc:1015] DisposeModel rwt
I0906 19:44:29.092825 11624 c_interface.cc:332] Pass FitOfflineMasterModelArgs, batch_filename_size=2, batch_weight_size=2, num_collection_passes=1 to void (__thiscall artm::core::MasterComponent::*)(class artm::FitOfflineMasterModelArgs const &)
I0906 19:44:29.092825 11624 master_component.cc:942] ProcessBatchesArgs: nwt_target_name=nwt, batch_filename_size=2, batch_size=0, batch_weight_size=2, pwt_source_name=pwt, num_document_passes=1, regularizer=(name:SparsePhi, tau:100000), regularizer=(name:NegSparsePhi, tau:-100000), class=(text:1), class=(author:1), reuse_theta=yes, opt_for_avx=yes, predict_class_id=
I0906 19:44:29.141862  9288 processor.cc:669] Processing queue has data, processing started
I0906 19:44:29.143862 10016 processor.cc:669] Processing queue has data, processing started
I0906 19:44:29.164880  9288 processor.cc:746] Processor: start processing batch a7a16936-73e2-45c1-9427-e4bd061258f9 into model nwt
I0906 19:44:29.184397 10016 processor.cc:746] Processor: start processing batch 8efdc08c-fc1c-4505-a284-679e4c9958d7 into model nwt
I0906 19:44:29.384631  9288 processor.cc:842] Processor: complete processing batch a7a16936-73e2-45c1-9427-e4bd061258f9 into model nwt
I0906 19:44:29.388133  9288 cuckoo_watch.h:44] 246ms in ProcessBatch(D:\Coursera\Notebooks\homeworks\MyHW\3-4\lectures_batches\aaaaaa.batch) [including 21ms in LoadMessage; 20ms in InitializeSparseNdw; 198ms in InferThetaAndUpdateNwtSparse; ]
I0906 19:44:29.408151  9288 processor.cc:662] No data in processing queue, waiting...
I0906 19:44:29.612797 10016 processor.cc:842] Processor: complete processing batch 8efdc08c-fc1c-4505-a284-679e4c9958d7 into model nwt
I0906 19:44:29.618301 10016 cuckoo_watch.h:44] 474ms in ProcessBatch(D:\Coursera\Notebooks\homeworks\MyHW\3-4\lectures_batches\aaaaab.batch) [including 39ms in LoadMessage; 56ms in InitializeSparseNdw; 371ms in InferThetaAndUpdateNwtSparse; ]
I0906 19:44:29.619803 11624 master_component.cc:980] RegularizeModelArgs: rwt_target_name=rwt, pwt_source_name=pwt, nwt_source_name=nwt
I0906 19:44:29.619803 11624 master_component.cc:590] MasterComponent: start regularizing model pwt
I0906 19:44:29.638314 10016 processor.cc:662] No data in processing queue, waiting...
I0906 19:44:29.769901 11624 master_component.cc:613] MasterComponent: complete regularizing model pwt
I0906 19:44:29.769901 11624 master_component.cc:991] NormalizeModelArgs: pwt_target_name=pwt, nwt_source_name=nwt, rwt_source_name=rwt
I0906 19:44:29.769901 11624 master_component.cc:617] MasterComponent: start normalizing model nwt
I0906 19:44:29.854461 11624 master_component.cc:639] MasterComponent: complete normalizing model nwt
I0906 19:44:30.265743 11624 master_component.cc:1015] DisposeModel rwt
I0906 19:44:30.273749 11624 c_interface.cc:332] Pass FitOfflineMasterModelArgs, batch_filename_size=2, batch_weight_size=2, num_collection_passes=1 to void (__thiscall artm::core::MasterComponent::*)(class artm::FitOfflineMasterModelArgs const &)
I0906 19:44:30.273749 11624 master_component.cc:942] ProcessBatchesArgs: nwt_target_name=nwt, batch_filename_size=2, batch_size=0, batch_weight_size=2, pwt_source_name=pwt, num_document_passes=1, regularizer=(name:SparsePhi, tau:100000), regularizer=(name:NegSparsePhi, tau:-100000), class=(text:1), class=(author:1), reuse_theta=yes, opt_for_avx=yes, predict_class_id=
I0906 19:44:30.322782  9288 processor.cc:669] Processing queue has data, processing started
I0906 19:44:30.323782  6308 processor.cc:669] Processing queue has data, processing started
I0906 19:44:30.352303  9288 processor.cc:746] Processor: start processing batch a7a16936-73e2-45c1-9427-e4bd061258f9 into model nwt
I0906 19:44:30.366312  6308 processor.cc:746] Processor: start processing batch 8efdc08c-fc1c-4505-a284-679e4c9958d7 into model nwt
I0906 19:44:30.584955  9288 processor.cc:842] Processor: complete processing batch a7a16936-73e2-45c1-9427-e4bd061258f9 into model nwt
I0906 19:44:30.588958  9288 cuckoo_watch.h:44] 265ms in ProcessBatch(D:\Coursera\Notebooks\homeworks\MyHW\3-4\lectures_batches\aaaaaa.batch) [including 28ms in LoadMessage; 19ms in InitializeSparseNdw; 212ms in InferThetaAndUpdateNwtSparse; ]
I0906 19:44:30.608471  9288 processor.cc:662] No data in processing queue, waiting...
I0906 19:44:30.818114  6308 processor.cc:842] Processor: complete processing batch 8efdc08c-fc1c-4505-a284-679e4c9958d7 into model nwt
I0906 19:44:30.823117  6308 cuckoo_watch.h:44] 499ms in ProcessBatch(D:\Coursera\Notebooks\homeworks\MyHW\3-4\lectures_batches\aaaaab.batch) [including 41ms in LoadMessage; 50ms in InitializeSparseNdw; 400ms in InferThetaAndUpdateNwtSparse; ]
I0906 19:44:30.825119 11624 master_component.cc:980] RegularizeModelArgs: rwt_target_name=rwt, pwt_source_name=pwt, nwt_source_name=nwt
I0906 19:44:30.825119 11624 master_component.cc:590] MasterComponent: start regularizing model pwt
I0906 19:44:30.843130  6308 processor.cc:662] No data in processing queue, waiting...
I0906 19:44:30.975230 11624 master_component.cc:613] MasterComponent: complete regularizing model pwt
I0906 19:44:30.975230 11624 master_component.cc:991] NormalizeModelArgs: pwt_target_name=pwt, nwt_source_name=nwt, rwt_source_name=rwt
I0906 19:44:30.975230 11624 master_component.cc:617] MasterComponent: start normalizing model nwt
I0906 19:44:31.060290 11624 master_component.cc:639] MasterComponent: complete normalizing model nwt
I0906 19:44:31.458076 11624 master_component.cc:1015] DisposeModel rwt
I0906 19:44:31.465581 11624 c_interface.cc:332] Pass FitOfflineMasterModelArgs, batch_filename_size=2, batch_weight_size=2, num_collection_passes=1 to void (__thiscall artm::core::MasterComponent::*)(class artm::FitOfflineMasterModelArgs const &)
I0906 19:44:31.466083 11624 master_component.cc:942] ProcessBatchesArgs: nwt_target_name=nwt, batch_filename_size=2, batch_size=0, batch_weight_size=2, pwt_source_name=pwt, num_document_passes=1, regularizer=(name:SparsePhi, tau:100000), regularizer=(name:NegSparsePhi, tau:-100000), class=(text:1), class=(author:1), reuse_theta=yes, opt_for_avx=yes, predict_class_id=
I0906 19:44:31.515619  6308 processor.cc:669] Processing queue has data, processing started
I0906 19:44:31.515619 10016 processor.cc:669] Processing queue has data, processing started
I0906 19:44:31.535632  6308 processor.cc:746] Processor: start processing batch a7a16936-73e2-45c1-9427-e4bd061258f9 into model nwt
I0906 19:44:31.554647 10016 processor.cc:746] Processor: start processing batch 8efdc08c-fc1c-4505-a284-679e4c9958d7 into model nwt
I0906 19:44:31.754293  6308 processor.cc:842] Processor: complete processing batch a7a16936-73e2-45c1-9427-e4bd061258f9 into model nwt
I0906 19:44:31.757796  6308 cuckoo_watch.h:44] 242ms in ProcessBatch(D:\Coursera\Notebooks\homeworks\MyHW\3-4\lectures_batches\aaaaaa.batch) [including 18ms in LoadMessage; 24ms in InitializeSparseNdw; 193ms in InferThetaAndUpdateNwtSparse; ]
I0906 19:44:31.776811  6308 processor.cc:662] No data in processing queue, waiting...
I0906 19:44:31.982960 10016 processor.cc:842] Processor: complete processing batch 8efdc08c-fc1c-4505-a284-679e4c9958d7 into model nwt
I0906 19:44:31.987963 10016 cuckoo_watch.h:44] 472ms in ProcessBatch(D:\Coursera\Notebooks\homeworks\MyHW\3-4\lectures_batches\aaaaab.batch) [including 37ms in LoadMessage; 54ms in InitializeSparseNdw; 373ms in InferThetaAndUpdateNwtSparse; ]
I0906 19:44:31.989965 11624 master_component.cc:980] RegularizeModelArgs: rwt_target_name=rwt, pwt_source_name=pwt, nwt_source_name=nwt
I0906 19:44:31.989965 11624 master_component.cc:590] MasterComponent: start regularizing model pwt
I0906 19:44:32.006975 10016 processor.cc:662] No data in processing queue, waiting...
I0906 19:44:32.140071 11624 master_component.cc:613] MasterComponent: complete regularizing model pwt
I0906 19:44:32.140071 11624 master_component.cc:991] NormalizeModelArgs: pwt_target_name=pwt, nwt_source_name=nwt, rwt_source_name=rwt
I0906 19:44:32.140071 11624 master_component.cc:617] MasterComponent: start normalizing model nwt
I0906 19:44:32.224133 11624 master_component.cc:639] MasterComponent: complete normalizing model nwt
I0906 19:44:32.624425 11624 master_component.cc:1015] DisposeModel rwt
I0906 19:44:32.631429 11624 c_interface.cc:332] Pass FitOfflineMasterModelArgs, batch_filename_size=2, batch_weight_size=2, num_collection_passes=1 to void (__thiscall artm::core::MasterComponent::*)(class artm::FitOfflineMasterModelArgs const &)
I0906 19:44:32.631429 11624 master_component.cc:942] ProcessBatchesArgs: nwt_target_name=nwt, batch_filename_size=2, batch_size=0, batch_weight_size=2, pwt_source_name=pwt, num_document_passes=1, regularizer=(name:SparsePhi, tau:100000), regularizer=(name:NegSparsePhi, tau:-100000), class=(text:1), class=(author:1), reuse_theta=yes, opt_for_avx=yes, predict_class_id=
I0906 19:44:32.681471 10016 processor.cc:669] Processing queue has data, processing started
I0906 19:44:32.681471  6308 processor.cc:669] Processing queue has data, processing started
I0906 19:44:32.706486 10016 processor.cc:746] Processor: start processing batch a7a16936-73e2-45c1-9427-e4bd061258f9 into model nwt
I0906 19:44:32.719496  6308 processor.cc:746] Processor: start processing batch 8efdc08c-fc1c-4505-a284-679e4c9958d7 into model nwt
I0906 19:44:32.914639 10016 processor.cc:842] Processor: complete processing batch a7a16936-73e2-45c1-9427-e4bd061258f9 into model nwt
I0906 19:44:32.918642 10016 cuckoo_watch.h:44] 237ms in ProcessBatch(D:\Coursera\Notebooks\homeworks\MyHW\3-4\lectures_batches\aaaaaa.batch) [including 23ms in LoadMessage; 20ms in InitializeSparseNdw; 188ms in InferThetaAndUpdateNwtSparse; ]
I0906 19:44:32.937654 10016 processor.cc:662] No data in processing queue, waiting...
I0906 19:44:33.140802  6308 processor.cc:842] Processor: complete processing batch 8efdc08c-fc1c-4505-a284-679e4c9958d7 into model nwt
I0906 19:44:33.146806  6308 cuckoo_watch.h:44] 465ms in ProcessBatch(D:\Coursera\Notebooks\homeworks\MyHW\3-4\lectures_batches\aaaaab.batch) [including 36ms in LoadMessage; 48ms in InitializeSparseNdw; 372ms in InferThetaAndUpdateNwtSparse; ]
I0906 19:44:33.147807 11624 master_component.cc:980] RegularizeModelArgs: rwt_target_name=rwt, pwt_source_name=pwt, nwt_source_name=nwt
I0906 19:44:33.147807 11624 master_component.cc:590] MasterComponent: start regularizing model pwt
I0906 19:44:33.165822  6308 processor.cc:662] No data in processing queue, waiting...
I0906 19:44:33.302923 11624 master_component.cc:613] MasterComponent: complete regularizing model pwt
I0906 19:44:33.302923 11624 master_component.cc:991] NormalizeModelArgs: pwt_target_name=pwt, nwt_source_name=nwt, rwt_source_name=rwt
I0906 19:44:33.302923 11624 master_component.cc:617] MasterComponent: start normalizing model nwt
I0906 19:44:33.387984 11624 master_component.cc:639] MasterComponent: complete normalizing model nwt
I0906 19:44:33.787274 11624 master_component.cc:1015] DisposeModel rwt
I0906 19:44:33.797281 11624 c_interface.cc:332] Pass FitOfflineMasterModelArgs, batch_filename_size=2, batch_weight_size=2, num_collection_passes=1 to void (__thiscall artm::core::MasterComponent::*)(class artm::FitOfflineMasterModelArgs const &)
I0906 19:44:33.798285 11624 master_component.cc:942] ProcessBatchesArgs: nwt_target_name=nwt, batch_filename_size=2, batch_size=0, batch_weight_size=2, pwt_source_name=pwt, num_document_passes=1, regularizer=(name:SparsePhi, tau:100000), regularizer=(name:NegSparsePhi, tau:-100000), class=(text:1), class=(author:1), reuse_theta=yes, opt_for_avx=yes, predict_class_id=
I0906 19:44:33.848316 10016 processor.cc:669] Processing queue has data, processing started
I0906 19:44:33.850317  5520 processor.cc:669] Processing queue has data, processing started
I0906 19:44:33.869333 10016 processor.cc:746] Processor: start processing batch a7a16936-73e2-45c1-9427-e4bd061258f9 into model nwt
I0906 19:44:33.886348  5520 processor.cc:746] Processor: start processing batch 8efdc08c-fc1c-4505-a284-679e4c9958d7 into model nwt
I0906 19:44:34.101502 10016 processor.cc:842] Processor: complete processing batch a7a16936-73e2-45c1-9427-e4bd061258f9 into model nwt
I0906 19:44:34.105505 10016 cuckoo_watch.h:44] 257ms in ProcessBatch(D:\Coursera\Notebooks\homeworks\MyHW\3-4\lectures_batches\aaaaaa.batch) [including 19ms in LoadMessage; 21ms in InitializeSparseNdw; 211ms in InferThetaAndUpdateNwtSparse; ]
I0906 19:44:34.124517 10016 processor.cc:662] No data in processing queue, waiting...
I0906 19:44:34.323662  5520 processor.cc:842] Processor: complete processing batch 8efdc08c-fc1c-4505-a284-679e4c9958d7 into model nwt
I0906 19:44:34.328665  5520 cuckoo_watch.h:44] 478ms in ProcessBatch(D:\Coursera\Notebooks\homeworks\MyHW\3-4\lectures_batches\aaaaab.batch) [including 35ms in LoadMessage; 45ms in InitializeSparseNdw; 391ms in InferThetaAndUpdateNwtSparse; ]
I0906 19:44:34.329666 11624 master_component.cc:980] RegularizeModelArgs: rwt_target_name=rwt, pwt_source_name=pwt, nwt_source_name=nwt
I0906 19:44:34.329666 11624 master_component.cc:590] MasterComponent: start regularizing model pwt
I0906 19:44:34.347677  5520 processor.cc:662] No data in processing queue, waiting...
I0906 19:44:34.479780 11624 master_component.cc:613] MasterComponent: complete regularizing model pwt
I0906 19:44:34.479780 11624 master_component.cc:991] NormalizeModelArgs: pwt_target_name=pwt, nwt_source_name=nwt, rwt_source_name=rwt
I0906 19:44:34.479780 11624 master_component.cc:617] MasterComponent: start normalizing model nwt
I0906 19:44:34.563840 11624 master_component.cc:639] MasterComponent: complete normalizing model nwt
I0906 19:44:34.966634 11624 master_component.cc:1015] DisposeModel rwt
I0906 19:44:34.988152 11624 c_interface.cc:180] ArtmCopyRequestedMessage is copying 546458 bytes...
I0906 19:44:35.432469 11624 c_interface.cc:180] ArtmCopyRequestedMessage is copying 546458 bytes...
I0906 19:44:35.865064 11624 c_interface.cc:180] ArtmCopyRequestedMessage is copying 546458 bytes...
I0906 19:44:36.298384 11624 c_interface.cc:180] ArtmCopyRequestedMessage is copying 546458 bytes...
I0906 19:44:36.723692 11624 c_interface.cc:180] ArtmCopyRequestedMessage is copying 546458 bytes...
I0906 19:44:37.141997 11624 c_interface.cc:180] ArtmCopyRequestedMessage is copying 546458 bytes...
I0906 19:44:37.579324 11624 c_interface.cc:180] ArtmCopyRequestedMessage is copying 546458 bytes...
I0906 19:44:38.212797 11624 c_interface.cc:180] ArtmCopyRequestedMessage is copying 546458 bytes...
I0906 19:44:38.639107 11624 c_interface.cc:180] ArtmCopyRequestedMessage is copying 546458 bytes...
I0906 19:44:39.063915 11624 c_interface.cc:180] ArtmCopyRequestedMessage is copying 546458 bytes...
I0906 19:44:39.485225 11624 c_interface.cc:180] ArtmCopyRequestedMessage is copying 546458 bytes...
I0906 19:44:40.239300 11624 c_interface.cc:180] ArtmCopyRequestedMessage is copying 546458 bytes...
I0906 19:44:40.682649 11624 c_interface.cc:180] ArtmCopyRequestedMessage is copying 546458 bytes...
I0906 19:44:41.150527 11624 c_interface.cc:180] ArtmCopyRequestedMessage is copying 546458 bytes...
I0906 19:44:41.625762 11624 c_interface.cc:180] ArtmCopyRequestedMessage is copying 546458 bytes...
I0906 19:44:42.058074 11624 c_interface.cc:180] ArtmCopyRequestedMessage is copying 546458 bytes...
I0906 19:44:42.503718 11624 c_interface.cc:180] ArtmCopyRequestedMessage is copying 546458 bytes...
I0906 19:44:43.003818 11624 c_interface.cc:180] ArtmCopyRequestedMessage is copying 546458 bytes...
I0906 19:44:43.474159 11624 c_interface.cc:180] ArtmCopyRequestedMessage is copying 546458 bytes...
I0906 19:44:43.897779 11624 c_interface.cc:180] ArtmCopyRequestedMessage is copying 546458 bytes...
I0906 19:44:44.320595 11624 c_interface.cc:180] ArtmCopyRequestedMessage is copying 546458 bytes...
I0906 19:44:44.756923 11624 c_interface.cc:180] ArtmCopyRequestedMessage is copying 546458 bytes...
I0906 19:44:45.447454 11624 c_interface.cc:180] ArtmCopyRequestedMessage is copying 546458 bytes...
I0906 19:44:46.023747 11624 c_interface.cc:180] ArtmCopyRequestedMessage is copying 546458 bytes...
I0906 19:44:46.460973 11624 c_interface.cc:180] ArtmCopyRequestedMessage is copying 546458 bytes...
I0906 19:44:46.903880 11624 c_interface.cc:180] ArtmCopyRequestedMessage is copying 546458 bytes...
I0906 19:44:47.442936 11624 c_interface.cc:180] ArtmCopyRequestedMessage is copying 546458 bytes...
I0906 19:44:47.991344 11624 c_interface.cc:180] ArtmCopyRequestedMessage is copying 546458 bytes...
I0906 19:44:48.427707 11624 c_interface.cc:180] ArtmCopyRequestedMessage is copying 546458 bytes...
I0906 19:44:48.856513 11624 c_interface.cc:180] ArtmCopyRequestedMessage is copying 546458 bytes...
I0906 19:44:49.290328 11624 c_interface.cc:180] ArtmCopyRequestedMessage is copying 902989 bytes...
I0906 19:44:49.771679 11624 c_interface.cc:180] ArtmCopyRequestedMessage is copying 902989 bytes...
I0906 19:44:50.312079 11624 c_interface.cc:180] ArtmCopyRequestedMessage is copying 902989 bytes...
I0906 19:44:50.745399 11624 c_interface.cc:180] ArtmCopyRequestedMessage is copying 902989 bytes...
I0906 19:44:51.170305 11624 c_interface.cc:180] ArtmCopyRequestedMessage is copying 902989 bytes...
I0906 19:44:51.598109 11624 c_interface.cc:180] ArtmCopyRequestedMessage is copying 902989 bytes...
I0906 19:44:52.016412 11624 c_interface.cc:180] ArtmCopyRequestedMessage is copying 902989 bytes...
I0906 19:44:52.436717 11624 c_interface.cc:180] ArtmCopyRequestedMessage is copying 902989 bytes...
I0906 19:44:52.860517 11624 c_interface.cc:180] ArtmCopyRequestedMessage is copying 902989 bytes...
I0906 19:44:53.337364 11624 c_interface.cc:180] ArtmCopyRequestedMessage is copying 902989 bytes...
I0906 19:44:53.753669 11624 c_interface.cc:180] ArtmCopyRequestedMessage is copying 902989 bytes...
I0906 19:44:54.195031 11624 c_interface.cc:180] ArtmCopyRequestedMessage is copying 902989 bytes...
I0906 19:44:54.640941 11624 c_interface.cc:180] ArtmCopyRequestedMessage is copying 902989 bytes...
I0906 19:44:55.074270 11624 c_interface.cc:180] ArtmCopyRequestedMessage is copying 902989 bytes...
I0906 19:44:55.659371 11624 c_interface.cc:180] ArtmCopyRequestedMessage is copying 902989 bytes...
I0906 19:44:56.182770 11624 c_interface.cc:180] ArtmCopyRequestedMessage is copying 902989 bytes...
I0906 19:44:56.828253 11624 c_interface.cc:180] ArtmCopyRequestedMessage is copying 902989 bytes...
I0906 19:44:57.376217 11624 c_interface.cc:180] ArtmCopyRequestedMessage is copying 902989 bytes...
I0906 19:44:57.911119 11624 c_interface.cc:180] ArtmCopyRequestedMessage is copying 902989 bytes...
I0906 19:44:58.425503 11624 c_interface.cc:180] ArtmCopyRequestedMessage is copying 902989 bytes...
I0906 19:44:58.969769 11624 c_interface.cc:180] ArtmCopyRequestedMessage is copying 902989 bytes...
I0906 19:44:59.650254 11624 c_interface.cc:180] ArtmCopyRequestedMessage is copying 902989 bytes...
I0906 19:45:00.421762 11624 c_interface.cc:180] ArtmCopyRequestedMessage is copying 902989 bytes...
I0906 19:45:01.110219 11624 c_interface.cc:180] ArtmCopyRequestedMessage is copying 902989 bytes...
I0906 19:45:01.739161 11624 c_interface.cc:180] ArtmCopyRequestedMessage is copying 902989 bytes...
I0906 19:45:02.352624 11624 c_interface.cc:180] ArtmCopyRequestedMessage is copying 902989 bytes...
I0906 19:45:02.913040 11624 c_interface.cc:180] ArtmCopyRequestedMessage is copying 902989 bytes...
I0906 19:45:03.410418 11624 c_interface.cc:180] ArtmCopyRequestedMessage is copying 902989 bytes...
I0906 19:45:04.034898 11624 c_interface.cc:180] ArtmCopyRequestedMessage is copying 902989 bytes...
I0906 19:45:04.620350 11624 c_interface.cc:180] ArtmCopyRequestedMessage is copying 902989 bytes...
I0906 19:45:05.534085 11624 c_interface.cc:180] ArtmCopyRequestedMessage is copying 68914 bytes...
W0906 19:45:05.701717 11624 check_messages.h:833] Inconsistent fields size in ThetaMatrix: 1728 vs 0 vs 1728 vs 0;
I0906 19:45:05.701717 11624 c_interface.cc:180] ArtmCopyRequestedMessage is copying 62002 bytes...
I0906 19:45:05.719730 11624 c_interface.cc:185] ArtmCopyRequestedObject is copying 207360 bytes...
I0906 19:45:05.721734 11624 phi_matrix_operations.cc:82] RetrieveExternalTopicModel() with 30 topics, 26866 tokens
I0906 19:45:05.756259 11624 c_interface.cc:180] ArtmCopyRequestedMessage is copying 825334 bytes...
I0906 19:45:07.167888 11624 phi_matrix_operations.cc:82] RetrieveExternalTopicModel() with 30 topics, 539 tokens
I0906 19:45:07.168889 11624 c_interface.cc:180] ArtmCopyRequestedMessage is copying 21126 bytes...
I0906 19:45:07.183899 11624 c_interface.cc:185] ArtmCopyRequestedObject is copying 64680 bytes...
I0906 19:46:20.830713 11624 c_interface.cc:180] ArtmCopyRequestedMessage is copying 546458 bytes...
I0906 19:46:21.305232 11624 c_interface.cc:180] ArtmCopyRequestedMessage is copying 546458 bytes...
I0906 19:46:21.770723 11624 c_interface.cc:180] ArtmCopyRequestedMessage is copying 546458 bytes...
I0906 19:46:22.258627 11624 c_interface.cc:180] ArtmCopyRequestedMessage is copying 546458 bytes...
I0906 19:46:22.720474 11624 c_interface.cc:180] ArtmCopyRequestedMessage is copying 546458 bytes...
I0906 19:46:23.189842 11624 c_interface.cc:180] ArtmCopyRequestedMessage is copying 546458 bytes...
I0906 19:46:23.659935 11624 c_interface.cc:180] ArtmCopyRequestedMessage is copying 546458 bytes...
I0906 19:46:24.128777 11624 c_interface.cc:180] ArtmCopyRequestedMessage is copying 546458 bytes...
I0906 19:46:24.606119 11624 c_interface.cc:180] ArtmCopyRequestedMessage is copying 546458 bytes...
I0906 19:46:25.074484 11624 c_interface.cc:180] ArtmCopyRequestedMessage is copying 546458 bytes...
I0906 19:46:25.554841 11624 c_interface.cc:180] ArtmCopyRequestedMessage is copying 546458 bytes...
I0906 19:46:26.066993 11624 c_interface.cc:180] ArtmCopyRequestedMessage is copying 546458 bytes...
I0906 19:46:26.554354 11624 c_interface.cc:180] ArtmCopyRequestedMessage is copying 546458 bytes...
I0906 19:46:27.013700 11624 c_interface.cc:180] ArtmCopyRequestedMessage is copying 546458 bytes...
I0906 19:46:27.478750 11624 c_interface.cc:180] ArtmCopyRequestedMessage is copying 546458 bytes...
I0906 19:46:27.941603 11624 c_interface.cc:180] ArtmCopyRequestedMessage is copying 546458 bytes...
I0906 19:46:28.398947 11624 c_interface.cc:180] ArtmCopyRequestedMessage is copying 546458 bytes...
I0906 19:46:28.873301 11624 c_interface.cc:180] ArtmCopyRequestedMessage is copying 546458 bytes...
I0906 19:46:29.329637 11624 c_interface.cc:180] ArtmCopyRequestedMessage is copying 546458 bytes...
I0906 19:46:29.785534 11624 c_interface.cc:180] ArtmCopyRequestedMessage is copying 546458 bytes...
I0906 19:46:30.257400 11624 c_interface.cc:180] ArtmCopyRequestedMessage is copying 546458 bytes...
I0906 19:46:30.717736 11624 c_interface.cc:180] ArtmCopyRequestedMessage is copying 546458 bytes...
I0906 19:46:31.192929 11624 c_interface.cc:180] ArtmCopyRequestedMessage is copying 546458 bytes...
I0906 19:46:31.660006 11624 c_interface.cc:180] ArtmCopyRequestedMessage is copying 546458 bytes...
I0906 19:46:32.120844 11624 c_interface.cc:180] ArtmCopyRequestedMessage is copying 546458 bytes...
I0906 19:46:32.584709 11624 c_interface.cc:180] ArtmCopyRequestedMessage is copying 546458 bytes...
I0906 19:46:33.055568 11624 c_interface.cc:180] ArtmCopyRequestedMessage is copying 546458 bytes...
I0906 19:46:33.515913 11624 c_interface.cc:180] ArtmCopyRequestedMessage is copying 546458 bytes...
I0906 19:46:33.978250 11624 c_interface.cc:180] ArtmCopyRequestedMessage is copying 546458 bytes...
I0906 19:46:34.458549 11624 c_interface.cc:180] ArtmCopyRequestedMessage is copying 546458 bytes...
