I0904 19:28:08.698931  9148 processor.cc:669] Processing queue has data, processing started
I0904 19:28:08.698931 12096 processor.cc:669] Processing queue has data, processing started
I0904 19:28:08.714545  9148 processor.cc:746] Processor: start processing batch 26a91afb-2e6d-4a21-81fe-cf68f1acbb13 into model nwt
I0904 19:28:08.730175 12096 processor.cc:746] Processor: start processing batch b3c8157b-a729-4fd3-a0fb-2755872b7edc into model nwt
I0904 19:28:08.946333  9148 processor.cc:842] Processor: complete processing batch 26a91afb-2e6d-4a21-81fe-cf68f1acbb13 into model nwt
I0904 19:28:08.946333  9148 cuckoo_watch.h:44] 247ms in ProcessBatch(D:\Coursera\Notebooks\homeworks\MyHW\3-4\lectures_batches\aaaaaa.batch) [including 15ms in LoadMessage; 31ms in InitializeSparseNdw; 200ms in InferThetaAndUpdateNwtSparse; ]
I0904 19:28:09.049906  9148 processor.cc:662] No data in processing queue, waiting...
I0904 19:28:09.273572 12096 processor.cc:842] Processor: complete processing batch b3c8157b-a729-4fd3-a0fb-2755872b7edc into model nwt
I0904 19:28:09.279073 12096 cuckoo_watch.h:44] 580ms in ProcessBatch(D:\Coursera\Notebooks\homeworks\MyHW\3-4\lectures_batches\aaaaab.batch) [including 31ms in LoadMessage; 53ms in InitializeSparseNdw; 490ms in InferThetaAndUpdateNwtSparse; ]
I0904 19:28:09.280073  4776 master_component.cc:980] RegularizeModelArgs: rwt_target_name=rwt, pwt_source_name=pwt, nwt_source_name=nwt
I0904 19:28:09.280073  4776 master_component.cc:590] MasterComponent: start regularizing model pwt
I0904 19:28:09.299090 12096 processor.cc:662] No data in processing queue, waiting...
I0904 19:28:09.430821  4776 master_component.cc:613] MasterComponent: complete regularizing model pwt
I0904 19:28:09.430821  4776 master_component.cc:991] NormalizeModelArgs: pwt_target_name=pwt, nwt_source_name=nwt, rwt_source_name=rwt
I0904 19:28:09.430821  4776 master_component.cc:617] MasterComponent: start normalizing model nwt
I0904 19:28:09.527381  4776 master_component.cc:639] MasterComponent: complete normalizing model nwt
I0904 19:28:10.015955  4776 master_component.cc:1015] DisposeModel rwt
I0904 19:28:10.015955  4776 c_interface.cc:332] Pass FitOfflineMasterModelArgs, batch_filename_size=2, batch_weight_size=2, num_collection_passes=1 to void (__thiscall artm::core::MasterComponent::*)(class artm::FitOfflineMasterModelArgs const &)
I0904 19:28:10.015955  4776 master_component.cc:942] ProcessBatchesArgs: nwt_target_name=nwt, batch_filename_size=2, batch_size=0, batch_weight_size=2, pwt_source_name=pwt, num_document_passes=1, regularizer=(name:SparsePhi, tau:100000), regularizer=(name:NegSparsePhi, tau:-100000), class=(text:1), class=(author:1), reuse_theta=yes, opt_for_avx=yes, predict_class_id=
I0904 19:28:10.078469  5092 processor.cc:669] Processing queue has data, processing started
I0904 19:28:10.078469 12096 processor.cc:669] Processing queue has data, processing started
I0904 19:28:10.084985  5092 processor.cc:746] Processor: start processing batch 26a91afb-2e6d-4a21-81fe-cf68f1acbb13 into model nwt
I0904 19:28:10.116243 12096 processor.cc:746] Processor: start processing batch b3c8157b-a729-4fd3-a0fb-2755872b7edc into model nwt
I0904 19:28:10.332417  5092 processor.cc:842] Processor: complete processing batch 26a91afb-2e6d-4a21-81fe-cf68f1acbb13 into model nwt
I0904 19:28:10.332417  5092 cuckoo_watch.h:44] 253ms in ProcessBatch(D:\Coursera\Notebooks\homeworks\MyHW\3-4\lectures_batches\aaaaaa.batch) [including 6ms in LoadMessage; 31ms in InitializeSparseNdw; 216ms in InferThetaAndUpdateNwtSparse; ]
I0904 19:28:10.564209 12096 processor.cc:842] Processor: complete processing batch b3c8157b-a729-4fd3-a0fb-2755872b7edc into model nwt
I0904 19:28:10.564209 12096 cuckoo_watch.h:44] 485ms in ProcessBatch(D:\Coursera\Notebooks\homeworks\MyHW\3-4\lectures_batches\aaaaab.batch) [including 37ms in LoadMessage; 46ms in InitializeSparseNdw; 401ms in InferThetaAndUpdateNwtSparse; ]
I0904 19:28:10.579835  4776 master_component.cc:980] RegularizeModelArgs: rwt_target_name=rwt, pwt_source_name=pwt, nwt_source_name=nwt
I0904 19:28:10.579835  4776 master_component.cc:590] MasterComponent: start regularizing model pwt
I0904 19:28:10.648851  5092 processor.cc:662] No data in processing queue, waiting...
I0904 19:28:10.731891  4776 master_component.cc:613] MasterComponent: complete regularizing model pwt
I0904 19:28:10.731891  4776 master_component.cc:991] NormalizeModelArgs: pwt_target_name=pwt, nwt_source_name=nwt, rwt_source_name=rwt
I0904 19:28:10.731891  4776 master_component.cc:617] MasterComponent: start normalizing model nwt
I0904 19:28:10.742895 12096 processor.cc:662] No data in processing queue, waiting...
I0904 19:28:10.809007  4776 master_component.cc:639] MasterComponent: complete normalizing model nwt
I0904 19:28:11.203471  4776 master_component.cc:1015] DisposeModel rwt
I0904 19:28:11.219099  4776 c_interface.cc:332] Pass FitOfflineMasterModelArgs, batch_filename_size=2, batch_weight_size=2, num_collection_passes=1 to void (__thiscall artm::core::MasterComponent::*)(class artm::FitOfflineMasterModelArgs const &)
I0904 19:28:11.219099  4776 master_component.cc:942] ProcessBatchesArgs: nwt_target_name=nwt, batch_filename_size=2, batch_size=0, batch_weight_size=2, pwt_source_name=pwt, num_document_passes=1, regularizer=(name:SparsePhi, tau:100000), regularizer=(name:NegSparsePhi, tau:-100000), class=(text:1), class=(author:1), reuse_theta=yes, opt_for_avx=yes, predict_class_id=
I0904 19:28:11.281611 12096 processor.cc:669] Processing queue has data, processing started
I0904 19:28:11.281611  9148 processor.cc:669] Processing queue has data, processing started
I0904 19:28:11.288130  9148 processor.cc:746] Processor: start processing batch 26a91afb-2e6d-4a21-81fe-cf68f1acbb13 into model nwt
I0904 19:28:11.319391 12096 processor.cc:746] Processor: start processing batch b3c8157b-a729-4fd3-a0fb-2755872b7edc into model nwt
I0904 19:28:11.530531  9148 processor.cc:842] Processor: complete processing batch 26a91afb-2e6d-4a21-81fe-cf68f1acbb13 into model nwt
I0904 19:28:11.535536  9148 cuckoo_watch.h:44] 253ms in ProcessBatch(D:\Coursera\Notebooks\homeworks\MyHW\3-4\lectures_batches\aaaaaa.batch) [including 6ms in LoadMessage; 31ms in InitializeSparseNdw; 211ms in InferThetaAndUpdateNwtSparse; ]
I0904 19:28:11.557550  9148 processor.cc:662] No data in processing queue, waiting...
I0904 19:28:11.773396 12096 processor.cc:842] Processor: complete processing batch b3c8157b-a729-4fd3-a0fb-2755872b7edc into model nwt
I0904 19:28:11.779404 12096 cuckoo_watch.h:44] 497ms in ProcessBatch(D:\Coursera\Notebooks\homeworks\MyHW\3-4\lectures_batches\aaaaab.batch) [including 22ms in LoadMessage; 46ms in InitializeSparseNdw; 407ms in InferThetaAndUpdateNwtSparse; ]
I0904 19:28:11.780907  4776 master_component.cc:980] RegularizeModelArgs: rwt_target_name=rwt, pwt_source_name=pwt, nwt_source_name=nwt
I0904 19:28:11.780907  4776 master_component.cc:590] MasterComponent: start regularizing model pwt
I0904 19:28:11.800570 12096 processor.cc:662] No data in processing queue, waiting...
I0904 19:28:11.932963  4776 master_component.cc:613] MasterComponent: complete regularizing model pwt
I0904 19:28:11.932963  4776 master_component.cc:991] NormalizeModelArgs: pwt_target_name=pwt, nwt_source_name=nwt, rwt_source_name=rwt
I0904 19:28:11.932963  4776 master_component.cc:617] MasterComponent: start normalizing model nwt
I0904 19:28:12.005072  4776 master_component.cc:639] MasterComponent: complete normalizing model nwt
I0904 19:28:12.405670  4776 master_component.cc:1015] DisposeModel rwt
I0904 19:28:12.405670  4776 c_interface.cc:332] Pass FitOfflineMasterModelArgs, batch_filename_size=2, batch_weight_size=2, num_collection_passes=1 to void (__thiscall artm::core::MasterComponent::*)(class artm::FitOfflineMasterModelArgs const &)
I0904 19:28:12.405670  4776 master_component.cc:942] ProcessBatchesArgs: nwt_target_name=nwt, batch_filename_size=2, batch_size=0, batch_weight_size=2, pwt_source_name=pwt, num_document_passes=1, regularizer=(name:SparsePhi, tau:100000), regularizer=(name:NegSparsePhi, tau:-100000), class=(text:1), class=(author:1), reuse_theta=yes, opt_for_avx=yes, predict_class_id=
I0904 19:28:12.468186  5092 processor.cc:669] Processing queue has data, processing started
I0904 19:28:12.468186  4384 processor.cc:669] Processing queue has data, processing started
I0904 19:28:12.490319  4384 processor.cc:746] Processor: start processing batch 26a91afb-2e6d-4a21-81fe-cf68f1acbb13 into model nwt
I0904 19:28:12.509690  5092 processor.cc:746] Processor: start processing batch b3c8157b-a729-4fd3-a0fb-2755872b7edc into model nwt
I0904 19:28:12.737295  4384 processor.cc:842] Processor: complete processing batch 26a91afb-2e6d-4a21-81fe-cf68f1acbb13 into model nwt
I0904 19:28:12.737295  4384 cuckoo_watch.h:44] 269ms in ProcessBatch(D:\Coursera\Notebooks\homeworks\MyHW\3-4\lectures_batches\aaaaaa.batch) [including 22ms in LoadMessage; 29ms in InitializeSparseNdw; 216ms in InferThetaAndUpdateNwtSparse; ]
I0904 19:28:12.796218  4384 processor.cc:662] No data in processing queue, waiting...
I0904 19:28:12.978857  5092 processor.cc:842] Processor: complete processing batch b3c8157b-a729-4fd3-a0fb-2755872b7edc into model nwt
I0904 19:28:12.984359  5092 cuckoo_watch.h:44] 516ms in ProcessBatch(D:\Coursera\Notebooks\homeworks\MyHW\3-4\lectures_batches\aaaaab.batch) [including 37ms in LoadMessage; 59ms in InitializeSparseNdw; 409ms in InferThetaAndUpdateNwtSparse; ]
I0904 19:28:12.985864  4776 master_component.cc:980] RegularizeModelArgs: rwt_target_name=rwt, pwt_source_name=pwt, nwt_source_name=nwt
I0904 19:28:12.985864  4776 master_component.cc:590] MasterComponent: start regularizing model pwt
I0904 19:28:13.008379  5092 processor.cc:662] No data in processing queue, waiting...
I0904 19:28:13.142482  4776 master_component.cc:613] MasterComponent: complete regularizing model pwt
I0904 19:28:13.142482  4776 master_component.cc:991] NormalizeModelArgs: pwt_target_name=pwt, nwt_source_name=nwt, rwt_source_name=rwt
I0904 19:28:13.142482  4776 master_component.cc:617] MasterComponent: start normalizing model nwt
I0904 19:28:13.234551  4776 master_component.cc:639] MasterComponent: complete normalizing model nwt
I0904 19:28:13.622436  4776 master_component.cc:1015] DisposeModel rwt
I0904 19:28:13.638065  4776 c_interface.cc:332] Pass FitOfflineMasterModelArgs, batch_filename_size=2, batch_weight_size=2, num_collection_passes=1 to void (__thiscall artm::core::MasterComponent::*)(class artm::FitOfflineMasterModelArgs const &)
I0904 19:28:13.638065  4776 master_component.cc:942] ProcessBatchesArgs: nwt_target_name=nwt, batch_filename_size=2, batch_size=0, batch_weight_size=2, pwt_source_name=pwt, num_document_passes=1, regularizer=(name:SparsePhi, tau:100000), regularizer=(name:NegSparsePhi, tau:-100000), class=(text:1), class=(author:1), reuse_theta=yes, opt_for_avx=yes, predict_class_id=
I0904 19:28:13.707123 12096 processor.cc:669] Processing queue has data, processing started
I0904 19:28:13.707123  4384 processor.cc:669] Processing queue has data, processing started
I0904 19:28:13.732664 12096 processor.cc:746] Processor: start processing batch 26a91afb-2e6d-4a21-81fe-cf68f1acbb13 into model nwt
I0904 19:28:13.748296  4384 processor.cc:746] Processor: start processing batch b3c8157b-a729-4fd3-a0fb-2755872b7edc into model nwt
I0904 19:28:13.953788 12096 processor.cc:842] Processor: complete processing batch 26a91afb-2e6d-4a21-81fe-cf68f1acbb13 into model nwt
I0904 19:28:13.953788 12096 cuckoo_watch.h:44] 246ms in ProcessBatch(D:\Coursera\Notebooks\homeworks\MyHW\3-4\lectures_batches\aaaaaa.batch) [including 25ms in LoadMessage; 15ms in InitializeSparseNdw; 205ms in InferThetaAndUpdateNwtSparse; ]
I0904 19:28:14.186090  4384 processor.cc:842] Processor: complete processing batch b3c8157b-a729-4fd3-a0fb-2755872b7edc into model nwt
I0904 19:28:14.192100  4384 cuckoo_watch.h:44] 484ms in ProcessBatch(D:\Coursera\Notebooks\homeworks\MyHW\3-4\lectures_batches\aaaaab.batch) [including 41ms in LoadMessage; 63ms in InitializeSparseNdw; 374ms in InferThetaAndUpdateNwtSparse; ]
I0904 19:28:14.207739  4776 master_component.cc:980] RegularizeModelArgs: rwt_target_name=rwt, pwt_source_name=pwt, nwt_source_name=nwt
I0904 19:28:14.207739  4776 master_component.cc:590] MasterComponent: start regularizing model pwt
I0904 19:28:14.227864 12096 processor.cc:662] No data in processing queue, waiting...
I0904 19:28:14.245878  4384 processor.cc:662] No data in processing queue, waiting...
I0904 19:28:14.354714  4776 master_component.cc:613] MasterComponent: complete regularizing model pwt
I0904 19:28:14.354714  4776 master_component.cc:991] NormalizeModelArgs: pwt_target_name=pwt, nwt_source_name=nwt, rwt_source_name=rwt
I0904 19:28:14.354714  4776 master_component.cc:617] MasterComponent: start normalizing model nwt
I0904 19:28:14.439363  4776 master_component.cc:639] MasterComponent: complete normalizing model nwt
I0904 19:28:14.840052  4776 master_component.cc:1015] DisposeModel rwt
I0904 19:28:14.855687  4776 c_interface.cc:332] Pass FitOfflineMasterModelArgs, batch_filename_size=2, batch_weight_size=2, num_collection_passes=1 to void (__thiscall artm::core::MasterComponent::*)(class artm::FitOfflineMasterModelArgs const &)
I0904 19:28:14.855687  4776 master_component.cc:942] ProcessBatchesArgs: nwt_target_name=nwt, batch_filename_size=2, batch_size=0, batch_weight_size=2, pwt_source_name=pwt, num_document_passes=1, regularizer=(name:SparsePhi, tau:100000), regularizer=(name:NegSparsePhi, tau:-100000), class=(text:1), class=(author:1), reuse_theta=yes, opt_for_avx=yes, predict_class_id=
I0904 19:28:14.909096  5092 processor.cc:669] Processing queue has data, processing started
I0904 19:28:14.909096  9148 processor.cc:669] Processing queue has data, processing started
I0904 19:28:14.924700  9148 processor.cc:746] Processor: start processing batch 26a91afb-2e6d-4a21-81fe-cf68f1acbb13 into model nwt
I0904 19:28:14.940327  5092 processor.cc:746] Processor: start processing batch b3c8157b-a729-4fd3-a0fb-2755872b7edc into model nwt
I0904 19:28:15.172116  9148 processor.cc:842] Processor: complete processing batch 26a91afb-2e6d-4a21-81fe-cf68f1acbb13 into model nwt
I0904 19:28:15.172116  9148 cuckoo_watch.h:44] 263ms in ProcessBatch(D:\Coursera\Notebooks\homeworks\MyHW\3-4\lectures_batches\aaaaaa.batch) [including 15ms in LoadMessage; 31ms in InitializeSparseNdw; 216ms in InferThetaAndUpdateNwtSparse; ]
I0904 19:28:15.289688  9148 processor.cc:662] No data in processing queue, waiting...
I0904 19:28:15.392786  5092 processor.cc:842] Processor: complete processing batch b3c8157b-a729-4fd3-a0fb-2755872b7edc into model nwt
I0904 19:28:15.394289  5092 cuckoo_watch.h:44] 485ms in ProcessBatch(D:\Coursera\Notebooks\homeworks\MyHW\3-4\lectures_batches\aaaaab.batch) [including 31ms in LoadMessage; 53ms in InitializeSparseNdw; 399ms in InferThetaAndUpdateNwtSparse; ]
I0904 19:28:15.409945  4776 master_component.cc:980] RegularizeModelArgs: rwt_target_name=rwt, pwt_source_name=pwt, nwt_source_name=nwt
I0904 19:28:15.409945  4776 master_component.cc:590] MasterComponent: start regularizing model pwt
I0904 19:28:15.557071  4776 master_component.cc:613] MasterComponent: complete regularizing model pwt
I0904 19:28:15.557071  4776 master_component.cc:991] NormalizeModelArgs: pwt_target_name=pwt, nwt_source_name=nwt, rwt_source_name=rwt
I0904 19:28:15.557071  4776 master_component.cc:617] MasterComponent: start normalizing model nwt
I0904 19:28:15.616709  5092 processor.cc:662] No data in processing queue, waiting...
I0904 19:28:15.633481  4776 master_component.cc:639] MasterComponent: complete normalizing model nwt
I0904 19:28:16.026953  4776 master_component.cc:1015] DisposeModel rwt
I0904 19:28:18.075011  4776 c_interface.cc:180] ArtmCopyRequestedMessage is copying 546458 bytes...
I0904 19:28:18.527674  4776 c_interface.cc:180] ArtmCopyRequestedMessage is copying 546458 bytes...
I0904 19:28:18.959939  4776 c_interface.cc:180] ArtmCopyRequestedMessage is copying 546458 bytes...
I0904 19:28:19.398437  4776 c_interface.cc:180] ArtmCopyRequestedMessage is copying 546458 bytes...
I0904 19:28:19.830710  4776 c_interface.cc:180] ArtmCopyRequestedMessage is copying 546458 bytes...
I0904 19:28:20.247429  4776 c_interface.cc:180] ArtmCopyRequestedMessage is copying 546458 bytes...
I0904 19:28:20.679644  4776 c_interface.cc:180] ArtmCopyRequestedMessage is copying 546458 bytes...
I0904 19:28:21.101050  4776 c_interface.cc:180] ArtmCopyRequestedMessage is copying 546458 bytes...
I0904 19:28:21.534824  4776 c_interface.cc:180] ArtmCopyRequestedMessage is copying 546458 bytes...
I0904 19:28:21.966765  4776 c_interface.cc:180] ArtmCopyRequestedMessage is copying 546458 bytes...
I0904 19:28:22.382971  4776 c_interface.cc:180] ArtmCopyRequestedMessage is copying 546458 bytes...
I0904 19:28:22.805291  4776 c_interface.cc:180] ArtmCopyRequestedMessage is copying 546458 bytes...
I0904 19:28:23.221868  4776 c_interface.cc:180] ArtmCopyRequestedMessage is copying 546458 bytes...
I0904 19:28:23.653803  4776 c_interface.cc:180] ArtmCopyRequestedMessage is copying 546458 bytes...
I0904 19:28:24.092648  4776 c_interface.cc:180] ArtmCopyRequestedMessage is copying 546458 bytes...
I0904 19:28:24.507838  4776 c_interface.cc:180] ArtmCopyRequestedMessage is copying 546458 bytes...
I0904 19:28:24.939811  4776 c_interface.cc:180] ArtmCopyRequestedMessage is copying 546458 bytes...
I0904 19:28:25.355679  4776 c_interface.cc:180] ArtmCopyRequestedMessage is copying 546458 bytes...
I0904 19:28:25.787554  4776 c_interface.cc:180] ArtmCopyRequestedMessage is copying 546458 bytes...
I0904 19:28:26.210192  4776 c_interface.cc:180] ArtmCopyRequestedMessage is copying 546458 bytes...
I0904 19:28:26.626746  4776 c_interface.cc:180] ArtmCopyRequestedMessage is copying 546458 bytes...
I0904 19:28:27.058965  4776 c_interface.cc:180] ArtmCopyRequestedMessage is copying 546458 bytes...
I0904 19:28:27.491031  4776 c_interface.cc:180] ArtmCopyRequestedMessage is copying 546458 bytes...
I0904 19:28:27.913317  4776 c_interface.cc:180] ArtmCopyRequestedMessage is copying 546458 bytes...
I0904 19:28:28.329902  4776 c_interface.cc:180] ArtmCopyRequestedMessage is copying 546458 bytes...
I0904 19:28:28.761862  4776 c_interface.cc:180] ArtmCopyRequestedMessage is copying 546458 bytes...
I0904 19:28:29.205247  4776 c_interface.cc:180] ArtmCopyRequestedMessage is copying 546458 bytes...
I0904 19:28:29.760162  4776 c_interface.cc:180] ArtmCopyRequestedMessage is copying 546458 bytes...
I0904 19:28:30.202909  4776 c_interface.cc:180] ArtmCopyRequestedMessage is copying 546458 bytes...
I0904 19:28:30.642115  4776 c_interface.cc:180] ArtmCopyRequestedMessage is copying 546458 bytes...
I0904 19:29:35.481709  4776 c_interface.cc:180] ArtmCopyRequestedMessage is copying 902989 bytes...
I0904 19:29:35.947552  4776 c_interface.cc:180] ArtmCopyRequestedMessage is copying 902989 bytes...
I0904 19:29:36.398737  4776 c_interface.cc:180] ArtmCopyRequestedMessage is copying 902989 bytes...
I0904 19:29:36.938664  4776 c_interface.cc:180] ArtmCopyRequestedMessage is copying 902989 bytes...
I0904 19:29:37.394999  4776 c_interface.cc:180] ArtmCopyRequestedMessage is copying 902989 bytes...
I0904 19:29:37.848381  4776 c_interface.cc:180] ArtmCopyRequestedMessage is copying 902989 bytes...
I0904 19:29:38.280475  4776 c_interface.cc:180] ArtmCopyRequestedMessage is copying 902989 bytes...
I0904 19:29:38.724984  4776 c_interface.cc:180] ArtmCopyRequestedMessage is copying 902989 bytes...
I0904 19:29:39.150436  4776 c_interface.cc:180] ArtmCopyRequestedMessage is copying 902989 bytes...
I0904 19:29:39.582432  4776 c_interface.cc:180] ArtmCopyRequestedMessage is copying 902989 bytes...
I0904 19:29:40.014490  4776 c_interface.cc:180] ArtmCopyRequestedMessage is copying 902989 bytes...
I0904 19:29:40.449133  4776 c_interface.cc:180] ArtmCopyRequestedMessage is copying 902989 bytes...
I0904 19:29:40.884541  4776 c_interface.cc:180] ArtmCopyRequestedMessage is copying 902989 bytes...
I0904 19:29:41.332180  4776 c_interface.cc:180] ArtmCopyRequestedMessage is copying 902989 bytes...
I0904 19:29:41.754739  4776 c_interface.cc:180] ArtmCopyRequestedMessage is copying 902989 bytes...
I0904 19:29:42.229441  4776 c_interface.cc:180] ArtmCopyRequestedMessage is copying 902989 bytes...
I0904 19:29:42.702616  4776 c_interface.cc:180] ArtmCopyRequestedMessage is copying 902989 bytes...
I0904 19:29:43.149858  4776 c_interface.cc:180] ArtmCopyRequestedMessage is copying 902989 bytes...
I0904 19:29:43.572623  4776 c_interface.cc:180] ArtmCopyRequestedMessage is copying 902989 bytes...
I0904 19:29:44.035368  4776 c_interface.cc:180] ArtmCopyRequestedMessage is copying 902989 bytes...
I0904 19:29:44.493439  4776 c_interface.cc:180] ArtmCopyRequestedMessage is copying 902989 bytes...
I0904 19:29:44.920693  4776 c_interface.cc:180] ArtmCopyRequestedMessage is copying 902989 bytes...
I0904 19:29:45.374403  4776 c_interface.cc:180] ArtmCopyRequestedMessage is copying 902989 bytes...
I0904 19:29:45.816028  4776 c_interface.cc:180] ArtmCopyRequestedMessage is copying 902989 bytes...
I0904 19:29:46.275660  4776 c_interface.cc:180] ArtmCopyRequestedMessage is copying 902989 bytes...
I0904 19:29:46.710255  4776 c_interface.cc:180] ArtmCopyRequestedMessage is copying 902989 bytes...
I0904 19:29:47.231201  4776 c_interface.cc:180] ArtmCopyRequestedMessage is copying 902989 bytes...
I0904 19:29:47.693347  4776 c_interface.cc:180] ArtmCopyRequestedMessage is copying 902989 bytes...
I0904 19:29:48.178318  4776 c_interface.cc:180] ArtmCopyRequestedMessage is copying 902989 bytes...
I0904 19:29:48.651443  4776 c_interface.cc:180] ArtmCopyRequestedMessage is copying 902989 bytes...
I0904 19:29:51.250790  4776 c_interface.cc:180] ArtmCopyRequestedMessage is copying 68914 bytes...
W0904 19:29:51.332346  4776 check_messages.h:833] Inconsistent fields size in ThetaMatrix: 1728 vs 0 vs 1728 vs 0;
I0904 19:29:51.333348  4776 c_interface.cc:180] ArtmCopyRequestedMessage is copying 62002 bytes...
I0904 19:29:51.367382  4776 c_interface.cc:185] ArtmCopyRequestedObject is copying 207360 bytes...
I0904 19:29:51.369382  4776 phi_matrix_operations.cc:82] RetrieveExternalTopicModel() with 30 topics, 26866 tokens
I0904 19:29:51.405408  4776 c_interface.cc:180] ArtmCopyRequestedMessage is copying 825334 bytes...
I0904 19:29:52.530267  4776 phi_matrix_operations.cc:82] RetrieveExternalTopicModel() with 30 topics, 539 tokens
I0904 19:29:52.530267  4776 c_interface.cc:180] ArtmCopyRequestedMessage is copying 21126 bytes...
I0904 19:29:52.530267  4776 c_interface.cc:185] ArtmCopyRequestedObject is copying 64680 bytes...
I0904 19:44:25.684293  4776 c_interface.cc:180] ArtmCopyRequestedMessage is copying 68914 bytes...
