Log file created at: 2017/09/06 19:43:30
Running on machine: DESKTOP-TJINT0L
Log line format: [IWEF]mmdd hh:mm:ss.uuuuuu threadid file:line] msg
I0906 19:43:30.910428 11624 c_interface.cc:74] Logging enabled to .
I0906 19:43:30.911428 11624 c_interface.cc:221] Creating MasterModel (id=1)...
W0906 19:43:32.470288 11624 helpers.cc:208] File already exists: lectures_batches\aaaaaa.batch
W0906 19:43:35.030227 11624 helpers.cc:208] File already exists: lectures_batches\aaaaab.batch
I0906 19:43:35.106289 11624 c_interface.cc:318] Pass 03b41c95-edc4-445c-b6fd-42ca5bb90d40 to void (__thiscall artm::core::MasterComponent::*)(class std::basic_string<char,struct std::char_traits<char>,class std::allocator<char> > const &)
I0906 19:43:35.106289 11624 c_interface.cc:332] Pass GatherDictionaryArgs: dictionary_target_name=03b41c95-edc4-445c-b6fd-42ca5bb90d40, data_path=lectures_batches, symmetric_cooc_values=0 to void (__thiscall artm::core::MasterComponent::*)(class artm::GatherDictionaryArgs const &)
I0906 19:43:35.106289 11624 dictionary.cc:185] Found 2 batches in 'lectures_batches' folder
I0906 19:43:35.307433 11624 dictionary.cc:241] Find 26866 unique tokens in 1728 items
I0906 19:43:35.399502 11624 c_interface.cc:221] Creating MasterModel (id=2)...
I0906 19:43:35.400501 11624 c_interface.cc:318] Pass e472d093-bef8-4e36-89fb-9ab3042c421f to void (__thiscall artm::core::MasterComponent::*)(class std::basic_string<char,struct std::char_traits<char>,class std::allocator<char> > const &)
I0906 19:43:35.400501 11624 c_interface.cc:332] Pass GatherDictionaryArgs: dictionary_target_name=e472d093-bef8-4e36-89fb-9ab3042c421f, data_path=lectures_batches, symmetric_cooc_values=0 to void (__thiscall artm::core::MasterComponent::*)(class artm::GatherDictionaryArgs const &)
I0906 19:43:35.400501 11624 dictionary.cc:185] Found 2 batches in 'lectures_batches' folder
I0906 19:43:35.616655 11624 dictionary.cc:241] Find 26866 unique tokens in 1728 items
I0906 19:43:35.706722 11624 c_interface.cc:318] Pass 03b41c95-edc4-445c-b6fd-42ca5bb90d40 to void (__thiscall artm::core::MasterComponent::*)(class std::basic_string<char,struct std::char_traits<char>,class std::allocator<char> > const &)
I0906 19:43:35.711725 11624 c_interface.cc:283] Disposing MasterComponent (id=1)...
I0906 19:43:35.726737 11624 instance.cc:358] MasterModelConfig.processors_count is automatically set to 4
I0906 19:43:35.726737 11624 c_interface.cc:221] Creating MasterModel (id=3)...
I0906 19:43:35.726737  5520 processor.cc:646] Processor thread started
I0906 19:43:35.726737  6308 processor.cc:646] Processor thread started
I0906 19:43:35.727736 10016 processor.cc:646] Processor thread started
I0906 19:43:35.727736  9288 processor.cc:646] Processor thread started
I0906 19:43:35.751260  6308 processor.cc:662] No data in processing queue, waiting...
I0906 19:43:35.751260 10016 processor.cc:662] No data in processing queue, waiting...
I0906 19:43:35.751260  9288 processor.cc:662] No data in processing queue, waiting...
I0906 19:43:35.754760  5520 processor.cc:662] No data in processing queue, waiting...
I0906 19:43:35.919860 11624 c_interface.cc:221] Creating MasterModel (id=4)...
I0906 19:43:35.920861 11624 c_interface.cc:318] Pass dictionary to void (__thiscall artm::core::MasterComponent::*)(class std::basic_string<char,struct std::char_traits<char>,class std::allocator<char> > const &)
I0906 19:43:35.920861 11624 c_interface.cc:332] Pass GatherDictionaryArgs: dictionary_target_name=dictionary, data_path=lectures_batches, symmetric_cooc_values=0 to void (__thiscall artm::core::MasterComponent::*)(class artm::GatherDictionaryArgs const &)
I0906 19:43:35.921852 11624 dictionary.cc:185] Found 2 batches in 'lectures_batches' folder
I0906 19:43:36.145527 11624 dictionary.cc:241] Find 26866 unique tokens in 1728 items
I0906 19:43:36.235086 11624 c_interface.cc:318] Pass pwt to void (__thiscall artm::core::MasterComponent::*)(class std::basic_string<char,struct std::char_traits<char>,class std::allocator<char> > const &)
I0906 19:43:36.235086 11624 c_interface.cc:318] Pass nwt to void (__thiscall artm::core::MasterComponent::*)(class std::basic_string<char,struct std::char_traits<char>,class std::allocator<char> > const &)
I0906 19:43:36.236088 11624 c_interface.cc:332] Pass InitializeModelArgs: model_name=pwt, dictionary_name=dictionary, topic_name_size=30 to void (__thiscall artm::core::MasterComponent::*)(class artm::InitializeModelArgs const &)
I0906 19:43:36.237112 11624 master_component.cc:338] InitializeModel() with 30 topics and 26866 tokens
I0906 19:43:36.462260 11624 c_interface.cc:332] Pass InitializeModelArgs: model_name=nwt, dictionary_name=dictionary, topic_name_size=30 to void (__thiscall artm::core::MasterComponent::*)(class artm::InitializeModelArgs const &)
I0906 19:43:36.462260 11624 master_component.cc:338] InitializeModel() with 30 topics and 26866 tokens
I0906 19:43:36.690423 11624 phi_matrix_operations.cc:82] RetrieveExternalTopicModel() with 30 topics, 26866 tokens
I0906 19:43:36.726447 11624 c_interface.cc:180] ArtmCopyRequestedMessage is copying 825334 bytes...
I0906 19:43:37.922319 11624 c_interface.cc:332] Pass MasterModelConfig: topic_name_size=30, class=(text:1), class=(author:1), score_config_size=1, num_processors=0, pwt_name=pwt, nwt_name=nwt, num_document_passes=1, reuse_theta=yes, cache_theta=yes, opt_for_avx=yes, disk_cache_path to void (__thiscall artm::core::MasterComponent::*)(class artm::MasterModelConfig const &)
I0906 19:43:37.922319 11624 instance.cc:358] MasterModelConfig.processors_count is automatically set to 4
I0906 19:43:37.923319 11624 c_interface.cc:332] Pass MasterModelConfig: topic_name_size=30, class=(text:1), class=(author:1), score_config_size=2, num_processors=0, pwt_name=pwt, nwt_name=nwt, num_document_passes=1, reuse_theta=yes, cache_theta=yes, opt_for_avx=yes, disk_cache_path to void (__thiscall artm::core::MasterComponent::*)(class artm::MasterModelConfig const &)
I0906 19:43:37.923319 11624 instance.cc:358] MasterModelConfig.processors_count is automatically set to 4
I0906 19:43:38.039405 11624 c_interface.cc:332] Pass MasterModelConfig: topic_name_size=30, class=(text:1), class=(author:1), score_config_size=2, num_processors=0, pwt_name=pwt, nwt_name=nwt, num_document_passes=1, regularizer=(SparsePhi:100000), reuse_theta=yes, cache_theta=yes, opt_for_avx=yes, disk_cache_path to void (__thiscall artm::core::MasterComponent::*)(class artm::MasterModelConfig const &)
I0906 19:43:38.040410 11624 instance.cc:358] MasterModelConfig.processors_count is automatically set to 4
I0906 19:43:38.040410 11624 instance.cc:213] Regularizer 'SparsePhi' was cold-reconfigured
I0906 19:43:38.143577 11624 c_interface.cc:332] Pass FitOfflineMasterModelArgs, batch_filename_size=2, batch_weight_size=2, num_collection_passes=1 to void (__thiscall artm::core::MasterComponent::*)(class artm::FitOfflineMasterModelArgs const &)
I0906 19:43:38.144081 11624 master_component.cc:942] ProcessBatchesArgs: nwt_target_name=nwt, batch_filename_size=2, batch_size=0, batch_weight_size=2, pwt_source_name=pwt, num_document_passes=1, regularizer=(name:SparsePhi, tau:100000), class=(text:1), class=(author:1), reuse_theta=yes, opt_for_avx=yes, predict_class_id=
I0906 19:43:38.216472 11624 master_component.cc:478] Batches count (=2) is smaller than num processors (=4), which may cause suboptimal performance.
I0906 19:43:38.218499  5520 processor.cc:669] Processing queue has data, processing started
I0906 19:43:38.218499 10016 processor.cc:669] Processing queue has data, processing started
I0906 19:43:38.243499  5520 processor.cc:746] Processor: start processing batch a7a16936-73e2-45c1-9427-e4bd061258f9 into model nwt
I0906 19:43:38.264513 10016 processor.cc:746] Processor: start processing batch 8efdc08c-fc1c-4505-a284-679e4c9958d7 into model nwt
I0906 19:43:38.483669  5520 processor.cc:842] Processor: complete processing batch a7a16936-73e2-45c1-9427-e4bd061258f9 into model nwt
I0906 19:43:38.488673  5520 cuckoo_watch.h:44] 270ms in ProcessBatch(D:\Coursera\Notebooks\homeworks\MyHW\3-4\lectures_batches\aaaaaa.batch) [including 22ms in LoadMessage; 28ms in InitializeSparseNdw; 212ms in InferThetaAndUpdateNwtSparse; ]
I0906 19:43:38.507685  5520 processor.cc:662] No data in processing queue, waiting...
I0906 19:43:38.709837 10016 processor.cc:842] Processor: complete processing batch 8efdc08c-fc1c-4505-a284-679e4c9958d7 into model nwt
I0906 19:43:38.717844 10016 cuckoo_watch.h:44] 499ms in ProcessBatch(D:\Coursera\Notebooks\homeworks\MyHW\3-4\lectures_batches\aaaaab.batch) [including 44ms in LoadMessage; 58ms in InitializeSparseNdw; 386ms in InferThetaAndUpdateNwtSparse; ]
I0906 19:43:38.718863 11624 master_component.cc:980] RegularizeModelArgs: rwt_target_name=rwt, pwt_source_name=pwt, nwt_source_name=nwt
I0906 19:43:38.718863 11624 master_component.cc:590] MasterComponent: start regularizing model pwt
I0906 19:43:38.741863 10016 processor.cc:662] No data in processing queue, waiting...
I0906 19:43:38.843439 11624 master_component.cc:613] MasterComponent: complete regularizing model pwt
I0906 19:43:38.843439 11624 master_component.cc:991] NormalizeModelArgs: pwt_target_name=pwt, nwt_source_name=nwt, rwt_source_name=rwt
I0906 19:43:38.843439 11624 master_component.cc:617] MasterComponent: start normalizing model nwt
I0906 19:43:38.930002 11624 master_component.cc:639] MasterComponent: complete normalizing model nwt
I0906 19:43:39.366331 11624 master_component.cc:1015] DisposeModel rwt
I0906 19:43:39.376338 11624 c_interface.cc:332] Pass FitOfflineMasterModelArgs, batch_filename_size=2, batch_weight_size=2, num_collection_passes=1 to void (__thiscall artm::core::MasterComponent::*)(class artm::FitOfflineMasterModelArgs const &)
I0906 19:43:39.376338 11624 master_component.cc:942] ProcessBatchesArgs: nwt_target_name=nwt, batch_filename_size=2, batch_size=0, batch_weight_size=2, pwt_source_name=pwt, num_document_passes=1, regularizer=(name:SparsePhi, tau:100000), class=(text:1), class=(author:1), reuse_theta=yes, opt_for_avx=yes, predict_class_id=
I0906 19:43:39.428375  9288 processor.cc:669] Processing queue has data, processing started
I0906 19:43:39.430374  5520 processor.cc:669] Processing queue has data, processing started
I0906 19:43:39.451895  9288 processor.cc:746] Processor: start processing batch a7a16936-73e2-45c1-9427-e4bd061258f9 into model nwt
I0906 19:43:39.472414  5520 processor.cc:746] Processor: start processing batch 8efdc08c-fc1c-4505-a284-679e4c9958d7 into model nwt
I0906 19:43:39.676566  9288 processor.cc:842] Processor: complete processing batch a7a16936-73e2-45c1-9427-e4bd061258f9 into model nwt
I0906 19:43:39.682569  9288 cuckoo_watch.h:44] 254ms in ProcessBatch(D:\Coursera\Notebooks\homeworks\MyHW\3-4\lectures_batches\aaaaaa.batch) [including 22ms in LoadMessage; 24ms in InitializeSparseNdw; 200ms in InferThetaAndUpdateNwtSparse; ]
I0906 19:43:39.701583  9288 processor.cc:662] No data in processing queue, waiting...
I0906 19:43:39.904732  5520 processor.cc:842] Processor: complete processing batch 8efdc08c-fc1c-4505-a284-679e4c9958d7 into model nwt
I0906 19:43:39.912739  5520 cuckoo_watch.h:44] 482ms in ProcessBatch(D:\Coursera\Notebooks\homeworks\MyHW\3-4\lectures_batches\aaaaab.batch) [including 41ms in LoadMessage; 51ms in InitializeSparseNdw; 381ms in InferThetaAndUpdateNwtSparse; ]
I0906 19:43:39.914242 11624 master_component.cc:980] RegularizeModelArgs: rwt_target_name=rwt, pwt_source_name=pwt, nwt_source_name=nwt
I0906 19:43:39.914242 11624 master_component.cc:590] MasterComponent: start regularizing model pwt
I0906 19:43:39.932288  5520 processor.cc:662] No data in processing queue, waiting...
I0906 19:43:40.036865 11624 master_component.cc:613] MasterComponent: complete regularizing model pwt
I0906 19:43:40.036865 11624 master_component.cc:991] NormalizeModelArgs: pwt_target_name=pwt, nwt_source_name=nwt, rwt_source_name=rwt
I0906 19:43:40.036865 11624 master_component.cc:617] MasterComponent: start normalizing model nwt
I0906 19:43:40.120930 11624 master_component.cc:639] MasterComponent: complete normalizing model nwt
I0906 19:43:40.554256 11624 master_component.cc:1015] DisposeModel rwt
I0906 19:43:40.563262 11624 c_interface.cc:332] Pass FitOfflineMasterModelArgs, batch_filename_size=2, batch_weight_size=2, num_collection_passes=1 to void (__thiscall artm::core::MasterComponent::*)(class artm::FitOfflineMasterModelArgs const &)
I0906 19:43:40.563262 11624 master_component.cc:942] ProcessBatchesArgs: nwt_target_name=nwt, batch_filename_size=2, batch_size=0, batch_weight_size=2, pwt_source_name=pwt, num_document_passes=1, regularizer=(name:SparsePhi, tau:100000), class=(text:1), class=(author:1), reuse_theta=yes, opt_for_avx=yes, predict_class_id=
I0906 19:43:40.615370  5520 processor.cc:669] Processing queue has data, processing started
I0906 19:43:40.615370  9288 processor.cc:669] Processing queue has data, processing started
I0906 19:43:40.640323  9288 processor.cc:746] Processor: start processing batch a7a16936-73e2-45c1-9427-e4bd061258f9 into model nwt
I0906 19:43:40.658335  5520 processor.cc:746] Processor: start processing batch 8efdc08c-fc1c-4505-a284-679e4c9958d7 into model nwt
I0906 19:43:40.891513  9288 processor.cc:842] Processor: complete processing batch a7a16936-73e2-45c1-9427-e4bd061258f9 into model nwt
I0906 19:43:40.895514  9288 cuckoo_watch.h:44] 280ms in ProcessBatch(D:\Coursera\Notebooks\homeworks\MyHW\3-4\lectures_batches\aaaaaa.batch) [including 22ms in LoadMessage; 24ms in InitializeSparseNdw; 226ms in InferThetaAndUpdateNwtSparse; ]
I0906 19:43:40.915536  9288 processor.cc:662] No data in processing queue, waiting...
I0906 19:43:41.117738  5520 processor.cc:842] Processor: complete processing batch 8efdc08c-fc1c-4505-a284-679e4c9958d7 into model nwt
I0906 19:43:41.124747  5520 cuckoo_watch.h:44] 509ms in ProcessBatch(D:\Coursera\Notebooks\homeworks\MyHW\3-4\lectures_batches\aaaaab.batch) [including 40ms in LoadMessage; 57ms in InitializeSparseNdw; 401ms in InferThetaAndUpdateNwtSparse; ]
I0906 19:43:41.126749 11624 master_component.cc:980] RegularizeModelArgs: rwt_target_name=rwt, pwt_source_name=pwt, nwt_source_name=nwt
I0906 19:43:41.126749 11624 master_component.cc:590] MasterComponent: start regularizing model pwt
I0906 19:43:41.149762  5520 processor.cc:662] No data in processing queue, waiting...
I0906 19:43:41.251835 11624 master_component.cc:613] MasterComponent: complete regularizing model pwt
I0906 19:43:41.251835 11624 master_component.cc:991] NormalizeModelArgs: pwt_target_name=pwt, nwt_source_name=nwt, rwt_source_name=rwt
I0906 19:43:41.251835 11624 master_component.cc:617] MasterComponent: start normalizing model nwt
I0906 19:43:41.336899 11624 master_component.cc:639] MasterComponent: complete normalizing model nwt
I0906 19:43:41.802237 11624 master_component.cc:1015] DisposeModel rwt
I0906 19:43:41.811748 11624 c_interface.cc:332] Pass FitOfflineMasterModelArgs, batch_filename_size=2, batch_weight_size=2, num_collection_passes=1 to void (__thiscall artm::core::MasterComponent::*)(class artm::FitOfflineMasterModelArgs const &)
I0906 19:43:41.811748 11624 master_component.cc:942] ProcessBatchesArgs: nwt_target_name=nwt, batch_filename_size=2, batch_size=0, batch_weight_size=2, pwt_source_name=pwt, num_document_passes=1, regularizer=(name:SparsePhi, tau:100000), class=(text:1), class=(author:1), reuse_theta=yes, opt_for_avx=yes, predict_class_id=
I0906 19:43:41.864306 10016 processor.cc:669] Processing queue has data, processing started
I0906 19:43:41.864306  9288 processor.cc:669] Processing queue has data, processing started
I0906 19:43:41.890305  9288 processor.cc:746] Processor: start processing batch a7a16936-73e2-45c1-9427-e4bd061258f9 into model nwt
I0906 19:43:41.911824 10016 processor.cc:746] Processor: start processing batch 8efdc08c-fc1c-4505-a284-679e4c9958d7 into model nwt
I0906 19:43:42.146494  9288 processor.cc:842] Processor: complete processing batch a7a16936-73e2-45c1-9427-e4bd061258f9 into model nwt
I0906 19:43:42.150496  9288 cuckoo_watch.h:44] 286ms in ProcessBatch(D:\Coursera\Notebooks\homeworks\MyHW\3-4\lectures_batches\aaaaaa.batch) [including 23ms in LoadMessage; 27ms in InitializeSparseNdw; 227ms in InferThetaAndUpdateNwtSparse; ]
I0906 19:43:42.169509  9288 processor.cc:662] No data in processing queue, waiting...
I0906 19:43:42.375661 10016 processor.cc:842] Processor: complete processing batch 8efdc08c-fc1c-4505-a284-679e4c9958d7 into model nwt
I0906 19:43:42.385669 10016 cuckoo_watch.h:44] 521ms in ProcessBatch(D:\Coursera\Notebooks\homeworks\MyHW\3-4\lectures_batches\aaaaab.batch) [including 45ms in LoadMessage; 60ms in InitializeSparseNdw; 402ms in InferThetaAndUpdateNwtSparse; ]
I0906 19:43:42.386669 11624 master_component.cc:980] RegularizeModelArgs: rwt_target_name=rwt, pwt_source_name=pwt, nwt_source_name=nwt
I0906 19:43:42.386669 11624 master_component.cc:590] MasterComponent: start regularizing model pwt
I0906 19:43:42.405684 10016 processor.cc:662] No data in processing queue, waiting...
I0906 19:43:42.512261 11624 master_component.cc:613] MasterComponent: complete regularizing model pwt
I0906 19:43:42.512261 11624 master_component.cc:991] NormalizeModelArgs: pwt_target_name=pwt, nwt_source_name=nwt, rwt_source_name=rwt
I0906 19:43:42.512261 11624 master_component.cc:617] MasterComponent: start normalizing model nwt
I0906 19:43:42.597821 11624 master_component.cc:639] MasterComponent: complete normalizing model nwt
I0906 19:43:43.033154 11624 master_component.cc:1015] DisposeModel rwt
I0906 19:43:43.042160 11624 c_interface.cc:332] Pass FitOfflineMasterModelArgs, batch_filename_size=2, batch_weight_size=2, num_collection_passes=1 to void (__thiscall artm::core::MasterComponent::*)(class artm::FitOfflineMasterModelArgs const &)
I0906 19:43:43.042160 11624 master_component.cc:942] ProcessBatchesArgs: nwt_target_name=nwt, batch_filename_size=2, batch_size=0, batch_weight_size=2, pwt_source_name=pwt, num_document_passes=1, regularizer=(name:SparsePhi, tau:100000), class=(text:1), class=(author:1), reuse_theta=yes, opt_for_avx=yes, predict_class_id=
I0906 19:43:43.093220 10016 processor.cc:669] Processing queue has data, processing started
I0906 19:43:43.093220  5520 processor.cc:669] Processing queue has data, processing started
I0906 19:43:43.118721  5520 processor.cc:746] Processor: start processing batch a7a16936-73e2-45c1-9427-e4bd061258f9 into model nwt
I0906 19:43:43.136235 10016 processor.cc:746] Processor: start processing batch 8efdc08c-fc1c-4505-a284-679e4c9958d7 into model nwt
I0906 19:43:43.372411  5520 processor.cc:842] Processor: complete processing batch a7a16936-73e2-45c1-9427-e4bd061258f9 into model nwt
I0906 19:43:43.377413  5520 cuckoo_watch.h:44] 284ms in ProcessBatch(D:\Coursera\Notebooks\homeworks\MyHW\3-4\lectures_batches\aaaaaa.batch) [including 23ms in LoadMessage; 23ms in InitializeSparseNdw; 229ms in InferThetaAndUpdateNwtSparse; ]
I0906 19:43:43.396426  5520 processor.cc:662] No data in processing queue, waiting...
I0906 19:43:43.596599 10016 processor.cc:842] Processor: complete processing batch 8efdc08c-fc1c-4505-a284-679e4c9958d7 into model nwt
I0906 19:43:43.605612 10016 cuckoo_watch.h:44] 512ms in ProcessBatch(D:\Coursera\Notebooks\homeworks\MyHW\3-4\lectures_batches\aaaaab.batch) [including 41ms in LoadMessage; 58ms in InitializeSparseNdw; 402ms in InferThetaAndUpdateNwtSparse; ]
I0906 19:43:43.606127 11624 master_component.cc:980] RegularizeModelArgs: rwt_target_name=rwt, pwt_source_name=pwt, nwt_source_name=nwt
I0906 19:43:43.606127 11624 master_component.cc:590] MasterComponent: start regularizing model pwt
I0906 19:43:43.626631 10016 processor.cc:662] No data in processing queue, waiting...
I0906 19:43:43.726708 11624 master_component.cc:613] MasterComponent: complete regularizing model pwt
I0906 19:43:43.726708 11624 master_component.cc:991] NormalizeModelArgs: pwt_target_name=pwt, nwt_source_name=nwt, rwt_source_name=rwt
I0906 19:43:43.726708 11624 master_component.cc:617] MasterComponent: start normalizing model nwt
I0906 19:43:43.812767 11624 master_component.cc:639] MasterComponent: complete normalizing model nwt
I0906 19:43:44.251083 11624 master_component.cc:1015] DisposeModel rwt
I0906 19:43:44.259090 11624 c_interface.cc:332] Pass FitOfflineMasterModelArgs, batch_filename_size=2, batch_weight_size=2, num_collection_passes=1 to void (__thiscall artm::core::MasterComponent::*)(class artm::FitOfflineMasterModelArgs const &)
I0906 19:43:44.259090 11624 master_component.cc:942] ProcessBatchesArgs: nwt_target_name=nwt, batch_filename_size=2, batch_size=0, batch_weight_size=2, pwt_source_name=pwt, num_document_passes=1, regularizer=(name:SparsePhi, tau:100000), class=(text:1), class=(author:1), reuse_theta=yes, opt_for_avx=yes, predict_class_id=
I0906 19:43:44.313629  9288 processor.cc:669] Processing queue has data, processing started
I0906 19:43:44.313629  5520 processor.cc:669] Processing queue has data, processing started
I0906 19:43:44.337151  9288 processor.cc:746] Processor: start processing batch a7a16936-73e2-45c1-9427-e4bd061258f9 into model nwt
I0906 19:43:44.354161  5520 processor.cc:746] Processor: start processing batch 8efdc08c-fc1c-4505-a284-679e4c9958d7 into model nwt
I0906 19:43:44.570322  9288 processor.cc:842] Processor: complete processing batch a7a16936-73e2-45c1-9427-e4bd061258f9 into model nwt
I0906 19:43:44.575325  9288 cuckoo_watch.h:44] 261ms in ProcessBatch(D:\Coursera\Notebooks\homeworks\MyHW\3-4\lectures_batches\aaaaaa.batch) [including 20ms in LoadMessage; 22ms in InitializeSparseNdw; 210ms in InferThetaAndUpdateNwtSparse; ]
I0906 19:43:44.594336  9288 processor.cc:662] No data in processing queue, waiting...
I0906 19:43:44.826531  5520 processor.cc:842] Processor: complete processing batch 8efdc08c-fc1c-4505-a284-679e4c9958d7 into model nwt
I0906 19:43:44.834537  5520 cuckoo_watch.h:44] 520ms in ProcessBatch(D:\Coursera\Notebooks\homeworks\MyHW\3-4\lectures_batches\aaaaab.batch) [including 38ms in LoadMessage; 49ms in InitializeSparseNdw; 422ms in InferThetaAndUpdateNwtSparse; ]
I0906 19:43:44.836540 11624 master_component.cc:980] RegularizeModelArgs: rwt_target_name=rwt, pwt_source_name=pwt, nwt_source_name=nwt
I0906 19:43:44.836540 11624 master_component.cc:590] MasterComponent: start regularizing model pwt
I0906 19:43:44.855550  5520 processor.cc:662] No data in processing queue, waiting...
I0906 19:43:44.974635 11624 master_component.cc:613] MasterComponent: complete regularizing model pwt
I0906 19:43:44.974635 11624 master_component.cc:991] NormalizeModelArgs: pwt_target_name=pwt, nwt_source_name=nwt, rwt_source_name=rwt
I0906 19:43:44.974635 11624 master_component.cc:617] MasterComponent: start normalizing model nwt
I0906 19:43:45.064710 11624 master_component.cc:639] MasterComponent: complete normalizing model nwt
I0906 19:43:45.533076 11624 master_component.cc:1015] DisposeModel rwt
I0906 19:43:45.542081 11624 c_interface.cc:332] Pass FitOfflineMasterModelArgs, batch_filename_size=2, batch_weight_size=2, num_collection_passes=1 to void (__thiscall artm::core::MasterComponent::*)(class artm::FitOfflineMasterModelArgs const &)
I0906 19:43:45.543082 11624 master_component.cc:942] ProcessBatchesArgs: nwt_target_name=nwt, batch_filename_size=2, batch_size=0, batch_weight_size=2, pwt_source_name=pwt, num_document_passes=1, regularizer=(name:SparsePhi, tau:100000), class=(text:1), class=(author:1), reuse_theta=yes, opt_for_avx=yes, predict_class_id=
I0906 19:43:45.635175 10016 processor.cc:669] Processing queue has data, processing started
I0906 19:43:45.636170  6308 processor.cc:669] Processing queue has data, processing started
I0906 19:43:45.672193 10016 processor.cc:746] Processor: start processing batch a7a16936-73e2-45c1-9427-e4bd061258f9 into model nwt
I0906 19:43:45.695209  6308 processor.cc:746] Processor: start processing batch 8efdc08c-fc1c-4505-a284-679e4c9958d7 into model nwt
I0906 19:43:45.897358 10016 processor.cc:842] Processor: complete processing batch a7a16936-73e2-45c1-9427-e4bd061258f9 into model nwt
I0906 19:43:45.901361 10016 cuckoo_watch.h:44] 266ms in ProcessBatch(D:\Coursera\Notebooks\homeworks\MyHW\3-4\lectures_batches\aaaaaa.batch) [including 35ms in LoadMessage; 28ms in InitializeSparseNdw; 197ms in InferThetaAndUpdateNwtSparse; ]
I0906 19:43:45.920876 10016 processor.cc:662] No data in processing queue, waiting...
I0906 19:43:46.132539  6308 processor.cc:842] Processor: complete processing batch 8efdc08c-fc1c-4505-a284-679e4c9958d7 into model nwt
I0906 19:43:46.143549  6308 cuckoo_watch.h:44] 507ms in ProcessBatch(D:\Coursera\Notebooks\homeworks\MyHW\3-4\lectures_batches\aaaaab.batch) [including 57ms in LoadMessage; 58ms in InitializeSparseNdw; 378ms in InferThetaAndUpdateNwtSparse; ]
I0906 19:43:46.144546 11624 master_component.cc:980] RegularizeModelArgs: rwt_target_name=rwt, pwt_source_name=pwt, nwt_source_name=nwt
I0906 19:43:46.144546 11624 master_component.cc:590] MasterComponent: start regularizing model pwt
I0906 19:43:46.166561  6308 processor.cc:662] No data in processing queue, waiting...
I0906 19:43:46.345698 11624 master_component.cc:613] MasterComponent: complete regularizing model pwt
I0906 19:43:46.345698 11624 master_component.cc:991] NormalizeModelArgs: pwt_target_name=pwt, nwt_source_name=nwt, rwt_source_name=rwt
I0906 19:43:46.345698 11624 master_component.cc:617] MasterComponent: start normalizing model nwt
I0906 19:43:46.428762 11624 master_component.cc:639] MasterComponent: complete normalizing model nwt
I0906 19:43:46.865080 11624 master_component.cc:1015] DisposeModel rwt
I0906 19:43:46.874089 11624 c_interface.cc:332] Pass FitOfflineMasterModelArgs, batch_filename_size=2, batch_weight_size=2, num_collection_passes=1 to void (__thiscall artm::core::MasterComponent::*)(class artm::FitOfflineMasterModelArgs const &)
I0906 19:43:46.874089 11624 master_component.cc:942] ProcessBatchesArgs: nwt_target_name=nwt, batch_filename_size=2, batch_size=0, batch_weight_size=2, pwt_source_name=pwt, num_document_passes=1, regularizer=(name:SparsePhi, tau:100000), class=(text:1), class=(author:1), reuse_theta=yes, opt_for_avx=yes, predict_class_id=
I0906 19:43:46.925900 10016 processor.cc:669] Processing queue has data, processing started
I0906 19:43:46.925900  6308 processor.cc:669] Processing queue has data, processing started
I0906 19:43:46.952903 10016 processor.cc:746] Processor: start processing batch a7a16936-73e2-45c1-9427-e4bd061258f9 into model nwt
I0906 19:43:46.972918  6308 processor.cc:746] Processor: start processing batch 8efdc08c-fc1c-4505-a284-679e4c9958d7 into model nwt
I0906 19:43:47.206907 10016 processor.cc:842] Processor: complete processing batch a7a16936-73e2-45c1-9427-e4bd061258f9 into model nwt
I0906 19:43:47.210413 10016 cuckoo_watch.h:44] 284ms in ProcessBatch(D:\Coursera\Notebooks\homeworks\MyHW\3-4\lectures_batches\aaaaaa.batch) [including 25ms in LoadMessage; 29ms in InitializeSparseNdw; 224ms in InferThetaAndUpdateNwtSparse; ]
I0906 19:43:47.232934 10016 processor.cc:662] No data in processing queue, waiting...
I0906 19:43:47.443097  6308 processor.cc:842] Processor: complete processing batch 8efdc08c-fc1c-4505-a284-679e4c9958d7 into model nwt
I0906 19:43:47.451102  6308 cuckoo_watch.h:44] 525ms in ProcessBatch(D:\Coursera\Notebooks\homeworks\MyHW\3-4\lectures_batches\aaaaab.batch) [including 45ms in LoadMessage; 59ms in InitializeSparseNdw; 410ms in InferThetaAndUpdateNwtSparse; ]
I0906 19:43:47.452181 11624 master_component.cc:980] RegularizeModelArgs: rwt_target_name=rwt, pwt_source_name=pwt, nwt_source_name=nwt
I0906 19:43:47.452181 11624 master_component.cc:590] MasterComponent: start regularizing model pwt
I0906 19:43:47.474118  6308 processor.cc:662] No data in processing queue, waiting...
I0906 19:43:47.591205 11624 master_component.cc:613] MasterComponent: complete regularizing model pwt
I0906 19:43:47.591205 11624 master_component.cc:991] NormalizeModelArgs: pwt_target_name=pwt, nwt_source_name=nwt, rwt_source_name=rwt
I0906 19:43:47.591205 11624 master_component.cc:617] MasterComponent: start normalizing model nwt
I0906 19:43:47.676271 11624 master_component.cc:639] MasterComponent: complete normalizing model nwt
I0906 19:43:48.194653 11624 master_component.cc:1015] DisposeModel rwt
I0906 19:43:48.204658 11624 c_interface.cc:332] Pass FitOfflineMasterModelArgs, batch_filename_size=2, batch_weight_size=2, num_collection_passes=1 to void (__thiscall artm::core::MasterComponent::*)(class artm::FitOfflineMasterModelArgs const &)
I0906 19:43:48.204658 11624 master_component.cc:942] ProcessBatchesArgs: nwt_target_name=nwt, batch_filename_size=2, batch_size=0, batch_weight_size=2, pwt_source_name=pwt, num_document_passes=1, regularizer=(name:SparsePhi, tau:100000), class=(text:1), class=(author:1), reuse_theta=yes, opt_for_avx=yes, predict_class_id=
I0906 19:43:48.254698  6308 processor.cc:669] Processing queue has data, processing started
I0906 19:43:48.255700  9288 processor.cc:669] Processing queue has data, processing started
I0906 19:43:48.277719  6308 processor.cc:746] Processor: start processing batch a7a16936-73e2-45c1-9427-e4bd061258f9 into model nwt
I0906 19:43:48.295727  9288 processor.cc:746] Processor: start processing batch 8efdc08c-fc1c-4505-a284-679e4c9958d7 into model nwt
I0906 19:43:48.524900  6308 processor.cc:842] Processor: complete processing batch a7a16936-73e2-45c1-9427-e4bd061258f9 into model nwt
I0906 19:43:48.529904  6308 cuckoo_watch.h:44] 275ms in ProcessBatch(D:\Coursera\Notebooks\homeworks\MyHW\3-4\lectures_batches\aaaaaa.batch) [including 21ms in LoadMessage; 22ms in InitializeSparseNdw; 224ms in InferThetaAndUpdateNwtSparse; ]
I0906 19:43:48.548916  6308 processor.cc:662] No data in processing queue, waiting...
I0906 19:43:48.777082  9288 processor.cc:842] Processor: complete processing batch 8efdc08c-fc1c-4505-a284-679e4c9958d7 into model nwt
I0906 19:43:48.785086  9288 cuckoo_watch.h:44] 529ms in ProcessBatch(D:\Coursera\Notebooks\homeworks\MyHW\3-4\lectures_batches\aaaaab.batch) [including 38ms in LoadMessage; 54ms in InitializeSparseNdw; 427ms in InferThetaAndUpdateNwtSparse; ]
I0906 19:43:48.787091 11624 master_component.cc:980] RegularizeModelArgs: rwt_target_name=rwt, pwt_source_name=pwt, nwt_source_name=nwt
I0906 19:43:48.787091 11624 master_component.cc:590] MasterComponent: start regularizing model pwt
I0906 19:43:48.810111  9288 processor.cc:662] No data in processing queue, waiting...
I0906 19:43:48.913184 11624 master_component.cc:613] MasterComponent: complete regularizing model pwt
I0906 19:43:48.913184 11624 master_component.cc:991] NormalizeModelArgs: pwt_target_name=pwt, nwt_source_name=nwt, rwt_source_name=rwt
I0906 19:43:48.913184 11624 master_component.cc:617] MasterComponent: start normalizing model nwt
I0906 19:43:48.998244 11624 master_component.cc:639] MasterComponent: complete normalizing model nwt
I0906 19:43:49.451572 11624 master_component.cc:1015] DisposeModel rwt
I0906 19:43:49.460579 11624 c_interface.cc:332] Pass FitOfflineMasterModelArgs, batch_filename_size=2, batch_weight_size=2, num_collection_passes=1 to void (__thiscall artm::core::MasterComponent::*)(class artm::FitOfflineMasterModelArgs const &)
I0906 19:43:49.461580 11624 master_component.cc:942] ProcessBatchesArgs: nwt_target_name=nwt, batch_filename_size=2, batch_size=0, batch_weight_size=2, pwt_source_name=pwt, num_document_passes=1, regularizer=(name:SparsePhi, tau:100000), class=(text:1), class=(author:1), reuse_theta=yes, opt_for_avx=yes, predict_class_id=
I0906 19:43:49.513622  5520 processor.cc:669] Processing queue has data, processing started
I0906 19:43:49.513622  9288 processor.cc:669] Processing queue has data, processing started
I0906 19:43:49.536640  9288 processor.cc:746] Processor: start processing batch a7a16936-73e2-45c1-9427-e4bd061258f9 into model nwt
I0906 19:43:49.558655  5520 processor.cc:746] Processor: start processing batch 8efdc08c-fc1c-4505-a284-679e4c9958d7 into model nwt
I0906 19:43:49.770813  9288 processor.cc:842] Processor: complete processing batch a7a16936-73e2-45c1-9427-e4bd061258f9 into model nwt
I0906 19:43:49.774816  9288 cuckoo_watch.h:44] 261ms in ProcessBatch(D:\Coursera\Notebooks\homeworks\MyHW\3-4\lectures_batches\aaaaaa.batch) [including 21ms in LoadMessage; 31ms in InitializeSparseNdw; 202ms in InferThetaAndUpdateNwtSparse; ]
I0906 19:43:49.793828  9288 processor.cc:662] No data in processing queue, waiting...
I0906 19:43:49.998984  5520 processor.cc:842] Processor: complete processing batch 8efdc08c-fc1c-4505-a284-679e4c9958d7 into model nwt
I0906 19:43:50.006988  5520 cuckoo_watch.h:44] 493ms in ProcessBatch(D:\Coursera\Notebooks\homeworks\MyHW\3-4\lectures_batches\aaaaab.batch) [including 43ms in LoadMessage; 55ms in InitializeSparseNdw; 384ms in InferThetaAndUpdateNwtSparse; ]
I0906 19:43:50.009003 11624 master_component.cc:980] RegularizeModelArgs: rwt_target_name=rwt, pwt_source_name=pwt, nwt_source_name=nwt
I0906 19:43:50.009003 11624 master_component.cc:590] MasterComponent: start regularizing model pwt
I0906 19:43:50.027029  5520 processor.cc:662] No data in processing queue, waiting...
I0906 19:43:50.133108 11624 master_component.cc:613] MasterComponent: complete regularizing model pwt
I0906 19:43:50.133108 11624 master_component.cc:991] NormalizeModelArgs: pwt_target_name=pwt, nwt_source_name=nwt, rwt_source_name=rwt
I0906 19:43:50.133108 11624 master_component.cc:617] MasterComponent: start normalizing model nwt
I0906 19:43:50.218174 11624 master_component.cc:639] MasterComponent: complete normalizing model nwt
I0906 19:43:50.668627 11624 master_component.cc:1015] DisposeModel rwt
I0906 19:43:50.677634 11624 c_interface.cc:332] Pass FitOfflineMasterModelArgs, batch_filename_size=2, batch_weight_size=2, num_collection_passes=1 to void (__thiscall artm::core::MasterComponent::*)(class artm::FitOfflineMasterModelArgs const &)
I0906 19:43:50.677634 11624 master_component.cc:942] ProcessBatchesArgs: nwt_target_name=nwt, batch_filename_size=2, batch_size=0, batch_weight_size=2, pwt_source_name=pwt, num_document_passes=1, regularizer=(name:SparsePhi, tau:100000), class=(text:1), class=(author:1), reuse_theta=yes, opt_for_avx=yes, predict_class_id=
I0906 19:43:50.727679 10016 processor.cc:669] Processing queue has data, processing started
I0906 19:43:50.727679  5520 processor.cc:669] Processing queue has data, processing started
I0906 19:43:50.754695 10016 processor.cc:746] Processor: start processing batch a7a16936-73e2-45c1-9427-e4bd061258f9 into model nwt
I0906 19:43:50.775712  5520 processor.cc:746] Processor: start processing batch 8efdc08c-fc1c-4505-a284-679e4c9958d7 into model nwt
I0906 19:43:51.015398 10016 processor.cc:842] Processor: complete processing batch a7a16936-73e2-45c1-9427-e4bd061258f9 into model nwt
I0906 19:43:51.020900 10016 cuckoo_watch.h:44] 293ms in ProcessBatch(D:\Coursera\Notebooks\homeworks\MyHW\3-4\lectures_batches\aaaaaa.batch) [including 25ms in LoadMessage; 26ms in InitializeSparseNdw; 233ms in InferThetaAndUpdateNwtSparse; ]
I0906 19:43:51.053488 10016 processor.cc:662] No data in processing queue, waiting...
I0906 19:43:51.278679  5520 processor.cc:842] Processor: complete processing batch 8efdc08c-fc1c-4505-a284-679e4c9958d7 into model nwt
I0906 19:43:51.285682  5520 cuckoo_watch.h:44] 558ms in ProcessBatch(D:\Coursera\Notebooks\homeworks\MyHW\3-4\lectures_batches\aaaaab.batch) [including 46ms in LoadMessage; 59ms in InitializeSparseNdw; 442ms in InferThetaAndUpdateNwtSparse; ]
I0906 19:43:51.286686 11624 master_component.cc:980] RegularizeModelArgs: rwt_target_name=rwt, pwt_source_name=pwt, nwt_source_name=nwt
I0906 19:43:51.286686 11624 master_component.cc:590] MasterComponent: start regularizing model pwt
I0906 19:43:51.309700  5520 processor.cc:662] No data in processing queue, waiting...
I0906 19:43:51.408277 11624 master_component.cc:613] MasterComponent: complete regularizing model pwt
I0906 19:43:51.408277 11624 master_component.cc:991] NormalizeModelArgs: pwt_target_name=pwt, nwt_source_name=nwt, rwt_source_name=rwt
I0906 19:43:51.408277 11624 master_component.cc:617] MasterComponent: start normalizing model nwt
I0906 19:43:51.491343 11624 master_component.cc:639] MasterComponent: complete normalizing model nwt
I0906 19:43:51.930682 11624 master_component.cc:1015] DisposeModel rwt
I0906 19:43:51.939687 11624 c_interface.cc:332] Pass FitOfflineMasterModelArgs, batch_filename_size=2, batch_weight_size=2, num_collection_passes=1 to void (__thiscall artm::core::MasterComponent::*)(class artm::FitOfflineMasterModelArgs const &)
I0906 19:43:51.939687 11624 master_component.cc:942] ProcessBatchesArgs: nwt_target_name=nwt, batch_filename_size=2, batch_size=0, batch_weight_size=2, pwt_source_name=pwt, num_document_passes=1, regularizer=(name:SparsePhi, tau:100000), class=(text:1), class=(author:1), reuse_theta=yes, opt_for_avx=yes, predict_class_id=
I0906 19:43:51.993738  6308 processor.cc:669] Processing queue has data, processing started
I0906 19:43:51.993738  9288 processor.cc:669] Processing queue has data, processing started
I0906 19:43:52.022747  9288 processor.cc:746] Processor: start processing batch a7a16936-73e2-45c1-9427-e4bd061258f9 into model nwt
I0906 19:43:52.040761  6308 processor.cc:746] Processor: start processing batch 8efdc08c-fc1c-4505-a284-679e4c9958d7 into model nwt
I0906 19:43:52.262923  9288 processor.cc:842] Processor: complete processing batch a7a16936-73e2-45c1-9427-e4bd061258f9 into model nwt
I0906 19:43:52.267928  9288 cuckoo_watch.h:44] 274ms in ProcessBatch(D:\Coursera\Notebooks\homeworks\MyHW\3-4\lectures_batches\aaaaaa.batch) [including 27ms in LoadMessage; 27ms in InitializeSparseNdw; 213ms in InferThetaAndUpdateNwtSparse; ]
I0906 19:43:52.286940  9288 processor.cc:662] No data in processing queue, waiting...
I0906 19:43:52.484094  6308 processor.cc:842] Processor: complete processing batch 8efdc08c-fc1c-4505-a284-679e4c9958d7 into model nwt
I0906 19:43:52.492101  6308 cuckoo_watch.h:44] 498ms in ProcessBatch(D:\Coursera\Notebooks\homeworks\MyHW\3-4\lectures_batches\aaaaab.batch) [including 45ms in LoadMessage; 55ms in InitializeSparseNdw; 388ms in InferThetaAndUpdateNwtSparse; ]
I0906 19:43:52.494115 11624 master_component.cc:980] RegularizeModelArgs: rwt_target_name=rwt, pwt_source_name=pwt, nwt_source_name=nwt
I0906 19:43:52.494115 11624 master_component.cc:590] MasterComponent: start regularizing model pwt
I0906 19:43:52.512617  6308 processor.cc:662] No data in processing queue, waiting...
I0906 19:43:52.617699 11624 master_component.cc:613] MasterComponent: complete regularizing model pwt
I0906 19:43:52.617699 11624 master_component.cc:991] NormalizeModelArgs: pwt_target_name=pwt, nwt_source_name=nwt, rwt_source_name=rwt
I0906 19:43:52.617699 11624 master_component.cc:617] MasterComponent: start normalizing model nwt
I0906 19:43:52.701257 11624 master_component.cc:639] MasterComponent: complete normalizing model nwt
I0906 19:43:53.141597 11624 master_component.cc:1015] DisposeModel rwt
I0906 19:43:53.151603 11624 c_interface.cc:332] Pass FitOfflineMasterModelArgs, batch_filename_size=2, batch_weight_size=2, num_collection_passes=1 to void (__thiscall artm::core::MasterComponent::*)(class artm::FitOfflineMasterModelArgs const &)
I0906 19:43:53.151603 11624 master_component.cc:942] ProcessBatchesArgs: nwt_target_name=nwt, batch_filename_size=2, batch_size=0, batch_weight_size=2, pwt_source_name=pwt, num_document_passes=1, regularizer=(name:SparsePhi, tau:100000), class=(text:1), class=(author:1), reuse_theta=yes, opt_for_avx=yes, predict_class_id=
I0906 19:43:53.201650 10016 processor.cc:669] Processing queue has data, processing started
I0906 19:43:53.201650  5520 processor.cc:669] Processing queue has data, processing started
I0906 19:43:53.226160  5520 processor.cc:746] Processor: start processing batch a7a16936-73e2-45c1-9427-e4bd061258f9 into model nwt
I0906 19:43:53.247678 10016 processor.cc:746] Processor: start processing batch 8efdc08c-fc1c-4505-a284-679e4c9958d7 into model nwt
I0906 19:43:53.480856  5520 processor.cc:842] Processor: complete processing batch a7a16936-73e2-45c1-9427-e4bd061258f9 into model nwt
I0906 19:43:53.484860  5520 cuckoo_watch.h:44] 283ms in ProcessBatch(D:\Coursera\Notebooks\homeworks\MyHW\3-4\lectures_batches\aaaaaa.batch) [including 22ms in LoadMessage; 28ms in InitializeSparseNdw; 225ms in InferThetaAndUpdateNwtSparse; ]
I0906 19:43:53.507875  5520 processor.cc:662] No data in processing queue, waiting...
I0906 19:43:53.709055 10016 processor.cc:842] Processor: complete processing batch 8efdc08c-fc1c-4505-a284-679e4c9958d7 into model nwt
I0906 19:43:53.717066 10016 cuckoo_watch.h:44] 515ms in ProcessBatch(D:\Coursera\Notebooks\homeworks\MyHW\3-4\lectures_batches\aaaaab.batch) [including 44ms in LoadMessage; 59ms in InitializeSparseNdw; 401ms in InferThetaAndUpdateNwtSparse; ]
I0906 19:43:53.718581 11624 master_component.cc:980] RegularizeModelArgs: rwt_target_name=rwt, pwt_source_name=pwt, nwt_source_name=nwt
I0906 19:43:53.718581 11624 master_component.cc:590] MasterComponent: start regularizing model pwt
I0906 19:43:53.737084 10016 processor.cc:662] No data in processing queue, waiting...
I0906 19:43:53.841163 11624 master_component.cc:613] MasterComponent: complete regularizing model pwt
I0906 19:43:53.841163 11624 master_component.cc:991] NormalizeModelArgs: pwt_target_name=pwt, nwt_source_name=nwt, rwt_source_name=rwt
I0906 19:43:53.841163 11624 master_component.cc:617] MasterComponent: start normalizing model nwt
I0906 19:43:53.927225 11624 master_component.cc:639] MasterComponent: complete normalizing model nwt
I0906 19:43:54.369560 11624 master_component.cc:1015] DisposeModel rwt
I0906 19:43:54.380566 11624 c_interface.cc:332] Pass FitOfflineMasterModelArgs, batch_filename_size=2, batch_weight_size=2, num_collection_passes=1 to void (__thiscall artm::core::MasterComponent::*)(class artm::FitOfflineMasterModelArgs const &)
I0906 19:43:54.380566 11624 master_component.cc:942] ProcessBatchesArgs: nwt_target_name=nwt, batch_filename_size=2, batch_size=0, batch_weight_size=2, pwt_source_name=pwt, num_document_passes=1, regularizer=(name:SparsePhi, tau:100000), class=(text:1), class=(author:1), reuse_theta=yes, opt_for_avx=yes, predict_class_id=
I0906 19:43:54.457624 10016 processor.cc:669] Processing queue has data, processing started
I0906 19:43:54.458626  5520 processor.cc:669] Processing queue has data, processing started
I0906 19:43:54.507658 10016 processor.cc:746] Processor: start processing batch a7a16936-73e2-45c1-9427-e4bd061258f9 into model nwt
I0906 19:43:54.551697  5520 processor.cc:746] Processor: start processing batch 8efdc08c-fc1c-4505-a284-679e4c9958d7 into model nwt
I0906 19:43:54.850927 10016 processor.cc:842] Processor: complete processing batch a7a16936-73e2-45c1-9427-e4bd061258f9 into model nwt
I0906 19:43:54.857933 10016 cuckoo_watch.h:44] 400ms in ProcessBatch(D:\Coursera\Notebooks\homeworks\MyHW\3-4\lectures_batches\aaaaaa.batch) [including 48ms in LoadMessage; 56ms in InitializeSparseNdw; 286ms in InferThetaAndUpdateNwtSparse; ]
I0906 19:43:54.883952 10016 processor.cc:662] No data in processing queue, waiting...
I0906 19:43:55.126163  5520 processor.cc:842] Processor: complete processing batch 8efdc08c-fc1c-4505-a284-679e4c9958d7 into model nwt
I0906 19:43:55.133815  5520 cuckoo_watch.h:44] 675ms in ProcessBatch(D:\Coursera\Notebooks\homeworks\MyHW\3-4\lectures_batches\aaaaab.batch) [including 89ms in LoadMessage; 79ms in InitializeSparseNdw; 494ms in InferThetaAndUpdateNwtSparse; ]
I0906 19:43:55.135829 11624 master_component.cc:980] RegularizeModelArgs: rwt_target_name=rwt, pwt_source_name=pwt, nwt_source_name=nwt
I0906 19:43:55.135829 11624 master_component.cc:590] MasterComponent: start regularizing model pwt
I0906 19:43:55.156829  5520 processor.cc:662] No data in processing queue, waiting...
I0906 19:43:55.266933 11624 master_component.cc:613] MasterComponent: complete regularizing model pwt
I0906 19:43:55.266933 11624 master_component.cc:991] NormalizeModelArgs: pwt_target_name=pwt, nwt_source_name=nwt, rwt_source_name=rwt
I0906 19:43:55.266933 11624 master_component.cc:617] MasterComponent: start normalizing model nwt
I0906 19:43:55.356503 11624 master_component.cc:639] MasterComponent: complete normalizing model nwt
I0906 19:43:55.879135 11624 master_component.cc:1015] DisposeModel rwt
I0906 19:43:55.888142 11624 c_interface.cc:332] Pass FitOfflineMasterModelArgs, batch_filename_size=2, batch_weight_size=2, num_collection_passes=1 to void (__thiscall artm::core::MasterComponent::*)(class artm::FitOfflineMasterModelArgs const &)
I0906 19:43:55.889145 11624 master_component.cc:942] ProcessBatchesArgs: nwt_target_name=nwt, batch_filename_size=2, batch_size=0, batch_weight_size=2, pwt_source_name=pwt, num_document_passes=1, regularizer=(name:SparsePhi, tau:100000), class=(text:1), class=(author:1), reuse_theta=yes, opt_for_avx=yes, predict_class_id=
I0906 19:43:55.946187  5520 processor.cc:669] Processing queue has data, processing started
I0906 19:43:55.946187  6308 processor.cc:669] Processing queue has data, processing started
I0906 19:43:55.976209  6308 processor.cc:746] Processor: start processing batch a7a16936-73e2-45c1-9427-e4bd061258f9 into model nwt
I0906 19:43:55.994221  5520 processor.cc:746] Processor: start processing batch 8efdc08c-fc1c-4505-a284-679e4c9958d7 into model nwt
I0906 19:43:56.246413  6308 processor.cc:842] Processor: complete processing batch a7a16936-73e2-45c1-9427-e4bd061258f9 into model nwt
I0906 19:43:56.252416  6308 cuckoo_watch.h:44] 306ms in ProcessBatch(D:\Coursera\Notebooks\homeworks\MyHW\3-4\lectures_batches\aaaaaa.batch) [including 28ms in LoadMessage; 30ms in InitializeSparseNdw; 238ms in InferThetaAndUpdateNwtSparse; ]
I0906 19:43:56.271428  6308 processor.cc:662] No data in processing queue, waiting...
I0906 19:43:56.672735  5520 processor.cc:842] Processor: complete processing batch 8efdc08c-fc1c-4505-a284-679e4c9958d7 into model nwt
I0906 19:43:56.685744  5520 cuckoo_watch.h:44] 739ms in ProcessBatch(D:\Coursera\Notebooks\homeworks\MyHW\3-4\lectures_batches\aaaaab.batch) [including 46ms in LoadMessage; 62ms in InitializeSparseNdw; 615ms in InferThetaAndUpdateNwtSparse; ]
I0906 19:43:56.685744 11624 master_component.cc:980] RegularizeModelArgs: rwt_target_name=rwt, pwt_source_name=pwt, nwt_source_name=nwt
I0906 19:43:56.685744 11624 master_component.cc:590] MasterComponent: start regularizing model pwt
I0906 19:43:56.711760  5520 processor.cc:662] No data in processing queue, waiting...
I0906 19:43:56.872885 11624 master_component.cc:613] MasterComponent: complete regularizing model pwt
I0906 19:43:56.872885 11624 master_component.cc:991] NormalizeModelArgs: pwt_target_name=pwt, nwt_source_name=nwt, rwt_source_name=rwt
I0906 19:43:56.872885 11624 master_component.cc:617] MasterComponent: start normalizing model nwt
I0906 19:43:57.024993 11624 master_component.cc:639] MasterComponent: complete normalizing model nwt
I0906 19:43:57.689457 11624 master_component.cc:1015] DisposeModel rwt
I0906 19:43:57.698460 11624 c_interface.cc:332] Pass FitOfflineMasterModelArgs, batch_filename_size=2, batch_weight_size=2, num_collection_passes=1 to void (__thiscall artm::core::MasterComponent::*)(class artm::FitOfflineMasterModelArgs const &)
I0906 19:43:57.698460 11624 master_component.cc:942] ProcessBatchesArgs: nwt_target_name=nwt, batch_filename_size=2, batch_size=0, batch_weight_size=2, pwt_source_name=pwt, num_document_passes=1, regularizer=(name:SparsePhi, tau:100000), class=(text:1), class=(author:1), reuse_theta=yes, opt_for_avx=yes, predict_class_id=
I0906 19:43:57.755508  5520 processor.cc:669] Processing queue has data, processing started
I0906 19:43:57.756511  9288 processor.cc:669] Processing queue has data, processing started
I0906 19:43:57.778528  5520 processor.cc:746] Processor: start processing batch a7a16936-73e2-45c1-9427-e4bd061258f9 into model nwt
I0906 19:43:57.799538  9288 processor.cc:746] Processor: start processing batch 8efdc08c-fc1c-4505-a284-679e4c9958d7 into model nwt
I0906 19:43:58.084254  5520 processor.cc:842] Processor: complete processing batch a7a16936-73e2-45c1-9427-e4bd061258f9 into model nwt
I0906 19:43:58.089756  5520 cuckoo_watch.h:44] 334ms in ProcessBatch(D:\Coursera\Notebooks\homeworks\MyHW\3-4\lectures_batches\aaaaaa.batch) [including 21ms in LoadMessage; 25ms in InitializeSparseNdw; 279ms in InferThetaAndUpdateNwtSparse; ]
I0906 19:43:58.109771  5520 processor.cc:662] No data in processing queue, waiting...
I0906 19:43:58.440024  9288 processor.cc:842] Processor: complete processing batch 8efdc08c-fc1c-4505-a284-679e4c9958d7 into model nwt
I0906 19:43:58.447028  9288 cuckoo_watch.h:44] 690ms in ProcessBatch(D:\Coursera\Notebooks\homeworks\MyHW\3-4\lectures_batches\aaaaab.batch) [including 41ms in LoadMessage; 59ms in InitializeSparseNdw; 581ms in InferThetaAndUpdateNwtSparse; ]
I0906 19:43:58.449031 11624 master_component.cc:980] RegularizeModelArgs: rwt_target_name=rwt, pwt_source_name=pwt, nwt_source_name=nwt
I0906 19:43:58.449031 11624 master_component.cc:590] MasterComponent: start regularizing model pwt
I0906 19:43:58.468042  9288 processor.cc:662] No data in processing queue, waiting...
I0906 19:43:58.577126 11624 master_component.cc:613] MasterComponent: complete regularizing model pwt
I0906 19:43:58.577126 11624 master_component.cc:991] NormalizeModelArgs: pwt_target_name=pwt, nwt_source_name=nwt, rwt_source_name=rwt
I0906 19:43:58.577126 11624 master_component.cc:617] MasterComponent: start normalizing model nwt
I0906 19:43:58.671200 11624 master_component.cc:639] MasterComponent: complete normalizing model nwt
I0906 19:43:59.111078 11624 master_component.cc:1015] DisposeModel rwt
