I0907 18:36:55.117897  9176 processor.cc:669] Processing queue has data, processing started
I0907 18:36:55.117897  1084 processor.cc:669] Processing queue has data, processing started
I0907 18:36:55.138900  9176 processor.cc:746] Processor: start processing batch 071eb526-432a-47c3-b517-aa155b5c3cdb into model nwt
I0907 18:36:55.156911  1084 processor.cc:746] Processor: start processing batch 675e1af2-71ca-414a-be34-ca3fde15a426 into model nwt
I0907 18:36:55.368065  9176 processor.cc:842] Processor: complete processing batch 071eb526-432a-47c3-b517-aa155b5c3cdb into model nwt
I0907 18:36:55.373070  9176 cuckoo_watch.h:44] 255ms in ProcessBatch(D:\Coursera\Notebooks\homeworks\MyHW\3-4\lectures_batches\aaaaaa.batch) [including 18ms in LoadMessage; 25ms in InitializeSparseNdw; 203ms in InferThetaAndUpdateNwtSparse; ]
I0907 18:36:55.394088  9176 processor.cc:662] No data in processing queue, waiting...
I0907 18:36:55.592234  1084 processor.cc:842] Processor: complete processing batch 675e1af2-71ca-414a-be34-ca3fde15a426 into model nwt
I0907 18:36:55.597236  1084 cuckoo_watch.h:44] 479ms in ProcessBatch(D:\Coursera\Notebooks\homeworks\MyHW\3-4\lectures_batches\aaaaab.batch) [including 37ms in LoadMessage; 51ms in InitializeSparseNdw; 384ms in InferThetaAndUpdateNwtSparse; ]
I0907 18:36:55.598238 10364 master_component.cc:980] RegularizeModelArgs: rwt_target_name=rwt, pwt_source_name=pwt, nwt_source_name=nwt
I0907 18:36:55.598238 10364 master_component.cc:590] MasterComponent: start regularizing model pwt
I0907 18:36:55.617251  1084 processor.cc:662] No data in processing queue, waiting...
I0907 18:36:55.756350 10364 master_component.cc:613] MasterComponent: complete regularizing model pwt
I0907 18:36:55.756350 10364 master_component.cc:991] NormalizeModelArgs: pwt_target_name=pwt, nwt_source_name=nwt, rwt_source_name=rwt
I0907 18:36:55.756350 10364 master_component.cc:617] MasterComponent: start normalizing model nwt
I0907 18:36:55.843415 10364 master_component.cc:639] MasterComponent: complete normalizing model nwt
I0907 18:36:56.294754 10364 master_component.cc:1015] DisposeModel rwt
I0907 18:36:56.303759 10364 c_interface.cc:332] Pass FitOfflineMasterModelArgs, batch_filename_size=2, batch_weight_size=2, num_collection_passes=1 to void (__thiscall artm::core::MasterComponent::*)(class artm::FitOfflineMasterModelArgs const &)
I0907 18:36:56.303759 10364 master_component.cc:942] ProcessBatchesArgs: nwt_target_name=nwt, batch_filename_size=2, batch_size=0, batch_weight_size=2, pwt_source_name=pwt, num_document_passes=1, regularizer=(name:SparsePhi, tau:100000), regularizer=(name:NegSparsePhi, tau:-100000), class=(text:1), class=(author:1), reuse_theta=yes, opt_for_avx=yes, predict_class_id=
I0907 18:36:56.367808  4672 processor.cc:669] Processing queue has data, processing started
I0907 18:36:56.369803  2888 processor.cc:669] Processing queue has data, processing started
I0907 18:36:56.396832  4672 processor.cc:746] Processor: start processing batch 071eb526-432a-47c3-b517-aa155b5c3cdb into model nwt
I0907 18:36:56.417845  2888 processor.cc:746] Processor: start processing batch 675e1af2-71ca-414a-be34-ca3fde15a426 into model nwt
I0907 18:36:56.645010  4672 processor.cc:842] Processor: complete processing batch 071eb526-432a-47c3-b517-aa155b5c3cdb into model nwt
I0907 18:36:56.650015  4672 cuckoo_watch.h:44] 282ms in ProcessBatch(D:\Coursera\Notebooks\homeworks\MyHW\3-4\lectures_batches\aaaaaa.batch) [including 27ms in LoadMessage; 27ms in InitializeSparseNdw; 221ms in InferThetaAndUpdateNwtSparse; ]
I0907 18:36:56.670027  4672 processor.cc:662] No data in processing queue, waiting...
I0907 18:36:56.876701  2888 processor.cc:842] Processor: complete processing batch 675e1af2-71ca-414a-be34-ca3fde15a426 into model nwt
I0907 18:36:56.881705  2888 cuckoo_watch.h:44] 511ms in ProcessBatch(D:\Coursera\Notebooks\homeworks\MyHW\3-4\lectures_batches\aaaaab.batch) [including 46ms in LoadMessage; 50ms in InitializeSparseNdw; 407ms in InferThetaAndUpdateNwtSparse; ]
I0907 18:36:56.883229 10364 master_component.cc:980] RegularizeModelArgs: rwt_target_name=rwt, pwt_source_name=pwt, nwt_source_name=nwt
I0907 18:36:56.883229 10364 master_component.cc:590] MasterComponent: start regularizing model pwt
I0907 18:36:56.902220  2888 processor.cc:662] No data in processing queue, waiting...
I0907 18:36:57.035315 10364 master_component.cc:613] MasterComponent: complete regularizing model pwt
I0907 18:36:57.035315 10364 master_component.cc:991] NormalizeModelArgs: pwt_target_name=pwt, nwt_source_name=nwt, rwt_source_name=rwt
I0907 18:36:57.035315 10364 master_component.cc:617] MasterComponent: start normalizing model nwt
I0907 18:36:57.138393 10364 master_component.cc:639] MasterComponent: complete normalizing model nwt
I0907 18:36:57.672781 10364 master_component.cc:1015] DisposeModel rwt
I0907 18:36:57.681290 10364 c_interface.cc:332] Pass FitOfflineMasterModelArgs, batch_filename_size=2, batch_weight_size=2, num_collection_passes=1 to void (__thiscall artm::core::MasterComponent::*)(class artm::FitOfflineMasterModelArgs const &)
I0907 18:36:57.681290 10364 master_component.cc:942] ProcessBatchesArgs: nwt_target_name=nwt, batch_filename_size=2, batch_size=0, batch_weight_size=2, pwt_source_name=pwt, num_document_passes=1, regularizer=(name:SparsePhi, tau:100000), regularizer=(name:NegSparsePhi, tau:-100000), class=(text:1), class=(author:1), reuse_theta=yes, opt_for_avx=yes, predict_class_id=
I0907 18:36:57.733829  2888 processor.cc:669] Processing queue has data, processing started
I0907 18:36:57.735831  9176 processor.cc:669] Processing queue has data, processing started
I0907 18:36:57.757850  2888 processor.cc:746] Processor: start processing batch 071eb526-432a-47c3-b517-aa155b5c3cdb into model nwt
I0907 18:36:57.774858  9176 processor.cc:746] Processor: start processing batch 675e1af2-71ca-414a-be34-ca3fde15a426 into model nwt
I0907 18:36:57.976011  2888 processor.cc:842] Processor: complete processing batch 071eb526-432a-47c3-b517-aa155b5c3cdb into model nwt
I0907 18:36:57.981020  2888 cuckoo_watch.h:44] 247ms in ProcessBatch(D:\Coursera\Notebooks\homeworks\MyHW\3-4\lectures_batches\aaaaaa.batch) [including 22ms in LoadMessage; 21ms in InitializeSparseNdw; 195ms in InferThetaAndUpdateNwtSparse; ]
I0907 18:36:58.000036  2888 processor.cc:662] No data in processing queue, waiting...
I0907 18:36:58.238221  9176 processor.cc:842] Processor: complete processing batch 675e1af2-71ca-414a-be34-ca3fde15a426 into model nwt
I0907 18:36:58.244225  9176 cuckoo_watch.h:44] 508ms in ProcessBatch(D:\Coursera\Notebooks\homeworks\MyHW\3-4\lectures_batches\aaaaab.batch) [including 38ms in LoadMessage; 54ms in InitializeSparseNdw; 408ms in InferThetaAndUpdateNwtSparse; ]
I0907 18:36:58.246227 10364 master_component.cc:980] RegularizeModelArgs: rwt_target_name=rwt, pwt_source_name=pwt, nwt_source_name=nwt
I0907 18:36:58.246227 10364 master_component.cc:590] MasterComponent: start regularizing model pwt
I0907 18:36:58.264238  9176 processor.cc:662] No data in processing queue, waiting...
I0907 18:36:58.408347 10364 master_component.cc:613] MasterComponent: complete regularizing model pwt
I0907 18:36:58.408347 10364 master_component.cc:991] NormalizeModelArgs: pwt_target_name=pwt, nwt_source_name=nwt, rwt_source_name=rwt
I0907 18:36:58.408347 10364 master_component.cc:617] MasterComponent: start normalizing model nwt
I0907 18:36:58.497413 10364 master_component.cc:639] MasterComponent: complete normalizing model nwt
I0907 18:36:59.000804 10364 master_component.cc:1015] DisposeModel rwt
I0907 18:36:59.010810 10364 c_interface.cc:332] Pass FitOfflineMasterModelArgs, batch_filename_size=2, batch_weight_size=2, num_collection_passes=1 to void (__thiscall artm::core::MasterComponent::*)(class artm::FitOfflineMasterModelArgs const &)
I0907 18:36:59.010810 10364 master_component.cc:942] ProcessBatchesArgs: nwt_target_name=nwt, batch_filename_size=2, batch_size=0, batch_weight_size=2, pwt_source_name=pwt, num_document_passes=1, regularizer=(name:SparsePhi, tau:100000), regularizer=(name:NegSparsePhi, tau:-100000), class=(text:1), class=(author:1), reuse_theta=yes, opt_for_avx=yes, predict_class_id=
I0907 18:36:59.088867  9176 processor.cc:669] Processing queue has data, processing started
I0907 18:36:59.089867  4672 processor.cc:669] Processing queue has data, processing started
I0907 18:36:59.117890  9176 processor.cc:746] Processor: start processing batch 071eb526-432a-47c3-b517-aa155b5c3cdb into model nwt
I0907 18:36:59.140907  4672 processor.cc:746] Processor: start processing batch 675e1af2-71ca-414a-be34-ca3fde15a426 into model nwt
I0907 18:36:59.338054  9176 processor.cc:842] Processor: complete processing batch 071eb526-432a-47c3-b517-aa155b5c3cdb into model nwt
I0907 18:36:59.341056  9176 cuckoo_watch.h:44] 252ms in ProcessBatch(D:\Coursera\Notebooks\homeworks\MyHW\3-4\lectures_batches\aaaaaa.batch) [including 27ms in LoadMessage; 27ms in InitializeSparseNdw; 192ms in InferThetaAndUpdateNwtSparse; ]
I0907 18:36:59.360069  9176 processor.cc:662] No data in processing queue, waiting...
I0907 18:36:59.567319  4672 processor.cc:842] Processor: complete processing batch 675e1af2-71ca-414a-be34-ca3fde15a426 into model nwt
I0907 18:36:59.572322  4672 cuckoo_watch.h:44] 482ms in ProcessBatch(D:\Coursera\Notebooks\homeworks\MyHW\3-4\lectures_batches\aaaaab.batch) [including 49ms in LoadMessage; 51ms in InitializeSparseNdw; 374ms in InferThetaAndUpdateNwtSparse; ]
I0907 18:36:59.573324 10364 master_component.cc:980] RegularizeModelArgs: rwt_target_name=rwt, pwt_source_name=pwt, nwt_source_name=nwt
I0907 18:36:59.573324 10364 master_component.cc:590] MasterComponent: start regularizing model pwt
I0907 18:36:59.592339  4672 processor.cc:662] No data in processing queue, waiting...
I0907 18:36:59.738451 10364 master_component.cc:613] MasterComponent: complete regularizing model pwt
I0907 18:36:59.738451 10364 master_component.cc:991] NormalizeModelArgs: pwt_target_name=pwt, nwt_source_name=nwt, rwt_source_name=rwt
I0907 18:36:59.739452 10364 master_component.cc:617] MasterComponent: start normalizing model nwt
I0907 18:36:59.838527 10364 master_component.cc:639] MasterComponent: complete normalizing model nwt
I0907 18:37:00.247833 10364 master_component.cc:1015] DisposeModel rwt
I0907 18:37:00.255837 10364 c_interface.cc:332] Pass FitOfflineMasterModelArgs, batch_filename_size=2, batch_weight_size=2, num_collection_passes=1 to void (__thiscall artm::core::MasterComponent::*)(class artm::FitOfflineMasterModelArgs const &)
I0907 18:37:00.255837 10364 master_component.cc:942] ProcessBatchesArgs: nwt_target_name=nwt, batch_filename_size=2, batch_size=0, batch_weight_size=2, pwt_source_name=pwt, num_document_passes=1, regularizer=(name:SparsePhi, tau:100000), regularizer=(name:NegSparsePhi, tau:-100000), class=(text:1), class=(author:1), reuse_theta=yes, opt_for_avx=yes, predict_class_id=
I0907 18:37:00.305883  4672 processor.cc:669] Processing queue has data, processing started
I0907 18:37:00.305883  1084 processor.cc:669] Processing queue has data, processing started
I0907 18:37:00.328896  4672 processor.cc:746] Processor: start processing batch 071eb526-432a-47c3-b517-aa155b5c3cdb into model nwt
I0907 18:37:00.345906  1084 processor.cc:746] Processor: start processing batch 675e1af2-71ca-414a-be34-ca3fde15a426 into model nwt
I0907 18:37:00.559065  4672 processor.cc:842] Processor: complete processing batch 071eb526-432a-47c3-b517-aa155b5c3cdb into model nwt
I0907 18:37:00.565069  4672 cuckoo_watch.h:44] 259ms in ProcessBatch(D:\Coursera\Notebooks\homeworks\MyHW\3-4\lectures_batches\aaaaaa.batch) [including 22ms in LoadMessage; 23ms in InitializeSparseNdw; 206ms in InferThetaAndUpdateNwtSparse; ]
I0907 18:37:00.584085  4672 processor.cc:662] No data in processing queue, waiting...
I0907 18:37:00.790740  1084 processor.cc:842] Processor: complete processing batch 675e1af2-71ca-414a-be34-ca3fde15a426 into model nwt
I0907 18:37:00.797149  1084 cuckoo_watch.h:44] 491ms in ProcessBatch(D:\Coursera\Notebooks\homeworks\MyHW\3-4\lectures_batches\aaaaab.batch) [including 38ms in LoadMessage; 50ms in InitializeSparseNdw; 393ms in InferThetaAndUpdateNwtSparse; ]
I0907 18:37:00.798152 10364 master_component.cc:980] RegularizeModelArgs: rwt_target_name=rwt, pwt_source_name=pwt, nwt_source_name=nwt
I0907 18:37:00.798152 10364 master_component.cc:590] MasterComponent: start regularizing model pwt
I0907 18:37:00.818163  1084 processor.cc:662] No data in processing queue, waiting...
I0907 18:37:00.948254 10364 master_component.cc:613] MasterComponent: complete regularizing model pwt
I0907 18:37:00.948254 10364 master_component.cc:991] NormalizeModelArgs: pwt_target_name=pwt, nwt_source_name=nwt, rwt_source_name=rwt
I0907 18:37:00.948254 10364 master_component.cc:617] MasterComponent: start normalizing model nwt
I0907 18:37:01.033319 10364 master_component.cc:639] MasterComponent: complete normalizing model nwt
I0907 18:37:01.438611 10364 master_component.cc:1015] DisposeModel rwt
I0907 18:37:01.446616 10364 c_interface.cc:332] Pass FitOfflineMasterModelArgs, batch_filename_size=2, batch_weight_size=2, num_collection_passes=1 to void (__thiscall artm::core::MasterComponent::*)(class artm::FitOfflineMasterModelArgs const &)
I0907 18:37:01.446616 10364 master_component.cc:942] ProcessBatchesArgs: nwt_target_name=nwt, batch_filename_size=2, batch_size=0, batch_weight_size=2, pwt_source_name=pwt, num_document_passes=1, regularizer=(name:SparsePhi, tau:100000), regularizer=(name:NegSparsePhi, tau:-100000), class=(text:1), class=(author:1), reuse_theta=yes, opt_for_avx=yes, predict_class_id=
I0907 18:37:01.497658  2888 processor.cc:669] Processing queue has data, processing started
I0907 18:37:01.499657  4672 processor.cc:669] Processing queue has data, processing started
I0907 18:37:01.522673  2888 processor.cc:746] Processor: start processing batch 071eb526-432a-47c3-b517-aa155b5c3cdb into model nwt
I0907 18:37:01.543689  4672 processor.cc:746] Processor: start processing batch 675e1af2-71ca-414a-be34-ca3fde15a426 into model nwt
I0907 18:37:01.778864  2888 processor.cc:842] Processor: complete processing batch 071eb526-432a-47c3-b517-aa155b5c3cdb into model nwt
I0907 18:37:01.783372  2888 cuckoo_watch.h:44] 285ms in ProcessBatch(D:\Coursera\Notebooks\homeworks\MyHW\3-4\lectures_batches\aaaaaa.batch) [including 23ms in LoadMessage; 26ms in InitializeSparseNdw; 229ms in InferThetaAndUpdateNwtSparse; ]
I0907 18:37:01.802888  2888 processor.cc:662] No data in processing queue, waiting...
I0907 18:37:02.018049  4672 processor.cc:842] Processor: complete processing batch 675e1af2-71ca-414a-be34-ca3fde15a426 into model nwt
I0907 18:37:02.023052  4672 cuckoo_watch.h:44] 523ms in ProcessBatch(D:\Coursera\Notebooks\homeworks\MyHW\3-4\lectures_batches\aaaaab.batch) [including 42ms in LoadMessage; 65ms in InitializeSparseNdw; 407ms in InferThetaAndUpdateNwtSparse; ]
I0907 18:37:02.025082 10364 master_component.cc:980] RegularizeModelArgs: rwt_target_name=rwt, pwt_source_name=pwt, nwt_source_name=nwt
I0907 18:37:02.025082 10364 master_component.cc:590] MasterComponent: start regularizing model pwt
I0907 18:37:02.044066  4672 processor.cc:662] No data in processing queue, waiting...
I0907 18:37:02.187175 10364 master_component.cc:613] MasterComponent: complete regularizing model pwt
I0907 18:37:02.187175 10364 master_component.cc:991] NormalizeModelArgs: pwt_target_name=pwt, nwt_source_name=nwt, rwt_source_name=rwt
I0907 18:37:02.187175 10364 master_component.cc:617] MasterComponent: start normalizing model nwt
I0907 18:37:02.281250 10364 master_component.cc:639] MasterComponent: complete normalizing model nwt
I0907 18:37:02.714573 10364 master_component.cc:1015] DisposeModel rwt
I0907 18:37:02.722581 10364 c_interface.cc:332] Pass FitOfflineMasterModelArgs, batch_filename_size=2, batch_weight_size=2, num_collection_passes=1 to void (__thiscall artm::core::MasterComponent::*)(class artm::FitOfflineMasterModelArgs const &)
I0907 18:37:02.722581 10364 master_component.cc:942] ProcessBatchesArgs: nwt_target_name=nwt, batch_filename_size=2, batch_size=0, batch_weight_size=2, pwt_source_name=pwt, num_document_passes=1, regularizer=(name:SparsePhi, tau:100000), regularizer=(name:NegSparsePhi, tau:-100000), class=(text:1), class=(author:1), reuse_theta=yes, opt_for_avx=yes, predict_class_id=
I0907 18:37:02.773617  1084 processor.cc:669] Processing queue has data, processing started
I0907 18:37:02.773617  2888 processor.cc:669] Processing queue has data, processing started
I0907 18:37:02.796633  2888 processor.cc:746] Processor: start processing batch 071eb526-432a-47c3-b517-aa155b5c3cdb into model nwt
I0907 18:37:02.817652  1084 processor.cc:746] Processor: start processing batch 675e1af2-71ca-414a-be34-ca3fde15a426 into model nwt
I0907 18:37:03.031810  2888 processor.cc:842] Processor: complete processing batch 071eb526-432a-47c3-b517-aa155b5c3cdb into model nwt
I0907 18:37:03.035812  2888 cuckoo_watch.h:44] 262ms in ProcessBatch(D:\Coursera\Notebooks\homeworks\MyHW\3-4\lectures_batches\aaaaaa.batch) [including 21ms in LoadMessage; 28ms in InitializeSparseNdw; 206ms in InferThetaAndUpdateNwtSparse; ]
I0907 18:37:03.054824  2888 processor.cc:662] No data in processing queue, waiting...
I0907 18:37:03.257983  1084 processor.cc:842] Processor: complete processing batch 675e1af2-71ca-414a-be34-ca3fde15a426 into model nwt
I0907 18:37:03.262986  1084 cuckoo_watch.h:44] 489ms in ProcessBatch(D:\Coursera\Notebooks\homeworks\MyHW\3-4\lectures_batches\aaaaab.batch) [including 41ms in LoadMessage; 50ms in InitializeSparseNdw; 389ms in InferThetaAndUpdateNwtSparse; ]
I0907 18:37:03.264009 10364 master_component.cc:980] RegularizeModelArgs: rwt_target_name=rwt, pwt_source_name=pwt, nwt_source_name=nwt
I0907 18:37:03.264009 10364 master_component.cc:590] MasterComponent: start regularizing model pwt
I0907 18:37:03.284003  1084 processor.cc:662] No data in processing queue, waiting...
I0907 18:37:03.413125 10364 master_component.cc:613] MasterComponent: complete regularizing model pwt
I0907 18:37:03.413125 10364 master_component.cc:991] NormalizeModelArgs: pwt_target_name=pwt, nwt_source_name=nwt, rwt_source_name=rwt
I0907 18:37:03.413125 10364 master_component.cc:617] MasterComponent: start normalizing model nwt
I0907 18:37:03.497187 10364 master_component.cc:639] MasterComponent: complete normalizing model nwt
I0907 18:37:03.893982 10364 master_component.cc:1015] DisposeModel rwt
I0907 18:37:03.901490 10364 c_interface.cc:332] Pass FitOfflineMasterModelArgs, batch_filename_size=2, batch_weight_size=2, num_collection_passes=1 to void (__thiscall artm::core::MasterComponent::*)(class artm::FitOfflineMasterModelArgs const &)
I0907 18:37:03.901490 10364 master_component.cc:942] ProcessBatchesArgs: nwt_target_name=nwt, batch_filename_size=2, batch_size=0, batch_weight_size=2, pwt_source_name=pwt, num_document_passes=1, regularizer=(name:SparsePhi, tau:100000), regularizer=(name:NegSparsePhi, tau:-100000), class=(text:1), class=(author:1), reuse_theta=yes, opt_for_avx=yes, predict_class_id=
I0907 18:37:03.953529  4672 processor.cc:669] Processing queue has data, processing started
I0907 18:37:03.953529  2888 processor.cc:669] Processing queue has data, processing started
I0907 18:37:03.975543  4672 processor.cc:746] Processor: start processing batch 071eb526-432a-47c3-b517-aa155b5c3cdb into model nwt
I0907 18:37:03.990561  2888 processor.cc:746] Processor: start processing batch 675e1af2-71ca-414a-be34-ca3fde15a426 into model nwt
I0907 18:37:04.197711  4672 processor.cc:842] Processor: complete processing batch 071eb526-432a-47c3-b517-aa155b5c3cdb into model nwt
I0907 18:37:04.201714  4672 cuckoo_watch.h:44] 248ms in ProcessBatch(D:\Coursera\Notebooks\homeworks\MyHW\3-4\lectures_batches\aaaaaa.batch) [including 21ms in LoadMessage; 20ms in InitializeSparseNdw; 201ms in InferThetaAndUpdateNwtSparse; ]
I0907 18:37:04.221726  4672 processor.cc:662] No data in processing queue, waiting...
I0907 18:37:04.425881  2888 processor.cc:842] Processor: complete processing batch 675e1af2-71ca-414a-be34-ca3fde15a426 into model nwt
I0907 18:37:04.431886  2888 cuckoo_watch.h:44] 478ms in ProcessBatch(D:\Coursera\Notebooks\homeworks\MyHW\3-4\lectures_batches\aaaaab.batch) [including 35ms in LoadMessage; 48ms in InitializeSparseNdw; 387ms in InferThetaAndUpdateNwtSparse; ]
I0907 18:37:04.432907 10364 master_component.cc:980] RegularizeModelArgs: rwt_target_name=rwt, pwt_source_name=pwt, nwt_source_name=nwt
I0907 18:37:04.432907 10364 master_component.cc:590] MasterComponent: start regularizing model pwt
I0907 18:37:04.452899  2888 processor.cc:662] No data in processing queue, waiting...
I0907 18:37:04.582505 10364 master_component.cc:613] MasterComponent: complete regularizing model pwt
I0907 18:37:04.582505 10364 master_component.cc:991] NormalizeModelArgs: pwt_target_name=pwt, nwt_source_name=nwt, rwt_source_name=rwt
I0907 18:37:04.582505 10364 master_component.cc:617] MasterComponent: start normalizing model nwt
I0907 18:37:04.666061 10364 master_component.cc:639] MasterComponent: complete normalizing model nwt
I0907 18:37:05.097882 10364 master_component.cc:1015] DisposeModel rwt
I0907 18:37:05.107393 10364 c_interface.cc:332] Pass FitOfflineMasterModelArgs, batch_filename_size=2, batch_weight_size=2, num_collection_passes=1 to void (__thiscall artm::core::MasterComponent::*)(class artm::FitOfflineMasterModelArgs const &)
I0907 18:37:05.107393 10364 master_component.cc:942] ProcessBatchesArgs: nwt_target_name=nwt, batch_filename_size=2, batch_size=0, batch_weight_size=2, pwt_source_name=pwt, num_document_passes=1, regularizer=(name:SparsePhi, tau:100000), regularizer=(name:NegSparsePhi, tau:-100000), class=(text:1), class=(author:1), reuse_theta=yes, opt_for_avx=yes, predict_class_id=
I0907 18:37:05.161427  1084 processor.cc:669] Processing queue has data, processing started
I0907 18:37:05.162431  2888 processor.cc:669] Processing queue has data, processing started
I0907 18:37:05.186950  1084 processor.cc:746] Processor: start processing batch 071eb526-432a-47c3-b517-aa155b5c3cdb into model nwt
I0907 18:37:05.210475  2888 processor.cc:746] Processor: start processing batch 675e1af2-71ca-414a-be34-ca3fde15a426 into model nwt
I0907 18:37:05.451648  1084 processor.cc:842] Processor: complete processing batch 071eb526-432a-47c3-b517-aa155b5c3cdb into model nwt
I0907 18:37:05.455651  1084 cuckoo_watch.h:44] 294ms in ProcessBatch(D:\Coursera\Notebooks\homeworks\MyHW\3-4\lectures_batches\aaaaaa.batch) [including 23ms in LoadMessage; 31ms in InitializeSparseNdw; 232ms in InferThetaAndUpdateNwtSparse; ]
I0907 18:37:05.475664  1084 processor.cc:662] No data in processing queue, waiting...
I0907 18:37:05.708865  2888 processor.cc:842] Processor: complete processing batch 675e1af2-71ca-414a-be34-ca3fde15a426 into model nwt
I0907 18:37:05.715869  2888 cuckoo_watch.h:44] 553ms in ProcessBatch(D:\Coursera\Notebooks\homeworks\MyHW\3-4\lectures_batches\aaaaab.batch) [including 45ms in LoadMessage; 68ms in InitializeSparseNdw; 429ms in InferThetaAndUpdateNwtSparse; ]
I0907 18:37:05.717887 10364 master_component.cc:980] RegularizeModelArgs: rwt_target_name=rwt, pwt_source_name=pwt, nwt_source_name=nwt
I0907 18:37:05.717887 10364 master_component.cc:590] MasterComponent: start regularizing model pwt
I0907 18:37:05.738888  2888 processor.cc:662] No data in processing queue, waiting...
I0907 18:37:05.881577 10364 master_component.cc:613] MasterComponent: complete regularizing model pwt
I0907 18:37:05.881577 10364 master_component.cc:991] NormalizeModelArgs: pwt_target_name=pwt, nwt_source_name=nwt, rwt_source_name=rwt
I0907 18:37:05.881577 10364 master_component.cc:617] MasterComponent: start normalizing model nwt
I0907 18:37:05.967140 10364 master_component.cc:639] MasterComponent: complete normalizing model nwt
I0907 18:37:06.380455 10364 master_component.cc:1015] DisposeModel rwt
I0907 18:37:06.388968 10364 c_interface.cc:332] Pass FitOfflineMasterModelArgs, batch_filename_size=2, batch_weight_size=2, num_collection_passes=1 to void (__thiscall artm::core::MasterComponent::*)(class artm::FitOfflineMasterModelArgs const &)
I0907 18:37:06.388968 10364 master_component.cc:942] ProcessBatchesArgs: nwt_target_name=nwt, batch_filename_size=2, batch_size=0, batch_weight_size=2, pwt_source_name=pwt, num_document_passes=1, regularizer=(name:SparsePhi, tau:100000), regularizer=(name:NegSparsePhi, tau:-100000), class=(text:1), class=(author:1), reuse_theta=yes, opt_for_avx=yes, predict_class_id=
I0907 18:37:06.439543  2888 processor.cc:669] Processing queue has data, processing started
I0907 18:37:06.439543  9176 processor.cc:669] Processing queue has data, processing started
I0907 18:37:06.465522  2888 processor.cc:746] Processor: start processing batch 071eb526-432a-47c3-b517-aa155b5c3cdb into model nwt
I0907 18:37:06.479531  9176 processor.cc:746] Processor: start processing batch 675e1af2-71ca-414a-be34-ca3fde15a426 into model nwt
I0907 18:37:06.701701  2888 processor.cc:842] Processor: complete processing batch 071eb526-432a-47c3-b517-aa155b5c3cdb into model nwt
I0907 18:37:06.706706  2888 cuckoo_watch.h:44] 267ms in ProcessBatch(D:\Coursera\Notebooks\homeworks\MyHW\3-4\lectures_batches\aaaaaa.batch) [including 24ms in LoadMessage; 22ms in InitializeSparseNdw; 212ms in InferThetaAndUpdateNwtSparse; ]
I0907 18:37:06.725718  2888 processor.cc:662] No data in processing queue, waiting...
I0907 18:37:06.926879  9176 processor.cc:842] Processor: complete processing batch 675e1af2-71ca-414a-be34-ca3fde15a426 into model nwt
I0907 18:37:06.931884  9176 cuckoo_watch.h:44] 492ms in ProcessBatch(D:\Coursera\Notebooks\homeworks\MyHW\3-4\lectures_batches\aaaaab.batch) [including 38ms in LoadMessage; 56ms in InitializeSparseNdw; 391ms in InferThetaAndUpdateNwtSparse; ]
I0907 18:37:06.932950 10364 master_component.cc:980] RegularizeModelArgs: rwt_target_name=rwt, pwt_source_name=pwt, nwt_source_name=nwt
I0907 18:37:06.932950 10364 master_component.cc:590] MasterComponent: start regularizing model pwt
I0907 18:37:06.951896  9176 processor.cc:662] No data in processing queue, waiting...
I0907 18:37:07.082990 10364 master_component.cc:613] MasterComponent: complete regularizing model pwt
I0907 18:37:07.082990 10364 master_component.cc:991] NormalizeModelArgs: pwt_target_name=pwt, nwt_source_name=nwt, rwt_source_name=rwt
I0907 18:37:07.082990 10364 master_component.cc:617] MasterComponent: start normalizing model nwt
I0907 18:37:07.168833 10364 master_component.cc:639] MasterComponent: complete normalizing model nwt
I0907 18:37:07.563123 10364 master_component.cc:1015] DisposeModel rwt
I0907 18:37:07.571130 10364 c_interface.cc:332] Pass FitOfflineMasterModelArgs, batch_filename_size=2, batch_weight_size=2, num_collection_passes=1 to void (__thiscall artm::core::MasterComponent::*)(class artm::FitOfflineMasterModelArgs const &)
I0907 18:37:07.571130 10364 master_component.cc:942] ProcessBatchesArgs: nwt_target_name=nwt, batch_filename_size=2, batch_size=0, batch_weight_size=2, pwt_source_name=pwt, num_document_passes=1, regularizer=(name:SparsePhi, tau:100000), regularizer=(name:NegSparsePhi, tau:-100000), class=(text:1), class=(author:1), reuse_theta=yes, opt_for_avx=yes, predict_class_id=
I0907 18:37:07.621170  1084 processor.cc:669] Processing queue has data, processing started
I0907 18:37:07.622170  2888 processor.cc:669] Processing queue has data, processing started
I0907 18:37:07.641189  1084 processor.cc:746] Processor: start processing batch 071eb526-432a-47c3-b517-aa155b5c3cdb into model nwt
I0907 18:37:07.655194  2888 processor.cc:746] Processor: start processing batch 675e1af2-71ca-414a-be34-ca3fde15a426 into model nwt
I0907 18:37:07.853353  1084 processor.cc:842] Processor: complete processing batch 071eb526-432a-47c3-b517-aa155b5c3cdb into model nwt
I0907 18:37:07.857357  1084 cuckoo_watch.h:44] 236ms in ProcessBatch(D:\Coursera\Notebooks\homeworks\MyHW\3-4\lectures_batches\aaaaaa.batch) [including 18ms in LoadMessage; 22ms in InitializeSparseNdw; 189ms in InferThetaAndUpdateNwtSparse; ]
I0907 18:37:07.877369  1084 processor.cc:662] No data in processing queue, waiting...
I0907 18:37:08.080544  2888 processor.cc:842] Processor: complete processing batch 675e1af2-71ca-414a-be34-ca3fde15a426 into model nwt
I0907 18:37:08.089059  2888 cuckoo_watch.h:44] 466ms in ProcessBatch(D:\Coursera\Notebooks\homeworks\MyHW\3-4\lectures_batches\aaaaab.batch) [including 31ms in LoadMessage; 47ms in InitializeSparseNdw; 378ms in InferThetaAndUpdateNwtSparse; ]
I0907 18:37:08.089581 10364 master_component.cc:980] RegularizeModelArgs: rwt_target_name=rwt, pwt_source_name=pwt, nwt_source_name=nwt
I0907 18:37:08.089581 10364 master_component.cc:590] MasterComponent: start regularizing model pwt
I0907 18:37:08.110575  2888 processor.cc:662] No data in processing queue, waiting...
I0907 18:37:08.241668 10364 master_component.cc:613] MasterComponent: complete regularizing model pwt
I0907 18:37:08.241668 10364 master_component.cc:991] NormalizeModelArgs: pwt_target_name=pwt, nwt_source_name=nwt, rwt_source_name=rwt
I0907 18:37:08.241668 10364 master_component.cc:617] MasterComponent: start normalizing model nwt
I0907 18:37:08.325731 10364 master_component.cc:639] MasterComponent: complete normalizing model nwt
I0907 18:37:08.722023 10364 master_component.cc:1015] DisposeModel rwt
I0907 18:37:08.834688 10364 c_interface.cc:180] ArtmCopyRequestedMessage is copying 546458 bytes...
I0907 18:37:09.322557 10364 c_interface.cc:180] ArtmCopyRequestedMessage is copying 546458 bytes...
I0907 18:37:09.782928 10364 c_interface.cc:180] ArtmCopyRequestedMessage is copying 546458 bytes...
I0907 18:37:10.213243 10364 c_interface.cc:180] ArtmCopyRequestedMessage is copying 546458 bytes...
I0907 18:37:10.642554 10364 c_interface.cc:180] ArtmCopyRequestedMessage is copying 546458 bytes...
I0907 18:37:11.060852 10364 c_interface.cc:180] ArtmCopyRequestedMessage is copying 546458 bytes...
I0907 18:37:11.645277 10364 c_interface.cc:180] ArtmCopyRequestedMessage is copying 546458 bytes...
I0907 18:37:12.104636 10364 c_interface.cc:180] ArtmCopyRequestedMessage is copying 546458 bytes...
I0907 18:37:12.804152 10364 c_interface.cc:180] ArtmCopyRequestedMessage is copying 546458 bytes...
I0907 18:37:13.474655 10364 c_interface.cc:180] ArtmCopyRequestedMessage is copying 546458 bytes...
I0907 18:37:14.009049 10364 c_interface.cc:180] ArtmCopyRequestedMessage is copying 546458 bytes...
I0907 18:37:14.556450 10364 c_interface.cc:180] ArtmCopyRequestedMessage is copying 546458 bytes...
I0907 18:37:15.067842 10364 c_interface.cc:180] ArtmCopyRequestedMessage is copying 546458 bytes...
I0907 18:37:15.557209 10364 c_interface.cc:180] ArtmCopyRequestedMessage is copying 546458 bytes...
I0907 18:37:15.998522 10364 c_interface.cc:180] ArtmCopyRequestedMessage is copying 546458 bytes...
I0907 18:37:16.435849 10364 c_interface.cc:180] ArtmCopyRequestedMessage is copying 546458 bytes...
I0907 18:37:16.901191 10364 c_interface.cc:180] ArtmCopyRequestedMessage is copying 546458 bytes...
I0907 18:37:17.328505 10364 c_interface.cc:180] ArtmCopyRequestedMessage is copying 546458 bytes...
I0907 18:37:17.757824 10364 c_interface.cc:180] ArtmCopyRequestedMessage is copying 546458 bytes...
I0907 18:37:18.197156 10364 c_interface.cc:180] ArtmCopyRequestedMessage is copying 546458 bytes...
I0907 18:37:18.622584 10364 c_interface.cc:180] ArtmCopyRequestedMessage is copying 546458 bytes...
I0907 18:37:19.108937 10364 c_interface.cc:180] ArtmCopyRequestedMessage is copying 546458 bytes...
I0907 18:37:19.601297 10364 c_interface.cc:180] ArtmCopyRequestedMessage is copying 546458 bytes...
I0907 18:37:20.151257 10364 c_interface.cc:180] ArtmCopyRequestedMessage is copying 546458 bytes...
I0907 18:37:20.675143 10364 c_interface.cc:180] ArtmCopyRequestedMessage is copying 546458 bytes...
I0907 18:37:21.237259 10364 c_interface.cc:180] ArtmCopyRequestedMessage is copying 546458 bytes...
I0907 18:37:21.702711 10364 c_interface.cc:180] ArtmCopyRequestedMessage is copying 546458 bytes...
I0907 18:37:22.155637 10364 c_interface.cc:180] ArtmCopyRequestedMessage is copying 546458 bytes...
I0907 18:37:22.596567 10364 c_interface.cc:180] ArtmCopyRequestedMessage is copying 546458 bytes...
I0907 18:37:23.063079 10364 c_interface.cc:180] ArtmCopyRequestedMessage is copying 546458 bytes...
I0907 18:37:23.505466 10364 c_interface.cc:180] ArtmCopyRequestedMessage is copying 902989 bytes...
I0907 18:37:23.930794 10364 c_interface.cc:180] ArtmCopyRequestedMessage is copying 902989 bytes...
I0907 18:37:24.351089 10364 c_interface.cc:180] ArtmCopyRequestedMessage is copying 902989 bytes...
I0907 18:37:24.774389 10364 c_interface.cc:180] ArtmCopyRequestedMessage is copying 902989 bytes...
I0907 18:37:25.195685 10364 c_interface.cc:180] ArtmCopyRequestedMessage is copying 902989 bytes...
I0907 18:37:25.612985 10364 c_interface.cc:180] ArtmCopyRequestedMessage is copying 902989 bytes...
I0907 18:37:26.031286 10364 c_interface.cc:180] ArtmCopyRequestedMessage is copying 902989 bytes...
I0907 18:37:26.448400 10364 c_interface.cc:180] ArtmCopyRequestedMessage is copying 902989 bytes...
I0907 18:37:26.863714 10364 c_interface.cc:180] ArtmCopyRequestedMessage is copying 902989 bytes...
I0907 18:37:27.280019 10364 c_interface.cc:180] ArtmCopyRequestedMessage is copying 902989 bytes...
I0907 18:37:27.695324 10364 c_interface.cc:180] ArtmCopyRequestedMessage is copying 902989 bytes...
I0907 18:37:28.112110 10364 c_interface.cc:180] ArtmCopyRequestedMessage is copying 902989 bytes...
I0907 18:37:28.527456 10364 c_interface.cc:180] ArtmCopyRequestedMessage is copying 902989 bytes...
I0907 18:37:28.941265 10364 c_interface.cc:180] ArtmCopyRequestedMessage is copying 902989 bytes...
I0907 18:37:29.355571 10364 c_interface.cc:180] ArtmCopyRequestedMessage is copying 902989 bytes...
I0907 18:37:29.773872 10364 c_interface.cc:180] ArtmCopyRequestedMessage is copying 902989 bytes...
I0907 18:37:30.194190 10364 c_interface.cc:180] ArtmCopyRequestedMessage is copying 902989 bytes...
I0907 18:37:30.608996 10364 c_interface.cc:180] ArtmCopyRequestedMessage is copying 902989 bytes...
I0907 18:37:31.066828 10364 c_interface.cc:180] ArtmCopyRequestedMessage is copying 902989 bytes...
I0907 18:37:31.524188 10364 c_interface.cc:180] ArtmCopyRequestedMessage is copying 902989 bytes...
I0907 18:37:31.965328 10364 c_interface.cc:180] ArtmCopyRequestedMessage is copying 902989 bytes...
I0907 18:37:32.379626 10364 c_interface.cc:180] ArtmCopyRequestedMessage is copying 902989 bytes...
I0907 18:37:32.862984 10364 c_interface.cc:180] ArtmCopyRequestedMessage is copying 902989 bytes...
I0907 18:37:33.345073 10364 c_interface.cc:180] ArtmCopyRequestedMessage is copying 902989 bytes...
I0907 18:37:33.785976 10364 c_interface.cc:180] ArtmCopyRequestedMessage is copying 902989 bytes...
I0907 18:37:34.279398 10364 c_interface.cc:180] ArtmCopyRequestedMessage is copying 902989 bytes...
I0907 18:37:34.749747 10364 c_interface.cc:180] ArtmCopyRequestedMessage is copying 902989 bytes...
I0907 18:37:35.270138 10364 c_interface.cc:180] ArtmCopyRequestedMessage is copying 902989 bytes...
I0907 18:37:35.692446 10364 c_interface.cc:180] ArtmCopyRequestedMessage is copying 902989 bytes...
I0907 18:37:36.112756 10364 c_interface.cc:180] ArtmCopyRequestedMessage is copying 902989 bytes...
I0907 18:37:36.987579 10364 c_interface.cc:180] ArtmCopyRequestedMessage is copying 68914 bytes...
W0907 18:37:37.135679 10364 check_messages.h:833] Inconsistent fields size in ThetaMatrix: 1728 vs 0 vs 1728 vs 0;
I0907 18:37:37.135679 10364 c_interface.cc:180] ArtmCopyRequestedMessage is copying 62002 bytes...
I0907 18:37:37.153692 10364 c_interface.cc:185] ArtmCopyRequestedObject is copying 207360 bytes...
I0907 18:37:37.175709 10364 phi_matrix_operations.cc:82] RetrieveExternalTopicModel() with 30 topics, 26866 tokens
I0907 18:37:37.209733 10364 c_interface.cc:180] ArtmCopyRequestedMessage is copying 825334 bytes...
I0907 18:37:38.316026 10364 phi_matrix_operations.cc:82] RetrieveExternalTopicModel() with 30 topics, 539 tokens
I0907 18:37:38.317028 10364 c_interface.cc:180] ArtmCopyRequestedMessage is copying 21126 bytes...
I0907 18:37:38.323531 10364 c_interface.cc:185] ArtmCopyRequestedObject is copying 64680 bytes...
I0907 18:49:04.447554 10364 c_interface.cc:180] ArtmCopyRequestedMessage is copying 546458 bytes...
