I0906 19:43:59.119588 11624 c_interface.cc:332] Pass FitOfflineMasterModelArgs, batch_filename_size=2, batch_weight_size=2, num_collection_passes=1 to void (__thiscall artm::core::MasterComponent::*)(class artm::FitOfflineMasterModelArgs const &)
I0906 19:43:59.119588 11624 master_component.cc:942] ProcessBatchesArgs: nwt_target_name=nwt, batch_filename_size=2, batch_size=0, batch_weight_size=2, pwt_source_name=pwt, num_document_passes=1, regularizer=(name:SparsePhi, tau:100000), class=(text:1), class=(author:1), reuse_theta=yes, opt_for_avx=yes, predict_class_id=
I0906 19:43:59.170634  9288 processor.cc:669] Processing queue has data, processing started
I0906 19:43:59.170634  5520 processor.cc:669] Processing queue has data, processing started
I0906 19:43:59.199147  5520 processor.cc:746] Processor: start processing batch a7a16936-73e2-45c1-9427-e4bd061258f9 into model nwt
I0906 19:43:59.218667  9288 processor.cc:746] Processor: start processing batch 8efdc08c-fc1c-4505-a284-679e4c9958d7 into model nwt
I0906 19:43:59.463412  5520 processor.cc:842] Processor: complete processing batch a7a16936-73e2-45c1-9427-e4bd061258f9 into model nwt
I0906 19:43:59.468412  5520 cuckoo_watch.h:44] 297ms in ProcessBatch(D:\Coursera\Notebooks\homeworks\MyHW\3-4\lectures_batches\aaaaaa.batch) [including 26ms in LoadMessage; 27ms in InitializeSparseNdw; 235ms in InferThetaAndUpdateNwtSparse; ]
I0906 19:43:59.488425  5520 processor.cc:662] No data in processing queue, waiting...
I0906 19:43:59.692083  9288 processor.cc:842] Processor: complete processing batch 8efdc08c-fc1c-4505-a284-679e4c9958d7 into model nwt
I0906 19:43:59.699097  9288 cuckoo_watch.h:44] 528ms in ProcessBatch(D:\Coursera\Notebooks\homeworks\MyHW\3-4\lectures_batches\aaaaab.batch) [including 46ms in LoadMessage; 62ms in InitializeSparseNdw; 410ms in InferThetaAndUpdateNwtSparse; ]
I0906 19:43:59.699612 11624 master_component.cc:980] RegularizeModelArgs: rwt_target_name=rwt, pwt_source_name=pwt, nwt_source_name=nwt
I0906 19:43:59.699612 11624 master_component.cc:590] MasterComponent: start regularizing model pwt
I0906 19:43:59.722113  9288 processor.cc:662] No data in processing queue, waiting...
I0906 19:43:59.825188 11624 master_component.cc:613] MasterComponent: complete regularizing model pwt
I0906 19:43:59.825188 11624 master_component.cc:991] NormalizeModelArgs: pwt_target_name=pwt, nwt_source_name=nwt, rwt_source_name=rwt
I0906 19:43:59.825188 11624 master_component.cc:617] MasterComponent: start normalizing model nwt
I0906 19:43:59.919257 11624 master_component.cc:639] MasterComponent: complete normalizing model nwt
I0906 19:44:00.365577 11624 master_component.cc:1015] DisposeModel rwt
I0906 19:44:00.373584 11624 c_interface.cc:332] Pass FitOfflineMasterModelArgs, batch_filename_size=2, batch_weight_size=2, num_collection_passes=1 to void (__thiscall artm::core::MasterComponent::*)(class artm::FitOfflineMasterModelArgs const &)
I0906 19:44:00.373584 11624 master_component.cc:942] ProcessBatchesArgs: nwt_target_name=nwt, batch_filename_size=2, batch_size=0, batch_weight_size=2, pwt_source_name=pwt, num_document_passes=1, regularizer=(name:SparsePhi, tau:100000), class=(text:1), class=(author:1), reuse_theta=yes, opt_for_avx=yes, predict_class_id=
I0906 19:44:00.425643 10016 processor.cc:669] Processing queue has data, processing started
I0906 19:44:00.425643  5520 processor.cc:669] Processing queue has data, processing started
I0906 19:44:00.451643  5520 processor.cc:746] Processor: start processing batch a7a16936-73e2-45c1-9427-e4bd061258f9 into model nwt
I0906 19:44:00.476661 10016 processor.cc:746] Processor: start processing batch 8efdc08c-fc1c-4505-a284-679e4c9958d7 into model nwt
I0906 19:44:00.724843  5520 processor.cc:842] Processor: complete processing batch a7a16936-73e2-45c1-9427-e4bd061258f9 into model nwt
I0906 19:44:00.729846  5520 cuckoo_watch.h:44] 304ms in ProcessBatch(D:\Coursera\Notebooks\homeworks\MyHW\3-4\lectures_batches\aaaaaa.batch) [including 23ms in LoadMessage; 28ms in InitializeSparseNdw; 245ms in InferThetaAndUpdateNwtSparse; ]
I0906 19:44:00.748857  5520 processor.cc:662] No data in processing queue, waiting...
I0906 19:44:00.951009 10016 processor.cc:842] Processor: complete processing batch 8efdc08c-fc1c-4505-a284-679e4c9958d7 into model nwt
I0906 19:44:00.958014 10016 cuckoo_watch.h:44] 532ms in ProcessBatch(D:\Coursera\Notebooks\homeworks\MyHW\3-4\lectures_batches\aaaaab.batch) [including 48ms in LoadMessage; 59ms in InitializeSparseNdw; 415ms in InferThetaAndUpdateNwtSparse; ]
I0906 19:44:00.960018 11624 master_component.cc:980] RegularizeModelArgs: rwt_target_name=rwt, pwt_source_name=pwt, nwt_source_name=nwt
I0906 19:44:00.960018 11624 master_component.cc:590] MasterComponent: start regularizing model pwt
I0906 19:44:00.982029 10016 processor.cc:662] No data in processing queue, waiting...
I0906 19:44:01.087105 11624 master_component.cc:613] MasterComponent: complete regularizing model pwt
I0906 19:44:01.087105 11624 master_component.cc:991] NormalizeModelArgs: pwt_target_name=pwt, nwt_source_name=nwt, rwt_source_name=rwt
I0906 19:44:01.087105 11624 master_component.cc:617] MasterComponent: start normalizing model nwt
I0906 19:44:01.183177 11624 master_component.cc:639] MasterComponent: complete normalizing model nwt
I0906 19:44:01.628501 11624 master_component.cc:1015] DisposeModel rwt
I0906 19:44:01.637508 11624 c_interface.cc:332] Pass FitOfflineMasterModelArgs, batch_filename_size=2, batch_weight_size=2, num_collection_passes=1 to void (__thiscall artm::core::MasterComponent::*)(class artm::FitOfflineMasterModelArgs const &)
I0906 19:44:01.637508 11624 master_component.cc:942] ProcessBatchesArgs: nwt_target_name=nwt, batch_filename_size=2, batch_size=0, batch_weight_size=2, pwt_source_name=pwt, num_document_passes=1, regularizer=(name:SparsePhi, tau:100000), class=(text:1), class=(author:1), reuse_theta=yes, opt_for_avx=yes, predict_class_id=
I0906 19:44:01.688565  9288 processor.cc:669] Processing queue has data, processing started
I0906 19:44:01.688565  5520 processor.cc:669] Processing queue has data, processing started
I0906 19:44:01.717572  5520 processor.cc:746] Processor: start processing batch a7a16936-73e2-45c1-9427-e4bd061258f9 into model nwt
I0906 19:44:01.736585  9288 processor.cc:746] Processor: start processing batch 8efdc08c-fc1c-4505-a284-679e4c9958d7 into model nwt
I0906 19:44:01.941733  5520 processor.cc:842] Processor: complete processing batch a7a16936-73e2-45c1-9427-e4bd061258f9 into model nwt
I0906 19:44:01.945735  5520 cuckoo_watch.h:44] 257ms in ProcessBatch(D:\Coursera\Notebooks\homeworks\MyHW\3-4\lectures_batches\aaaaaa.batch) [including 27ms in LoadMessage; 24ms in InitializeSparseNdw; 197ms in InferThetaAndUpdateNwtSparse; ]
I0906 19:44:01.969754  5520 processor.cc:662] No data in processing queue, waiting...
I0906 19:44:02.173903  9288 processor.cc:842] Processor: complete processing batch 8efdc08c-fc1c-4505-a284-679e4c9958d7 into model nwt
I0906 19:44:02.181908  9288 cuckoo_watch.h:44] 493ms in ProcessBatch(D:\Coursera\Notebooks\homeworks\MyHW\3-4\lectures_batches\aaaaab.batch) [including 46ms in LoadMessage; 54ms in InitializeSparseNdw; 383ms in InferThetaAndUpdateNwtSparse; ]
I0906 19:44:02.182910 11624 master_component.cc:980] RegularizeModelArgs: rwt_target_name=rwt, pwt_source_name=pwt, nwt_source_name=nwt
I0906 19:44:02.182910 11624 master_component.cc:590] MasterComponent: start regularizing model pwt
I0906 19:44:02.201926  9288 processor.cc:662] No data in processing queue, waiting...
I0906 19:44:02.308504 11624 master_component.cc:613] MasterComponent: complete regularizing model pwt
I0906 19:44:02.308504 11624 master_component.cc:991] NormalizeModelArgs: pwt_target_name=pwt, nwt_source_name=nwt, rwt_source_name=rwt
I0906 19:44:02.308504 11624 master_component.cc:617] MasterComponent: start normalizing model nwt
I0906 19:44:02.402073 11624 master_component.cc:639] MasterComponent: complete normalizing model nwt
I0906 19:44:02.853399 11624 master_component.cc:1015] DisposeModel rwt
I0906 19:44:02.861407 11624 c_interface.cc:332] Pass FitOfflineMasterModelArgs, batch_filename_size=2, batch_weight_size=2, num_collection_passes=1 to void (__thiscall artm::core::MasterComponent::*)(class artm::FitOfflineMasterModelArgs const &)
I0906 19:44:02.861407 11624 master_component.cc:942] ProcessBatchesArgs: nwt_target_name=nwt, batch_filename_size=2, batch_size=0, batch_weight_size=2, pwt_source_name=pwt, num_document_passes=1, regularizer=(name:SparsePhi, tau:100000), class=(text:1), class=(author:1), reuse_theta=yes, opt_for_avx=yes, predict_class_id=
I0906 19:44:02.912977  6308 processor.cc:669] Processing queue has data, processing started
I0906 19:44:02.912977 10016 processor.cc:669] Processing queue has data, processing started
I0906 19:44:02.937467  6308 processor.cc:746] Processor: start processing batch a7a16936-73e2-45c1-9427-e4bd061258f9 into model nwt
I0906 19:44:02.952476 10016 processor.cc:746] Processor: start processing batch 8efdc08c-fc1c-4505-a284-679e4c9958d7 into model nwt
I0906 19:44:03.188784  6308 processor.cc:842] Processor: complete processing batch a7a16936-73e2-45c1-9427-e4bd061258f9 into model nwt
I0906 19:44:03.193789  6308 cuckoo_watch.h:44] 280ms in ProcessBatch(D:\Coursera\Notebooks\homeworks\MyHW\3-4\lectures_batches\aaaaaa.batch) [including 22ms in LoadMessage; 22ms in InitializeSparseNdw; 228ms in InferThetaAndUpdateNwtSparse; ]
I0906 19:44:03.212808  6308 processor.cc:662] No data in processing queue, waiting...
I0906 19:44:03.412467 10016 processor.cc:842] Processor: complete processing batch 8efdc08c-fc1c-4505-a284-679e4c9958d7 into model nwt
I0906 19:44:03.418969 10016 cuckoo_watch.h:44] 505ms in ProcessBatch(D:\Coursera\Notebooks\homeworks\MyHW\3-4\lectures_batches\aaaaab.batch) [including 37ms in LoadMessage; 60ms in InitializeSparseNdw; 398ms in InferThetaAndUpdateNwtSparse; ]
I0906 19:44:03.419968 11624 master_component.cc:980] RegularizeModelArgs: rwt_target_name=rwt, pwt_source_name=pwt, nwt_source_name=nwt
I0906 19:44:03.419968 11624 master_component.cc:590] MasterComponent: start regularizing model pwt
I0906 19:44:03.439982 10016 processor.cc:662] No data in processing queue, waiting...
I0906 19:44:03.544059 11624 master_component.cc:613] MasterComponent: complete regularizing model pwt
I0906 19:44:03.544059 11624 master_component.cc:991] NormalizeModelArgs: pwt_target_name=pwt, nwt_source_name=nwt, rwt_source_name=rwt
I0906 19:44:03.544059 11624 master_component.cc:617] MasterComponent: start normalizing model nwt
I0906 19:44:03.638134 11624 master_component.cc:639] MasterComponent: complete normalizing model nwt
I0906 19:44:04.065426 11624 master_component.cc:1015] DisposeModel rwt
I0906 19:44:04.074432 11624 c_interface.cc:332] Pass FitOfflineMasterModelArgs, batch_filename_size=2, batch_weight_size=2, num_collection_passes=1 to void (__thiscall artm::core::MasterComponent::*)(class artm::FitOfflineMasterModelArgs const &)
I0906 19:44:04.074432 11624 master_component.cc:942] ProcessBatchesArgs: nwt_target_name=nwt, batch_filename_size=2, batch_size=0, batch_weight_size=2, pwt_source_name=pwt, num_document_passes=1, regularizer=(name:SparsePhi, tau:100000), class=(text:1), class=(author:1), reuse_theta=yes, opt_for_avx=yes, predict_class_id=
I0906 19:44:04.125466  5520 processor.cc:669] Processing queue has data, processing started
I0906 19:44:04.127467  9288 processor.cc:669] Processing queue has data, processing started
I0906 19:44:04.146986  5520 processor.cc:746] Processor: start processing batch a7a16936-73e2-45c1-9427-e4bd061258f9 into model nwt
I0906 19:44:04.165503  9288 processor.cc:746] Processor: start processing batch 8efdc08c-fc1c-4505-a284-679e4c9958d7 into model nwt
I0906 19:44:04.398293  5520 processor.cc:842] Processor: complete processing batch a7a16936-73e2-45c1-9427-e4bd061258f9 into model nwt
I0906 19:44:04.401295  5520 cuckoo_watch.h:44] 275ms in ProcessBatch(D:\Coursera\Notebooks\homeworks\MyHW\3-4\lectures_batches\aaaaaa.batch) [including 19ms in LoadMessage; 20ms in InitializeSparseNdw; 229ms in InferThetaAndUpdateNwtSparse; ]
I0906 19:44:04.420308  5520 processor.cc:662] No data in processing queue, waiting...
I0906 19:44:04.626983  9288 processor.cc:842] Processor: complete processing batch 8efdc08c-fc1c-4505-a284-679e4c9958d7 into model nwt
I0906 19:44:04.632994  9288 cuckoo_watch.h:44] 505ms in ProcessBatch(D:\Coursera\Notebooks\homeworks\MyHW\3-4\lectures_batches\aaaaab.batch) [including 36ms in LoadMessage; 55ms in InitializeSparseNdw; 405ms in InferThetaAndUpdateNwtSparse; ]
I0906 19:44:04.634008 11624 master_component.cc:980] RegularizeModelArgs: rwt_target_name=rwt, pwt_source_name=pwt, nwt_source_name=nwt
I0906 19:44:04.634008 11624 master_component.cc:590] MasterComponent: start regularizing model pwt
I0906 19:44:04.654011  9288 processor.cc:662] No data in processing queue, waiting...
I0906 19:44:04.756088 11624 master_component.cc:613] MasterComponent: complete regularizing model pwt
I0906 19:44:04.756088 11624 master_component.cc:991] NormalizeModelArgs: pwt_target_name=pwt, nwt_source_name=nwt, rwt_source_name=rwt
I0906 19:44:04.756088 11624 master_component.cc:617] MasterComponent: start normalizing model nwt
I0906 19:44:04.848157 11624 master_component.cc:639] MasterComponent: complete normalizing model nwt
I0906 19:44:05.303493 11624 master_component.cc:1015] DisposeModel rwt
I0906 19:44:05.313499 11624 c_interface.cc:332] Pass FitOfflineMasterModelArgs, batch_filename_size=2, batch_weight_size=2, num_collection_passes=1 to void (__thiscall artm::core::MasterComponent::*)(class artm::FitOfflineMasterModelArgs const &)
I0906 19:44:05.313499 11624 master_component.cc:942] ProcessBatchesArgs: nwt_target_name=nwt, batch_filename_size=2, batch_size=0, batch_weight_size=2, pwt_source_name=pwt, num_document_passes=1, regularizer=(name:SparsePhi, tau:100000), class=(text:1), class=(author:1), reuse_theta=yes, opt_for_avx=yes, predict_class_id=
I0906 19:44:05.369562 10016 processor.cc:669] Processing queue has data, processing started
I0906 19:44:05.369562  5520 processor.cc:669] Processing queue has data, processing started
I0906 19:44:05.394565 10016 processor.cc:746] Processor: start processing batch a7a16936-73e2-45c1-9427-e4bd061258f9 into model nwt
I0906 19:44:05.408573  5520 processor.cc:746] Processor: start processing batch 8efdc08c-fc1c-4505-a284-679e4c9958d7 into model nwt
I0906 19:44:05.638253 10016 processor.cc:842] Processor: complete processing batch a7a16936-73e2-45c1-9427-e4bd061258f9 into model nwt
I0906 19:44:05.642756 10016 cuckoo_watch.h:44] 272ms in ProcessBatch(D:\Coursera\Notebooks\homeworks\MyHW\3-4\lectures_batches\aaaaaa.batch) [including 22ms in LoadMessage; 22ms in InitializeSparseNdw; 220ms in InferThetaAndUpdateNwtSparse; ]
I0906 19:44:05.664775 10016 processor.cc:662] No data in processing queue, waiting...
I0906 19:44:05.929997  5520 processor.cc:842] Processor: complete processing batch 8efdc08c-fc1c-4505-a284-679e4c9958d7 into model nwt
I0906 19:44:05.941022  5520 cuckoo_watch.h:44] 571ms in ProcessBatch(D:\Coursera\Notebooks\homeworks\MyHW\3-4\lectures_batches\aaaaab.batch) [including 37ms in LoadMessage; 58ms in InitializeSparseNdw; 463ms in InferThetaAndUpdateNwtSparse; ]
I0906 19:44:05.942525 11624 master_component.cc:980] RegularizeModelArgs: rwt_target_name=rwt, pwt_source_name=pwt, nwt_source_name=nwt
I0906 19:44:05.942525 11624 master_component.cc:590] MasterComponent: start regularizing model pwt
I0906 19:44:05.963040  5520 processor.cc:662] No data in processing queue, waiting...
I0906 19:44:06.087132 11624 master_component.cc:613] MasterComponent: complete regularizing model pwt
I0906 19:44:06.087132 11624 master_component.cc:991] NormalizeModelArgs: pwt_target_name=pwt, nwt_source_name=nwt, rwt_source_name=rwt
I0906 19:44:06.088134 11624 master_component.cc:617] MasterComponent: start normalizing model nwt
I0906 19:44:06.212235 11624 master_component.cc:639] MasterComponent: complete normalizing model nwt
I0906 19:44:06.676230 11624 master_component.cc:1015] DisposeModel rwt
I0906 19:44:06.687238 11624 c_interface.cc:332] Pass FitOfflineMasterModelArgs, batch_filename_size=2, batch_weight_size=2, num_collection_passes=1 to void (__thiscall artm::core::MasterComponent::*)(class artm::FitOfflineMasterModelArgs const &)
I0906 19:44:06.688239 11624 master_component.cc:942] ProcessBatchesArgs: nwt_target_name=nwt, batch_filename_size=2, batch_size=0, batch_weight_size=2, pwt_source_name=pwt, num_document_passes=1, regularizer=(name:SparsePhi, tau:100000), class=(text:1), class=(author:1), reuse_theta=yes, opt_for_avx=yes, predict_class_id=
I0906 19:44:06.761797  6308 processor.cc:669] Processing queue has data, processing started
I0906 19:44:06.761797 10016 processor.cc:669] Processing queue has data, processing started
I0906 19:44:06.797825  6308 processor.cc:746] Processor: start processing batch a7a16936-73e2-45c1-9427-e4bd061258f9 into model nwt
I0906 19:44:06.852874 10016 processor.cc:746] Processor: start processing batch 8efdc08c-fc1c-4505-a284-679e4c9958d7 into model nwt
I0906 19:44:07.097540  6308 processor.cc:842] Processor: complete processing batch a7a16936-73e2-45c1-9427-e4bd061258f9 into model nwt
I0906 19:44:07.103044  6308 cuckoo_watch.h:44] 341ms in ProcessBatch(D:\Coursera\Notebooks\homeworks\MyHW\3-4\lectures_batches\aaaaaa.batch) [including 31ms in LoadMessage; 64ms in InitializeSparseNdw; 234ms in InferThetaAndUpdateNwtSparse; ]
I0906 19:44:07.122557  6308 processor.cc:662] No data in processing queue, waiting...
I0906 19:44:07.332728 10016 processor.cc:842] Processor: complete processing batch 8efdc08c-fc1c-4505-a284-679e4c9958d7 into model nwt
I0906 19:44:07.340236 10016 cuckoo_watch.h:44] 578ms in ProcessBatch(D:\Coursera\Notebooks\homeworks\MyHW\3-4\lectures_batches\aaaaab.batch) [including 89ms in LoadMessage; 74ms in InitializeSparseNdw; 404ms in InferThetaAndUpdateNwtSparse; ]
I0906 19:44:07.341238 11624 master_component.cc:980] RegularizeModelArgs: rwt_target_name=rwt, pwt_source_name=pwt, nwt_source_name=nwt
I0906 19:44:07.341238 11624 master_component.cc:590] MasterComponent: start regularizing model pwt
I0906 19:44:07.367254 10016 processor.cc:662] No data in processing queue, waiting...
I0906 19:44:07.556399 11624 master_component.cc:613] MasterComponent: complete regularizing model pwt
I0906 19:44:07.556399 11624 master_component.cc:991] NormalizeModelArgs: pwt_target_name=pwt, nwt_source_name=nwt, rwt_source_name=rwt
I0906 19:44:07.556399 11624 master_component.cc:617] MasterComponent: start normalizing model nwt
I0906 19:44:07.678486 11624 master_component.cc:639] MasterComponent: complete normalizing model nwt
I0906 19:44:08.207870 11624 master_component.cc:1015] DisposeModel rwt
I0906 19:44:08.219878 11624 c_interface.cc:332] Pass FitOfflineMasterModelArgs, batch_filename_size=2, batch_weight_size=2, num_collection_passes=1 to void (__thiscall artm::core::MasterComponent::*)(class artm::FitOfflineMasterModelArgs const &)
I0906 19:44:08.219878 11624 master_component.cc:942] ProcessBatchesArgs: nwt_target_name=nwt, batch_filename_size=2, batch_size=0, batch_weight_size=2, pwt_source_name=pwt, num_document_passes=1, regularizer=(name:SparsePhi, tau:100000), class=(text:1), class=(author:1), reuse_theta=yes, opt_for_avx=yes, predict_class_id=
I0906 19:44:08.339972  5520 processor.cc:669] Processing queue has data, processing started
I0906 19:44:08.339972  6308 processor.cc:669] Processing queue has data, processing started
I0906 19:44:08.362993  6308 processor.cc:746] Processor: start processing batch a7a16936-73e2-45c1-9427-e4bd061258f9 into model nwt
I0906 19:44:08.382004  5520 processor.cc:746] Processor: start processing batch 8efdc08c-fc1c-4505-a284-679e4c9958d7 into model nwt
I0906 19:44:08.614178  6308 processor.cc:842] Processor: complete processing batch a7a16936-73e2-45c1-9427-e4bd061258f9 into model nwt
I0906 19:44:08.618182  6308 cuckoo_watch.h:44] 278ms in ProcessBatch(D:\Coursera\Notebooks\homeworks\MyHW\3-4\lectures_batches\aaaaaa.batch) [including 21ms in LoadMessage; 29ms in InitializeSparseNdw; 222ms in InferThetaAndUpdateNwtSparse; ]
I0906 19:44:08.637200  6308 processor.cc:662] No data in processing queue, waiting...
I0906 19:44:08.834350  5520 processor.cc:842] Processor: complete processing batch 8efdc08c-fc1c-4505-a284-679e4c9958d7 into model nwt
I0906 19:44:08.841356  5520 cuckoo_watch.h:44] 501ms in ProcessBatch(D:\Coursera\Notebooks\homeworks\MyHW\3-4\lectures_batches\aaaaab.batch) [including 40ms in LoadMessage; 57ms in InitializeSparseNdw; 394ms in InferThetaAndUpdateNwtSparse; ]
I0906 19:44:08.842370 11624 master_component.cc:980] RegularizeModelArgs: rwt_target_name=rwt, pwt_source_name=pwt, nwt_source_name=nwt
I0906 19:44:08.842370 11624 master_component.cc:590] MasterComponent: start regularizing model pwt
I0906 19:44:08.861376  5520 processor.cc:662] No data in processing queue, waiting...
I0906 19:44:08.966457 11624 master_component.cc:613] MasterComponent: complete regularizing model pwt
I0906 19:44:08.966457 11624 master_component.cc:991] NormalizeModelArgs: pwt_target_name=pwt, nwt_source_name=nwt, rwt_source_name=rwt
I0906 19:44:08.966457 11624 master_component.cc:617] MasterComponent: start normalizing model nwt
I0906 19:44:09.059020 11624 master_component.cc:639] MasterComponent: complete normalizing model nwt
I0906 19:44:09.488837 11624 master_component.cc:1015] DisposeModel rwt
I0906 19:44:09.497845 11624 c_interface.cc:332] Pass FitOfflineMasterModelArgs, batch_filename_size=2, batch_weight_size=2, num_collection_passes=1 to void (__thiscall artm::core::MasterComponent::*)(class artm::FitOfflineMasterModelArgs const &)
I0906 19:44:09.497845 11624 master_component.cc:942] ProcessBatchesArgs: nwt_target_name=nwt, batch_filename_size=2, batch_size=0, batch_weight_size=2, pwt_source_name=pwt, num_document_passes=1, regularizer=(name:SparsePhi, tau:100000), class=(text:1), class=(author:1), reuse_theta=yes, opt_for_avx=yes, predict_class_id=
I0906 19:44:09.549408 10016 processor.cc:669] Processing queue has data, processing started
I0906 19:44:09.549408  9288 processor.cc:669] Processing queue has data, processing started
I0906 19:44:09.575908  9288 processor.cc:746] Processor: start processing batch a7a16936-73e2-45c1-9427-e4bd061258f9 into model nwt
I0906 19:44:09.593917 10016 processor.cc:746] Processor: start processing batch 8efdc08c-fc1c-4505-a284-679e4c9958d7 into model nwt
I0906 19:44:09.834106  9288 processor.cc:842] Processor: complete processing batch a7a16936-73e2-45c1-9427-e4bd061258f9 into model nwt
I0906 19:44:09.839107  9288 cuckoo_watch.h:44] 289ms in ProcessBatch(D:\Coursera\Notebooks\homeworks\MyHW\3-4\lectures_batches\aaaaaa.batch) [including 24ms in LoadMessage; 23ms in InitializeSparseNdw; 234ms in InferThetaAndUpdateNwtSparse; ]
I0906 19:44:09.858628  9288 processor.cc:662] No data in processing queue, waiting...
I0906 19:44:10.059286 10016 processor.cc:842] Processor: complete processing batch 8efdc08c-fc1c-4505-a284-679e4c9958d7 into model nwt
I0906 19:44:10.065819 10016 cuckoo_watch.h:44] 516ms in ProcessBatch(D:\Coursera\Notebooks\homeworks\MyHW\3-4\lectures_batches\aaaaab.batch) [including 42ms in LoadMessage; 57ms in InitializeSparseNdw; 406ms in InferThetaAndUpdateNwtSparse; ]
I0906 19:44:10.066872 11624 master_component.cc:980] RegularizeModelArgs: rwt_target_name=rwt, pwt_source_name=pwt, nwt_source_name=nwt
I0906 19:44:10.066872 11624 master_component.cc:590] MasterComponent: start regularizing model pwt
I0906 19:44:10.085835 10016 processor.cc:662] No data in processing queue, waiting...
I0906 19:44:10.189414 11624 master_component.cc:613] MasterComponent: complete regularizing model pwt
I0906 19:44:10.189414 11624 master_component.cc:991] NormalizeModelArgs: pwt_target_name=pwt, nwt_source_name=nwt, rwt_source_name=rwt
I0906 19:44:10.189414 11624 master_component.cc:617] MasterComponent: start normalizing model nwt
I0906 19:44:10.280483 11624 master_component.cc:639] MasterComponent: complete normalizing model nwt
I0906 19:44:10.706799 11624 master_component.cc:1015] DisposeModel rwt
I0906 19:44:10.713802 11624 c_interface.cc:332] Pass FitOfflineMasterModelArgs, batch_filename_size=2, batch_weight_size=2, num_collection_passes=1 to void (__thiscall artm::core::MasterComponent::*)(class artm::FitOfflineMasterModelArgs const &)
I0906 19:44:10.714803 11624 master_component.cc:942] ProcessBatchesArgs: nwt_target_name=nwt, batch_filename_size=2, batch_size=0, batch_weight_size=2, pwt_source_name=pwt, num_document_passes=1, regularizer=(name:SparsePhi, tau:100000), class=(text:1), class=(author:1), reuse_theta=yes, opt_for_avx=yes, predict_class_id=
I0906 19:44:10.766871  6308 processor.cc:669] Processing queue has data, processing started
I0906 19:44:10.766871  9288 processor.cc:669] Processing queue has data, processing started
I0906 19:44:10.792867  9288 processor.cc:746] Processor: start processing batch a7a16936-73e2-45c1-9427-e4bd061258f9 into model nwt
I0906 19:44:10.811878  6308 processor.cc:746] Processor: start processing batch 8efdc08c-fc1c-4505-a284-679e4c9958d7 into model nwt
I0906 19:44:11.065070  9288 processor.cc:842] Processor: complete processing batch a7a16936-73e2-45c1-9427-e4bd061258f9 into model nwt
I0906 19:44:11.069072  9288 cuckoo_watch.h:44] 302ms in ProcessBatch(D:\Coursera\Notebooks\homeworks\MyHW\3-4\lectures_batches\aaaaaa.batch) [including 23ms in LoadMessage; 28ms in InitializeSparseNdw; 242ms in InferThetaAndUpdateNwtSparse; ]
I0906 19:44:11.088085  9288 processor.cc:662] No data in processing queue, waiting...
I0906 19:44:11.288233  6308 processor.cc:842] Processor: complete processing batch 8efdc08c-fc1c-4505-a284-679e4c9958d7 into model nwt
I0906 19:44:11.295236  6308 cuckoo_watch.h:44] 528ms in ProcessBatch(D:\Coursera\Notebooks\homeworks\MyHW\3-4\lectures_batches\aaaaab.batch) [including 43ms in LoadMessage; 61ms in InitializeSparseNdw; 414ms in InferThetaAndUpdateNwtSparse; ]
I0906 19:44:11.296238 11624 master_component.cc:980] RegularizeModelArgs: rwt_target_name=rwt, pwt_source_name=pwt, nwt_source_name=nwt
I0906 19:44:11.296238 11624 master_component.cc:590] MasterComponent: start regularizing model pwt
I0906 19:44:11.315250  6308 processor.cc:662] No data in processing queue, waiting...
I0906 19:44:11.447849 11624 master_component.cc:613] MasterComponent: complete regularizing model pwt
I0906 19:44:11.447849 11624 master_component.cc:991] NormalizeModelArgs: pwt_target_name=pwt, nwt_source_name=nwt, rwt_source_name=rwt
I0906 19:44:11.447849 11624 master_component.cc:617] MasterComponent: start normalizing model nwt
I0906 19:44:11.538414 11624 master_component.cc:639] MasterComponent: complete normalizing model nwt
I0906 19:44:11.957707 11624 master_component.cc:1015] DisposeModel rwt
I0906 19:44:11.966714 11624 c_interface.cc:332] Pass FitOfflineMasterModelArgs, batch_filename_size=2, batch_weight_size=2, num_collection_passes=1 to void (__thiscall artm::core::MasterComponent::*)(class artm::FitOfflineMasterModelArgs const &)
I0906 19:44:11.966714 11624 master_component.cc:942] ProcessBatchesArgs: nwt_target_name=nwt, batch_filename_size=2, batch_size=0, batch_weight_size=2, pwt_source_name=pwt, num_document_passes=1, regularizer=(name:SparsePhi, tau:100000), class=(text:1), class=(author:1), reuse_theta=yes, opt_for_avx=yes, predict_class_id=
I0906 19:44:12.016247  5520 processor.cc:669] Processing queue has data, processing started
I0906 19:44:12.017247  9288 processor.cc:669] Processing queue has data, processing started
I0906 19:44:12.038765  5520 processor.cc:746] Processor: start processing batch a7a16936-73e2-45c1-9427-e4bd061258f9 into model nwt
I0906 19:44:12.056779  9288 processor.cc:746] Processor: start processing batch 8efdc08c-fc1c-4505-a284-679e4c9958d7 into model nwt
I0906 19:44:12.293957  5520 processor.cc:842] Processor: complete processing batch a7a16936-73e2-45c1-9427-e4bd061258f9 into model nwt
I0906 19:44:12.296960  5520 cuckoo_watch.h:44] 280ms in ProcessBatch(D:\Coursera\Notebooks\homeworks\MyHW\3-4\lectures_batches\aaaaaa.batch) [including 20ms in LoadMessage; 22ms in InitializeSparseNdw; 232ms in InferThetaAndUpdateNwtSparse; ]
I0906 19:44:12.316974  5520 processor.cc:662] No data in processing queue, waiting...
I0906 19:44:12.528390  9288 processor.cc:842] Processor: complete processing batch 8efdc08c-fc1c-4505-a284-679e4c9958d7 into model nwt
I0906 19:44:12.535401  9288 cuckoo_watch.h:44] 518ms in ProcessBatch(D:\Coursera\Notebooks\homeworks\MyHW\3-4\lectures_batches\aaaaab.batch) [including 36ms in LoadMessage; 62ms in InitializeSparseNdw; 408ms in InferThetaAndUpdateNwtSparse; ]
I0906 19:44:12.537415 11624 master_component.cc:980] RegularizeModelArgs: rwt_target_name=rwt, pwt_source_name=pwt, nwt_source_name=nwt
I0906 19:44:12.537415 11624 master_component.cc:590] MasterComponent: start regularizing model pwt
I0906 19:44:12.556416  9288 processor.cc:662] No data in processing queue, waiting...
I0906 19:44:12.665496 11624 master_component.cc:613] MasterComponent: complete regularizing model pwt
I0906 19:44:12.665496 11624 master_component.cc:991] NormalizeModelArgs: pwt_target_name=pwt, nwt_source_name=nwt, rwt_source_name=rwt
I0906 19:44:12.665496 11624 master_component.cc:617] MasterComponent: start normalizing model nwt
I0906 19:44:12.755566 11624 master_component.cc:639] MasterComponent: complete normalizing model nwt
I0906 19:44:13.170877 11624 master_component.cc:1015] DisposeModel rwt
I0906 19:44:13.180886 11624 c_interface.cc:332] Pass FitOfflineMasterModelArgs, batch_filename_size=2, batch_weight_size=2, num_collection_passes=1 to void (__thiscall artm::core::MasterComponent::*)(class artm::FitOfflineMasterModelArgs const &)
I0906 19:44:13.180886 11624 master_component.cc:942] ProcessBatchesArgs: nwt_target_name=nwt, batch_filename_size=2, batch_size=0, batch_weight_size=2, pwt_source_name=pwt, num_document_passes=1, regularizer=(name:SparsePhi, tau:100000), class=(text:1), class=(author:1), reuse_theta=yes, opt_for_avx=yes, predict_class_id=
I0906 19:44:13.231938  9288 processor.cc:669] Processing queue has data, processing started
I0906 19:44:13.231938 10016 processor.cc:669] Processing queue has data, processing started
I0906 19:44:13.253939 10016 processor.cc:746] Processor: start processing batch a7a16936-73e2-45c1-9427-e4bd061258f9 into model nwt
I0906 19:44:13.272954  9288 processor.cc:746] Processor: start processing batch 8efdc08c-fc1c-4505-a284-679e4c9958d7 into model nwt
I0906 19:44:13.496116 10016 processor.cc:842] Processor: complete processing batch a7a16936-73e2-45c1-9427-e4bd061258f9 into model nwt
I0906 19:44:13.500119 10016 cuckoo_watch.h:44] 268ms in ProcessBatch(D:\Coursera\Notebooks\homeworks\MyHW\3-4\lectures_batches\aaaaaa.batch) [including 19ms in LoadMessage; 23ms in InitializeSparseNdw; 218ms in InferThetaAndUpdateNwtSparse; ]
I0906 19:44:13.519131 10016 processor.cc:662] No data in processing queue, waiting...
I0906 19:44:13.717295  9288 processor.cc:842] Processor: complete processing batch 8efdc08c-fc1c-4505-a284-679e4c9958d7 into model nwt
I0906 19:44:13.725805  9288 cuckoo_watch.h:44] 493ms in ProcessBatch(D:\Coursera\Notebooks\homeworks\MyHW\3-4\lectures_batches\aaaaab.batch) [including 39ms in LoadMessage; 59ms in InitializeSparseNdw; 384ms in InferThetaAndUpdateNwtSparse; ]
I0906 19:44:13.726320 11624 master_component.cc:980] RegularizeModelArgs: rwt_target_name=rwt, pwt_source_name=pwt, nwt_source_name=nwt
I0906 19:44:13.726320 11624 master_component.cc:590] MasterComponent: start regularizing model pwt
I0906 19:44:13.746322  9288 processor.cc:662] No data in processing queue, waiting...
I0906 19:44:13.849400 11624 master_component.cc:613] MasterComponent: complete regularizing model pwt
I0906 19:44:13.849400 11624 master_component.cc:991] NormalizeModelArgs: pwt_target_name=pwt, nwt_source_name=nwt, rwt_source_name=rwt
I0906 19:44:13.849400 11624 master_component.cc:617] MasterComponent: start normalizing model nwt
I0906 19:44:13.940470 11624 master_component.cc:639] MasterComponent: complete normalizing model nwt
I0906 19:44:14.364786 11624 master_component.cc:1015] DisposeModel rwt
I0906 19:44:14.373793 11624 c_interface.cc:332] Pass FitOfflineMasterModelArgs, batch_filename_size=2, batch_weight_size=2, num_collection_passes=1 to void (__thiscall artm::core::MasterComponent::*)(class artm::FitOfflineMasterModelArgs const &)
I0906 19:44:14.373793 11624 master_component.cc:942] ProcessBatchesArgs: nwt_target_name=nwt, batch_filename_size=2, batch_size=0, batch_weight_size=2, pwt_source_name=pwt, num_document_passes=1, regularizer=(name:SparsePhi, tau:100000), class=(text:1), class=(author:1), reuse_theta=yes, opt_for_avx=yes, predict_class_id=
I0906 19:44:14.425331  5520 processor.cc:669] Processing queue has data, processing started
I0906 19:44:14.425331  6308 processor.cc:669] Processing queue has data, processing started
I0906 19:44:14.452854  5520 processor.cc:746] Processor: start processing batch a7a16936-73e2-45c1-9427-e4bd061258f9 into model nwt
I0906 19:44:14.470866  6308 processor.cc:746] Processor: start processing batch 8efdc08c-fc1c-4505-a284-679e4c9958d7 into model nwt
I0906 19:44:14.714048  5520 processor.cc:842] Processor: complete processing batch a7a16936-73e2-45c1-9427-e4bd061258f9 into model nwt
I0906 19:44:14.718051  5520 cuckoo_watch.h:44] 292ms in ProcessBatch(D:\Coursera\Notebooks\homeworks\MyHW\3-4\lectures_batches\aaaaaa.batch) [including 25ms in LoadMessage; 27ms in InitializeSparseNdw; 233ms in InferThetaAndUpdateNwtSparse; ]
I0906 19:44:14.737071  5520 processor.cc:662] No data in processing queue, waiting...
I0906 19:44:14.952225  6308 processor.cc:842] Processor: complete processing batch 8efdc08c-fc1c-4505-a284-679e4c9958d7 into model nwt
I0906 19:44:14.961232  6308 cuckoo_watch.h:44] 535ms in ProcessBatch(D:\Coursera\Notebooks\homeworks\MyHW\3-4\lectures_batches\aaaaab.batch) [including 43ms in LoadMessage; 60ms in InitializeSparseNdw; 420ms in InferThetaAndUpdateNwtSparse; ]
I0906 19:44:14.963233 11624 master_component.cc:980] RegularizeModelArgs: rwt_target_name=rwt, pwt_source_name=pwt, nwt_source_name=nwt
I0906 19:44:14.963233 11624 master_component.cc:590] MasterComponent: start regularizing model pwt
I0906 19:44:14.980243  6308 processor.cc:662] No data in processing queue, waiting...
I0906 19:44:15.087321 11624 master_component.cc:613] MasterComponent: complete regularizing model pwt
I0906 19:44:15.087321 11624 master_component.cc:991] NormalizeModelArgs: pwt_target_name=pwt, nwt_source_name=nwt, rwt_source_name=rwt
I0906 19:44:15.087321 11624 master_component.cc:617] MasterComponent: start normalizing model nwt
I0906 19:44:15.178388 11624 master_component.cc:639] MasterComponent: complete normalizing model nwt
I0906 19:44:15.646739 11624 master_component.cc:1015] DisposeModel rwt
I0906 19:44:15.654744 11624 c_interface.cc:332] Pass FitOfflineMasterModelArgs, batch_filename_size=2, batch_weight_size=2, num_collection_passes=1 to void (__thiscall artm::core::MasterComponent::*)(class artm::FitOfflineMasterModelArgs const &)
I0906 19:44:15.654744 11624 master_component.cc:942] ProcessBatchesArgs: nwt_target_name=nwt, batch_filename_size=2, batch_size=0, batch_weight_size=2, pwt_source_name=pwt, num_document_passes=1, regularizer=(name:SparsePhi, tau:100000), class=(text:1), class=(author:1), reuse_theta=yes, opt_for_avx=yes, predict_class_id=
I0906 19:44:15.707792  6308 processor.cc:669] Processing queue has data, processing started
I0906 19:44:15.707792 10016 processor.cc:669] Processing queue has data, processing started
I0906 19:44:15.736809  6308 processor.cc:746] Processor: start processing batch a7a16936-73e2-45c1-9427-e4bd061258f9 into model nwt
I0906 19:44:15.754823 10016 processor.cc:746] Processor: start processing batch 8efdc08c-fc1c-4505-a284-679e4c9958d7 into model nwt
I0906 19:44:16.001005  6308 processor.cc:842] Processor: complete processing batch a7a16936-73e2-45c1-9427-e4bd061258f9 into model nwt
I0906 19:44:16.005008  6308 cuckoo_watch.h:44] 297ms in ProcessBatch(D:\Coursera\Notebooks\homeworks\MyHW\3-4\lectures_batches\aaaaaa.batch) [including 27ms in LoadMessage; 26ms in InitializeSparseNdw; 237ms in InferThetaAndUpdateNwtSparse; ]
I0906 19:44:16.024029  6308 processor.cc:662] No data in processing queue, waiting...
I0906 19:44:16.239209 10016 processor.cc:842] Processor: complete processing batch 8efdc08c-fc1c-4505-a284-679e4c9958d7 into model nwt
I0906 19:44:16.248216 10016 cuckoo_watch.h:44] 540ms in ProcessBatch(D:\Coursera\Notebooks\homeworks\MyHW\3-4\lectures_batches\aaaaab.batch) [including 45ms in LoadMessage; 59ms in InitializeSparseNdw; 423ms in InferThetaAndUpdateNwtSparse; ]
I0906 19:44:16.248216 11624 master_component.cc:980] RegularizeModelArgs: rwt_target_name=rwt, pwt_source_name=pwt, nwt_source_name=nwt
I0906 19:44:16.248216 11624 master_component.cc:590] MasterComponent: start regularizing model pwt
I0906 19:44:16.279238 10016 processor.cc:662] No data in processing queue, waiting...
I0906 19:44:16.378316 11624 master_component.cc:613] MasterComponent: complete regularizing model pwt
I0906 19:44:16.378316 11624 master_component.cc:991] NormalizeModelArgs: pwt_target_name=pwt, nwt_source_name=nwt, rwt_source_name=rwt
I0906 19:44:16.378316 11624 master_component.cc:617] MasterComponent: start normalizing model nwt
I0906 19:44:16.469388 11624 master_component.cc:639] MasterComponent: complete normalizing model nwt
I0906 19:44:16.886696 11624 master_component.cc:1015] DisposeModel rwt
I0906 19:44:16.907711 11624 c_interface.cc:332] Pass MasterModelConfig: topic_name_size=30, class=(text:1), class=(author:1), score_config_size=2, num_processors=0, pwt_name=pwt, nwt_name=nwt, num_document_passes=1, regularizer=(SparsePhi:100000), regularizer=(NegSparsePhi:-100000), reuse_theta=yes, cache_theta=yes, opt_for_avx=yes, disk_cache_path to void (__thiscall artm::core::MasterComponent::*)(class artm::MasterModelConfig const &)
I0906 19:44:16.907711 11624 instance.cc:358] MasterModelConfig.processors_count is automatically set to 4
I0906 19:44:16.907711 11624 instance.cc:213] Regularizer 'SparsePhi' was cold-reconfigured
I0906 19:44:16.907711 11624 instance.cc:213] Regularizer 'NegSparsePhi' was cold-reconfigured
I0906 19:44:17.081423 11624 c_interface.cc:332] Pass FitOfflineMasterModelArgs, batch_filename_size=2, batch_weight_size=2, num_collection_passes=1 to void (__thiscall artm::core::MasterComponent::*)(class artm::FitOfflineMasterModelArgs const &)
I0906 19:44:17.081423 11624 master_component.cc:942] ProcessBatchesArgs: nwt_target_name=nwt, batch_filename_size=2, batch_size=0, batch_weight_size=2, pwt_source_name=pwt, num_document_passes=1, regularizer=(name:SparsePhi, tau:100000), regularizer=(name:NegSparsePhi, tau:-100000), class=(text:1), class=(author:1), reuse_theta=yes, opt_for_avx=yes, predict_class_id=
I0906 19:44:17.153004  5520 processor.cc:669] Processing queue has data, processing started
I0906 19:44:17.153004  6308 processor.cc:669] Processing queue has data, processing started
I0906 19:44:17.174993  6308 processor.cc:746] Processor: start processing batch a7a16936-73e2-45c1-9427-e4bd061258f9 into model nwt
I0906 19:44:17.195009  5520 processor.cc:746] Processor: start processing batch 8efdc08c-fc1c-4505-a284-679e4c9958d7 into model nwt
I0906 19:44:17.429178  6308 processor.cc:842] Processor: complete processing batch a7a16936-73e2-45c1-9427-e4bd061258f9 into model nwt
I0906 19:44:17.433679  6308 cuckoo_watch.h:44] 280ms in ProcessBatch(D:\Coursera\Notebooks\homeworks\MyHW\3-4\lectures_batches\aaaaaa.batch) [including 19ms in LoadMessage; 25ms in InitializeSparseNdw; 227ms in InferThetaAndUpdateNwtSparse; ]
I0906 19:44:17.458199  6308 processor.cc:662] No data in processing queue, waiting...
I0906 19:44:17.657343  5520 processor.cc:842] Processor: complete processing batch 8efdc08c-fc1c-4505-a284-679e4c9958d7 into model nwt
I0906 19:44:17.664346  5520 cuckoo_watch.h:44] 511ms in ProcessBatch(D:\Coursera\Notebooks\homeworks\MyHW\3-4\lectures_batches\aaaaab.batch) [including 39ms in LoadMessage; 58ms in InitializeSparseNdw; 403ms in InferThetaAndUpdateNwtSparse; ]
I0906 19:44:17.665355 11624 master_component.cc:980] RegularizeModelArgs: rwt_target_name=rwt, pwt_source_name=pwt, nwt_source_name=nwt
I0906 19:44:17.665355 11624 master_component.cc:590] MasterComponent: start regularizing model pwt
I0906 19:44:17.685361  5520 processor.cc:662] No data in processing queue, waiting...
I0906 19:44:17.819456 11624 master_component.cc:613] MasterComponent: complete regularizing model pwt
I0906 19:44:17.819456 11624 master_component.cc:991] NormalizeModelArgs: pwt_target_name=pwt, nwt_source_name=nwt, rwt_source_name=rwt
I0906 19:44:17.819456 11624 master_component.cc:617] MasterComponent: start normalizing model nwt
I0906 19:44:17.905519 11624 master_component.cc:639] MasterComponent: complete normalizing model nwt
I0906 19:44:18.320822 11624 master_component.cc:1015] DisposeModel rwt
I0906 19:44:18.330832 11624 c_interface.cc:332] Pass FitOfflineMasterModelArgs, batch_filename_size=2, batch_weight_size=2, num_collection_passes=1 to void (__thiscall artm::core::MasterComponent::*)(class artm::FitOfflineMasterModelArgs const &)
I0906 19:44:18.330832 11624 master_component.cc:942] ProcessBatchesArgs: nwt_target_name=nwt, batch_filename_size=2, batch_size=0, batch_weight_size=2, pwt_source_name=pwt, num_document_passes=1, regularizer=(name:SparsePhi, tau:100000), regularizer=(name:NegSparsePhi, tau:-100000), class=(text:1), class=(author:1), reuse_theta=yes, opt_for_avx=yes, predict_class_id=
I0906 19:44:18.382874  6308 processor.cc:669] Processing queue has data, processing started
I0906 19:44:18.382874  5520 processor.cc:669] Processing queue has data, processing started
I0906 19:44:18.402884  6308 processor.cc:746] Processor: start processing batch a7a16936-73e2-45c1-9427-e4bd061258f9 into model nwt
I0906 19:44:18.417894  5520 processor.cc:746] Processor: start processing batch 8efdc08c-fc1c-4505-a284-679e4c9958d7 into model nwt
I0906 19:44:18.638057  6308 processor.cc:842] Processor: complete processing batch a7a16936-73e2-45c1-9427-e4bd061258f9 into model nwt
I0906 19:44:18.642065  6308 cuckoo_watch.h:44] 259ms in ProcessBatch(D:\Coursera\Notebooks\homeworks\MyHW\3-4\lectures_batches\aaaaaa.batch) [including 19ms in LoadMessage; 23ms in InitializeSparseNdw; 210ms in InferThetaAndUpdateNwtSparse; ]
I0906 19:44:18.661077  6308 processor.cc:662] No data in processing queue, waiting...
I0906 19:44:18.867229  5520 processor.cc:842] Processor: complete processing batch 8efdc08c-fc1c-4505-a284-679e4c9958d7 into model nwt
I0906 19:44:18.872231  5520 cuckoo_watch.h:44] 489ms in ProcessBatch(D:\Coursera\Notebooks\homeworks\MyHW\3-4\lectures_batches\aaaaab.batch) [including 33ms in LoadMessage; 62ms in InitializeSparseNdw; 386ms in InferThetaAndUpdateNwtSparse; ]
I0906 19:44:18.873234 11624 master_component.cc:980] RegularizeModelArgs: rwt_target_name=rwt, pwt_source_name=pwt, nwt_source_name=nwt
I0906 19:44:18.873234 11624 master_component.cc:590] MasterComponent: start regularizing model pwt
I0906 19:44:18.893245  5520 processor.cc:662] No data in processing queue, waiting...
I0906 19:44:19.025847 11624 master_component.cc:613] MasterComponent: complete regularizing model pwt
I0906 19:44:19.025847 11624 master_component.cc:991] NormalizeModelArgs: pwt_target_name=pwt, nwt_source_name=nwt, rwt_source_name=rwt
I0906 19:44:19.025847 11624 master_component.cc:617] MasterComponent: start normalizing model nwt
I0906 19:44:19.111407 11624 master_component.cc:639] MasterComponent: complete normalizing model nwt
I0906 19:44:19.509694 11624 master_component.cc:1015] DisposeModel rwt
I0906 19:44:19.519703 11624 c_interface.cc:332] Pass FitOfflineMasterModelArgs, batch_filename_size=2, batch_weight_size=2, num_collection_passes=1 to void (__thiscall artm::core::MasterComponent::*)(class artm::FitOfflineMasterModelArgs const &)
I0906 19:44:19.519703 11624 master_component.cc:942] ProcessBatchesArgs: nwt_target_name=nwt, batch_filename_size=2, batch_size=0, batch_weight_size=2, pwt_source_name=pwt, num_document_passes=1, regularizer=(name:SparsePhi, tau:100000), regularizer=(name:NegSparsePhi, tau:-100000), class=(text:1), class=(author:1), reuse_theta=yes, opt_for_avx=yes, predict_class_id=
I0906 19:44:19.571743 10016 processor.cc:669] Processing queue has data, processing started
I0906 19:44:19.571743  6308 processor.cc:669] Processing queue has data, processing started
I0906 19:44:19.597762 10016 processor.cc:746] Processor: start processing batch a7a16936-73e2-45c1-9427-e4bd061258f9 into model nwt
I0906 19:44:19.615772  6308 processor.cc:746] Processor: start processing batch 8efdc08c-fc1c-4505-a284-679e4c9958d7 into model nwt
I0906 19:44:19.811918 10016 processor.cc:842] Processor: complete processing batch a7a16936-73e2-45c1-9427-e4bd061258f9 into model nwt
I0906 19:44:19.815920 10016 cuckoo_watch.h:44] 244ms in ProcessBatch(D:\Coursera\Notebooks\homeworks\MyHW\3-4\lectures_batches\aaaaaa.batch) [including 25ms in LoadMessage; 27ms in InitializeSparseNdw; 185ms in InferThetaAndUpdateNwtSparse; ]
I0906 19:44:19.836437 10016 processor.cc:662] No data in processing queue, waiting...
I0906 19:44:20.039094  6308 processor.cc:842] Processor: complete processing batch 8efdc08c-fc1c-4505-a284-679e4c9958d7 into model nwt
I0906 19:44:20.043831  6308 cuckoo_watch.h:44] 472ms in ProcessBatch(D:\Coursera\Notebooks\homeworks\MyHW\3-4\lectures_batches\aaaaab.batch) [including 42ms in LoadMessage; 47ms in InitializeSparseNdw; 376ms in InferThetaAndUpdateNwtSparse; ]
I0906 19:44:20.044834 11624 master_component.cc:980] RegularizeModelArgs: rwt_target_name=rwt, pwt_source_name=pwt, nwt_source_name=nwt
I0906 19:44:20.044834 11624 master_component.cc:590] MasterComponent: start regularizing model pwt
I0906 19:44:20.063844  6308 processor.cc:662] No data in processing queue, waiting...
I0906 19:44:20.194438 11624 master_component.cc:613] MasterComponent: complete regularizing model pwt
I0906 19:44:20.194438 11624 master_component.cc:991] NormalizeModelArgs: pwt_target_name=pwt, nwt_source_name=nwt, rwt_source_name=rwt
I0906 19:44:20.194438 11624 master_component.cc:617] MasterComponent: start normalizing model nwt
I0906 19:44:20.279502 11624 master_component.cc:639] MasterComponent: complete normalizing model nwt
I0906 19:44:20.680773 11624 master_component.cc:1015] DisposeModel rwt
I0906 19:44:20.688778 11624 c_interface.cc:332] Pass FitOfflineMasterModelArgs, batch_filename_size=2, batch_weight_size=2, num_collection_passes=1 to void (__thiscall artm::core::MasterComponent::*)(class artm::FitOfflineMasterModelArgs const &)
I0906 19:44:20.688778 11624 master_component.cc:942] ProcessBatchesArgs: nwt_target_name=nwt, batch_filename_size=2, batch_size=0, batch_weight_size=2, pwt_source_name=pwt, num_document_passes=1, regularizer=(name:SparsePhi, tau:100000), regularizer=(name:NegSparsePhi, tau:-100000), class=(text:1), class=(author:1), reuse_theta=yes, opt_for_avx=yes, predict_class_id=
I0906 19:44:20.740815  9288 processor.cc:669] Processing queue has data, processing started
I0906 19:44:20.740815  6308 processor.cc:669] Processing queue has data, processing started
I0906 19:44:20.764329  9288 processor.cc:746] Processor: start processing batch a7a16936-73e2-45c1-9427-e4bd061258f9 into model nwt
I0906 19:44:20.778838  6308 processor.cc:746] Processor: start processing batch 8efdc08c-fc1c-4505-a284-679e4c9958d7 into model nwt
I0906 19:44:20.980470  9288 processor.cc:842] Processor: complete processing batch a7a16936-73e2-45c1-9427-e4bd061258f9 into model nwt
I0906 19:44:20.984973  9288 cuckoo_watch.h:44] 243ms in ProcessBatch(D:\Coursera\Notebooks\homeworks\MyHW\3-4\lectures_batches\aaaaaa.batch) [including 22ms in LoadMessage; 19ms in InitializeSparseNdw; 195ms in InferThetaAndUpdateNwtSparse; ]
I0906 19:44:21.003986  9288 processor.cc:662] No data in processing queue, waiting...
I0906 19:44:21.205621  6308 processor.cc:842] Processor: complete processing batch 8efdc08c-fc1c-4505-a284-679e4c9958d7 into model nwt
I0906 19:44:21.213125  6308 cuckoo_watch.h:44] 472ms in ProcessBatch(D:\Coursera\Notebooks\homeworks\MyHW\3-4\lectures_batches\aaaaab.batch) [including 36ms in LoadMessage; 47ms in InitializeSparseNdw; 378ms in InferThetaAndUpdateNwtSparse; ]
I0906 19:44:21.214628 11624 master_component.cc:980] RegularizeModelArgs: rwt_target_name=rwt, pwt_source_name=pwt, nwt_source_name=nwt
I0906 19:44:21.214628 11624 master_component.cc:590] MasterComponent: start regularizing model pwt
I0906 19:44:21.233139  6308 processor.cc:662] No data in processing queue, waiting...
I0906 19:44:21.366226 11624 master_component.cc:613] MasterComponent: complete regularizing model pwt
I0906 19:44:21.366226 11624 master_component.cc:991] NormalizeModelArgs: pwt_target_name=pwt, nwt_source_name=nwt, rwt_source_name=rwt
I0906 19:44:21.366226 11624 master_component.cc:617] MasterComponent: start normalizing model nwt
I0906 19:44:21.451283 11624 master_component.cc:639] MasterComponent: complete normalizing model nwt
I0906 19:44:21.850566 11624 master_component.cc:1015] DisposeModel rwt
I0906 19:44:21.860574 11624 c_interface.cc:332] Pass FitOfflineMasterModelArgs, batch_filename_size=2, batch_weight_size=2, num_collection_passes=1 to void (__thiscall artm::core::MasterComponent::*)(class artm::FitOfflineMasterModelArgs const &)
I0906 19:44:21.860574 11624 master_component.cc:942] ProcessBatchesArgs: nwt_target_name=nwt, batch_filename_size=2, batch_size=0, batch_weight_size=2, pwt_source_name=pwt, num_document_passes=1, regularizer=(name:SparsePhi, tau:100000), regularizer=(name:NegSparsePhi, tau:-100000), class=(text:1), class=(author:1), reuse_theta=yes, opt_for_avx=yes, predict_class_id=
