I0906 13:29:17.128135  3140 master_component.cc:942] ProcessBatchesArgs: nwt_target_name=nwt, batch_filename_size=2, batch_size=0, batch_weight_size=2, pwt_source_name=pwt, num_document_passes=1, regularizer=(name:SparsePhi, tau:100000), class=(text:1), class=(author:1), reuse_theta=yes, opt_for_avx=yes, predict_class_id=
I0906 13:29:17.178175  5412 processor.cc:669] Processing queue has data, processing started
I0906 13:29:17.178175 10204 processor.cc:669] Processing queue has data, processing started
I0906 13:29:17.198190 10204 processor.cc:746] Processor: start processing batch 0f84aa87-b6cc-475f-8c4a-b2315e83cc04 into model nwt
I0906 13:29:17.214201  5412 processor.cc:746] Processor: start processing batch e77167e6-d514-45b2-9f76-1c9c7bb1fc04 into model nwt
I0906 13:29:17.418350 10204 processor.cc:842] Processor: complete processing batch 0f84aa87-b6cc-475f-8c4a-b2315e83cc04 into model nwt
I0906 13:29:17.422353 10204 cuckoo_watch.h:44] 244ms in ProcessBatch(D:\Coursera\Notebooks\homeworks\MyHW\3-4\lectures_batches\aaaaaa.batch) [including 18ms in LoadMessage; 23ms in InitializeSparseNdw; 197ms in InferThetaAndUpdateNwtSparse; ]
I0906 13:29:17.442376 10204 processor.cc:662] No data in processing queue, waiting...
I0906 13:29:17.647022  5412 processor.cc:842] Processor: complete processing batch e77167e6-d514-45b2-9f76-1c9c7bb1fc04 into model nwt
I0906 13:29:17.652114  5412 cuckoo_watch.h:44] 473ms in ProcessBatch(D:\Coursera\Notebooks\homeworks\MyHW\3-4\lectures_batches\aaaaab.batch) [including 34ms in LoadMessage; 50ms in InitializeSparseNdw; 381ms in InferThetaAndUpdateNwtSparse; ]
I0906 13:29:17.654119  3140 master_component.cc:980] RegularizeModelArgs: rwt_target_name=rwt, pwt_source_name=pwt, nwt_source_name=nwt
I0906 13:29:17.654119  3140 master_component.cc:590] MasterComponent: start regularizing model pwt
I0906 13:29:17.674129  5412 processor.cc:662] No data in processing queue, waiting...
I0906 13:29:17.834754  3140 master_component.cc:613] MasterComponent: complete regularizing model pwt
I0906 13:29:17.834754  3140 master_component.cc:991] NormalizeModelArgs: pwt_target_name=pwt, nwt_source_name=nwt, rwt_source_name=rwt
I0906 13:29:17.834754  3140 master_component.cc:617] MasterComponent: start normalizing model nwt
I0906 13:29:17.964856  3140 master_component.cc:639] MasterComponent: complete normalizing model nwt
I0906 13:29:18.400180  3140 master_component.cc:1015] DisposeModel rwt
I0906 13:29:18.407186  3140 c_interface.cc:332] Pass FitOfflineMasterModelArgs, batch_filename_size=2, batch_weight_size=2, num_collection_passes=1 to void (__thiscall artm::core::MasterComponent::*)(class artm::FitOfflineMasterModelArgs const &)
I0906 13:29:18.407186  3140 master_component.cc:942] ProcessBatchesArgs: nwt_target_name=nwt, batch_filename_size=2, batch_size=0, batch_weight_size=2, pwt_source_name=pwt, num_document_passes=1, regularizer=(name:SparsePhi, tau:100000), class=(text:1), class=(author:1), reuse_theta=yes, opt_for_avx=yes, predict_class_id=
I0906 13:29:18.458228 11076 processor.cc:669] Processing queue has data, processing started
I0906 13:29:18.458228 10204 processor.cc:669] Processing queue has data, processing started
I0906 13:29:18.488250 10204 processor.cc:746] Processor: start processing batch 0f84aa87-b6cc-475f-8c4a-b2315e83cc04 into model nwt
I0906 13:29:18.506266 11076 processor.cc:746] Processor: start processing batch e77167e6-d514-45b2-9f76-1c9c7bb1fc04 into model nwt
I0906 13:29:18.721429 10204 processor.cc:842] Processor: complete processing batch 0f84aa87-b6cc-475f-8c4a-b2315e83cc04 into model nwt
I0906 13:29:18.724432 10204 cuckoo_watch.h:44] 266ms in ProcessBatch(D:\Coursera\Notebooks\homeworks\MyHW\3-4\lectures_batches\aaaaaa.batch) [including 27ms in LoadMessage; 26ms in InitializeSparseNdw; 206ms in InferThetaAndUpdateNwtSparse; ]
I0906 13:29:18.744446 10204 processor.cc:662] No data in processing queue, waiting...
I0906 13:29:18.950104 11076 processor.cc:842] Processor: complete processing batch e77167e6-d514-45b2-9f76-1c9c7bb1fc04 into model nwt
I0906 13:29:18.955612 11076 cuckoo_watch.h:44] 497ms in ProcessBatch(D:\Coursera\Notebooks\homeworks\MyHW\3-4\lectures_batches\aaaaab.batch) [including 46ms in LoadMessage; 52ms in InitializeSparseNdw; 390ms in InferThetaAndUpdateNwtSparse; ]
I0906 13:29:18.957614  3140 master_component.cc:980] RegularizeModelArgs: rwt_target_name=rwt, pwt_source_name=pwt, nwt_source_name=nwt
I0906 13:29:18.957614  3140 master_component.cc:590] MasterComponent: start regularizing model pwt
I0906 13:29:18.974625 11076 processor.cc:662] No data in processing queue, waiting...
I0906 13:29:19.082703  3140 master_component.cc:613] MasterComponent: complete regularizing model pwt
I0906 13:29:19.082703  3140 master_component.cc:991] NormalizeModelArgs: pwt_target_name=pwt, nwt_source_name=nwt, rwt_source_name=rwt
I0906 13:29:19.082703  3140 master_component.cc:617] MasterComponent: start normalizing model nwt
I0906 13:29:19.175771  3140 master_component.cc:639] MasterComponent: complete normalizing model nwt
I0906 13:29:19.626101  3140 master_component.cc:1015] DisposeModel rwt
I0906 13:29:19.633105  3140 c_interface.cc:332] Pass FitOfflineMasterModelArgs, batch_filename_size=2, batch_weight_size=2, num_collection_passes=1 to void (__thiscall artm::core::MasterComponent::*)(class artm::FitOfflineMasterModelArgs const &)
I0906 13:29:19.634104  3140 master_component.cc:942] ProcessBatchesArgs: nwt_target_name=nwt, batch_filename_size=2, batch_size=0, batch_weight_size=2, pwt_source_name=pwt, num_document_passes=1, regularizer=(name:SparsePhi, tau:100000), class=(text:1), class=(author:1), reuse_theta=yes, opt_for_avx=yes, predict_class_id=
I0906 13:29:19.683161 10204 processor.cc:669] Processing queue has data, processing started
I0906 13:29:19.683161  9700 processor.cc:669] Processing queue has data, processing started
I0906 13:29:19.706166 10204 processor.cc:746] Processor: start processing batch 0f84aa87-b6cc-475f-8c4a-b2315e83cc04 into model nwt
I0906 13:29:19.721171  9700 processor.cc:746] Processor: start processing batch e77167e6-d514-45b2-9f76-1c9c7bb1fc04 into model nwt
I0906 13:29:19.933327 10204 processor.cc:842] Processor: complete processing batch 0f84aa87-b6cc-475f-8c4a-b2315e83cc04 into model nwt
I0906 13:29:19.936841 10204 cuckoo_watch.h:44] 253ms in ProcessBatch(D:\Coursera\Notebooks\homeworks\MyHW\3-4\lectures_batches\aaaaaa.batch) [including 20ms in LoadMessage; 28ms in InitializeSparseNdw; 198ms in InferThetaAndUpdateNwtSparse; ]
I0906 13:29:19.956357 10204 processor.cc:662] No data in processing queue, waiting...
I0906 13:29:20.157513  9700 processor.cc:842] Processor: complete processing batch e77167e6-d514-45b2-9f76-1c9c7bb1fc04 into model nwt
I0906 13:29:20.162516  9700 cuckoo_watch.h:44] 479ms in ProcessBatch(D:\Coursera\Notebooks\homeworks\MyHW\3-4\lectures_batches\aaaaab.batch) [including 36ms in LoadMessage; 48ms in InitializeSparseNdw; 386ms in InferThetaAndUpdateNwtSparse; ]
I0906 13:29:20.164517  3140 master_component.cc:980] RegularizeModelArgs: rwt_target_name=rwt, pwt_source_name=pwt, nwt_source_name=nwt
I0906 13:29:20.164517  3140 master_component.cc:590] MasterComponent: start regularizing model pwt
I0906 13:29:20.188534  9700 processor.cc:662] No data in processing queue, waiting...
I0906 13:29:20.295610  3140 master_component.cc:613] MasterComponent: complete regularizing model pwt
I0906 13:29:20.295610  3140 master_component.cc:991] NormalizeModelArgs: pwt_target_name=pwt, nwt_source_name=nwt, rwt_source_name=rwt
I0906 13:29:20.295610  3140 master_component.cc:617] MasterComponent: start normalizing model nwt
I0906 13:29:20.387679  3140 master_component.cc:639] MasterComponent: complete normalizing model nwt
I0906 13:29:20.819002  3140 master_component.cc:1015] DisposeModel rwt
I0906 13:29:20.827005  3140 c_interface.cc:332] Pass FitOfflineMasterModelArgs, batch_filename_size=2, batch_weight_size=2, num_collection_passes=1 to void (__thiscall artm::core::MasterComponent::*)(class artm::FitOfflineMasterModelArgs const &)
I0906 13:29:20.827005  3140 master_component.cc:942] ProcessBatchesArgs: nwt_target_name=nwt, batch_filename_size=2, batch_size=0, batch_weight_size=2, pwt_source_name=pwt, num_document_passes=1, regularizer=(name:SparsePhi, tau:100000), class=(text:1), class=(author:1), reuse_theta=yes, opt_for_avx=yes, predict_class_id=
I0906 13:29:20.878065 10204 processor.cc:669] Processing queue has data, processing started
I0906 13:29:20.878065 11076 processor.cc:669] Processing queue has data, processing started
I0906 13:29:20.898062 10204 processor.cc:746] Processor: start processing batch 0f84aa87-b6cc-475f-8c4a-b2315e83cc04 into model nwt
I0906 13:29:20.914075 11076 processor.cc:746] Processor: start processing batch e77167e6-d514-45b2-9f76-1c9c7bb1fc04 into model nwt
I0906 13:29:21.127236 10204 processor.cc:842] Processor: complete processing batch 0f84aa87-b6cc-475f-8c4a-b2315e83cc04 into model nwt
I0906 13:29:21.132241 10204 cuckoo_watch.h:44] 254ms in ProcessBatch(D:\Coursera\Notebooks\homeworks\MyHW\3-4\lectures_batches\aaaaaa.batch) [including 17ms in LoadMessage; 25ms in InitializeSparseNdw; 203ms in InferThetaAndUpdateNwtSparse; ]
I0906 13:29:21.151260 10204 processor.cc:662] No data in processing queue, waiting...
I0906 13:29:21.353421 11076 processor.cc:842] Processor: complete processing batch e77167e6-d514-45b2-9f76-1c9c7bb1fc04 into model nwt
I0906 13:29:21.361425 11076 cuckoo_watch.h:44] 483ms in ProcessBatch(D:\Coursera\Notebooks\homeworks\MyHW\3-4\lectures_batches\aaaaab.batch) [including 34ms in LoadMessage; 57ms in InitializeSparseNdw; 382ms in InferThetaAndUpdateNwtSparse; ]
I0906 13:29:21.363448  3140 master_component.cc:980] RegularizeModelArgs: rwt_target_name=rwt, pwt_source_name=pwt, nwt_source_name=nwt
I0906 13:29:21.363448  3140 master_component.cc:590] MasterComponent: start regularizing model pwt
I0906 13:29:21.381439 11076 processor.cc:662] No data in processing queue, waiting...
I0906 13:29:21.487519  3140 master_component.cc:613] MasterComponent: complete regularizing model pwt
I0906 13:29:21.487519  3140 master_component.cc:991] NormalizeModelArgs: pwt_target_name=pwt, nwt_source_name=nwt, rwt_source_name=rwt
I0906 13:29:21.487519  3140 master_component.cc:617] MasterComponent: start normalizing model nwt
I0906 13:29:21.578589  3140 master_component.cc:639] MasterComponent: complete normalizing model nwt
I0906 13:29:22.006912  3140 master_component.cc:1015] DisposeModel rwt
I0906 13:29:22.014916  3140 c_interface.cc:332] Pass FitOfflineMasterModelArgs, batch_filename_size=2, batch_weight_size=2, num_collection_passes=1 to void (__thiscall artm::core::MasterComponent::*)(class artm::FitOfflineMasterModelArgs const &)
I0906 13:29:22.014916  3140 master_component.cc:942] ProcessBatchesArgs: nwt_target_name=nwt, batch_filename_size=2, batch_size=0, batch_weight_size=2, pwt_source_name=pwt, num_document_passes=1, regularizer=(name:SparsePhi, tau:100000), class=(text:1), class=(author:1), reuse_theta=yes, opt_for_avx=yes, predict_class_id=
I0906 13:29:22.064961 10204 processor.cc:669] Processing queue has data, processing started
I0906 13:29:22.065961  9700 processor.cc:669] Processing queue has data, processing started
I0906 13:29:22.087975 10204 processor.cc:746] Processor: start processing batch 0f84aa87-b6cc-475f-8c4a-b2315e83cc04 into model nwt
I0906 13:29:22.102988  9700 processor.cc:746] Processor: start processing batch e77167e6-d514-45b2-9f76-1c9c7bb1fc04 into model nwt
I0906 13:29:22.320276 10204 processor.cc:842] Processor: complete processing batch 0f84aa87-b6cc-475f-8c4a-b2315e83cc04 into model nwt
I0906 13:29:22.325279 10204 cuckoo_watch.h:44] 260ms in ProcessBatch(D:\Coursera\Notebooks\homeworks\MyHW\3-4\lectures_batches\aaaaaa.batch) [including 21ms in LoadMessage; 22ms in InitializeSparseNdw; 209ms in InferThetaAndUpdateNwtSparse; ]
I0906 13:29:22.344792 10204 processor.cc:662] No data in processing queue, waiting...
I0906 13:29:22.551440  9700 processor.cc:842] Processor: complete processing batch e77167e6-d514-45b2-9f76-1c9c7bb1fc04 into model nwt
I0906 13:29:22.556443  9700 cuckoo_watch.h:44] 490ms in ProcessBatch(D:\Coursera\Notebooks\homeworks\MyHW\3-4\lectures_batches\aaaaab.batch) [including 35ms in LoadMessage; 60ms in InitializeSparseNdw; 386ms in InferThetaAndUpdateNwtSparse; ]
I0906 13:29:22.557464  3140 master_component.cc:980] RegularizeModelArgs: rwt_target_name=rwt, pwt_source_name=pwt, nwt_source_name=nwt
I0906 13:29:22.557464  3140 master_component.cc:590] MasterComponent: start regularizing model pwt
I0906 13:29:22.576457  9700 processor.cc:662] No data in processing queue, waiting...
I0906 13:29:22.679546  3140 master_component.cc:613] MasterComponent: complete regularizing model pwt
I0906 13:29:22.679546  3140 master_component.cc:991] NormalizeModelArgs: pwt_target_name=pwt, nwt_source_name=nwt, rwt_source_name=rwt
I0906 13:29:22.679546  3140 master_component.cc:617] MasterComponent: start normalizing model nwt
I0906 13:29:22.771608  3140 master_component.cc:639] MasterComponent: complete normalizing model nwt
I0906 13:29:23.204998  3140 master_component.cc:1015] DisposeModel rwt
I0906 13:29:23.213001  3140 c_interface.cc:332] Pass FitOfflineMasterModelArgs, batch_filename_size=2, batch_weight_size=2, num_collection_passes=1 to void (__thiscall artm::core::MasterComponent::*)(class artm::FitOfflineMasterModelArgs const &)
I0906 13:29:23.213001  3140 master_component.cc:942] ProcessBatchesArgs: nwt_target_name=nwt, batch_filename_size=2, batch_size=0, batch_weight_size=2, pwt_source_name=pwt, num_document_passes=1, regularizer=(name:SparsePhi, tau:100000), class=(text:1), class=(author:1), reuse_theta=yes, opt_for_avx=yes, predict_class_id=
I0906 13:29:23.262048  5412 processor.cc:669] Processing queue has data, processing started
I0906 13:29:23.262048 10204 processor.cc:669] Processing queue has data, processing started
I0906 13:29:23.285058  5412 processor.cc:746] Processor: start processing batch 0f84aa87-b6cc-475f-8c4a-b2315e83cc04 into model nwt
I0906 13:29:23.302072 10204 processor.cc:746] Processor: start processing batch e77167e6-d514-45b2-9f76-1c9c7bb1fc04 into model nwt
I0906 13:29:23.515229  5412 processor.cc:842] Processor: complete processing batch 0f84aa87-b6cc-475f-8c4a-b2315e83cc04 into model nwt
I0906 13:29:23.520232  5412 cuckoo_watch.h:44] 258ms in ProcessBatch(D:\Coursera\Notebooks\homeworks\MyHW\3-4\lectures_batches\aaaaaa.batch) [including 20ms in LoadMessage; 22ms in InitializeSparseNdw; 207ms in InferThetaAndUpdateNwtSparse; ]
I0906 13:29:23.539245  5412 processor.cc:662] No data in processing queue, waiting...
I0906 13:29:23.748400 10204 processor.cc:842] Processor: complete processing batch e77167e6-d514-45b2-9f76-1c9c7bb1fc04 into model nwt
I0906 13:29:23.753407 10204 cuckoo_watch.h:44] 491ms in ProcessBatch(D:\Coursera\Notebooks\homeworks\MyHW\3-4\lectures_batches\aaaaab.batch) [including 38ms in LoadMessage; 56ms in InitializeSparseNdw; 390ms in InferThetaAndUpdateNwtSparse; ]
I0906 13:29:23.754420  3140 master_component.cc:980] RegularizeModelArgs: rwt_target_name=rwt, pwt_source_name=pwt, nwt_source_name=nwt
I0906 13:29:23.754420  3140 master_component.cc:590] MasterComponent: start regularizing model pwt
I0906 13:29:23.773419 10204 processor.cc:662] No data in processing queue, waiting...
I0906 13:29:23.877498  3140 master_component.cc:613] MasterComponent: complete regularizing model pwt
I0906 13:29:23.877498  3140 master_component.cc:991] NormalizeModelArgs: pwt_target_name=pwt, nwt_source_name=nwt, rwt_source_name=rwt
I0906 13:29:23.877498  3140 master_component.cc:617] MasterComponent: start normalizing model nwt
I0906 13:29:23.970567  3140 master_component.cc:639] MasterComponent: complete normalizing model nwt
I0906 13:29:24.393364  3140 master_component.cc:1015] DisposeModel rwt
I0906 13:29:24.400869  3140 c_interface.cc:332] Pass FitOfflineMasterModelArgs, batch_filename_size=2, batch_weight_size=2, num_collection_passes=1 to void (__thiscall artm::core::MasterComponent::*)(class artm::FitOfflineMasterModelArgs const &)
I0906 13:29:24.400869  3140 master_component.cc:942] ProcessBatchesArgs: nwt_target_name=nwt, batch_filename_size=2, batch_size=0, batch_weight_size=2, pwt_source_name=pwt, num_document_passes=1, regularizer=(name:SparsePhi, tau:100000), class=(text:1), class=(author:1), reuse_theta=yes, opt_for_avx=yes, predict_class_id=
I0906 13:29:24.451403  9700 processor.cc:669] Processing queue has data, processing started
I0906 13:29:24.452404  5412 processor.cc:669] Processing queue has data, processing started
I0906 13:29:24.475419  9700 processor.cc:746] Processor: start processing batch 0f84aa87-b6cc-475f-8c4a-b2315e83cc04 into model nwt
I0906 13:29:24.495935  5412 processor.cc:746] Processor: start processing batch e77167e6-d514-45b2-9f76-1c9c7bb1fc04 into model nwt
I0906 13:29:24.701071  9700 processor.cc:842] Processor: complete processing batch 0f84aa87-b6cc-475f-8c4a-b2315e83cc04 into model nwt
I0906 13:29:24.704571  9700 cuckoo_watch.h:44] 253ms in ProcessBatch(D:\Coursera\Notebooks\homeworks\MyHW\3-4\lectures_batches\aaaaaa.batch) [including 21ms in LoadMessage; 26ms in InitializeSparseNdw; 198ms in InferThetaAndUpdateNwtSparse; ]
I0906 13:29:24.723582  9700 processor.cc:662] No data in processing queue, waiting...
I0906 13:29:24.927232  5412 processor.cc:842] Processor: complete processing batch e77167e6-d514-45b2-9f76-1c9c7bb1fc04 into model nwt
I0906 13:29:24.932235  5412 cuckoo_watch.h:44] 479ms in ProcessBatch(D:\Coursera\Notebooks\homeworks\MyHW\3-4\lectures_batches\aaaaab.batch) [including 42ms in LoadMessage; 53ms in InitializeSparseNdw; 377ms in InferThetaAndUpdateNwtSparse; ]
I0906 13:29:24.933235  3140 master_component.cc:980] RegularizeModelArgs: rwt_target_name=rwt, pwt_source_name=pwt, nwt_source_name=nwt
I0906 13:29:24.933235  3140 master_component.cc:590] MasterComponent: start regularizing model pwt
I0906 13:29:24.953249  5412 processor.cc:662] No data in processing queue, waiting...
I0906 13:29:25.057325  3140 master_component.cc:613] MasterComponent: complete regularizing model pwt
I0906 13:29:25.057325  3140 master_component.cc:991] NormalizeModelArgs: pwt_target_name=pwt, nwt_source_name=nwt, rwt_source_name=rwt
I0906 13:29:25.057325  3140 master_component.cc:617] MasterComponent: start normalizing model nwt
I0906 13:29:25.147395  3140 master_component.cc:639] MasterComponent: complete normalizing model nwt
I0906 13:29:25.581229  3140 master_component.cc:1015] DisposeModel rwt
I0906 13:29:25.589232  3140 c_interface.cc:332] Pass FitOfflineMasterModelArgs, batch_filename_size=2, batch_weight_size=2, num_collection_passes=1 to void (__thiscall artm::core::MasterComponent::*)(class artm::FitOfflineMasterModelArgs const &)
I0906 13:29:25.589232  3140 master_component.cc:942] ProcessBatchesArgs: nwt_target_name=nwt, batch_filename_size=2, batch_size=0, batch_weight_size=2, pwt_source_name=pwt, num_document_passes=1, regularizer=(name:SparsePhi, tau:100000), class=(text:1), class=(author:1), reuse_theta=yes, opt_for_avx=yes, predict_class_id=
I0906 13:29:25.641770 11076 processor.cc:669] Processing queue has data, processing started
I0906 13:29:25.641770 10204 processor.cc:669] Processing queue has data, processing started
I0906 13:29:25.662786 10204 processor.cc:746] Processor: start processing batch 0f84aa87-b6cc-475f-8c4a-b2315e83cc04 into model nwt
I0906 13:29:25.680307 11076 processor.cc:746] Processor: start processing batch e77167e6-d514-45b2-9f76-1c9c7bb1fc04 into model nwt
I0906 13:29:25.871942 10204 processor.cc:842] Processor: complete processing batch 0f84aa87-b6cc-475f-8c4a-b2315e83cc04 into model nwt
I0906 13:29:25.875946 10204 cuckoo_watch.h:44] 233ms in ProcessBatch(D:\Coursera\Notebooks\homeworks\MyHW\3-4\lectures_batches\aaaaaa.batch) [including 19ms in LoadMessage; 27ms in InitializeSparseNdw; 180ms in InferThetaAndUpdateNwtSparse; ]
I0906 13:29:25.896963 10204 processor.cc:662] No data in processing queue, waiting...
I0906 13:29:26.100114 11076 processor.cc:842] Processor: complete processing batch e77167e6-d514-45b2-9f76-1c9c7bb1fc04 into model nwt
I0906 13:29:26.106119 11076 cuckoo_watch.h:44] 464ms in ProcessBatch(D:\Coursera\Notebooks\homeworks\MyHW\3-4\lectures_batches\aaaaab.batch) [including 36ms in LoadMessage; 54ms in InitializeSparseNdw; 364ms in InferThetaAndUpdateNwtSparse; ]
I0906 13:29:26.107133  3140 master_component.cc:980] RegularizeModelArgs: rwt_target_name=rwt, pwt_source_name=pwt, nwt_source_name=nwt
I0906 13:29:26.107133  3140 master_component.cc:590] MasterComponent: start regularizing model pwt
I0906 13:29:26.126132 11076 processor.cc:662] No data in processing queue, waiting...
I0906 13:29:26.228209  3140 master_component.cc:613] MasterComponent: complete regularizing model pwt
I0906 13:29:26.228209  3140 master_component.cc:991] NormalizeModelArgs: pwt_target_name=pwt, nwt_source_name=nwt, rwt_source_name=rwt
I0906 13:29:26.228209  3140 master_component.cc:617] MasterComponent: start normalizing model nwt
I0906 13:29:26.321280  3140 master_component.cc:639] MasterComponent: complete normalizing model nwt
I0906 13:29:26.751636  3140 master_component.cc:1015] DisposeModel rwt
I0906 13:29:26.759371  3140 c_interface.cc:332] Pass FitOfflineMasterModelArgs, batch_filename_size=2, batch_weight_size=2, num_collection_passes=1 to void (__thiscall artm::core::MasterComponent::*)(class artm::FitOfflineMasterModelArgs const &)
I0906 13:29:26.759371  3140 master_component.cc:942] ProcessBatchesArgs: nwt_target_name=nwt, batch_filename_size=2, batch_size=0, batch_weight_size=2, pwt_source_name=pwt, num_document_passes=1, regularizer=(name:SparsePhi, tau:100000), class=(text:1), class=(author:1), reuse_theta=yes, opt_for_avx=yes, predict_class_id=
I0906 13:29:26.814409  5412 processor.cc:669] Processing queue has data, processing started
I0906 13:29:26.815409 10204 processor.cc:669] Processing queue has data, processing started
I0906 13:29:26.843935  5412 processor.cc:746] Processor: start processing batch 0f84aa87-b6cc-475f-8c4a-b2315e83cc04 into model nwt
I0906 13:29:26.865952 10204 processor.cc:746] Processor: start processing batch e77167e6-d514-45b2-9f76-1c9c7bb1fc04 into model nwt
I0906 13:29:27.096122  5412 processor.cc:842] Processor: complete processing batch 0f84aa87-b6cc-475f-8c4a-b2315e83cc04 into model nwt
I0906 13:29:27.100124  5412 cuckoo_watch.h:44] 285ms in ProcessBatch(D:\Coursera\Notebooks\homeworks\MyHW\3-4\lectures_batches\aaaaaa.batch) [including 27ms in LoadMessage; 29ms in InitializeSparseNdw; 222ms in InferThetaAndUpdateNwtSparse; ]
I0906 13:29:27.120137  5412 processor.cc:662] No data in processing queue, waiting...
I0906 13:29:27.322283 10204 processor.cc:842] Processor: complete processing batch e77167e6-d514-45b2-9f76-1c9c7bb1fc04 into model nwt
I0906 13:29:27.328284 10204 cuckoo_watch.h:44] 512ms in ProcessBatch(D:\Coursera\Notebooks\homeworks\MyHW\3-4\lectures_batches\aaaaab.batch) [including 48ms in LoadMessage; 58ms in InitializeSparseNdw; 397ms in InferThetaAndUpdateNwtSparse; ]
I0906 13:29:27.330286  3140 master_component.cc:980] RegularizeModelArgs: rwt_target_name=rwt, pwt_source_name=pwt, nwt_source_name=nwt
I0906 13:29:27.330286  3140 master_component.cc:590] MasterComponent: start regularizing model pwt
I0906 13:29:27.347302 10204 processor.cc:662] No data in processing queue, waiting...
I0906 13:29:27.451880  3140 master_component.cc:613] MasterComponent: complete regularizing model pwt
I0906 13:29:27.451880  3140 master_component.cc:991] NormalizeModelArgs: pwt_target_name=pwt, nwt_source_name=nwt, rwt_source_name=rwt
I0906 13:29:27.451880  3140 master_component.cc:617] MasterComponent: start normalizing model nwt
I0906 13:29:27.543454  3140 master_component.cc:639] MasterComponent: complete normalizing model nwt
I0906 13:29:27.968767  3140 master_component.cc:1015] DisposeModel rwt
I0906 13:29:27.975772  3140 c_interface.cc:332] Pass FitOfflineMasterModelArgs, batch_filename_size=2, batch_weight_size=2, num_collection_passes=1 to void (__thiscall artm::core::MasterComponent::*)(class artm::FitOfflineMasterModelArgs const &)
I0906 13:29:27.975772  3140 master_component.cc:942] ProcessBatchesArgs: nwt_target_name=nwt, batch_filename_size=2, batch_size=0, batch_weight_size=2, pwt_source_name=pwt, num_document_passes=1, regularizer=(name:SparsePhi, tau:100000), class=(text:1), class=(author:1), reuse_theta=yes, opt_for_avx=yes, predict_class_id=
I0906 13:29:28.024806 11076 processor.cc:669] Processing queue has data, processing started
I0906 13:29:28.025805  5412 processor.cc:669] Processing queue has data, processing started
I0906 13:29:28.052830 11076 processor.cc:746] Processor: start processing batch 0f84aa87-b6cc-475f-8c4a-b2315e83cc04 into model nwt
I0906 13:29:28.068843  5412 processor.cc:746] Processor: start processing batch e77167e6-d514-45b2-9f76-1c9c7bb1fc04 into model nwt
I0906 13:29:28.267987 11076 processor.cc:842] Processor: complete processing batch 0f84aa87-b6cc-475f-8c4a-b2315e83cc04 into model nwt
I0906 13:29:28.270989 11076 cuckoo_watch.h:44] 246ms in ProcessBatch(D:\Coursera\Notebooks\homeworks\MyHW\3-4\lectures_batches\aaaaaa.batch) [including 26ms in LoadMessage; 21ms in InitializeSparseNdw; 193ms in InferThetaAndUpdateNwtSparse; ]
I0906 13:29:28.291002 11076 processor.cc:662] No data in processing queue, waiting...
I0906 13:29:28.496165  5412 processor.cc:842] Processor: complete processing batch e77167e6-d514-45b2-9f76-1c9c7bb1fc04 into model nwt
I0906 13:29:28.502168  5412 cuckoo_watch.h:44] 476ms in ProcessBatch(D:\Coursera\Notebooks\homeworks\MyHW\3-4\lectures_batches\aaaaab.batch) [including 41ms in LoadMessage; 44ms in InitializeSparseNdw; 383ms in InferThetaAndUpdateNwtSparse; ]
I0906 13:29:28.503197  3140 master_component.cc:980] RegularizeModelArgs: rwt_target_name=rwt, pwt_source_name=pwt, nwt_source_name=nwt
I0906 13:29:28.503197  3140 master_component.cc:590] MasterComponent: start regularizing model pwt
I0906 13:29:28.524181  5412 processor.cc:662] No data in processing queue, waiting...
I0906 13:29:28.626257  3140 master_component.cc:613] MasterComponent: complete regularizing model pwt
I0906 13:29:28.626257  3140 master_component.cc:991] NormalizeModelArgs: pwt_target_name=pwt, nwt_source_name=nwt, rwt_source_name=rwt
I0906 13:29:28.626257  3140 master_component.cc:617] MasterComponent: start normalizing model nwt
I0906 13:29:28.716326  3140 master_component.cc:639] MasterComponent: complete normalizing model nwt
I0906 13:29:29.148660  3140 master_component.cc:1015] DisposeModel rwt
I0906 13:29:29.156663  3140 c_interface.cc:332] Pass FitOfflineMasterModelArgs, batch_filename_size=2, batch_weight_size=2, num_collection_passes=1 to void (__thiscall artm::core::MasterComponent::*)(class artm::FitOfflineMasterModelArgs const &)
I0906 13:29:29.156663  3140 master_component.cc:942] ProcessBatchesArgs: nwt_target_name=nwt, batch_filename_size=2, batch_size=0, batch_weight_size=2, pwt_source_name=pwt, num_document_passes=1, regularizer=(name:SparsePhi, tau:100000), class=(text:1), class=(author:1), reuse_theta=yes, opt_for_avx=yes, predict_class_id=
I0906 13:29:29.205713 10204 processor.cc:669] Processing queue has data, processing started
I0906 13:29:29.205713  9700 processor.cc:669] Processing queue has data, processing started
I0906 13:29:29.234719 10204 processor.cc:746] Processor: start processing batch 0f84aa87-b6cc-475f-8c4a-b2315e83cc04 into model nwt
I0906 13:29:29.249737  9700 processor.cc:746] Processor: start processing batch e77167e6-d514-45b2-9f76-1c9c7bb1fc04 into model nwt
I0906 13:29:29.459791 10204 processor.cc:842] Processor: complete processing batch 0f84aa87-b6cc-475f-8c4a-b2315e83cc04 into model nwt
I0906 13:29:29.464794 10204 cuckoo_watch.h:44] 259ms in ProcessBatch(D:\Coursera\Notebooks\homeworks\MyHW\3-4\lectures_batches\aaaaaa.batch) [including 27ms in LoadMessage; 23ms in InitializeSparseNdw; 200ms in InferThetaAndUpdateNwtSparse; ]
I0906 13:29:29.483809 10204 processor.cc:662] No data in processing queue, waiting...
I0906 13:29:29.682978  9700 processor.cc:842] Processor: complete processing batch e77167e6-d514-45b2-9f76-1c9c7bb1fc04 into model nwt
I0906 13:29:29.688984  9700 cuckoo_watch.h:44] 483ms in ProcessBatch(D:\Coursera\Notebooks\homeworks\MyHW\3-4\lectures_batches\aaaaab.batch) [including 41ms in LoadMessage; 52ms in InitializeSparseNdw; 380ms in InferThetaAndUpdateNwtSparse; ]
I0906 13:29:29.691007  3140 master_component.cc:980] RegularizeModelArgs: rwt_target_name=rwt, pwt_source_name=pwt, nwt_source_name=nwt
I0906 13:29:29.691007  3140 master_component.cc:590] MasterComponent: start regularizing model pwt
I0906 13:29:29.710997  9700 processor.cc:662] No data in processing queue, waiting...
I0906 13:29:29.816078  3140 master_component.cc:613] MasterComponent: complete regularizing model pwt
I0906 13:29:29.816078  3140 master_component.cc:991] NormalizeModelArgs: pwt_target_name=pwt, nwt_source_name=nwt, rwt_source_name=rwt
I0906 13:29:29.816078  3140 master_component.cc:617] MasterComponent: start normalizing model nwt
I0906 13:29:29.908149  3140 master_component.cc:639] MasterComponent: complete normalizing model nwt
I0906 13:29:30.335469  3140 master_component.cc:1015] DisposeModel rwt
I0906 13:29:30.357483  3140 c_interface.cc:332] Pass MasterModelConfig: topic_name_size=30, class=(text:1), class=(author:1), score_config_size=2, num_processors=0, pwt_name=pwt, nwt_name=nwt, num_document_passes=1, regularizer=(SparsePhi:100000), regularizer=(NegSparsePhi:-100000), reuse_theta=yes, cache_theta=yes, opt_for_avx=yes, disk_cache_path to void (__thiscall artm::core::MasterComponent::*)(class artm::MasterModelConfig const &)
I0906 13:29:30.357483  3140 instance.cc:358] MasterModelConfig.processors_count is automatically set to 4
I0906 13:29:30.357483  3140 instance.cc:213] Regularizer 'SparsePhi' was cold-reconfigured
I0906 13:29:30.357483  3140 instance.cc:213] Regularizer 'NegSparsePhi' was cold-reconfigured
I0906 13:29:30.505630  3140 c_interface.cc:332] Pass FitOfflineMasterModelArgs, batch_filename_size=2, batch_weight_size=2, num_collection_passes=1 to void (__thiscall artm::core::MasterComponent::*)(class artm::FitOfflineMasterModelArgs const &)
I0906 13:29:30.505630  3140 master_component.cc:942] ProcessBatchesArgs: nwt_target_name=nwt, batch_filename_size=2, batch_size=0, batch_weight_size=2, pwt_source_name=pwt, num_document_passes=1, regularizer=(name:SparsePhi, tau:100000), regularizer=(name:NegSparsePhi, tau:-100000), class=(text:1), class=(author:1), reuse_theta=yes, opt_for_avx=yes, predict_class_id=
I0906 13:29:30.572198  9700 processor.cc:669] Processing queue has data, processing started
I0906 13:29:30.572198 10204 processor.cc:669] Processing queue has data, processing started
I0906 13:29:30.596707  9700 processor.cc:746] Processor: start processing batch 0f84aa87-b6cc-475f-8c4a-b2315e83cc04 into model nwt
I0906 13:29:30.615715 10204 processor.cc:746] Processor: start processing batch e77167e6-d514-45b2-9f76-1c9c7bb1fc04 into model nwt
I0906 13:29:30.855895  9700 processor.cc:842] Processor: complete processing batch 0f84aa87-b6cc-475f-8c4a-b2315e83cc04 into model nwt
I0906 13:29:30.861899  9700 cuckoo_watch.h:44] 289ms in ProcessBatch(D:\Coursera\Notebooks\homeworks\MyHW\3-4\lectures_batches\aaaaaa.batch) [including 22ms in LoadMessage; 25ms in InitializeSparseNdw; 233ms in InferThetaAndUpdateNwtSparse; ]
I0906 13:29:30.883918  9700 processor.cc:662] No data in processing queue, waiting...
I0906 13:29:31.090910 10204 processor.cc:842] Processor: complete processing batch e77167e6-d514-45b2-9f76-1c9c7bb1fc04 into model nwt
I0906 13:29:31.095913 10204 cuckoo_watch.h:44] 523ms in ProcessBatch(D:\Coursera\Notebooks\homeworks\MyHW\3-4\lectures_batches\aaaaab.batch) [including 42ms in LoadMessage; 62ms in InitializeSparseNdw; 412ms in InferThetaAndUpdateNwtSparse; ]
I0906 13:29:31.097916  3140 master_component.cc:980] RegularizeModelArgs: rwt_target_name=rwt, pwt_source_name=pwt, nwt_source_name=nwt
I0906 13:29:31.097916  3140 master_component.cc:590] MasterComponent: start regularizing model pwt
I0906 13:29:31.124934 10204 processor.cc:662] No data in processing queue, waiting...
I0906 13:29:31.260623  3140 master_component.cc:613] MasterComponent: complete regularizing model pwt
I0906 13:29:31.260623  3140 master_component.cc:991] NormalizeModelArgs: pwt_target_name=pwt, nwt_source_name=nwt, rwt_source_name=rwt
I0906 13:29:31.260623  3140 master_component.cc:617] MasterComponent: start normalizing model nwt
I0906 13:29:31.355877  3140 master_component.cc:639] MasterComponent: complete normalizing model nwt
I0906 13:29:31.811729  3140 master_component.cc:1015] DisposeModel rwt
I0906 13:29:31.819732  3140 c_interface.cc:332] Pass FitOfflineMasterModelArgs, batch_filename_size=2, batch_weight_size=2, num_collection_passes=1 to void (__thiscall artm::core::MasterComponent::*)(class artm::FitOfflineMasterModelArgs const &)
I0906 13:29:31.819732  3140 master_component.cc:942] ProcessBatchesArgs: nwt_target_name=nwt, batch_filename_size=2, batch_size=0, batch_weight_size=2, pwt_source_name=pwt, num_document_passes=1, regularizer=(name:SparsePhi, tau:100000), regularizer=(name:NegSparsePhi, tau:-100000), class=(text:1), class=(author:1), reuse_theta=yes, opt_for_avx=yes, predict_class_id=
I0906 13:29:31.868299  9700 processor.cc:669] Processing queue has data, processing started
I0906 13:29:31.868299 10204 processor.cc:669] Processing queue has data, processing started
I0906 13:29:31.893795 10204 processor.cc:746] Processor: start processing batch 0f84aa87-b6cc-475f-8c4a-b2315e83cc04 into model nwt
I0906 13:29:31.907804  9700 processor.cc:746] Processor: start processing batch e77167e6-d514-45b2-9f76-1c9c7bb1fc04 into model nwt
I0906 13:29:32.137979 10204 processor.cc:842] Processor: complete processing batch 0f84aa87-b6cc-475f-8c4a-b2315e83cc04 into model nwt
I0906 13:29:32.142983 10204 cuckoo_watch.h:44] 274ms in ProcessBatch(D:\Coursera\Notebooks\homeworks\MyHW\3-4\lectures_batches\aaaaaa.batch) [including 23ms in LoadMessage; 23ms in InitializeSparseNdw; 220ms in InferThetaAndUpdateNwtSparse; ]
I0906 13:29:32.163996 10204 processor.cc:662] No data in processing queue, waiting...
I0906 13:29:32.383184  9700 processor.cc:842] Processor: complete processing batch e77167e6-d514-45b2-9f76-1c9c7bb1fc04 into model nwt
I0906 13:29:32.389189  9700 cuckoo_watch.h:44] 520ms in ProcessBatch(D:\Coursera\Notebooks\homeworks\MyHW\3-4\lectures_batches\aaaaab.batch) [including 38ms in LoadMessage; 57ms in InitializeSparseNdw; 417ms in InferThetaAndUpdateNwtSparse; ]
I0906 13:29:32.390187  3140 master_component.cc:980] RegularizeModelArgs: rwt_target_name=rwt, pwt_source_name=pwt, nwt_source_name=nwt
I0906 13:29:32.390187  3140 master_component.cc:590] MasterComponent: start regularizing model pwt
I0906 13:29:32.414204  9700 processor.cc:662] No data in processing queue, waiting...
I0906 13:29:32.553306  3140 master_component.cc:613] MasterComponent: complete regularizing model pwt
I0906 13:29:32.553306  3140 master_component.cc:991] NormalizeModelArgs: pwt_target_name=pwt, nwt_source_name=nwt, rwt_source_name=rwt
I0906 13:29:32.553306  3140 master_component.cc:617] MasterComponent: start normalizing model nwt
I0906 13:29:32.648380  3140 master_component.cc:639] MasterComponent: complete normalizing model nwt
I0906 13:29:33.060693  3140 master_component.cc:1015] DisposeModel rwt
I0906 13:29:33.068706  3140 c_interface.cc:332] Pass FitOfflineMasterModelArgs, batch_filename_size=2, batch_weight_size=2, num_collection_passes=1 to void (__thiscall artm::core::MasterComponent::*)(class artm::FitOfflineMasterModelArgs const &)
I0906 13:29:33.068706  3140 master_component.cc:942] ProcessBatchesArgs: nwt_target_name=nwt, batch_filename_size=2, batch_size=0, batch_weight_size=2, pwt_source_name=pwt, num_document_passes=1, regularizer=(name:SparsePhi, tau:100000), regularizer=(name:NegSparsePhi, tau:-100000), class=(text:1), class=(author:1), reuse_theta=yes, opt_for_avx=yes, predict_class_id=
I0906 13:29:33.116741  9700 processor.cc:669] Processing queue has data, processing started
I0906 13:29:33.117741  5412 processor.cc:669] Processing queue has data, processing started
I0906 13:29:33.143757  9700 processor.cc:746] Processor: start processing batch 0f84aa87-b6cc-475f-8c4a-b2315e83cc04 into model nwt
I0906 13:29:33.163774  5412 processor.cc:746] Processor: start processing batch e77167e6-d514-45b2-9f76-1c9c7bb1fc04 into model nwt
I0906 13:29:33.381940  9700 processor.cc:842] Processor: complete processing batch 0f84aa87-b6cc-475f-8c4a-b2315e83cc04 into model nwt
I0906 13:29:33.385947  9700 cuckoo_watch.h:44] 269ms in ProcessBatch(D:\Coursera\Notebooks\homeworks\MyHW\3-4\lectures_batches\aaaaaa.batch) [including 25ms in LoadMessage; 24ms in InitializeSparseNdw; 213ms in InferThetaAndUpdateNwtSparse; ]
I0906 13:29:33.405961  9700 processor.cc:662] No data in processing queue, waiting...
I0906 13:29:33.609818  5412 processor.cc:842] Processor: complete processing batch e77167e6-d514-45b2-9f76-1c9c7bb1fc04 into model nwt
I0906 13:29:33.614821  5412 cuckoo_watch.h:44] 497ms in ProcessBatch(D:\Coursera\Notebooks\homeworks\MyHW\3-4\lectures_batches\aaaaab.batch) [including 44ms in LoadMessage; 57ms in InitializeSparseNdw; 388ms in InferThetaAndUpdateNwtSparse; ]
I0906 13:29:33.616838  3140 master_component.cc:980] RegularizeModelArgs: rwt_target_name=rwt, pwt_source_name=pwt, nwt_source_name=nwt
I0906 13:29:33.616838  3140 master_component.cc:590] MasterComponent: start regularizing model pwt
I0906 13:29:33.638839  5412 processor.cc:662] No data in processing queue, waiting...
I0906 13:29:33.768941  3140 master_component.cc:613] MasterComponent: complete regularizing model pwt
I0906 13:29:33.769440  3140 master_component.cc:991] NormalizeModelArgs: pwt_target_name=pwt, nwt_source_name=nwt, rwt_source_name=rwt
I0906 13:29:33.769440  3140 master_component.cc:617] MasterComponent: start normalizing model nwt
I0906 13:29:33.855501  3140 master_component.cc:639] MasterComponent: complete normalizing model nwt
I0906 13:29:34.262802  3140 master_component.cc:1015] DisposeModel rwt
I0906 13:29:34.271313  3140 c_interface.cc:332] Pass FitOfflineMasterModelArgs, batch_filename_size=2, batch_weight_size=2, num_collection_passes=1 to void (__thiscall artm::core::MasterComponent::*)(class artm::FitOfflineMasterModelArgs const &)
I0906 13:29:34.271313  3140 master_component.cc:942] ProcessBatchesArgs: nwt_target_name=nwt, batch_filename_size=2, batch_size=0, batch_weight_size=2, pwt_source_name=pwt, num_document_passes=1, regularizer=(name:SparsePhi, tau:100000), regularizer=(name:NegSparsePhi, tau:-100000), class=(text:1), class=(author:1), reuse_theta=yes, opt_for_avx=yes, predict_class_id=
I0906 13:29:34.319849  5412 processor.cc:669] Processing queue has data, processing started
I0906 13:29:34.321848 10204 processor.cc:669] Processing queue has data, processing started
I0906 13:29:34.345866  5412 processor.cc:746] Processor: start processing batch 0f84aa87-b6cc-475f-8c4a-b2315e83cc04 into model nwt
I0906 13:29:34.363881 10204 processor.cc:746] Processor: start processing batch e77167e6-d514-45b2-9f76-1c9c7bb1fc04 into model nwt
I0906 13:29:34.566031  5412 processor.cc:842] Processor: complete processing batch 0f84aa87-b6cc-475f-8c4a-b2315e83cc04 into model nwt
I0906 13:29:34.570040  5412 cuckoo_watch.h:44] 250ms in ProcessBatch(D:\Coursera\Notebooks\homeworks\MyHW\3-4\lectures_batches\aaaaaa.batch) [including 24ms in LoadMessage; 24ms in InitializeSparseNdw; 194ms in InferThetaAndUpdateNwtSparse; ]
I0906 13:29:34.589056  5412 processor.cc:662] No data in processing queue, waiting...
I0906 13:29:34.796208 10204 processor.cc:842] Processor: complete processing batch e77167e6-d514-45b2-9f76-1c9c7bb1fc04 into model nwt
I0906 13:29:34.802212 10204 cuckoo_watch.h:44] 480ms in ProcessBatch(D:\Coursera\Notebooks\homeworks\MyHW\3-4\lectures_batches\aaaaab.batch) [including 41ms in LoadMessage; 54ms in InitializeSparseNdw; 378ms in InferThetaAndUpdateNwtSparse; ]
I0906 13:29:34.804214  3140 master_component.cc:980] RegularizeModelArgs: rwt_target_name=rwt, pwt_source_name=pwt, nwt_source_name=nwt
I0906 13:29:34.804214  3140 master_component.cc:590] MasterComponent: start regularizing model pwt
I0906 13:29:34.822226 10204 processor.cc:662] No data in processing queue, waiting...
I0906 13:29:34.953320  3140 master_component.cc:613] MasterComponent: complete regularizing model pwt
I0906 13:29:34.953320  3140 master_component.cc:991] NormalizeModelArgs: pwt_target_name=pwt, nwt_source_name=nwt, rwt_source_name=rwt
I0906 13:29:34.953320  3140 master_component.cc:617] MasterComponent: start normalizing model nwt
I0906 13:29:35.038381  3140 master_component.cc:639] MasterComponent: complete normalizing model nwt
I0906 13:29:35.441674  3140 master_component.cc:1015] DisposeModel rwt
I0906 13:29:35.450680  3140 c_interface.cc:332] Pass FitOfflineMasterModelArgs, batch_filename_size=2, batch_weight_size=2, num_collection_passes=1 to void (__thiscall artm::core::MasterComponent::*)(class artm::FitOfflineMasterModelArgs const &)
I0906 13:29:35.450680  3140 master_component.cc:942] ProcessBatchesArgs: nwt_target_name=nwt, batch_filename_size=2, batch_size=0, batch_weight_size=2, pwt_source_name=pwt, num_document_passes=1, regularizer=(name:SparsePhi, tau:100000), regularizer=(name:NegSparsePhi, tau:-100000), class=(text:1), class=(author:1), reuse_theta=yes, opt_for_avx=yes, predict_class_id=
I0906 13:29:35.503728  9700 processor.cc:669] Processing queue has data, processing started
I0906 13:29:35.504729 10204 processor.cc:669] Processing queue has data, processing started
I0906 13:29:35.527746  9700 processor.cc:746] Processor: start processing batch 0f84aa87-b6cc-475f-8c4a-b2315e83cc04 into model nwt
I0906 13:29:35.546756 10204 processor.cc:746] Processor: start processing batch e77167e6-d514-45b2-9f76-1c9c7bb1fc04 into model nwt
I0906 13:29:35.779451  9700 processor.cc:842] Processor: complete processing batch 0f84aa87-b6cc-475f-8c4a-b2315e83cc04 into model nwt
I0906 13:29:35.784965  9700 cuckoo_watch.h:44] 281ms in ProcessBatch(D:\Coursera\Notebooks\homeworks\MyHW\3-4\lectures_batches\aaaaaa.batch) [including 22ms in LoadMessage; 23ms in InitializeSparseNdw; 227ms in InferThetaAndUpdateNwtSparse; ]
I0906 13:29:35.806977  9700 processor.cc:662] No data in processing queue, waiting...
I0906 13:29:36.008132 10204 processor.cc:842] Processor: complete processing batch e77167e6-d514-45b2-9f76-1c9c7bb1fc04 into model nwt
I0906 13:29:36.013137 10204 cuckoo_watch.h:44] 508ms in ProcessBatch(D:\Coursera\Notebooks\homeworks\MyHW\3-4\lectures_batches\aaaaab.batch) [including 40ms in LoadMessage; 50ms in InitializeSparseNdw; 411ms in InferThetaAndUpdateNwtSparse; ]
I0906 13:29:36.015151  3140 master_component.cc:980] RegularizeModelArgs: rwt_target_name=rwt, pwt_source_name=pwt, nwt_source_name=nwt
I0906 13:29:36.015151  3140 master_component.cc:590] MasterComponent: start regularizing model pwt
I0906 13:29:36.034152 10204 processor.cc:662] No data in processing queue, waiting...
I0906 13:29:36.162246  3140 master_component.cc:613] MasterComponent: complete regularizing model pwt
I0906 13:29:36.163246  3140 master_component.cc:991] NormalizeModelArgs: pwt_target_name=pwt, nwt_source_name=nwt, rwt_source_name=rwt
I0906 13:29:36.163246  3140 master_component.cc:617] MasterComponent: start normalizing model nwt
I0906 13:29:36.246203  3140 master_component.cc:639] MasterComponent: complete normalizing model nwt
I0906 13:29:36.647601  3140 master_component.cc:1015] DisposeModel rwt
I0906 13:29:36.654606  3140 c_interface.cc:332] Pass FitOfflineMasterModelArgs, batch_filename_size=2, batch_weight_size=2, num_collection_passes=1 to void (__thiscall artm::core::MasterComponent::*)(class artm::FitOfflineMasterModelArgs const &)
I0906 13:29:36.654606  3140 master_component.cc:942] ProcessBatchesArgs: nwt_target_name=nwt, batch_filename_size=2, batch_size=0, batch_weight_size=2, pwt_source_name=pwt, num_document_passes=1, regularizer=(name:SparsePhi, tau:100000), regularizer=(name:NegSparsePhi, tau:-100000), class=(text:1), class=(author:1), reuse_theta=yes, opt_for_avx=yes, predict_class_id=
I0906 13:29:36.703663 11076 processor.cc:669] Processing queue has data, processing started
I0906 13:29:36.703663  9700 processor.cc:669] Processing queue has data, processing started
I0906 13:29:36.731672 11076 processor.cc:746] Processor: start processing batch 0f84aa87-b6cc-475f-8c4a-b2315e83cc04 into model nwt
I0906 13:29:36.748678  9700 processor.cc:746] Processor: start processing batch e77167e6-d514-45b2-9f76-1c9c7bb1fc04 into model nwt
I0906 13:29:36.950831 11076 processor.cc:842] Processor: complete processing batch 0f84aa87-b6cc-475f-8c4a-b2315e83cc04 into model nwt
I0906 13:29:36.955837 11076 cuckoo_watch.h:44] 252ms in ProcessBatch(D:\Coursera\Notebooks\homeworks\MyHW\3-4\lectures_batches\aaaaaa.batch) [including 26ms in LoadMessage; 26ms in InitializeSparseNdw; 193ms in InferThetaAndUpdateNwtSparse; ]
I0906 13:29:36.975857 11076 processor.cc:662] No data in processing queue, waiting...
I0906 13:29:37.172334  9700 processor.cc:842] Processor: complete processing batch e77167e6-d514-45b2-9f76-1c9c7bb1fc04 into model nwt
I0906 13:29:37.177337  9700 cuckoo_watch.h:44] 473ms in ProcessBatch(D:\Coursera\Notebooks\homeworks\MyHW\3-4\lectures_batches\aaaaab.batch) [including 43ms in LoadMessage; 45ms in InitializeSparseNdw; 377ms in InferThetaAndUpdateNwtSparse; ]
I0906 13:29:37.178339  3140 master_component.cc:980] RegularizeModelArgs: rwt_target_name=rwt, pwt_source_name=pwt, nwt_source_name=nwt
I0906 13:29:37.178339  3140 master_component.cc:590] MasterComponent: start regularizing model pwt
I0906 13:29:37.197851  9700 processor.cc:662] No data in processing queue, waiting...
I0906 13:29:37.344955  3140 master_component.cc:613] MasterComponent: complete regularizing model pwt
I0906 13:29:37.344955  3140 master_component.cc:991] NormalizeModelArgs: pwt_target_name=pwt, nwt_source_name=nwt, rwt_source_name=rwt
I0906 13:29:37.344955  3140 master_component.cc:617] MasterComponent: start normalizing model nwt
I0906 13:29:37.445029  3140 master_component.cc:639] MasterComponent: complete normalizing model nwt
I0906 13:29:37.886368  3140 master_component.cc:1015] DisposeModel rwt
I0906 13:29:37.894371  3140 c_interface.cc:332] Pass FitOfflineMasterModelArgs, batch_filename_size=2, batch_weight_size=2, num_collection_passes=1 to void (__thiscall artm::core::MasterComponent::*)(class artm::FitOfflineMasterModelArgs const &)
I0906 13:29:37.894371  3140 master_component.cc:942] ProcessBatchesArgs: nwt_target_name=nwt, batch_filename_size=2, batch_size=0, batch_weight_size=2, pwt_source_name=pwt, num_document_passes=1, regularizer=(name:SparsePhi, tau:100000), regularizer=(name:NegSparsePhi, tau:-100000), class=(text:1), class=(author:1), reuse_theta=yes, opt_for_avx=yes, predict_class_id=
I0906 13:29:37.949410  5412 processor.cc:669] Processing queue has data, processing started
I0906 13:29:37.950410 10204 processor.cc:669] Processing queue has data, processing started
I0906 13:29:37.984441  5412 processor.cc:746] Processor: start processing batch 0f84aa87-b6cc-475f-8c4a-b2315e83cc04 into model nwt
I0906 13:29:37.999449 10204 processor.cc:746] Processor: start processing batch e77167e6-d514-45b2-9f76-1c9c7bb1fc04 into model nwt
I0906 13:29:38.222617  5412 processor.cc:842] Processor: complete processing batch 0f84aa87-b6cc-475f-8c4a-b2315e83cc04 into model nwt
I0906 13:29:38.228622  5412 cuckoo_watch.h:44] 279ms in ProcessBatch(D:\Coursera\Notebooks\homeworks\MyHW\3-4\lectures_batches\aaaaaa.batch) [including 33ms in LoadMessage; 26ms in InitializeSparseNdw; 212ms in InferThetaAndUpdateNwtSparse; ]
I0906 13:29:38.249636  5412 processor.cc:662] No data in processing queue, waiting...
I0906 13:29:38.450783 10204 processor.cc:842] Processor: complete processing batch e77167e6-d514-45b2-9f76-1c9c7bb1fc04 into model nwt
I0906 13:29:38.455787 10204 cuckoo_watch.h:44] 505ms in ProcessBatch(D:\Coursera\Notebooks\homeworks\MyHW\3-4\lectures_batches\aaaaab.batch) [including 47ms in LoadMessage; 62ms in InitializeSparseNdw; 388ms in InferThetaAndUpdateNwtSparse; ]
I0906 13:29:38.456807  3140 master_component.cc:980] RegularizeModelArgs: rwt_target_name=rwt, pwt_source_name=pwt, nwt_source_name=nwt
I0906 13:29:38.456807  3140 master_component.cc:590] MasterComponent: start regularizing model pwt
I0906 13:29:38.476801 10204 processor.cc:662] No data in processing queue, waiting...
I0906 13:29:38.607897  3140 master_component.cc:613] MasterComponent: complete regularizing model pwt
I0906 13:29:38.607897  3140 master_component.cc:991] NormalizeModelArgs: pwt_target_name=pwt, nwt_source_name=nwt, rwt_source_name=rwt
I0906 13:29:38.607897  3140 master_component.cc:617] MasterComponent: start normalizing model nwt
I0906 13:29:38.691958  3140 master_component.cc:639] MasterComponent: complete normalizing model nwt
I0906 13:29:39.095248  3140 master_component.cc:1015] DisposeModel rwt
I0906 13:29:39.103255  3140 c_interface.cc:332] Pass FitOfflineMasterModelArgs, batch_filename_size=2, batch_weight_size=2, num_collection_passes=1 to void (__thiscall artm::core::MasterComponent::*)(class artm::FitOfflineMasterModelArgs const &)
I0906 13:29:39.103255  3140 master_component.cc:942] ProcessBatchesArgs: nwt_target_name=nwt, batch_filename_size=2, batch_size=0, batch_weight_size=2, pwt_source_name=pwt, num_document_passes=1, regularizer=(name:SparsePhi, tau:100000), regularizer=(name:NegSparsePhi, tau:-100000), class=(text:1), class=(author:1), reuse_theta=yes, opt_for_avx=yes, predict_class_id=
I0906 13:29:39.152302 10204 processor.cc:669] Processing queue has data, processing started
