I0904 19:25:34.482646  4776 c_interface.cc:332] Pass FitOfflineMasterModelArgs, batch_filename_size=2, batch_weight_size=2, num_collection_passes=1 to void (__thiscall artm::core::MasterComponent::*)(class artm::FitOfflineMasterModelArgs const &)
I0904 19:25:34.482646  4776 master_component.cc:942] ProcessBatchesArgs: nwt_target_name=nwt, batch_filename_size=2, batch_size=0, batch_weight_size=2, pwt_source_name=pwt, num_document_passes=10, regularizer=(name:SparsePhi, tau:100000), class=(text:1), class=(author:1), reuse_theta=yes, opt_for_avx=yes, predict_class_id=
I0904 19:25:34.555688 11992 processor.cc:669] Processing queue has data, processing started
I0904 19:25:34.555688  9792 processor.cc:669] Processing queue has data, processing started
I0904 19:25:34.571293 11992 processor.cc:746] Processor: start processing batch 26a91afb-2e6d-4a21-81fe-cf68f1acbb13 into model nwt
I0904 19:25:34.586920  9792 processor.cc:746] Processor: start processing batch b3c8157b-a729-4fd3-a0fb-2755872b7edc into model nwt
I0904 19:25:34.956377 11992 processor.cc:842] Processor: complete processing batch 26a91afb-2e6d-4a21-81fe-cf68f1acbb13 into model nwt
I0904 19:25:34.972003 11992 cuckoo_watch.h:44] 416ms in ProcessBatch(D:\Coursera\Notebooks\homeworks\MyHW\3-4\lectures_batches\aaaaaa.batch) [including 15ms in LoadMessage; 15ms in InitializeSparseNdw; 369ms in InferThetaAndUpdateNwtSparse; ]
I0904 19:25:35.230337 11992 processor.cc:662] No data in processing queue, waiting...
I0904 19:25:35.372980  9792 processor.cc:842] Processor: complete processing batch b3c8157b-a729-4fd3-a0fb-2755872b7edc into model nwt
I0904 19:25:35.372980  9792 cuckoo_watch.h:44] 817ms in ProcessBatch(D:\Coursera\Notebooks\homeworks\MyHW\3-4\lectures_batches\aaaaab.batch) [including 31ms in LoadMessage; 53ms in InitializeSparseNdw; 732ms in InferThetaAndUpdateNwtSparse; ]
I0904 19:25:35.388626  4776 master_component.cc:980] RegularizeModelArgs: rwt_target_name=rwt, pwt_source_name=pwt, nwt_source_name=nwt
I0904 19:25:35.388626  4776 master_component.cc:590] MasterComponent: start regularizing model pwt
I0904 19:25:35.511029  4776 master_component.cc:613] MasterComponent: complete regularizing model pwt
I0904 19:25:35.511029  4776 master_component.cc:991] NormalizeModelArgs: pwt_target_name=pwt, nwt_source_name=nwt, rwt_source_name=rwt
I0904 19:25:35.511029  4776 master_component.cc:617] MasterComponent: start normalizing model nwt
I0904 19:25:35.589160  4776 master_component.cc:639] MasterComponent: complete normalizing model nwt
I0904 19:25:35.689429  9792 processor.cc:662] No data in processing queue, waiting...
I0904 19:25:36.011682  4776 master_component.cc:1015] DisposeModel rwt
I0904 19:25:36.027312  4776 c_interface.cc:332] Pass FitOfflineMasterModelArgs, batch_filename_size=2, batch_weight_size=2, num_collection_passes=1 to void (__thiscall artm::core::MasterComponent::*)(class artm::FitOfflineMasterModelArgs const &)
I0904 19:25:36.027312  4776 master_component.cc:942] ProcessBatchesArgs: nwt_target_name=nwt, batch_filename_size=2, batch_size=0, batch_weight_size=2, pwt_source_name=pwt, num_document_passes=10, regularizer=(name:SparsePhi, tau:100000), class=(text:1), class=(author:1), reuse_theta=yes, opt_for_avx=yes, predict_class_id=
I0904 19:25:36.089833  9792 processor.cc:669] Processing queue has data, processing started
I0904 19:25:36.089833  7188 processor.cc:669] Processing queue has data, processing started
I0904 19:25:36.111953  9792 processor.cc:746] Processor: start processing batch 26a91afb-2e6d-4a21-81fe-cf68f1acbb13 into model nwt
I0904 19:25:36.127578  7188 processor.cc:746] Processor: start processing batch b3c8157b-a729-4fd3-a0fb-2755872b7edc into model nwt
I0904 19:25:36.512781  9792 processor.cc:842] Processor: complete processing batch 26a91afb-2e6d-4a21-81fe-cf68f1acbb13 into model nwt
I0904 19:25:36.512781  9792 cuckoo_watch.h:44] 422ms in ProcessBatch(D:\Coursera\Notebooks\homeworks\MyHW\3-4\lectures_batches\aaaaaa.batch) [including 22ms in LoadMessage; 15ms in InitializeSparseNdw; 385ms in InferThetaAndUpdateNwtSparse; ]
I0904 19:25:36.808094  9792 processor.cc:662] No data in processing queue, waiting...
I0904 19:25:36.913868  7188 processor.cc:842] Processor: complete processing batch b3c8157b-a729-4fd3-a0fb-2755872b7edc into model nwt
I0904 19:25:36.929498  7188 cuckoo_watch.h:44] 839ms in ProcessBatch(D:\Coursera\Notebooks\homeworks\MyHW\3-4\lectures_batches\aaaaab.batch) [including 37ms in LoadMessage; 31ms in InitializeSparseNdw; 755ms in InferThetaAndUpdateNwtSparse; ]
I0904 19:25:36.945124  4776 master_component.cc:980] RegularizeModelArgs: rwt_target_name=rwt, pwt_source_name=pwt, nwt_source_name=nwt
I0904 19:25:36.945124  4776 master_component.cc:590] MasterComponent: start regularizing model pwt
I0904 19:25:37.061033  4776 master_component.cc:613] MasterComponent: complete regularizing model pwt
I0904 19:25:37.061033  4776 master_component.cc:991] NormalizeModelArgs: pwt_target_name=pwt, nwt_source_name=nwt, rwt_source_name=rwt
I0904 19:25:37.061033  4776 master_component.cc:617] MasterComponent: start normalizing model nwt
I0904 19:25:37.145673  4776 master_component.cc:639] MasterComponent: complete normalizing model nwt
I0904 19:25:37.245949  7188 processor.cc:662] No data in processing queue, waiting...
I0904 19:25:37.562026  4776 master_component.cc:1015] DisposeModel rwt
I0904 19:25:37.577651  4776 c_interface.cc:332] Pass FitOfflineMasterModelArgs, batch_filename_size=2, batch_weight_size=2, num_collection_passes=1 to void (__thiscall artm::core::MasterComponent::*)(class artm::FitOfflineMasterModelArgs const &)
I0904 19:25:37.577651  4776 master_component.cc:942] ProcessBatchesArgs: nwt_target_name=nwt, batch_filename_size=2, batch_size=0, batch_weight_size=2, pwt_source_name=pwt, num_document_passes=10, regularizer=(name:SparsePhi, tau:100000), class=(text:1), class=(author:1), reuse_theta=yes, opt_for_avx=yes, predict_class_id=
I0904 19:25:37.631042  9792 processor.cc:669] Processing queue has data, processing started
I0904 19:25:37.631042  2772 processor.cc:669] Processing queue has data, processing started
I0904 19:25:37.646668  9792 processor.cc:746] Processor: start processing batch 26a91afb-2e6d-4a21-81fe-cf68f1acbb13 into model nwt
I0904 19:25:37.662294  2772 processor.cc:746] Processor: start processing batch b3c8157b-a729-4fd3-a0fb-2755872b7edc into model nwt
I0904 19:25:38.063403  9792 processor.cc:842] Processor: complete processing batch 26a91afb-2e6d-4a21-81fe-cf68f1acbb13 into model nwt
I0904 19:25:38.063403  9792 cuckoo_watch.h:44] 432ms in ProcessBatch(D:\Coursera\Notebooks\homeworks\MyHW\3-4\lectures_batches\aaaaaa.batch) [including 15ms in LoadMessage; 15ms in InitializeSparseNdw; 401ms in InferThetaAndUpdateNwtSparse; ]
I0904 19:25:38.379844  9792 processor.cc:662] No data in processing queue, waiting...
I0904 19:25:38.464591  2772 processor.cc:842] Processor: complete processing batch b3c8157b-a729-4fd3-a0fb-2755872b7edc into model nwt
I0904 19:25:38.480216  2772 cuckoo_watch.h:44] 849ms in ProcessBatch(D:\Coursera\Notebooks\homeworks\MyHW\3-4\lectures_batches\aaaaab.batch) [including 31ms in LoadMessage; 53ms in InitializeSparseNdw; 748ms in InferThetaAndUpdateNwtSparse; ]
I0904 19:25:38.495842  4776 master_component.cc:980] RegularizeModelArgs: rwt_target_name=rwt, pwt_source_name=pwt, nwt_source_name=nwt
I0904 19:25:38.495842  4776 master_component.cc:590] MasterComponent: start regularizing model pwt
I0904 19:25:38.617753  4776 master_component.cc:613] MasterComponent: complete regularizing model pwt
I0904 19:25:38.617753  4776 master_component.cc:991] NormalizeModelArgs: pwt_target_name=pwt, nwt_source_name=nwt, rwt_source_name=rwt
I0904 19:25:38.617753  4776 master_component.cc:617] MasterComponent: start normalizing model nwt
I0904 19:25:38.695886  4776 master_component.cc:639] MasterComponent: complete normalizing model nwt
I0904 19:25:38.796152  2772 processor.cc:662] No data in processing queue, waiting...
I0904 19:25:39.118695  4776 master_component.cc:1015] DisposeModel rwt
I0904 19:25:39.118695  4776 c_interface.cc:332] Pass FitOfflineMasterModelArgs, batch_filename_size=2, batch_weight_size=2, num_collection_passes=1 to void (__thiscall artm::core::MasterComponent::*)(class artm::FitOfflineMasterModelArgs const &)
I0904 19:25:39.118695  4776 master_component.cc:942] ProcessBatchesArgs: nwt_target_name=nwt, batch_filename_size=2, batch_size=0, batch_weight_size=2, pwt_source_name=pwt, num_document_passes=10, regularizer=(name:SparsePhi, tau:100000), class=(text:1), class=(author:1), reuse_theta=yes, opt_for_avx=yes, predict_class_id=
I0904 19:25:39.196827 11992 processor.cc:669] Processing queue has data, processing started
I0904 19:25:39.196827  9792 processor.cc:669] Processing queue has data, processing started
I0904 19:25:39.217959  9792 processor.cc:746] Processor: start processing batch 26a91afb-2e6d-4a21-81fe-cf68f1acbb13 into model nwt
I0904 19:25:39.218963 11992 processor.cc:746] Processor: start processing batch b3c8157b-a729-4fd3-a0fb-2755872b7edc into model nwt
I0904 19:25:39.616349  9792 processor.cc:842] Processor: complete processing batch 26a91afb-2e6d-4a21-81fe-cf68f1acbb13 into model nwt
I0904 19:25:39.619351  9792 cuckoo_watch.h:44] 422ms in ProcessBatch(D:\Coursera\Notebooks\homeworks\MyHW\3-4\lectures_batches\aaaaaa.batch) [including 19ms in LoadMessage; 16ms in InitializeSparseNdw; 381ms in InferThetaAndUpdateNwtSparse; ]
I0904 19:25:39.935762  9792 processor.cc:662] No data in processing queue, waiting...
I0904 19:25:40.018221 11992 processor.cc:842] Processor: complete processing batch b3c8157b-a729-4fd3-a0fb-2755872b7edc into model nwt
I0904 19:25:40.026232 11992 cuckoo_watch.h:44] 829ms in ProcessBatch(D:\Coursera\Notebooks\homeworks\MyHW\3-4\lectures_batches\aaaaab.batch) [including 22ms in LoadMessage; 46ms in InitializeSparseNdw; 752ms in InferThetaAndUpdateNwtSparse; ]
I0904 19:25:40.027231  4776 master_component.cc:980] RegularizeModelArgs: rwt_target_name=rwt, pwt_source_name=pwt, nwt_source_name=nwt
I0904 19:25:40.027231  4776 master_component.cc:590] MasterComponent: start regularizing model pwt
I0904 19:25:40.136075  4776 master_component.cc:613] MasterComponent: complete regularizing model pwt
I0904 19:25:40.136075  4776 master_component.cc:991] NormalizeModelArgs: pwt_target_name=pwt, nwt_source_name=nwt, rwt_source_name=rwt
I0904 19:25:40.136075  4776 master_component.cc:617] MasterComponent: start normalizing model nwt
I0904 19:25:40.182952 11992 processor.cc:662] No data in processing queue, waiting...
I0904 19:25:40.236349  4776 master_component.cc:639] MasterComponent: complete normalizing model nwt
I0904 19:25:40.652889  4776 master_component.cc:1015] DisposeModel rwt
I0904 19:25:40.668516  4776 c_interface.cc:332] Pass FitOfflineMasterModelArgs, batch_filename_size=2, batch_weight_size=2, num_collection_passes=1 to void (__thiscall artm::core::MasterComponent::*)(class artm::FitOfflineMasterModelArgs const &)
I0904 19:25:40.668516  4776 master_component.cc:942] ProcessBatchesArgs: nwt_target_name=nwt, batch_filename_size=2, batch_size=0, batch_weight_size=2, pwt_source_name=pwt, num_document_passes=10, regularizer=(name:SparsePhi, tau:100000), class=(text:1), class=(author:1), reuse_theta=yes, opt_for_avx=yes, predict_class_id=
I0904 19:25:40.737563  2772 processor.cc:669] Processing queue has data, processing started
I0904 19:25:40.737563  9792 processor.cc:669] Processing queue has data, processing started
I0904 19:25:40.753170  2772 processor.cc:746] Processor: start processing batch 26a91afb-2e6d-4a21-81fe-cf68f1acbb13 into model nwt
I0904 19:25:40.768793  9792 processor.cc:746] Processor: start processing batch b3c8157b-a729-4fd3-a0fb-2755872b7edc into model nwt
I0904 19:25:41.169823  2772 processor.cc:842] Processor: complete processing batch 26a91afb-2e6d-4a21-81fe-cf68f1acbb13 into model nwt
I0904 19:25:41.169823  2772 cuckoo_watch.h:44] 432ms in ProcessBatch(D:\Coursera\Notebooks\homeworks\MyHW\3-4\lectures_batches\aaaaaa.batch) [including 15ms in LoadMessage; 31ms in InitializeSparseNdw; 385ms in InferThetaAndUpdateNwtSparse; ]
I0904 19:25:41.486263  2772 processor.cc:662] No data in processing queue, waiting...
I0904 19:25:41.582834  9792 processor.cc:842] Processor: complete processing batch b3c8157b-a729-4fd3-a0fb-2755872b7edc into model nwt
I0904 19:25:41.590838  9792 cuckoo_watch.h:44] 853ms in ProcessBatch(D:\Coursera\Notebooks\homeworks\MyHW\3-4\lectures_batches\aaaaab.batch) [including 31ms in LoadMessage; 69ms in InitializeSparseNdw; 745ms in InferThetaAndUpdateNwtSparse; ]
I0904 19:25:41.592840  4776 master_component.cc:980] RegularizeModelArgs: rwt_target_name=rwt, pwt_source_name=pwt, nwt_source_name=nwt
I0904 19:25:41.592840  4776 master_component.cc:590] MasterComponent: start regularizing model pwt
I0904 19:25:41.670747  9792 processor.cc:662] No data in processing queue, waiting...
I0904 19:25:41.701998  4776 master_component.cc:613] MasterComponent: complete regularizing model pwt
I0904 19:25:41.701998  4776 master_component.cc:991] NormalizeModelArgs: pwt_target_name=pwt, nwt_source_name=nwt, rwt_source_name=rwt
I0904 19:25:41.701998  4776 master_component.cc:617] MasterComponent: start normalizing model nwt
I0904 19:25:41.802273  4776 master_component.cc:639] MasterComponent: complete normalizing model nwt
I0904 19:25:42.206051  4776 master_component.cc:1015] DisposeModel rwt
I0904 19:25:42.225190  4776 c_interface.cc:332] Pass FitOfflineMasterModelArgs, batch_filename_size=2, batch_weight_size=2, num_collection_passes=1 to void (__thiscall artm::core::MasterComponent::*)(class artm::FitOfflineMasterModelArgs const &)
I0904 19:25:42.225190  4776 master_component.cc:942] ProcessBatchesArgs: nwt_target_name=nwt, batch_filename_size=2, batch_size=0, batch_weight_size=2, pwt_source_name=pwt, num_document_passes=10, regularizer=(name:SparsePhi, tau:100000), class=(text:1), class=(author:1), reuse_theta=yes, opt_for_avx=yes, predict_class_id=
I0904 19:25:42.287719 11992 processor.cc:669] Processing queue has data, processing started
I0904 19:25:42.287719  7188 processor.cc:669] Processing queue has data, processing started
I0904 19:25:42.303323  7188 processor.cc:746] Processor: start processing batch 26a91afb-2e6d-4a21-81fe-cf68f1acbb13 into model nwt
I0904 19:25:42.325456 11992 processor.cc:746] Processor: start processing batch b3c8157b-a729-4fd3-a0fb-2755872b7edc into model nwt
I0904 19:25:42.716328  7188 processor.cc:842] Processor: complete processing batch 26a91afb-2e6d-4a21-81fe-cf68f1acbb13 into model nwt
I0904 19:25:42.720829  7188 cuckoo_watch.h:44] 433ms in ProcessBatch(D:\Coursera\Notebooks\homeworks\MyHW\3-4\lectures_batches\aaaaaa.batch) [including 15ms in LoadMessage; 37ms in InitializeSparseNdw; 374ms in InferThetaAndUpdateNwtSparse; ]
I0904 19:25:43.020131  7188 processor.cc:662] No data in processing queue, waiting...
I0904 19:25:43.126420 11992 processor.cc:842] Processor: complete processing batch b3c8157b-a729-4fd3-a0fb-2755872b7edc into model nwt
I0904 19:25:43.126919 11992 cuckoo_watch.h:44] 839ms in ProcessBatch(D:\Coursera\Notebooks\homeworks\MyHW\3-4\lectures_batches\aaaaab.batch) [including 37ms in LoadMessage; 46ms in InitializeSparseNdw; 754ms in InferThetaAndUpdateNwtSparse; ]
I0904 19:25:43.142554  4776 master_component.cc:980] RegularizeModelArgs: rwt_target_name=rwt, pwt_source_name=pwt, nwt_source_name=nwt
I0904 19:25:43.142554  4776 master_component.cc:590] MasterComponent: start regularizing model pwt
I0904 19:25:43.162063 11992 processor.cc:662] No data in processing queue, waiting...
I0904 19:25:43.261441  4776 master_component.cc:613] MasterComponent: complete regularizing model pwt
I0904 19:25:43.261441  4776 master_component.cc:991] NormalizeModelArgs: pwt_target_name=pwt, nwt_source_name=nwt, rwt_source_name=rwt
I0904 19:25:43.261441  4776 master_component.cc:617] MasterComponent: start normalizing model nwt
I0904 19:25:43.358213  4776 master_component.cc:639] MasterComponent: complete normalizing model nwt
I0904 19:25:43.762908  4776 master_component.cc:1015] DisposeModel rwt
I0904 19:25:43.778533  4776 c_interface.cc:332] Pass FitOfflineMasterModelArgs, batch_filename_size=2, batch_weight_size=2, num_collection_passes=1 to void (__thiscall artm::core::MasterComponent::*)(class artm::FitOfflineMasterModelArgs const &)
I0904 19:25:43.778533  4776 master_component.cc:942] ProcessBatchesArgs: nwt_target_name=nwt, batch_filename_size=2, batch_size=0, batch_weight_size=2, pwt_source_name=pwt, num_document_passes=10, regularizer=(name:SparsePhi, tau:100000), class=(text:1), class=(author:1), reuse_theta=yes, opt_for_avx=yes, predict_class_id=
I0904 19:25:43.843557  7188 processor.cc:669] Processing queue has data, processing started
I0904 19:25:43.843557  9792 processor.cc:669] Processing queue has data, processing started
I0904 19:25:43.859180  7188 processor.cc:746] Processor: start processing batch 26a91afb-2e6d-4a21-81fe-cf68f1acbb13 into model nwt
I0904 19:25:43.889277  9792 processor.cc:746] Processor: start processing batch b3c8157b-a729-4fd3-a0fb-2755872b7edc into model nwt
I0904 19:25:44.266728  7188 processor.cc:842] Processor: complete processing batch 26a91afb-2e6d-4a21-81fe-cf68f1acbb13 into model nwt
I0904 19:25:44.266728  7188 cuckoo_watch.h:44] 423ms in ProcessBatch(D:\Coursera\Notebooks\homeworks\MyHW\3-4\lectures_batches\aaaaaa.batch) [including 15ms in LoadMessage; 33ms in InitializeSparseNdw; 373ms in InferThetaAndUpdateNwtSparse; ]
I0904 19:25:44.374560  7188 processor.cc:662] No data in processing queue, waiting...
I0904 19:25:44.660367  9792 processor.cc:842] Processor: complete processing batch b3c8157b-a729-4fd3-a0fb-2755872b7edc into model nwt
I0904 19:25:44.675992  9792 cuckoo_watch.h:44] 832ms in ProcessBatch(D:\Coursera\Notebooks\homeworks\MyHW\3-4\lectures_batches\aaaaab.batch) [including 43ms in LoadMessage; 38ms in InitializeSparseNdw; 732ms in InferThetaAndUpdateNwtSparse; ]
I0904 19:25:44.691619  4776 master_component.cc:980] RegularizeModelArgs: rwt_target_name=rwt, pwt_source_name=pwt, nwt_source_name=nwt
I0904 19:25:44.691619  4776 master_component.cc:590] MasterComponent: start regularizing model pwt
I0904 19:25:44.760668  9792 processor.cc:662] No data in processing queue, waiting...
I0904 19:25:44.800353  4776 master_component.cc:613] MasterComponent: complete regularizing model pwt
I0904 19:25:44.800353  4776 master_component.cc:991] NormalizeModelArgs: pwt_target_name=pwt, nwt_source_name=nwt, rwt_source_name=rwt
I0904 19:25:44.800353  4776 master_component.cc:617] MasterComponent: start normalizing model nwt
I0904 19:25:44.892009  4776 master_component.cc:639] MasterComponent: complete normalizing model nwt
I0904 19:25:45.321635  4776 master_component.cc:1015] DisposeModel rwt
I0904 19:25:45.329643  4776 c_interface.cc:332] Pass FitOfflineMasterModelArgs, batch_filename_size=2, batch_weight_size=2, num_collection_passes=1 to void (__thiscall artm::core::MasterComponent::*)(class artm::FitOfflineMasterModelArgs const &)
I0904 19:25:45.329643  4776 master_component.cc:942] ProcessBatchesArgs: nwt_target_name=nwt, batch_filename_size=2, batch_size=0, batch_weight_size=2, pwt_source_name=pwt, num_document_passes=10, regularizer=(name:SparsePhi, tau:100000), class=(text:1), class=(author:1), reuse_theta=yes, opt_for_avx=yes, predict_class_id=
I0904 19:25:45.384169  7188 processor.cc:669] Processing queue has data, processing started
I0904 19:25:45.384169  2772 processor.cc:669] Processing queue has data, processing started
I0904 19:25:45.399772  7188 processor.cc:746] Processor: start processing batch 26a91afb-2e6d-4a21-81fe-cf68f1acbb13 into model nwt
I0904 19:25:45.427920  2772 processor.cc:746] Processor: start processing batch b3c8157b-a729-4fd3-a0fb-2755872b7edc into model nwt
I0904 19:25:45.804569  7188 processor.cc:842] Processor: complete processing batch 26a91afb-2e6d-4a21-81fe-cf68f1acbb13 into model nwt
I0904 19:25:45.807569  7188 cuckoo_watch.h:44] 423ms in ProcessBatch(D:\Coursera\Notebooks\homeworks\MyHW\3-4\lectures_batches\aaaaaa.batch) [including 15ms in LoadMessage; 31ms in InitializeSparseNdw; 373ms in InferThetaAndUpdateNwtSparse; ]
I0904 19:25:45.826586  7188 processor.cc:662] No data in processing queue, waiting...
I0904 19:25:46.194710  2772 processor.cc:842] Processor: complete processing batch b3c8157b-a729-4fd3-a0fb-2755872b7edc into model nwt
I0904 19:25:46.210338  2772 cuckoo_watch.h:44] 826ms in ProcessBatch(D:\Coursera\Notebooks\homeworks\MyHW\3-4\lectures_batches\aaaaab.batch) [including 42ms in LoadMessage; 50ms in InitializeSparseNdw; 715ms in InferThetaAndUpdateNwtSparse; ]
I0904 19:25:46.225983  4776 master_component.cc:980] RegularizeModelArgs: rwt_target_name=rwt, pwt_source_name=pwt, nwt_source_name=nwt
I0904 19:25:46.225983  4776 master_component.cc:590] MasterComponent: start regularizing model pwt
I0904 19:25:46.348856  4776 master_component.cc:613] MasterComponent: complete regularizing model pwt
I0904 19:25:46.348856  4776 master_component.cc:991] NormalizeModelArgs: pwt_target_name=pwt, nwt_source_name=nwt, rwt_source_name=rwt
I0904 19:25:46.348856  4776 master_component.cc:617] MasterComponent: start normalizing model nwt
I0904 19:25:46.361865  2772 processor.cc:662] No data in processing queue, waiting...
I0904 19:25:46.433087  4776 master_component.cc:639] MasterComponent: complete normalizing model nwt
I0904 19:25:46.861744  4776 master_component.cc:1015] DisposeModel rwt
I0904 19:25:46.871750  4776 c_interface.cc:332] Pass FitOfflineMasterModelArgs, batch_filename_size=2, batch_weight_size=2, num_collection_passes=1 to void (__thiscall artm::core::MasterComponent::*)(class artm::FitOfflineMasterModelArgs const &)
I0904 19:25:46.871750  4776 master_component.cc:942] ProcessBatchesArgs: nwt_target_name=nwt, batch_filename_size=2, batch_size=0, batch_weight_size=2, pwt_source_name=pwt, num_document_passes=10, regularizer=(name:SparsePhi, tau:100000), class=(text:1), class=(author:1), reuse_theta=yes, opt_for_avx=yes, predict_class_id=
I0904 19:25:46.924791  2772 processor.cc:669] Processing queue has data, processing started
I0904 19:25:46.924791  9792 processor.cc:669] Processing queue has data, processing started
I0904 19:25:46.941048  2772 processor.cc:746] Processor: start processing batch 26a91afb-2e6d-4a21-81fe-cf68f1acbb13 into model nwt
I0904 19:25:46.956674  9792 processor.cc:746] Processor: start processing batch b3c8157b-a729-4fd3-a0fb-2755872b7edc into model nwt
I0904 19:25:47.334497  2772 processor.cc:842] Processor: complete processing batch 26a91afb-2e6d-4a21-81fe-cf68f1acbb13 into model nwt
I0904 19:25:47.334497  2772 cuckoo_watch.h:44] 409ms in ProcessBatch(D:\Coursera\Notebooks\homeworks\MyHW\3-4\lectures_batches\aaaaaa.batch) [including 16ms in LoadMessage; 31ms in InitializeSparseNdw; 362ms in InferThetaAndUpdateNwtSparse; ]
I0904 19:25:47.428999  2772 processor.cc:662] No data in processing queue, waiting...
I0904 19:25:47.735242  9792 processor.cc:842] Processor: complete processing batch b3c8157b-a729-4fd3-a0fb-2755872b7edc into model nwt
I0904 19:25:47.750871  9792 cuckoo_watch.h:44] 826ms in ProcessBatch(D:\Coursera\Notebooks\homeworks\MyHW\3-4\lectures_batches\aaaaab.batch) [including 31ms in LoadMessage; 68ms in InitializeSparseNdw; 709ms in InferThetaAndUpdateNwtSparse; ]
I0904 19:25:47.766499  4776 master_component.cc:980] RegularizeModelArgs: rwt_target_name=rwt, pwt_source_name=pwt, nwt_source_name=nwt
I0904 19:25:47.766499  4776 master_component.cc:590] MasterComponent: start regularizing model pwt
I0904 19:25:47.882395  4776 master_component.cc:613] MasterComponent: complete regularizing model pwt
I0904 19:25:47.882395  4776 master_component.cc:991] NormalizeModelArgs: pwt_target_name=pwt, nwt_source_name=nwt, rwt_source_name=rwt
I0904 19:25:47.882395  4776 master_component.cc:617] MasterComponent: start normalizing model nwt
I0904 19:25:47.958703  9792 processor.cc:662] No data in processing queue, waiting...
I0904 19:25:47.979714  4776 master_component.cc:639] MasterComponent: complete normalizing model nwt
I0904 19:25:48.383468  4776 master_component.cc:1015] DisposeModel rwt
I0904 19:25:48.399094  4776 c_interface.cc:332] Pass FitOfflineMasterModelArgs, batch_filename_size=2, batch_weight_size=2, num_collection_passes=1 to void (__thiscall artm::core::MasterComponent::*)(class artm::FitOfflineMasterModelArgs const &)
I0904 19:25:48.399094  4776 master_component.cc:942] ProcessBatchesArgs: nwt_target_name=nwt, batch_filename_size=2, batch_size=0, batch_weight_size=2, pwt_source_name=pwt, num_document_passes=10, regularizer=(name:SparsePhi, tau:100000), class=(text:1), class=(author:1), reuse_theta=yes, opt_for_avx=yes, predict_class_id=
I0904 19:25:48.452489  2772 processor.cc:669] Processing queue has data, processing started
I0904 19:25:48.452489  9792 processor.cc:669] Processing queue has data, processing started
I0904 19:25:48.475481  2772 processor.cc:746] Processor: start processing batch 26a91afb-2e6d-4a21-81fe-cf68f1acbb13 into model nwt
I0904 19:25:48.494491  9792 processor.cc:746] Processor: start processing batch b3c8157b-a729-4fd3-a0fb-2755872b7edc into model nwt
I0904 19:25:48.853041  2772 processor.cc:842] Processor: complete processing batch 26a91afb-2e6d-4a21-81fe-cf68f1acbb13 into model nwt
I0904 19:25:48.868667  2772 cuckoo_watch.h:44] 416ms in ProcessBatch(D:\Coursera\Notebooks\homeworks\MyHW\3-4\lectures_batches\aaaaaa.batch) [including 20ms in LoadMessage; 24ms in InitializeSparseNdw; 352ms in InferThetaAndUpdateNwtSparse; ]
I0904 19:25:49.013501  2772 processor.cc:662] No data in processing queue, waiting...
I0904 19:25:49.269320  9792 processor.cc:842] Processor: complete processing batch b3c8157b-a729-4fd3-a0fb-2755872b7edc into model nwt
I0904 19:25:49.269320  9792 cuckoo_watch.h:44] 816ms in ProcessBatch(D:\Coursera\Notebooks\homeworks\MyHW\3-4\lectures_batches\aaaaab.batch) [including 39ms in LoadMessage; 42ms in InitializeSparseNdw; 732ms in InferThetaAndUpdateNwtSparse; ]
I0904 19:25:49.284966  4776 master_component.cc:980] RegularizeModelArgs: rwt_target_name=rwt, pwt_source_name=pwt, nwt_source_name=nwt
I0904 19:25:49.284966  4776 master_component.cc:590] MasterComponent: start regularizing model pwt
I0904 19:25:49.400846  4776 master_component.cc:613] MasterComponent: complete regularizing model pwt
I0904 19:25:49.400846  4776 master_component.cc:991] NormalizeModelArgs: pwt_target_name=pwt, nwt_source_name=nwt, rwt_source_name=rwt
I0904 19:25:49.400846  4776 master_component.cc:617] MasterComponent: start normalizing model nwt
I0904 19:25:49.485482  4776 master_component.cc:639] MasterComponent: complete normalizing model nwt
I0904 19:25:49.535866  9792 processor.cc:662] No data in processing queue, waiting...
I0904 19:25:49.902148  4776 master_component.cc:1015] DisposeModel rwt
I0904 19:25:49.917775  4776 c_interface.cc:332] Pass FitOfflineMasterModelArgs, batch_filename_size=2, batch_weight_size=2, num_collection_passes=1 to void (__thiscall artm::core::MasterComponent::*)(class artm::FitOfflineMasterModelArgs const &)
I0904 19:25:49.917775  4776 master_component.cc:942] ProcessBatchesArgs: nwt_target_name=nwt, batch_filename_size=2, batch_size=0, batch_weight_size=2, pwt_source_name=pwt, num_document_passes=10, regularizer=(name:SparsePhi, tau:100000), class=(text:1), class=(author:1), reuse_theta=yes, opt_for_avx=yes, predict_class_id=
I0904 19:25:49.971168  9792 processor.cc:669] Processing queue has data, processing started
I0904 19:25:49.971168  2772 processor.cc:669] Processing queue has data, processing started
I0904 19:25:49.986793  9792 processor.cc:746] Processor: start processing batch 26a91afb-2e6d-4a21-81fe-cf68f1acbb13 into model nwt
I0904 19:25:50.002419  2772 processor.cc:746] Processor: start processing batch b3c8157b-a729-4fd3-a0fb-2755872b7edc into model nwt
I0904 19:25:50.387639  9792 processor.cc:842] Processor: complete processing batch 26a91afb-2e6d-4a21-81fe-cf68f1acbb13 into model nwt
I0904 19:25:50.387639  9792 cuckoo_watch.h:44] 416ms in ProcessBatch(D:\Coursera\Notebooks\homeworks\MyHW\3-4\lectures_batches\aaaaaa.batch) [including 15ms in LoadMessage; 31ms in InitializeSparseNdw; 369ms in InferThetaAndUpdateNwtSparse; ]
I0904 19:25:50.596729  9792 processor.cc:662] No data in processing queue, waiting...
I0904 19:25:50.788607  2772 processor.cc:842] Processor: complete processing batch b3c8157b-a729-4fd3-a0fb-2755872b7edc into model nwt
I0904 19:25:50.804232  2772 cuckoo_watch.h:44] 833ms in ProcessBatch(D:\Coursera\Notebooks\homeworks\MyHW\3-4\lectures_batches\aaaaab.batch) [including 31ms in LoadMessage; 53ms in InitializeSparseNdw; 717ms in InferThetaAndUpdateNwtSparse; ]
I0904 19:25:50.819861  4776 master_component.cc:980] RegularizeModelArgs: rwt_target_name=rwt, pwt_source_name=pwt, nwt_source_name=nwt
I0904 19:25:50.819861  4776 master_component.cc:590] MasterComponent: start regularizing model pwt
I0904 19:25:50.942261  4776 master_component.cc:613] MasterComponent: complete regularizing model pwt
I0904 19:25:50.942261  4776 master_component.cc:991] NormalizeModelArgs: pwt_target_name=pwt, nwt_source_name=nwt, rwt_source_name=rwt
I0904 19:25:50.942261  4776 master_component.cc:617] MasterComponent: start normalizing model nwt
I0904 19:25:51.020393  4776 master_component.cc:639] MasterComponent: complete normalizing model nwt
I0904 19:25:51.120662  2772 processor.cc:662] No data in processing queue, waiting...
I0904 19:25:51.443269  4776 master_component.cc:1015] DisposeModel rwt
I0904 19:25:51.443269  4776 c_interface.cc:332] Pass FitOfflineMasterModelArgs, batch_filename_size=2, batch_weight_size=2, num_collection_passes=1 to void (__thiscall artm::core::MasterComponent::*)(class artm::FitOfflineMasterModelArgs const &)
I0904 19:25:51.443269  4776 master_component.cc:942] ProcessBatchesArgs: nwt_target_name=nwt, batch_filename_size=2, batch_size=0, batch_weight_size=2, pwt_source_name=pwt, num_document_passes=10, regularizer=(name:SparsePhi, tau:100000), class=(text:1), class=(author:1), reuse_theta=yes, opt_for_avx=yes, predict_class_id=
I0904 19:25:51.521422 11992 processor.cc:669] Processing queue has data, processing started
I0904 19:25:51.521422  2772 processor.cc:669] Processing queue has data, processing started
I0904 19:25:51.543539 11992 processor.cc:746] Processor: start processing batch 26a91afb-2e6d-4a21-81fe-cf68f1acbb13 into model nwt
I0904 19:25:51.559175  2772 processor.cc:746] Processor: start processing batch b3c8157b-a729-4fd3-a0fb-2755872b7edc into model nwt
I0904 19:25:51.944200 11992 processor.cc:842] Processor: complete processing batch 26a91afb-2e6d-4a21-81fe-cf68f1acbb13 into model nwt
I0904 19:25:51.944200 11992 cuckoo_watch.h:44] 422ms in ProcessBatch(D:\Coursera\Notebooks\homeworks\MyHW\3-4\lectures_batches\aaaaaa.batch) [including 22ms in LoadMessage; 15ms in InitializeSparseNdw; 385ms in InferThetaAndUpdateNwtSparse; ]
I0904 19:25:52.198009 11992 processor.cc:662] No data in processing queue, waiting...
I0904 19:25:52.360595  2772 processor.cc:842] Processor: complete processing batch b3c8157b-a729-4fd3-a0fb-2755872b7edc into model nwt
I0904 19:25:52.360595  2772 cuckoo_watch.h:44] 839ms in ProcessBatch(D:\Coursera\Notebooks\homeworks\MyHW\3-4\lectures_batches\aaaaab.batch) [including 37ms in LoadMessage; 46ms in InitializeSparseNdw; 754ms in InferThetaAndUpdateNwtSparse; ]
I0904 19:25:52.376245  4776 master_component.cc:980] RegularizeModelArgs: rwt_target_name=rwt, pwt_source_name=pwt, nwt_source_name=nwt
I0904 19:25:52.376245  4776 master_component.cc:590] MasterComponent: start regularizing model pwt
I0904 19:25:52.492118  4776 master_component.cc:613] MasterComponent: complete regularizing model pwt
I0904 19:25:52.492118  4776 master_component.cc:991] NormalizeModelArgs: pwt_target_name=pwt, nwt_source_name=nwt, rwt_source_name=rwt
I0904 19:25:52.492118  4776 master_component.cc:617] MasterComponent: start normalizing model nwt
I0904 19:25:52.518954  2772 processor.cc:662] No data in processing queue, waiting...
I0904 19:25:52.579852  4776 master_component.cc:639] MasterComponent: complete normalizing model nwt
I0904 19:25:52.993060  4776 master_component.cc:1015] DisposeModel rwt
I0904 19:25:53.008685  4776 c_interface.cc:332] Pass FitOfflineMasterModelArgs, batch_filename_size=2, batch_weight_size=2, num_collection_passes=1 to void (__thiscall artm::core::MasterComponent::*)(class artm::FitOfflineMasterModelArgs const &)
I0904 19:25:53.008685  4776 master_component.cc:942] ProcessBatchesArgs: nwt_target_name=nwt, batch_filename_size=2, batch_size=0, batch_weight_size=2, pwt_source_name=pwt, num_document_passes=10, regularizer=(name:SparsePhi, tau:100000), class=(text:1), class=(author:1), reuse_theta=yes, opt_for_avx=yes, predict_class_id=
I0904 19:25:53.077705  9792 processor.cc:669] Processing queue has data, processing started
I0904 19:25:53.077705  7188 processor.cc:669] Processing queue has data, processing started
I0904 19:25:53.093327  9792 processor.cc:746] Processor: start processing batch 26a91afb-2e6d-4a21-81fe-cf68f1acbb13 into model nwt
I0904 19:25:53.108952  7188 processor.cc:746] Processor: start processing batch b3c8157b-a729-4fd3-a0fb-2755872b7edc into model nwt
I0904 19:25:53.478588  9792 processor.cc:842] Processor: complete processing batch 26a91afb-2e6d-4a21-81fe-cf68f1acbb13 into model nwt
I0904 19:25:53.478588  9792 cuckoo_watch.h:44] 400ms in ProcessBatch(D:\Coursera\Notebooks\homeworks\MyHW\3-4\lectures_batches\aaaaaa.batch) [including 15ms in LoadMessage; 15ms in InitializeSparseNdw; 369ms in InferThetaAndUpdateNwtSparse; ]
I0904 19:25:53.716962  9792 processor.cc:662] No data in processing queue, waiting...
I0904 19:25:53.879169  7188 processor.cc:842] Processor: complete processing batch b3c8157b-a729-4fd3-a0fb-2755872b7edc into model nwt
I0904 19:25:53.894795  7188 cuckoo_watch.h:44] 817ms in ProcessBatch(D:\Coursera\Notebooks\homeworks\MyHW\3-4\lectures_batches\aaaaab.batch) [including 31ms in LoadMessage; 53ms in InitializeSparseNdw; 716ms in InferThetaAndUpdateNwtSparse; ]
I0904 19:25:53.910423  4776 master_component.cc:980] RegularizeModelArgs: rwt_target_name=rwt, pwt_source_name=pwt, nwt_source_name=nwt
I0904 19:25:53.910423  4776 master_component.cc:590] MasterComponent: start regularizing model pwt
I0904 19:25:54.026325  4776 master_component.cc:613] MasterComponent: complete regularizing model pwt
I0904 19:25:54.026325  4776 master_component.cc:991] NormalizeModelArgs: pwt_target_name=pwt, nwt_source_name=nwt, rwt_source_name=rwt
I0904 19:25:54.026325  4776 master_component.cc:617] MasterComponent: start normalizing model nwt
I0904 19:25:54.110962  4776 master_component.cc:639] MasterComponent: complete normalizing model nwt
I0904 19:25:54.211236  7188 processor.cc:662] No data in processing queue, waiting...
I0904 19:25:54.527667  4776 master_component.cc:1015] DisposeModel rwt
I0904 19:25:54.527667  4776 c_interface.cc:332] Pass FitOfflineMasterModelArgs, batch_filename_size=2, batch_weight_size=2, num_collection_passes=1 to void (__thiscall artm::core::MasterComponent::*)(class artm::FitOfflineMasterModelArgs const &)
I0904 19:25:54.527667  4776 master_component.cc:942] ProcessBatchesArgs: nwt_target_name=nwt, batch_filename_size=2, batch_size=0, batch_weight_size=2, pwt_source_name=pwt, num_document_passes=10, regularizer=(name:SparsePhi, tau:100000), class=(text:1), class=(author:1), reuse_theta=yes, opt_for_avx=yes, predict_class_id=
I0904 19:25:54.596707 11992 processor.cc:669] Processing queue has data, processing started
I0904 19:25:54.596707  7188 processor.cc:669] Processing queue has data, processing started
I0904 19:25:54.612313 11992 processor.cc:746] Processor: start processing batch 26a91afb-2e6d-4a21-81fe-cf68f1acbb13 into model nwt
I0904 19:25:54.627938  7188 processor.cc:746] Processor: start processing batch b3c8157b-a729-4fd3-a0fb-2755872b7edc into model nwt
I0904 19:25:55.028909 11992 processor.cc:842] Processor: complete processing batch 26a91afb-2e6d-4a21-81fe-cf68f1acbb13 into model nwt
I0904 19:25:55.046041 11992 cuckoo_watch.h:44] 449ms in ProcessBatch(D:\Coursera\Notebooks\homeworks\MyHW\3-4\lectures_batches\aaaaaa.batch) [including 15ms in LoadMessage; 35ms in InitializeSparseNdw; 379ms in InferThetaAndUpdateNwtSparse; ]
I0904 19:25:55.208808 11992 processor.cc:662] No data in processing queue, waiting...
I0904 19:25:55.447345  7188 processor.cc:842] Processor: complete processing batch b3c8157b-a729-4fd3-a0fb-2755872b7edc into model nwt
I0904 19:25:55.451346  7188 cuckoo_watch.h:44] 854ms in ProcessBatch(D:\Coursera\Notebooks\homeworks\MyHW\3-4\lectures_batches\aaaaab.batch) [including 31ms in LoadMessage; 53ms in InitializeSparseNdw; 766ms in InferThetaAndUpdateNwtSparse; ]
I0904 19:25:55.466979  4776 master_component.cc:980] RegularizeModelArgs: rwt_target_name=rwt, pwt_source_name=pwt, nwt_source_name=nwt
I0904 19:25:55.466979  4776 master_component.cc:590] MasterComponent: start regularizing model pwt
I0904 19:25:55.582878  4776 master_component.cc:613] MasterComponent: complete regularizing model pwt
I0904 19:25:55.582878  4776 master_component.cc:991] NormalizeModelArgs: pwt_target_name=pwt, nwt_source_name=nwt, rwt_source_name=rwt
I0904 19:25:55.582878  4776 master_component.cc:617] MasterComponent: start normalizing model nwt
I0904 19:25:55.667520  4776 master_component.cc:639] MasterComponent: complete normalizing model nwt
I0904 19:25:55.767794  7188 processor.cc:662] No data in processing queue, waiting...
I0904 19:25:56.083891  4776 master_component.cc:1015] DisposeModel rwt
I0904 19:27:03.069891  4776 instance.cc:358] MasterModelConfig.processors_count is automatically set to 4
I0904 19:27:03.070893  4776 c_interface.cc:221] Creating MasterModel (id=5)...
I0904 19:27:03.070893  9148 processor.cc:646] Processor thread started
I0904 19:27:03.070893 12096 processor.cc:646] Processor thread started
I0904 19:27:03.070893  5092 processor.cc:646] Processor thread started
I0904 19:27:03.071894  7188 processor.cc:654] Processor thread stopped
I0904 19:27:03.071894  7188 processor.cc:655] Total number of processed batches: 13
I0904 19:27:03.071894  4384 processor.cc:646] Processor thread started
I0904 19:27:03.090909 12096 processor.cc:662] No data in processing queue, waiting...
I0904 19:27:03.090909  5092 processor.cc:662] No data in processing queue, waiting...
I0904 19:27:03.090909  9148 processor.cc:662] No data in processing queue, waiting...
I0904 19:27:03.091912  4384 processor.cc:662] No data in processing queue, waiting...
I0904 19:27:03.347584 11992 processor.cc:654] Processor thread stopped
I0904 19:27:03.347584 11992 processor.cc:655] Total number of processed batches: 16
I0904 19:27:03.350864  2772 processor.cc:654] Processor thread stopped
I0904 19:27:03.350864  2772 processor.cc:655] Total number of processed batches: 16
I0904 19:27:03.351874  9792 processor.cc:654] Processor thread stopped
I0904 19:27:03.351874  9792 processor.cc:655] Total number of processed batches: 15
I0904 19:27:03.397094  4776 c_interface.cc:283] Disposing MasterComponent (id=3)...
I0904 19:27:05.960806  4776 c_interface.cc:221] Creating MasterModel (id=6)...
I0904 19:27:05.960806  4776 c_interface.cc:318] Pass dictionary to void (__thiscall artm::core::MasterComponent::*)(class std::basic_string<char,struct std::char_traits<char>,class std::allocator<char> > const &)
I0904 19:27:05.967811  4776 c_interface.cc:283] Disposing MasterComponent (id=4)...
I0904 19:27:05.967811  4776 c_interface.cc:318] Pass dictionary to void (__thiscall artm::core::MasterComponent::*)(class std::basic_string<char,struct std::char_traits<char>,class std::allocator<char> > const &)
I0904 19:27:05.968812  4776 c_interface.cc:332] Pass GatherDictionaryArgs: dictionary_target_name=dictionary, data_path=lectures_batches, symmetric_cooc_values=0 to void (__thiscall artm::core::MasterComponent::*)(class artm::GatherDictionaryArgs const &)
I0904 19:27:05.968812  4776 dictionary.cc:185] Found 2 batches in 'lectures_batches' folder
I0904 19:27:06.199142  4776 dictionary.cc:241] Find 26866 unique tokens in 1728 items
I0904 19:27:06.287567  4776 c_interface.cc:318] Pass pwt to void (__thiscall artm::core::MasterComponent::*)(class std::basic_string<char,struct std::char_traits<char>,class std::allocator<char> > const &)
I0904 19:27:06.287567  4776 c_interface.cc:318] Pass nwt to void (__thiscall artm::core::MasterComponent::*)(class std::basic_string<char,struct std::char_traits<char>,class std::allocator<char> > const &)
I0904 19:27:06.288067  4776 c_interface.cc:332] Pass InitializeModelArgs: model_name=pwt, dictionary_name=dictionary, topic_name_size=30 to void (__thiscall artm::core::MasterComponent::*)(class artm::InitializeModelArgs const &)
I0904 19:27:06.288067  4776 master_component.cc:338] InitializeModel() with 30 topics and 26866 tokens
I0904 19:27:06.514207  4776 c_interface.cc:332] Pass InitializeModelArgs: model_name=nwt, dictionary_name=dictionary, topic_name_size=30 to void (__thiscall artm::core::MasterComponent::*)(class artm::InitializeModelArgs const &)
I0904 19:27:06.514207  4776 master_component.cc:338] InitializeModel() with 30 topics and 26866 tokens
I0904 19:27:06.739687  4776 phi_matrix_operations.cc:82] RetrieveExternalTopicModel() with 30 topics, 26866 tokens
I0904 19:27:06.776712  4776 c_interface.cc:180] ArtmCopyRequestedMessage is copying 825334 bytes...
I0904 19:27:08.748630  4776 c_interface.cc:332] Pass MasterModelConfig: topic_name_size=30, class=(text:1), class=(author:1), score_config_size=1, num_processors=0, pwt_name=pwt, nwt_name=nwt, num_document_passes=1, reuse_theta=yes, cache_theta=yes, opt_for_avx=yes, disk_cache_path to void (__thiscall artm::core::MasterComponent::*)(class artm::MasterModelConfig const &)
I0904 19:27:08.748630  4776 instance.cc:358] MasterModelConfig.processors_count is automatically set to 4
I0904 19:27:08.749631  4776 c_interface.cc:332] Pass MasterModelConfig: topic_name_size=30, class=(text:1), class=(author:1), score_config_size=2, num_processors=0, pwt_name=pwt, nwt_name=nwt, num_document_passes=1, reuse_theta=yes, cache_theta=yes, opt_for_avx=yes, disk_cache_path to void (__thiscall artm::core::MasterComponent::*)(class artm::MasterModelConfig const &)
I0904 19:27:08.749631  4776 instance.cc:358] MasterModelConfig.processors_count is automatically set to 4
I0904 19:27:11.721825  4776 c_interface.cc:332] Pass MasterModelConfig: topic_name_size=30, class=(text:1), class=(author:1), score_config_size=2, num_processors=0, pwt_name=pwt, nwt_name=nwt, num_document_passes=1, regularizer=(SparsePhi:100000), reuse_theta=yes, cache_theta=yes, opt_for_avx=yes, disk_cache_path to void (__thiscall artm::core::MasterComponent::*)(class artm::MasterModelConfig const &)
I0904 19:27:11.722826  4776 instance.cc:358] MasterModelConfig.processors_count is automatically set to 4
I0904 19:27:11.722826  4776 instance.cc:213] Regularizer 'SparsePhi' was cold-reconfigured
I0904 19:27:15.793107  4776 c_interface.cc:332] Pass FitOfflineMasterModelArgs, batch_filename_size=2, batch_weight_size=2, num_collection_passes=1 to void (__thiscall artm::core::MasterComponent::*)(class artm::FitOfflineMasterModelArgs const &)
I0904 19:27:15.794108  4776 master_component.cc:942] ProcessBatchesArgs: nwt_target_name=nwt, batch_filename_size=2, batch_size=0, batch_weight_size=2, pwt_source_name=pwt, num_document_passes=1, regularizer=(name:SparsePhi, tau:100000), class=(text:1), class=(author:1), reuse_theta=yes, opt_for_avx=yes, predict_class_id=
I0904 19:27:15.846652  9148 processor.cc:669] Processing queue has data, processing started
I0904 19:27:15.847653  5092 processor.cc:669] Processing queue has data, processing started
I0904 19:27:15.874675  9148 processor.cc:746] Processor: start processing batch 26a91afb-2e6d-4a21-81fe-cf68f1acbb13 into model nwt
I0904 19:27:15.910701  5092 processor.cc:746] Processor: start processing batch b3c8157b-a729-4fd3-a0fb-2755872b7edc into model nwt
I0904 19:27:16.115929  9148 processor.cc:842] Processor: complete processing batch 26a91afb-2e6d-4a21-81fe-cf68f1acbb13 into model nwt
I0904 19:27:16.115929  9148 cuckoo_watch.h:44] 269ms in ProcessBatch(D:\Coursera\Notebooks\homeworks\MyHW\3-4\lectures_batches\aaaaaa.batch) [including 26ms in LoadMessage; 37ms in InitializeSparseNdw; 203ms in InferThetaAndUpdateNwtSparse; ]
I0904 19:27:16.344223  5092 processor.cc:842] Processor: complete processing batch b3c8157b-a729-4fd3-a0fb-2755872b7edc into model nwt
I0904 19:27:16.344223  5092 cuckoo_watch.h:44] 496ms in ProcessBatch(D:\Coursera\Notebooks\homeworks\MyHW\3-4\lectures_batches\aaaaab.batch) [including 61ms in LoadMessage; 53ms in InitializeSparseNdw; 379ms in InferThetaAndUpdateNwtSparse; ]
I0904 19:27:16.359869  4776 master_component.cc:980] RegularizeModelArgs: rwt_target_name=rwt, pwt_source_name=pwt, nwt_source_name=nwt
I0904 19:27:16.359869  4776 master_component.cc:590] MasterComponent: start regularizing model pwt
I0904 19:27:16.428870  9148 processor.cc:662] No data in processing queue, waiting...
I0904 19:27:16.475751  4776 master_component.cc:613] MasterComponent: complete regularizing model pwt
I0904 19:27:16.475751  4776 master_component.cc:991] NormalizeModelArgs: pwt_target_name=pwt, nwt_source_name=nwt, rwt_source_name=rwt
I0904 19:27:16.475751  4776 master_component.cc:617] MasterComponent: start normalizing model nwt
I0904 19:27:16.560406  4776 master_component.cc:639] MasterComponent: complete normalizing model nwt
I0904 19:27:16.660679  5092 processor.cc:662] No data in processing queue, waiting...
I0904 19:27:17.077427  4776 master_component.cc:1015] DisposeModel rwt
I0904 19:27:17.088449  4776 c_interface.cc:332] Pass FitOfflineMasterModelArgs, batch_filename_size=2, batch_weight_size=2, num_collection_passes=1 to void (__thiscall artm::core::MasterComponent::*)(class artm::FitOfflineMasterModelArgs const &)
I0904 19:27:17.089437  4776 master_component.cc:942] ProcessBatchesArgs: nwt_target_name=nwt, batch_filename_size=2, batch_size=0, batch_weight_size=2, pwt_source_name=pwt, num_document_passes=1, regularizer=(name:SparsePhi, tau:100000), class=(text:1), class=(author:1), reuse_theta=yes, opt_for_avx=yes, predict_class_id=
I0904 19:27:17.172515  5092 processor.cc:669] Processing queue has data, processing started
I0904 19:27:17.174515 12096 processor.cc:669] Processing queue has data, processing started
I0904 19:27:17.199039  5092 processor.cc:746] Processor: start processing batch 26a91afb-2e6d-4a21-81fe-cf68f1acbb13 into model nwt
I0904 19:27:17.221557 12096 processor.cc:746] Processor: start processing batch b3c8157b-a729-4fd3-a0fb-2755872b7edc into model nwt
I0904 19:27:17.436774  5092 processor.cc:842] Processor: complete processing batch 26a91afb-2e6d-4a21-81fe-cf68f1acbb13 into model nwt
I0904 19:27:17.440776  5092 cuckoo_watch.h:44] 268ms in ProcessBatch(D:\Coursera\Notebooks\homeworks\MyHW\3-4\lectures_batches\aaaaaa.batch) [including 25ms in LoadMessage; 24ms in InitializeSparseNdw; 212ms in InferThetaAndUpdateNwtSparse; ]
I0904 19:27:17.461793  5092 processor.cc:662] No data in processing queue, waiting...
I0904 19:27:17.666447 12096 processor.cc:842] Processor: complete processing batch b3c8157b-a729-4fd3-a0fb-2755872b7edc into model nwt
I0904 19:27:17.671450 12096 cuckoo_watch.h:44] 496ms in ProcessBatch(D:\Coursera\Notebooks\homeworks\MyHW\3-4\lectures_batches\aaaaab.batch) [including 45ms in LoadMessage; 50ms in InitializeSparseNdw; 394ms in InferThetaAndUpdateNwtSparse; ]
I0904 19:27:17.673451  4776 master_component.cc:980] RegularizeModelArgs: rwt_target_name=rwt, pwt_source_name=pwt, nwt_source_name=nwt
I0904 19:27:17.673451  4776 master_component.cc:590] MasterComponent: start regularizing model pwt
I0904 19:27:17.692464 12096 processor.cc:662] No data in processing queue, waiting...
I0904 19:27:17.815068  4776 master_component.cc:613] MasterComponent: complete regularizing model pwt
I0904 19:27:17.815068  4776 master_component.cc:991] NormalizeModelArgs: pwt_target_name=pwt, nwt_source_name=nwt, rwt_source_name=rwt
I0904 19:27:17.815068  4776 master_component.cc:617] MasterComponent: start normalizing model nwt
I0904 19:27:17.897598  4776 master_component.cc:639] MasterComponent: complete normalizing model nwt
I0904 19:27:18.350670  4776 master_component.cc:1015] DisposeModel rwt
I0904 19:27:18.362678  4776 c_interface.cc:332] Pass FitOfflineMasterModelArgs, batch_filename_size=2, batch_weight_size=2, num_collection_passes=1 to void (__thiscall artm::core::MasterComponent::*)(class artm::FitOfflineMasterModelArgs const &)
I0904 19:27:18.362678  4776 master_component.cc:942] ProcessBatchesArgs: nwt_target_name=nwt, batch_filename_size=2, batch_size=0, batch_weight_size=2, pwt_source_name=pwt, num_document_passes=1, regularizer=(name:SparsePhi, tau:100000), class=(text:1), class=(author:1), reuse_theta=yes, opt_for_avx=yes, predict_class_id=
I0904 19:27:18.418722  4384 processor.cc:669] Processing queue has data, processing started
I0904 19:27:18.418722 12096 processor.cc:669] Processing queue has data, processing started
I0904 19:27:18.444741 12096 processor.cc:746] Processor: start processing batch 26a91afb-2e6d-4a21-81fe-cf68f1acbb13 into model nwt
I0904 19:27:18.464753  4384 processor.cc:746] Processor: start processing batch b3c8157b-a729-4fd3-a0fb-2755872b7edc into model nwt
I0904 19:27:18.695623 12096 processor.cc:842] Processor: complete processing batch 26a91afb-2e6d-4a21-81fe-cf68f1acbb13 into model nwt
I0904 19:27:18.701130 12096 cuckoo_watch.h:44] 282ms in ProcessBatch(D:\Coursera\Notebooks\homeworks\MyHW\3-4\lectures_batches\aaaaaa.batch) [including 25ms in LoadMessage; 26ms in InitializeSparseNdw; 224ms in InferThetaAndUpdateNwtSparse; ]
I0904 19:27:18.721145 12096 processor.cc:662] No data in processing queue, waiting...
